##gff-version  3
# Sequence Data: seqnum=1;seqlen=8042;seqhdr="contig_11"
# Model Data: version=Prodigal.v2.6.3;run_type=Single;model="Ab initio";gc_cont=40.91;transl_table=11;uses_sd=1
contig_11	Prodigal_v2.6.3	CDS	1	435	64.2	-	0	ID=1_1;partial=10;start_type=ATG;rbs_motif=GGAGG;rbs_spacer=5-10bp;gc_cont=0.391;conf=100.00;score=64.18;cscore=52.17;sscore=12.02;rscore=11.35;uscore=-2.86;tscore=3.53;
contig_11	Prodigal_v2.6.3	CDS	566	1006	72.2	-	0	ID=1_2;partial=00;start_type=ATG;rbs_motif=GGAG/GAGG;rbs_spacer=5-10bp;gc_cont=0.395;conf=100.00;score=72.24;cscore=57.87;sscore=14.37;rscore=10.81;uscore=-1.05;tscore=3.53;
contig_11	Prodigal_v2.6.3	CDS	1024	3207	378.7	-	0	ID=1_3;partial=00;start_type=ATG;rbs_motif=GGA/GAG/AGG;rbs_spacer=5-10bp;gc_cont=0.372;conf=99.99;score=378.66;cscore=367.98;sscore=10.68;rscore=4.04;uscore=3.76;tscore=3.53;
contig_11	Prodigal_v2.6.3	CDS	3418	3930	107.3	-	0	ID=1_4;partial=00;start_type=ATG;rbs_motif=AGGAGG;rbs_spacer=5-10bp;gc_cont=0.374;conf=100.00;score=107.30;cscore=90.33;sscore=16.97;rscore=11.76;uscore=0.92;tscore=3.53;
contig_11	Prodigal_v2.6.3	CDS	3978	6317	361.9	-	0	ID=1_5;partial=00;start_type=GTG;rbs_motif=GGA/GAG/AGG;rbs_spacer=5-10bp;gc_cont=0.381;conf=99.99;score=361.89;cscore=361.03;sscore=0.87;rscore=4.04;uscore=0.28;tscore=-3.45;
contig_11	Prodigal_v2.6.3	CDS	6419	7312	138.2	-	0	ID=1_6;partial=00;start_type=ATG;rbs_motif=AGxAGG/AGGxGG;rbs_spacer=5-10bp;gc_cont=0.387;conf=100.00;score=138.18;cscore=124.22;sscore=13.96;rscore=7.44;uscore=2.99;tscore=3.53;
contig_11	Prodigal_v2.6.3	CDS	7466	8041	50.0	-	0	ID=1_7;partial=01;start_type=Edge;rbs_motif=None;rbs_spacer=None;gc_cont=0.356;conf=100.00;score=49.96;cscore=46.74;sscore=3.22;rscore=0.00;uscore=0.00;tscore=3.22;
# Sequence Data: seqnum=2;seqlen=23238;seqhdr="contig_10"
# Model Data: version=Prodigal.v2.6.3;run_type=Single;model="Ab initio";gc_cont=40.91;transl_table=11;uses_sd=1
contig_10	Prodigal_v2.6.3	CDS	1	2538	453.9	-	0	ID=2_1;partial=10;start_type=ATG;rbs_motif=GGA/GAG/AGG;rbs_spacer=5-10bp;gc_cont=0.405;conf=99.99;score=453.87;cscore=451.25;sscore=2.62;rscore=4.04;uscore=-6.11;tscore=3.53;
contig_10	Prodigal_v2.6.3	CDS	2549	3244	92.1	-	0	ID=2_2;partial=00;start_type=ATG;rbs_motif=AGxAG;rbs_spacer=5-10bp;gc_cont=0.392;conf=100.00;score=92.08;cscore=90.38;sscore=1.70;rscore=-3.73;uscore=2.55;tscore=3.53;
contig_10	Prodigal_v2.6.3	CDS	3493	4296	95.7	-	0	ID=2_3;partial=00;start_type=ATG;rbs_motif=None;rbs_spacer=None;gc_cont=0.423;conf=100.00;score=95.72;cscore=96.19;sscore=-0.46;rscore=-3.79;uscore=0.45;tscore=3.53;
contig_10	Prodigal_v2.6.3	CDS	4327	5079	101.4	+	0	ID=2_4;partial=00;start_type=ATG;rbs_motif=None;rbs_spacer=None;gc_cont=0.413;conf=100.00;score=101.44;cscore=100.72;sscore=0.72;rscore=-3.79;uscore=0.99;tscore=3.53;
contig_10	Prodigal_v2.6.3	CDS	5094	5828	116.4	+	0	ID=2_5;partial=00;start_type=ATG;rbs_motif=GGA/GAG/AGG;rbs_spacer=5-10bp;gc_cont=0.385;conf=100.00;score=116.37;cscore=106.90;sscore=9.47;rscore=4.04;uscore=0.78;tscore=3.53;
contig_10	Prodigal_v2.6.3	CDS	5878	7287	271.9	-	0	ID=2_6;partial=00;start_type=ATG;rbs_motif=GGA/GAG/AGG;rbs_spacer=5-10bp;gc_cont=0.432;conf=99.99;score=271.94;cscore=262.56;sscore=9.38;rscore=4.04;uscore=2.46;tscore=3.53;
contig_10	Prodigal_v2.6.3	CDS	7428	8237	95.0	+	0	ID=2_7;partial=00;start_type=ATG;rbs_motif=GGA/GAG/AGG;rbs_spacer=5-10bp;gc_cont=0.374;conf=100.00;score=94.96;cscore=84.64;sscore=10.32;rscore=4.04;uscore=2.75;tscore=3.53;
contig_10	Prodigal_v2.6.3	CDS	8322	9266	134.9	+	0	ID=2_8;partial=00;start_type=GTG;rbs_motif=AGxAGG/AGGxGG;rbs_spacer=5-10bp;gc_cont=0.424;conf=100.00;score=134.91;cscore=129.82;sscore=5.09;rscore=7.44;uscore=1.10;tscore=-3.45;
contig_10	Prodigal_v2.6.3	CDS	9346	10299	106.4	-	0	ID=2_9;partial=00;start_type=ATG;rbs_motif=AGGA;rbs_spacer=5-10bp;gc_cont=0.395;conf=100.00;score=106.43;cscore=92.76;sscore=13.67;rscore=8.01;uscore=2.13;tscore=3.53;
contig_10	Prodigal_v2.6.3	CDS	10461	12872	362.5	-	0	ID=2_10;partial=00;start_type=ATG;rbs_motif=AGGA;rbs_spacer=5-10bp;gc_cont=0.394;conf=99.99;score=362.45;cscore=350.28;sscore=12.18;rscore=8.01;uscore=-0.29;tscore=3.53;
contig_10	Prodigal_v2.6.3	CDS	12905	13399	52.9	-	0	ID=2_11;partial=00;start_type=GTG;rbs_motif=None;rbs_spacer=None;gc_cont=0.388;conf=100.00;score=52.90;cscore=59.93;sscore=-7.03;rscore=-3.79;uscore=0.22;tscore=-3.45;
contig_10	Prodigal_v2.6.3	CDS	13470	13631	22.8	-	0	ID=2_12;partial=00;start_type=ATG;rbs_motif=AGGAG;rbs_spacer=5-10bp;gc_cont=0.377;conf=99.48;score=22.84;cscore=10.59;sscore=12.25;rscore=8.72;uscore=-0.02;tscore=2.24;
contig_10	Prodigal_v2.6.3	CDS	13628	15679	262.7	-	0	ID=2_13;partial=00;start_type=ATG;rbs_motif=AGGA;rbs_spacer=5-10bp;gc_cont=0.385;conf=99.99;score=262.66;cscore=252.35;sscore=10.31;rscore=8.01;uscore=-0.58;tscore=3.53;
contig_10	Prodigal_v2.6.3	CDS	15912	17390	237.3	-	0	ID=2_14;partial=00;start_type=ATG;rbs_motif=GGAGG;rbs_spacer=5-10bp;gc_cont=0.374;conf=99.99;score=237.26;cscore=221.08;sscore=16.18;rscore=11.35;uscore=1.96;tscore=3.53;
contig_10	Prodigal_v2.6.3	CDS	17687	18256	75.8	-	0	ID=2_15;partial=00;start_type=ATG;rbs_motif=GGA/GAG/AGG;rbs_spacer=5-10bp;gc_cont=0.396;conf=100.00;score=75.76;cscore=67.19;sscore=8.57;rscore=4.04;uscore=1.00;tscore=3.53;
contig_10	Prodigal_v2.6.3	CDS	18371	18964	72.6	-	0	ID=2_16;partial=00;start_type=ATG;rbs_motif=GGAG/GAGG;rbs_spacer=5-10bp;gc_cont=0.360;conf=100.00;score=72.59;cscore=56.45;sscore=16.14;rscore=10.81;uscore=2.46;tscore=3.53;
contig_10	Prodigal_v2.6.3	CDS	19321	19887	44.5	+	0	ID=2_17;partial=00;start_type=ATG;rbs_motif=None;rbs_spacer=None;gc_cont=0.358;conf=100.00;score=44.49;cscore=43.99;sscore=0.50;rscore=-3.79;uscore=0.76;tscore=3.53;
contig_10	Prodigal_v2.6.3	CDS	19918	20790	126.9	-	0	ID=2_18;partial=00;start_type=ATG;rbs_motif=GGA/GAG/AGG;rbs_spacer=5-10bp;gc_cont=0.399;conf=100.00;score=126.90;cscore=118.26;sscore=8.64;rscore=4.04;uscore=1.08;tscore=3.53;
contig_10	Prodigal_v2.6.3	CDS	20763	20954	0.3	-	0	ID=2_19;partial=00;start_type=ATG;rbs_motif=None;rbs_spacer=None;gc_cont=0.307;conf=51.80;score=0.31;cscore=6.46;sscore=-6.15;rscore=-5.01;uscore=-3.80;tscore=2.67;
contig_10	Prodigal_v2.6.3	CDS	20935	22161	189.8	-	0	ID=2_20;partial=00;start_type=ATG;rbs_motif=GGAG/GAGG;rbs_spacer=5-10bp;gc_cont=0.413;conf=99.99;score=189.78;cscore=175.57;sscore=14.21;rscore=10.81;uscore=-0.12;tscore=3.53;
contig_10	Prodigal_v2.6.3	CDS	22307	22807	114.4	-	0	ID=2_21;partial=00;start_type=ATG;rbs_motif=GGAG/GAGG;rbs_spacer=5-10bp;gc_cont=0.367;conf=100.00;score=114.41;cscore=98.63;sscore=15.77;rscore=10.81;uscore=2.09;tscore=3.53;
contig_10	Prodigal_v2.6.3	CDS	23097	23237	23.3	+	0	ID=2_22;partial=01;start_type=GTG;rbs_motif=GGA/GAG/AGG;rbs_spacer=5-10bp;gc_cont=0.475;conf=99.53;score=23.31;cscore=21.91;sscore=1.39;rscore=4.04;uscore=0.81;tscore=-3.45;
# Sequence Data: seqnum=3;seqlen=6827;seqhdr="contig_15"
# Model Data: version=Prodigal.v2.6.3;run_type=Single;model="Ab initio";gc_cont=40.91;transl_table=11;uses_sd=1
contig_15	Prodigal_v2.6.3	CDS	401	1981	227.6	-	0	ID=3_1;partial=00;start_type=ATG;rbs_motif=GGA/GAG/AGG;rbs_spacer=5-10bp;gc_cont=0.450;conf=99.99;score=227.59;cscore=217.86;sscore=9.73;rscore=4.04;uscore=2.82;tscore=3.53;
contig_15	Prodigal_v2.6.3	CDS	2206	2505	48.6	+	0	ID=3_2;partial=00;start_type=ATG;rbs_motif=GGA/GAG/AGG;rbs_spacer=5-10bp;gc_cont=0.370;conf=100.00;score=48.56;cscore=39.98;sscore=8.58;rscore=4.04;uscore=1.01;tscore=3.53;
contig_15	Prodigal_v2.6.3	CDS	2536	3486	69.0	-	0	ID=3_3;partial=00;start_type=GTG;rbs_motif=GGA/GAG/AGG;rbs_spacer=5-10bp;gc_cont=0.395;conf=100.00;score=69.01;cscore=68.12;sscore=0.89;rscore=4.04;uscore=0.95;tscore=-3.45;
contig_15	Prodigal_v2.6.3	CDS	4097	5677	227.6	-	0	ID=3_4;partial=00;start_type=ATG;rbs_motif=GGA/GAG/AGG;rbs_spacer=5-10bp;gc_cont=0.450;conf=99.99;score=227.59;cscore=217.86;sscore=9.73;rscore=4.04;uscore=2.82;tscore=3.53;
contig_15	Prodigal_v2.6.3	CDS	5902	6201	48.6	+	0	ID=3_5;partial=00;start_type=ATG;rbs_motif=GGA/GAG/AGG;rbs_spacer=5-10bp;gc_cont=0.370;conf=100.00;score=48.56;cscore=39.98;sscore=8.58;rscore=4.04;uscore=1.01;tscore=3.53;
contig_15	Prodigal_v2.6.3	CDS	6232	6825	39.3	-	0	ID=3_6;partial=01;start_type=Edge;rbs_motif=None;rbs_spacer=None;gc_cont=0.392;conf=99.99;score=39.34;cscore=36.12;sscore=3.22;rscore=0.00;uscore=0.00;tscore=3.22;
# Sequence Data: seqnum=4;seqlen=7060;seqhdr="contig_8"
# Model Data: version=Prodigal.v2.6.3;run_type=Single;model="Ab initio";gc_cont=40.91;transl_table=11;uses_sd=1
contig_8	Prodigal_v2.6.3	CDS	1	279	33.4	+	0	ID=4_1;partial=10;start_type=Edge;rbs_motif=None;rbs_spacer=None;gc_cont=0.384;conf=99.95;score=33.39;cscore=30.17;sscore=3.22;rscore=0.00;uscore=0.00;tscore=3.22;
contig_8	Prodigal_v2.6.3	CDS	478	1392	121.8	+	0	ID=4_2;partial=00;start_type=ATG;rbs_motif=GGAG/GAGG;rbs_spacer=5-10bp;gc_cont=0.349;conf=100.00;score=121.76;cscore=110.63;sscore=11.13;rscore=10.81;uscore=-2.55;tscore=3.53;
contig_8	Prodigal_v2.6.3	CDS	1610	3916	333.9	+	0	ID=4_3;partial=00;start_type=ATG;rbs_motif=AGGA;rbs_spacer=5-10bp;gc_cont=0.393;conf=99.99;score=333.86;cscore=324.38;sscore=9.48;rscore=8.01;uscore=-1.40;tscore=3.53;
contig_8	Prodigal_v2.6.3	CDS	4000	5277	166.0	+	0	ID=4_4;partial=00;start_type=ATG;rbs_motif=AGGA;rbs_spacer=5-10bp;gc_cont=0.376;conf=100.00;score=166.03;cscore=155.19;sscore=10.85;rscore=8.01;uscore=-0.69;tscore=3.53;
contig_8	Prodigal_v2.6.3	CDS	5312	5761	69.7	+	0	ID=4_5;partial=00;start_type=ATG;rbs_motif=GGA/GAG/AGG;rbs_spacer=5-10bp;gc_cont=0.387;conf=100.00;score=69.72;cscore=58.03;sscore=11.69;rscore=4.04;uscore=3.22;tscore=3.53;
contig_8	Prodigal_v2.6.3	CDS	5751	6800	136.6	+	0	ID=4_6;partial=00;start_type=ATG;rbs_motif=None;rbs_spacer=None;gc_cont=0.405;conf=100.00;score=136.65;cscore=135.15;sscore=1.50;rscore=-3.79;uscore=0.55;tscore=3.53;
contig_8	Prodigal_v2.6.3	CDS	6872	7060	15.7	-	0	ID=4_7;partial=01;start_type=Edge;rbs_motif=None;rbs_spacer=None;gc_cont=0.365;conf=97.36;score=15.69;cscore=12.47;sscore=3.22;rscore=0.00;uscore=0.00;tscore=3.22;
# Sequence Data: seqnum=5;seqlen=34788;seqhdr="contig_1"
# Model Data: version=Prodigal.v2.6.3;run_type=Single;model="Ab initio";gc_cont=40.91;transl_table=11;uses_sd=1
contig_1	Prodigal_v2.6.3	CDS	3	695	98.6	-	0	ID=5_1;partial=10;start_type=ATG;rbs_motif=GGAG/GAGG;rbs_spacer=5-10bp;gc_cont=0.338;conf=100.00;score=98.55;cscore=84.01;sscore=14.54;rscore=10.81;uscore=0.86;tscore=3.53;
contig_1	Prodigal_v2.6.3	CDS	774	1343	42.6	+	0	ID=5_2;partial=00;start_type=ATG;rbs_motif=None;rbs_spacer=None;gc_cont=0.356;conf=99.99;score=42.62;cscore=39.70;sscore=2.92;rscore=-3.79;uscore=3.18;tscore=3.53;
contig_1	Prodigal_v2.6.3	CDS	1430	1810	14.0	+	0	ID=5_3;partial=00;start_type=GTG;rbs_motif=None;rbs_spacer=None;gc_cont=0.373;conf=96.18;score=14.03;cscore=23.32;sscore=-9.29;rscore=-3.79;uscore=-2.04;tscore=-3.45;
contig_1	Prodigal_v2.6.3	CDS	2258	2503	47.0	+	0	ID=5_4;partial=00;start_type=ATG;rbs_motif=GGAG/GAGG;rbs_spacer=5-10bp;gc_cont=0.374;conf=100.00;score=46.97;cscore=33.07;sscore=13.90;rscore=10.51;uscore=0.62;tscore=3.43;
contig_1	Prodigal_v2.6.3	CDS	2493	2786	26.3	+	0	ID=5_5;partial=00;start_type=ATG;rbs_motif=AGGA/GGAG/GAGG;rbs_spacer=11-12bp;gc_cont=0.374;conf=99.77;score=26.34;cscore=22.77;sscore=3.57;rscore=-0.61;uscore=-0.56;tscore=3.53;
contig_1	Prodigal_v2.6.3	CDS	3114	3449	9.9	+	0	ID=5_6;partial=00;start_type=ATG;rbs_motif=None;rbs_spacer=None;gc_cont=0.307;conf=90.65;score=9.88;cscore=11.60;sscore=-1.71;rscore=-3.79;uscore=-0.80;tscore=3.53;
contig_1	Prodigal_v2.6.3	CDS	3693	3980	28.3	+	0	ID=5_7;partial=00;start_type=ATG;rbs_motif=None;rbs_spacer=None;gc_cont=0.392;conf=99.85;score=28.27;cscore=26.07;sscore=2.20;rscore=-3.79;uscore=3.12;tscore=3.53;
contig_1	Prodigal_v2.6.3	CDS	3967	4281	58.5	+	0	ID=5_8;partial=00;start_type=ATG;rbs_motif=GGAG/GAGG;rbs_spacer=5-10bp;gc_cont=0.378;conf=100.00;score=58.54;cscore=41.23;sscore=17.31;rscore=10.81;uscore=1.79;tscore=3.53;
contig_1	Prodigal_v2.6.3	CDS	4409	6820	325.5	+	0	ID=5_9;partial=00;start_type=ATG;rbs_motif=None;rbs_spacer=None;gc_cont=0.341;conf=99.99;score=325.51;cscore=323.29;sscore=2.21;rscore=-3.79;uscore=2.48;tscore=3.53;
contig_1	Prodigal_v2.6.3	CDS	6897	7331	27.3	-	0	ID=5_10;partial=00;start_type=GTG;rbs_motif=None;rbs_spacer=None;gc_cont=0.379;conf=99.81;score=27.27;cscore=36.56;sscore=-9.29;rscore=-3.79;uscore=-2.04;tscore=-3.45;
contig_1	Prodigal_v2.6.3	CDS	7418	7987	42.0	-	0	ID=5_11;partial=00;start_type=ATG;rbs_motif=None;rbs_spacer=None;gc_cont=0.358;conf=99.99;score=41.97;cscore=39.70;sscore=2.26;rscore=-3.79;uscore=3.18;tscore=3.53;
contig_1	Prodigal_v2.6.3	CDS	8314	8775	66.8	+	0	ID=5_12;partial=00;start_type=ATG;rbs_motif=GGA/GAG/AGG;rbs_spacer=5-10bp;gc_cont=0.310;conf=100.00;score=66.85;cscore=58.54;sscore=8.30;rscore=4.04;uscore=0.73;tscore=3.53;
contig_1	Prodigal_v2.6.3	CDS	9098	9268	2.5	-	0	ID=5_13;partial=00;start_type=TTG;rbs_motif=AGGA;rbs_spacer=5-10bp;gc_cont=0.368;conf=63.93;score=2.49;cscore=7.93;sscore=-5.44;rscore=5.38;uscore=0.54;tscore=-12.62;
contig_1	Prodigal_v2.6.3	CDS	9271	9642	56.2	-	0	ID=5_14;partial=00;start_type=ATG;rbs_motif=GGAG/GAGG;rbs_spacer=5-10bp;gc_cont=0.325;conf=100.00;score=56.20;cscore=38.72;sscore=17.48;rscore=10.81;uscore=3.80;tscore=3.53;
contig_1	Prodigal_v2.6.3	CDS	10847	11740	85.3	+	0	ID=5_15;partial=00;start_type=TTG;rbs_motif=None;rbs_spacer=None;gc_cont=0.330;conf=100.00;score=85.31;cscore=93.87;sscore=-8.56;rscore=-3.79;uscore=3.71;tscore=-8.48;
contig_1	Prodigal_v2.6.3	CDS	11804	12349	58.2	+	0	ID=5_16;partial=00;start_type=ATG;rbs_motif=None;rbs_spacer=None;gc_cont=0.394;conf=100.00;score=58.20;cscore=56.41;sscore=1.80;rscore=-3.79;uscore=2.06;tscore=3.53;
contig_1	Prodigal_v2.6.3	CDS	12692	13261	42.0	+	0	ID=5_17;partial=00;start_type=ATG;rbs_motif=None;rbs_spacer=None;gc_cont=0.356;conf=99.99;score=41.97;cscore=39.70;sscore=2.26;rscore=-3.79;uscore=3.18;tscore=3.53;
contig_1	Prodigal_v2.6.3	CDS	13572	14276	73.9	-	0	ID=5_18;partial=00;start_type=ATG;rbs_motif=GGA/GAG/AGG;rbs_spacer=5-10bp;gc_cont=0.413;conf=100.00;score=73.87;cscore=65.62;sscore=8.25;rscore=4.04;uscore=-0.24;tscore=3.53;
contig_1	Prodigal_v2.6.3	CDS	14309	14875	66.6	-	0	ID=5_19;partial=00;start_type=ATG;rbs_motif=None;rbs_spacer=None;gc_cont=0.432;conf=100.00;score=66.63;cscore=63.65;sscore=2.98;rscore=-3.79;uscore=3.24;tscore=3.53;
contig_1	Prodigal_v2.6.3	CDS	14994	15812	92.4	-	0	ID=5_20;partial=00;start_type=ATG;rbs_motif=GGA/GAG/AGG;rbs_spacer=5-10bp;gc_cont=0.333;conf=100.00;score=92.36;cscore=86.62;sscore=5.73;rscore=4.04;uscore=-1.18;tscore=3.53;
contig_1	Prodigal_v2.6.3	CDS	16466	17911	174.9	+	0	ID=5_21;partial=00;start_type=ATG;rbs_motif=AGxAGG/AGGxGG;rbs_spacer=5-10bp;gc_cont=0.434;conf=100.00;score=174.90;cscore=163.02;sscore=11.88;rscore=7.44;uscore=0.91;tscore=3.53;
contig_1	Prodigal_v2.6.3	CDS	17904	18908	136.7	+	0	ID=5_22;partial=00;start_type=ATG;rbs_motif=GGAG/GAGG;rbs_spacer=5-10bp;gc_cont=0.419;conf=100.00;score=136.72;cscore=119.59;sscore=17.14;rscore=10.81;uscore=1.55;tscore=3.53;
contig_1	Prodigal_v2.6.3	CDS	18923	19057	0.3	+	0	ID=5_23;partial=00;start_type=ATG;rbs_motif=None;rbs_spacer=None;gc_cont=0.370;conf=51.67;score=0.29;cscore=3.33;sscore=-3.04;rscore=-7.18;uscore=1.15;tscore=1.86;
contig_1	Prodigal_v2.6.3	CDS	19156	20574	161.4	+	0	ID=5_24;partial=00;start_type=ATG;rbs_motif=None;rbs_spacer=None;gc_cont=0.391;conf=100.00;score=161.45;cscore=159.84;sscore=1.61;rscore=-3.79;uscore=1.87;tscore=3.53;
contig_1	Prodigal_v2.6.3	CDS	20672	21589	119.1	+	0	ID=5_25;partial=00;start_type=ATG;rbs_motif=GGA/GAG/AGG;rbs_spacer=5-10bp;gc_cont=0.352;conf=100.00;score=119.13;cscore=111.97;sscore=7.15;rscore=4.04;uscore=-0.42;tscore=3.53;
contig_1	Prodigal_v2.6.3	CDS	21639	22403	116.9	-	0	ID=5_26;partial=00;start_type=ATG;rbs_motif=GGAGG;rbs_spacer=5-10bp;gc_cont=0.439;conf=100.00;score=116.93;cscore=101.52;sscore=15.41;rscore=11.35;uscore=-0.71;tscore=3.53;
contig_1	Prodigal_v2.6.3	CDS	22396	22815	63.1	-	0	ID=5_27;partial=00;start_type=ATG;rbs_motif=GGAG/GAGG;rbs_spacer=5-10bp;gc_cont=0.433;conf=100.00;score=63.11;cscore=44.67;sscore=18.44;rscore=10.81;uscore=3.35;tscore=3.53;
contig_1	Prodigal_v2.6.3	CDS	22864	23802	144.0	-	0	ID=5_28;partial=00;start_type=ATG;rbs_motif=GGA/GAG/AGG;rbs_spacer=5-10bp;gc_cont=0.432;conf=100.00;score=144.01;cscore=133.71;sscore=10.30;rscore=4.04;uscore=1.59;tscore=3.53;
contig_1	Prodigal_v2.6.3	CDS	23815	24417	78.0	-	0	ID=5_29;partial=00;start_type=ATG;rbs_motif=GGA/GAG/AGG;rbs_spacer=5-10bp;gc_cont=0.428;conf=100.00;score=78.02;cscore=66.99;sscore=11.03;rscore=4.04;uscore=2.17;tscore=3.53;
contig_1	Prodigal_v2.6.3	CDS	24414	25241	149.2	-	0	ID=5_30;partial=00;start_type=ATG;rbs_motif=AGGAG;rbs_spacer=5-10bp;gc_cont=0.441;conf=100.00;score=149.18;cscore=130.66;sscore=18.53;rscore=13.71;uscore=-0.55;tscore=3.53;
contig_1	Prodigal_v2.6.3	CDS	25238	26089	166.5	-	0	ID=5_31;partial=00;start_type=ATG;rbs_motif=GGAGG;rbs_spacer=5-10bp;gc_cont=0.434;conf=100.00;score=166.52;cscore=149.99;sscore=16.53;rscore=11.35;uscore=0.41;tscore=3.53;
contig_1	Prodigal_v2.6.3	CDS	26082	26381	43.1	-	0	ID=5_32;partial=00;start_type=ATG;rbs_motif=GGA/GAG/AGG;rbs_spacer=5-10bp;gc_cont=0.443;conf=100.00;score=43.15;cscore=33.58;sscore=9.57;rscore=4.04;uscore=0.75;tscore=3.53;
contig_1	Prodigal_v2.6.3	CDS	26384	27268	147.5	-	0	ID=5_33;partial=00;start_type=ATG;rbs_motif=AGGAG;rbs_spacer=5-10bp;gc_cont=0.449;conf=100.00;score=147.51;cscore=128.27;sscore=19.24;rscore=13.71;uscore=0.72;tscore=3.53;
contig_1	Prodigal_v2.6.3	CDS	27268	28947	288.1	-	0	ID=5_34;partial=00;start_type=ATG;rbs_motif=GGA/GAG/AGG;rbs_spacer=5-10bp;gc_cont=0.445;conf=99.99;score=288.15;cscore=277.82;sscore=10.33;rscore=4.04;uscore=2.76;tscore=3.53;
contig_1	Prodigal_v2.6.3	CDS	29057	29971	108.7	-	0	ID=5_35;partial=00;start_type=ATG;rbs_motif=None;rbs_spacer=None;gc_cont=0.387;conf=100.00;score=108.72;cscore=106.86;sscore=1.86;rscore=-3.79;uscore=2.77;tscore=3.53;
contig_1	Prodigal_v2.6.3	CDS	30156	30830	91.9	+	0	ID=5_36;partial=00;start_type=ATG;rbs_motif=AGGAG;rbs_spacer=5-10bp;gc_cont=0.419;conf=100.00;score=91.88;cscore=72.25;sscore=19.63;rscore=13.71;uscore=2.40;tscore=3.53;
contig_1	Prodigal_v2.6.3	CDS	30840	32027	133.9	+	0	ID=5_37;partial=00;start_type=ATG;rbs_motif=GGA/GAG/AGG;rbs_spacer=5-10bp;gc_cont=0.418;conf=100.00;score=133.89;cscore=126.42;sscore=7.47;rscore=4.04;uscore=-1.28;tscore=3.53;
contig_1	Prodigal_v2.6.3	CDS	32036	32629	87.0	-	0	ID=5_38;partial=00;start_type=ATG;rbs_motif=AGGAG;rbs_spacer=5-10bp;gc_cont=0.428;conf=100.00;score=87.00;cscore=65.77;sscore=21.23;rscore=13.71;uscore=4.00;tscore=3.53;
contig_1	Prodigal_v2.6.3	CDS	32752	33309	81.1	-	0	ID=5_39;partial=00;start_type=ATG;rbs_motif=GGAG/GAGG;rbs_spacer=5-10bp;gc_cont=0.414;conf=100.00;score=81.07;cscore=64.72;sscore=16.36;rscore=10.81;uscore=2.68;tscore=3.53;
contig_1	Prodigal_v2.6.3	CDS	33425	34003	57.7	+	0	ID=5_40;partial=00;start_type=ATG;rbs_motif=AGxAG;rbs_spacer=5-10bp;gc_cont=0.423;conf=100.00;score=57.69;cscore=55.80;sscore=1.89;rscore=-3.73;uscore=2.09;tscore=3.53;
contig_1	Prodigal_v2.6.3	CDS	34011	34787	96.3	+	0	ID=5_41;partial=01;start_type=GTG;rbs_motif=None;rbs_spacer=None;gc_cont=0.430;conf=100.00;score=96.29;cscore=106.50;sscore=-10.20;rscore=-3.79;uscore=-4.15;tscore=-3.45;
# Sequence Data: seqnum=6;seqlen=10405;seqhdr="contig_7"
# Model Data: version=Prodigal.v2.6.3;run_type=Single;model="Ab initio";gc_cont=40.91;transl_table=11;uses_sd=1
contig_7	Prodigal_v2.6.3	CDS	1	1068	176.4	-	0	ID=6_1;partial=10;start_type=ATG;rbs_motif=AGGAG;rbs_spacer=5-10bp;gc_cont=0.418;conf=100.00;score=176.38;cscore=161.05;sscore=15.33;rscore=13.71;uscore=-1.25;tscore=3.53;
contig_7	Prodigal_v2.6.3	CDS	1290	1826	57.5	+	0	ID=6_2;partial=00;start_type=ATG;rbs_motif=None;rbs_spacer=None;gc_cont=0.389;conf=100.00;score=57.54;cscore=55.81;sscore=1.73;rscore=-3.79;uscore=1.99;tscore=3.53;
contig_7	Prodigal_v2.6.3	CDS	1865	2248	67.9	-	0	ID=6_3;partial=00;start_type=ATG;rbs_motif=AGGAG;rbs_spacer=5-10bp;gc_cont=0.430;conf=100.00;score=67.89;cscore=51.52;sscore=16.37;rscore=13.71;uscore=-0.86;tscore=3.53;
contig_7	Prodigal_v2.6.3	CDS	2352	4676	319.8	-	0	ID=6_4;partial=00;start_type=GTG;rbs_motif=None;rbs_spacer=None;gc_cont=0.422;conf=99.99;score=319.81;cscore=325.04;sscore=-5.24;rscore=-3.79;uscore=0.85;tscore=-3.45;
contig_7	Prodigal_v2.6.3	CDS	4661	4816	2.9	-	0	ID=6_5;partial=00;start_type=ATG;rbs_motif=AGGAG;rbs_spacer=5-10bp;gc_cont=0.353;conf=66.29;score=2.94;cscore=-3.01;sscore=5.95;rscore=8.39;uscore=-3.45;tscore=2.16;
contig_7	Prodigal_v2.6.3	CDS	5100	6113	160.4	-	0	ID=6_6;partial=00;start_type=ATG;rbs_motif=GGA/GAG/AGG;rbs_spacer=5-10bp;gc_cont=0.436;conf=100.00;score=160.38;cscore=151.18;sscore=9.20;rscore=4.04;uscore=2.29;tscore=3.53;
contig_7	Prodigal_v2.6.3	CDS	6310	6933	106.6	+	0	ID=6_7;partial=00;start_type=ATG;rbs_motif=AGGAG;rbs_spacer=5-10bp;gc_cont=0.407;conf=100.00;score=106.58;cscore=87.02;sscore=19.57;rscore=13.71;uscore=2.34;tscore=3.53;
contig_7	Prodigal_v2.6.3	CDS	7004	7726	97.4	+	0	ID=6_8;partial=00;start_type=TTG;rbs_motif=None;rbs_spacer=None;gc_cont=0.402;conf=100.00;score=97.43;cscore=106.16;sscore=-8.73;rscore=-3.79;uscore=3.54;tscore=-8.48;
contig_7	Prodigal_v2.6.3	CDS	7845	7979	12.3	-	0	ID=6_9;partial=00;start_type=ATG;rbs_motif=AGGAG;rbs_spacer=5-10bp;gc_cont=0.326;conf=94.43;score=12.31;cscore=1.40;sscore=10.92;rscore=7.24;uscore=0.60;tscore=1.86;
contig_7	Prodigal_v2.6.3	CDS	7969	8664	73.4	-	0	ID=6_10;partial=00;start_type=ATG;rbs_motif=None;rbs_spacer=None;gc_cont=0.405;conf=100.00;score=73.40;cscore=68.59;sscore=4.81;rscore=-3.79;uscore=-0.69;tscore=3.53;
contig_7	Prodigal_v2.6.3	CDS	8664	9185	50.1	-	0	ID=6_11;partial=00;start_type=ATG;rbs_motif=None;rbs_spacer=None;gc_cont=0.421;conf=100.00;score=50.14;cscore=47.98;sscore=2.16;rscore=-3.79;uscore=2.42;tscore=3.53;
contig_7	Prodigal_v2.6.3	CDS	9360	9875	74.2	-	0	ID=6_12;partial=00;start_type=ATG;rbs_motif=None;rbs_spacer=None;gc_cont=0.403;conf=100.00;score=74.19;cscore=72.42;sscore=1.77;rscore=-3.79;uscore=0.87;tscore=3.53;
contig_7	Prodigal_v2.6.3	CDS	9886	10404	70.8	-	0	ID=6_13;partial=01;start_type=Edge;rbs_motif=None;rbs_spacer=None;gc_cont=0.441;conf=100.00;score=70.80;cscore=67.58;sscore=3.22;rscore=0.00;uscore=0.00;tscore=3.22;
# Sequence Data: seqnum=7;seqlen=48434;seqhdr="contig_3"
# Model Data: version=Prodigal.v2.6.3;run_type=Single;model="Ab initio";gc_cont=40.91;transl_table=11;uses_sd=1
contig_3	Prodigal_v2.6.3	CDS	3	3080	450.6	-	0	ID=7_1;partial=10;start_type=ATG;rbs_motif=GGAG/GAGG;rbs_spacer=5-10bp;gc_cont=0.438;conf=99.99;score=450.58;cscore=434.22;sscore=16.36;rscore=10.81;uscore=1.21;tscore=3.53;
contig_3	Prodigal_v2.6.3	CDS	3123	4184	157.8	-	0	ID=7_2;partial=00;start_type=ATG;rbs_motif=GGA/GAG/AGG;rbs_spacer=5-10bp;gc_cont=0.450;conf=100.00;score=157.81;cscore=148.83;sscore=8.98;rscore=4.04;uscore=2.07;tscore=3.53;
contig_3	Prodigal_v2.6.3	CDS	4334	4957	77.6	+	0	ID=7_3;partial=00;start_type=GTG;rbs_motif=GGAG/GAGG;rbs_spacer=5-10bp;gc_cont=0.401;conf=100.00;score=77.56;cscore=67.94;sscore=9.62;rscore=10.81;uscore=2.27;tscore=-3.45;
contig_3	Prodigal_v2.6.3	CDS	5128	7812	468.4	+	0	ID=7_4;partial=00;start_type=ATG;rbs_motif=AGGAG;rbs_spacer=5-10bp;gc_cont=0.434;conf=99.99;score=468.42;cscore=449.57;sscore=18.85;rscore=13.71;uscore=1.62;tscore=3.53;
contig_3	Prodigal_v2.6.3	CDS	8113	9408	183.5	+	0	ID=7_5;partial=00;start_type=ATG;rbs_motif=GGA/GAG/AGG;rbs_spacer=5-10bp;gc_cont=0.421;conf=99.99;score=183.54;cscore=175.43;sscore=8.11;rscore=4.04;uscore=1.19;tscore=3.53;
contig_3	Prodigal_v2.6.3	CDS	9488	10378	117.3	+	0	ID=7_6;partial=00;start_type=ATG;rbs_motif=None;rbs_spacer=None;gc_cont=0.419;conf=100.00;score=117.30;cscore=115.60;sscore=1.70;rscore=-3.79;uscore=1.97;tscore=3.53;
contig_3	Prodigal_v2.6.3	CDS	10387	11118	76.8	-	0	ID=7_7;partial=00;start_type=GTG;rbs_motif=GGAG/GAGG;rbs_spacer=5-10bp;gc_cont=0.426;conf=100.00;score=76.85;cscore=70.41;sscore=6.44;rscore=10.81;uscore=-0.92;tscore=-3.45;
contig_3	Prodigal_v2.6.3	CDS	11197	12486	182.6	-	0	ID=7_8;partial=00;start_type=ATG;rbs_motif=GGAG/GAGG;rbs_spacer=5-10bp;gc_cont=0.395;conf=99.99;score=182.57;cscore=166.78;sscore=15.79;rscore=10.81;uscore=2.11;tscore=3.53;
contig_3	Prodigal_v2.6.3	CDS	12800	14587	325.3	-	0	ID=7_9;partial=00;start_type=ATG;rbs_motif=GGA/GAG/AGG;rbs_spacer=5-10bp;gc_cont=0.437;conf=99.99;score=325.27;cscore=315.77;sscore=9.50;rscore=4.04;uscore=2.59;tscore=3.53;
contig_3	Prodigal_v2.6.3	CDS	14978	15940	143.5	+	0	ID=7_10;partial=00;start_type=GTG;rbs_motif=GGA/GAG/AGG;rbs_spacer=5-10bp;gc_cont=0.429;conf=100.00;score=143.47;cscore=141.19;sscore=2.27;rscore=4.04;uscore=1.69;tscore=-3.45;
contig_3	Prodigal_v2.6.3	CDS	15937	17241	172.0	+	0	ID=7_11;partial=00;start_type=ATG;rbs_motif=AGGA/GGAG/GAGG;rbs_spacer=11-12bp;gc_cont=0.428;conf=100.00;score=171.97;cscore=164.00;sscore=7.97;rscore=-0.61;uscore=3.15;tscore=3.53;
contig_3	Prodigal_v2.6.3	CDS	17285	17428	22.8	-	0	ID=7_12;partial=00;start_type=ATG;rbs_motif=AGGAG;rbs_spacer=5-10bp;gc_cont=0.333;conf=99.47;score=22.76;cscore=11.63;sscore=11.13;rscore=7.73;uscore=0.27;tscore=1.99;
contig_3	Prodigal_v2.6.3	CDS	17441	18919	211.5	-	0	ID=7_13;partial=00;start_type=ATG;rbs_motif=GGA/GAG/AGG;rbs_spacer=5-10bp;gc_cont=0.394;conf=99.99;score=211.52;cscore=201.18;sscore=10.34;rscore=4.04;uscore=3.43;tscore=3.53;
contig_3	Prodigal_v2.6.3	CDS	19549	20241	129.6	+	0	ID=7_14;partial=00;start_type=ATG;rbs_motif=AGGA;rbs_spacer=5-10bp;gc_cont=0.349;conf=100.00;score=129.59;cscore=115.53;sscore=14.06;rscore=8.01;uscore=2.52;tscore=3.53;
contig_3	Prodigal_v2.6.3	CDS	20299	20898	79.3	-	0	ID=7_15;partial=00;start_type=ATG;rbs_motif=AGxAGG/AGGxGG;rbs_spacer=5-10bp;gc_cont=0.328;conf=100.00;score=79.27;cscore=66.63;sscore=12.64;rscore=7.44;uscore=2.33;tscore=3.53;
contig_3	Prodigal_v2.6.3	CDS	21487	21855	4.2	+	0	ID=7_16;partial=00;start_type=ATG;rbs_motif=None;rbs_spacer=None;gc_cont=0.545;conf=72.43;score=4.20;cscore=6.47;sscore=-2.26;rscore=-3.79;uscore=-2.00;tscore=3.53;
contig_3	Prodigal_v2.6.3	CDS	24700	25035	1.8	+	0	ID=7_17;partial=00;start_type=ATG;rbs_motif=None;rbs_spacer=None;gc_cont=0.518;conf=60.19;score=1.80;cscore=0.50;sscore=1.29;rscore=-3.79;uscore=2.21;tscore=3.53;
contig_3	Prodigal_v2.6.3	CDS	26765	27322	59.2	-	0	ID=7_18;partial=00;start_type=ATG;rbs_motif=GGA/GAG/AGG;rbs_spacer=5-10bp;gc_cont=0.371;conf=100.00;score=59.22;cscore=50.91;sscore=8.31;rscore=4.04;uscore=0.74;tscore=3.53;
contig_3	Prodigal_v2.6.3	CDS	27466	28536	133.0	-	0	ID=7_19;partial=00;start_type=ATG;rbs_motif=AGGAG;rbs_spacer=5-10bp;gc_cont=0.379;conf=100.00;score=132.99;cscore=115.83;sscore=17.16;rscore=13.71;uscore=0.59;tscore=3.53;
contig_3	Prodigal_v2.6.3	CDS	28747	29073	71.4	+	0	ID=7_20;partial=00;start_type=ATG;rbs_motif=GGAG/GAGG;rbs_spacer=5-10bp;gc_cont=0.404;conf=100.00;score=71.38;cscore=55.63;sscore=15.75;rscore=10.81;uscore=1.41;tscore=3.53;
contig_3	Prodigal_v2.6.3	CDS	29247	29477	39.7	-	0	ID=7_21;partial=00;start_type=ATG;rbs_motif=AGGA;rbs_spacer=5-10bp;gc_cont=0.463;conf=99.99;score=39.73;cscore=28.18;sscore=11.56;rscore=7.31;uscore=1.69;tscore=3.22;
contig_3	Prodigal_v2.6.3	CDS	29869	30735	147.9	-	0	ID=7_22;partial=00;start_type=ATG;rbs_motif=AGGAG;rbs_spacer=5-10bp;gc_cont=0.388;conf=100.00;score=147.87;cscore=128.12;sscore=19.75;rscore=13.71;uscore=3.17;tscore=3.53;
contig_3	Prodigal_v2.6.3	CDS	30843	31736	93.3	+	0	ID=7_23;partial=00;start_type=ATG;rbs_motif=None;rbs_spacer=None;gc_cont=0.381;conf=100.00;score=93.26;cscore=91.74;sscore=1.51;rscore=-3.79;uscore=1.78;tscore=3.53;
contig_3	Prodigal_v2.6.3	CDS	31900	32454	115.6	+	0	ID=7_24;partial=00;start_type=ATG;rbs_motif=GGAG/GAGG;rbs_spacer=5-10bp;gc_cont=0.407;conf=100.00;score=115.58;cscore=99.44;sscore=16.14;rscore=10.81;uscore=1.81;tscore=3.53;
contig_3	Prodigal_v2.6.3	CDS	32608	32769	22.7	+	0	ID=7_25;partial=00;start_type=ATG;rbs_motif=GGAG/GAGG;rbs_spacer=5-10bp;gc_cont=0.414;conf=99.46;score=22.66;cscore=13.23;sscore=9.43;rscore=6.87;uscore=0.31;tscore=2.24;
contig_3	Prodigal_v2.6.3	CDS	32753	33601	149.8	+	0	ID=7_26;partial=00;start_type=GTG;rbs_motif=GGAG/GAGG;rbs_spacer=5-10bp;gc_cont=0.397;conf=100.00;score=149.84;cscore=142.23;sscore=7.61;rscore=10.81;uscore=-0.89;tscore=-3.45;
contig_3	Prodigal_v2.6.3	CDS	33697	33936	18.4	+	0	ID=7_27;partial=00;start_type=GTG;rbs_motif=None;rbs_spacer=None;gc_cont=0.429;conf=98.57;score=18.40;cscore=25.16;sscore=-6.76;rscore=-4.00;uscore=0.88;tscore=-3.64;
contig_3	Prodigal_v2.6.3	CDS	34272	34547	50.5	+	0	ID=7_28;partial=00;start_type=GTG;rbs_motif=None;rbs_spacer=None;gc_cont=0.409;conf=100.00;score=50.51;cscore=56.53;sscore=-6.02;rscore=-3.79;uscore=1.88;tscore=-3.45;
contig_3	Prodigal_v2.6.3	CDS	34878	35303	44.4	+	0	ID=7_29;partial=00;start_type=ATG;rbs_motif=None;rbs_spacer=None;gc_cont=0.284;conf=100.00;score=44.40;cscore=40.64;sscore=3.76;rscore=-3.79;uscore=4.68;tscore=3.53;
contig_3	Prodigal_v2.6.3	CDS	35531	35797	17.5	+	0	ID=7_30;partial=00;start_type=TTG;rbs_motif=GGA/GAG/AGG;rbs_spacer=5-10bp;gc_cont=0.337;conf=98.24;score=17.49;cscore=22.63;sscore=-5.14;rscore=4.04;uscore=-0.05;tscore=-8.48;
contig_3	Prodigal_v2.6.3	CDS	35879	36889	145.4	+	0	ID=7_31;partial=00;start_type=ATG;rbs_motif=None;rbs_spacer=None;gc_cont=0.324;conf=100.00;score=145.44;cscore=143.98;sscore=1.46;rscore=-3.79;uscore=1.72;tscore=3.53;
contig_3	Prodigal_v2.6.3	CDS	37003	37377	70.6	+	0	ID=7_32;partial=00;start_type=ATG;rbs_motif=GGAG/GAGG;rbs_spacer=5-10bp;gc_cont=0.309;conf=100.00;score=70.59;cscore=56.59;sscore=14.00;rscore=10.81;uscore=-0.33;tscore=3.53;
contig_3	Prodigal_v2.6.3	CDS	37427	38719	198.1	-	0	ID=7_33;partial=00;start_type=ATG;rbs_motif=GGA/GAG/AGG;rbs_spacer=5-10bp;gc_cont=0.426;conf=99.99;score=198.11;cscore=185.98;sscore=12.13;rscore=4.04;uscore=5.22;tscore=3.53;
contig_3	Prodigal_v2.6.3	CDS	39407	40159	84.0	-	0	ID=7_34;partial=00;start_type=TTG;rbs_motif=None;rbs_spacer=None;gc_cont=0.421;conf=100.00;score=84.01;cscore=97.74;sscore=-13.73;rscore=-3.79;uscore=-1.46;tscore=-8.48;
contig_3	Prodigal_v2.6.3	CDS	40140	40529	73.8	-	0	ID=7_35;partial=00;start_type=ATG;rbs_motif=GGAG/GAGG;rbs_spacer=5-10bp;gc_cont=0.390;conf=100.00;score=73.76;cscore=57.92;sscore=15.84;rscore=10.81;uscore=0.33;tscore=3.53;
contig_3	Prodigal_v2.6.3	CDS	40539	41051	94.8	-	0	ID=7_36;partial=00;start_type=ATG;rbs_motif=GGA/GAG/AGG;rbs_spacer=5-10bp;gc_cont=0.454;conf=100.00;score=94.82;cscore=87.61;sscore=7.21;rscore=4.04;uscore=0.29;tscore=3.53;
contig_3	Prodigal_v2.6.3	CDS	41405	41599	5.6	-	0	ID=7_37;partial=00;start_type=ATG;rbs_motif=None;rbs_spacer=None;gc_cont=0.421;conf=78.43;score=5.62;cscore=7.42;sscore=-1.81;rscore=-4.93;uscore=1.07;tscore=2.71;
contig_3	Prodigal_v2.6.3	CDS	41838	42689	140.6	+	0	ID=7_38;partial=00;start_type=ATG;rbs_motif=GGAG/GAGG;rbs_spacer=5-10bp;gc_cont=0.431;conf=100.00;score=140.56;cscore=123.30;sscore=17.26;rscore=10.81;uscore=2.93;tscore=3.53;
contig_3	Prodigal_v2.6.3	CDS	42705	43214	83.1	+	0	ID=7_39;partial=00;start_type=TTG;rbs_motif=None;rbs_spacer=None;gc_cont=0.449;conf=100.00;score=83.12;cscore=96.86;sscore=-13.74;rscore=-3.79;uscore=-2.59;tscore=-8.48;
contig_3	Prodigal_v2.6.3	CDS	43285	43707	17.8	-	0	ID=7_40;partial=00;start_type=TTG;rbs_motif=None;rbs_spacer=None;gc_cont=0.402;conf=98.34;score=17.75;cscore=31.58;sscore=-13.83;rscore=-3.79;uscore=-1.56;tscore=-8.48;
contig_3	Prodigal_v2.6.3	CDS	43688	44536	98.4	-	0	ID=7_41;partial=00;start_type=ATG;rbs_motif=None;rbs_spacer=None;gc_cont=0.418;conf=100.00;score=98.38;cscore=99.13;sscore=-0.75;rscore=-3.79;uscore=0.17;tscore=3.53;
contig_3	Prodigal_v2.6.3	CDS	44672	45268	49.3	+	0	ID=7_42;partial=00;start_type=ATG;rbs_motif=GGA/GAG/AGG;rbs_spacer=5-10bp;gc_cont=0.363;conf=100.00;score=49.28;cscore=42.21;sscore=7.07;rscore=4.04;uscore=-0.50;tscore=3.53;
contig_3	Prodigal_v2.6.3	CDS	45557	46543	109.7	+	0	ID=7_43;partial=00;start_type=ATG;rbs_motif=GGAG/GAGG;rbs_spacer=5-10bp;gc_cont=0.406;conf=100.00;score=109.71;cscore=93.32;sscore=16.39;rscore=10.81;uscore=2.71;tscore=3.53;
contig_3	Prodigal_v2.6.3	CDS	46731	47096	26.7	+	0	ID=7_44;partial=00;start_type=ATG;rbs_motif=GGA/GAG/AGG;rbs_spacer=5-10bp;gc_cont=0.429;conf=99.78;score=26.69;cscore=17.18;sscore=9.52;rscore=4.04;uscore=2.60;tscore=3.53;
contig_3	Prodigal_v2.6.3	CDS	47118	47531	32.1	+	0	ID=7_45;partial=00;start_type=ATG;rbs_motif=None;rbs_spacer=None;gc_cont=0.418;conf=99.94;score=32.06;cscore=31.84;sscore=0.22;rscore=-3.79;uscore=-0.57;tscore=3.53;
contig_3	Prodigal_v2.6.3	CDS	47627	47971	15.5	+	0	ID=7_46;partial=00;start_type=GTG;rbs_motif=None;rbs_spacer=None;gc_cont=0.414;conf=97.22;score=15.46;cscore=22.17;sscore=-6.71;rscore=-3.79;uscore=0.53;tscore=-3.45;
contig_3	Prodigal_v2.6.3	CDS	47952	48200	9.0	+	0	ID=7_47;partial=00;start_type=TTG;rbs_motif=None;rbs_spacer=None;gc_cont=0.442;conf=88.73;score=8.98;cscore=21.76;sscore=-12.78;rscore=-3.85;uscore=-0.31;tscore=-8.62;
# Sequence Data: seqnum=8;seqlen=13563;seqhdr="contig_2"
# Model Data: version=Prodigal.v2.6.3;run_type=Single;model="Ab initio";gc_cont=40.91;transl_table=11;uses_sd=1
contig_2	Prodigal_v2.6.3	CDS	3	116	2.1	+	0	ID=8_1;partial=10;start_type=Edge;rbs_motif=None;rbs_spacer=None;gc_cont=0.316;conf=61.57;score=2.05;cscore=-0.67;sscore=2.72;rscore=0.00;uscore=0.00;tscore=3.22;
contig_2	Prodigal_v2.6.3	CDS	325	1716	154.8	+	0	ID=8_2;partial=00;start_type=ATG;rbs_motif=None;rbs_spacer=None;gc_cont=0.402;conf=100.00;score=154.85;cscore=154.02;sscore=0.83;rscore=-3.79;uscore=1.75;tscore=3.53;
contig_2	Prodigal_v2.6.3	CDS	1794	2552	96.7	+	0	ID=8_3;partial=00;start_type=ATG;rbs_motif=GGA/GAG/AGG;rbs_spacer=5-10bp;gc_cont=0.377;conf=100.00;score=96.66;cscore=86.43;sscore=10.24;rscore=4.04;uscore=2.67;tscore=3.53;
contig_2	Prodigal_v2.6.3	CDS	2554	3609	122.2	+	0	ID=8_4;partial=00;start_type=ATG;rbs_motif=None;rbs_spacer=None;gc_cont=0.406;conf=100.00;score=122.22;cscore=118.94;sscore=3.28;rscore=-3.79;uscore=2.28;tscore=3.53;
contig_2	Prodigal_v2.6.3	CDS	3930	4283	53.3	+	0	ID=8_5;partial=00;start_type=ATG;rbs_motif=GGA/GAG/AGG;rbs_spacer=5-10bp;gc_cont=0.421;conf=100.00;score=53.34;cscore=44.23;sscore=9.12;rscore=4.04;uscore=2.20;tscore=3.53;
contig_2	Prodigal_v2.6.3	CDS	4429	4929	71.0	-	0	ID=8_6;partial=00;start_type=ATG;rbs_motif=AGGA;rbs_spacer=5-10bp;gc_cont=0.377;conf=100.00;score=71.03;cscore=56.60;sscore=14.43;rscore=8.01;uscore=3.55;tscore=3.53;
contig_2	Prodigal_v2.6.3	CDS	5243	7702	368.9	-	0	ID=8_7;partial=00;start_type=ATG;rbs_motif=None;rbs_spacer=None;gc_cont=0.423;conf=99.99;score=368.89;cscore=371.53;sscore=-2.64;rscore=-3.79;uscore=-1.72;tscore=3.53;
contig_2	Prodigal_v2.6.3	CDS	7920	8045	3.2	-	0	ID=8_8;partial=00;start_type=ATG;rbs_motif=None;rbs_spacer=None;gc_cont=0.381;conf=67.84;score=3.25;cscore=8.88;sscore=-5.63;rscore=-7.70;uscore=0.34;tscore=1.73;
contig_2	Prodigal_v2.6.3	CDS	8026	9093	152.1	-	0	ID=8_9;partial=00;start_type=ATG;rbs_motif=None;rbs_spacer=None;gc_cont=0.369;conf=100.00;score=152.15;cscore=151.11;sscore=1.03;rscore=-3.79;uscore=1.30;tscore=3.53;
contig_2	Prodigal_v2.6.3	CDS	9241	9516	27.6	-	0	ID=8_10;partial=00;start_type=ATG;rbs_motif=None;rbs_spacer=None;gc_cont=0.377;conf=99.82;score=27.60;cscore=32.11;sscore=-4.52;rscore=-3.79;uscore=-4.25;tscore=3.53;
contig_2	Prodigal_v2.6.3	CDS	9464	9646	5.5	-	0	ID=8_11;partial=00;start_type=ATG;rbs_motif=GGAG/GAGG;rbs_spacer=5-10bp;gc_cont=0.426;conf=77.95;score=5.49;cscore=-5.05;sscore=10.54;rscore=7.78;uscore=1.37;tscore=2.54;
contig_2	Prodigal_v2.6.3	CDS	9728	10234	20.3	+	0	ID=8_12;partial=00;start_type=ATG;rbs_motif=GGA/GAG/AGG;rbs_spacer=5-10bp;gc_cont=0.379;conf=99.06;score=20.28;cscore=9.93;sscore=10.35;rscore=4.04;uscore=2.78;tscore=3.53;
contig_2	Prodigal_v2.6.3	CDS	10241	10420	0.5	+	0	ID=8_13;partial=00;start_type=TTG;rbs_motif=None;rbs_spacer=None;gc_cont=0.389;conf=52.64;score=0.46;cscore=14.67;sscore=-14.22;rscore=-5.35;uscore=1.90;tscore=-11.97;
contig_2	Prodigal_v2.6.3	CDS	10686	10802	6.9	+	0	ID=8_14;partial=00;start_type=ATG;rbs_motif=None;rbs_spacer=None;gc_cont=0.368;conf=83.08;score=6.92;cscore=15.94;sscore=-9.02;rscore=-8.31;uscore=-1.66;tscore=1.61;
contig_2	Prodigal_v2.6.3	CDS	11353	11718	28.4	+	0	ID=8_15;partial=00;start_type=ATG;rbs_motif=None;rbs_spacer=None;gc_cont=0.385;conf=99.85;score=28.36;cscore=29.71;sscore=-1.35;rscore=-3.79;uscore=-0.44;tscore=3.53;
contig_2	Prodigal_v2.6.3	CDS	11774	12139	45.9	-	0	ID=8_16;partial=00;start_type=TTG;rbs_motif=None;rbs_spacer=None;gc_cont=0.385;conf=100.00;score=45.90;cscore=55.58;sscore=-9.68;rscore=-3.79;uscore=1.52;tscore=-8.48;
contig_2	Prodigal_v2.6.3	CDS	12159	12773	101.5	-	0	ID=8_17;partial=00;start_type=ATG;rbs_motif=AGGA;rbs_spacer=5-10bp;gc_cont=0.429;conf=100.00;score=101.51;cscore=88.83;sscore=12.68;rscore=8.01;uscore=1.14;tscore=3.53;
contig_2	Prodigal_v2.6.3	CDS	12907	13074	11.2	-	0	ID=8_18;partial=00;start_type=ATG;rbs_motif=GGA/GAG/AGG;rbs_spacer=5-10bp;gc_cont=0.327;conf=92.88;score=11.17;cscore=4.02;sscore=7.16;rscore=2.67;uscore=1.00;tscore=2.33;
contig_2	Prodigal_v2.6.3	CDS	13085	13516	57.0	-	0	ID=8_19;partial=00;start_type=ATG;rbs_motif=GGA/GAG/AGG;rbs_spacer=5-10bp;gc_cont=0.352;conf=100.00;score=57.04;cscore=47.37;sscore=9.67;rscore=4.04;uscore=2.10;tscore=3.53;
# Sequence Data: seqnum=9;seqlen=3915;seqhdr="contig_13"
# Model Data: version=Prodigal.v2.6.3;run_type=Single;model="Ab initio";gc_cont=40.91;transl_table=11;uses_sd=1
contig_13	Prodigal_v2.6.3	CDS	2	331	18.8	+	0	ID=9_1;partial=10;start_type=Edge;rbs_motif=None;rbs_spacer=None;gc_cont=0.676;conf=98.70;score=18.84;cscore=15.62;sscore=3.22;rscore=0.00;uscore=0.00;tscore=3.22;
contig_13	Prodigal_v2.6.3	CDS	525	1079	18.0	-	0	ID=9_2;partial=00;start_type=ATG;rbs_motif=AGGA;rbs_spacer=5-10bp;gc_cont=0.613;conf=98.43;score=18.01;cscore=9.15;sscore=8.86;rscore=8.01;uscore=-2.68;tscore=3.53;
contig_13	Prodigal_v2.6.3	CDS	1159	1737	64.8	-	0	ID=9_3;partial=00;start_type=GTG;rbs_motif=None;rbs_spacer=None;gc_cont=0.693;conf=100.00;score=64.83;cscore=77.30;sscore=-12.46;rscore=-3.79;uscore=-6.36;tscore=-3.45;
contig_13	Prodigal_v2.6.3	CDS	1750	2217	23.0	-	0	ID=9_4;partial=00;start_type=ATG;rbs_motif=AGGAG;rbs_spacer=5-10bp;gc_cont=0.658;conf=99.50;score=23.03;cscore=6.96;sscore=16.07;rscore=13.71;uscore=-0.51;tscore=3.53;
contig_13	Prodigal_v2.6.3	CDS	2506	2904	20.0	+	0	ID=9_5;partial=00;start_type=GTG;rbs_motif=None;rbs_spacer=None;gc_cont=0.684;conf=99.00;score=20.01;cscore=33.05;sscore=-13.04;rscore=-3.79;uscore=-5.80;tscore=-3.45;
contig_13	Prodigal_v2.6.3	CDS	2882	3331	37.3	+	0	ID=9_6;partial=00;start_type=GTG;rbs_motif=AGxAGG/AGGxGG;rbs_spacer=5-10bp;gc_cont=0.684;conf=99.98;score=37.32;cscore=38.10;sscore=-0.77;rscore=7.44;uscore=-4.76;tscore=-3.45;
contig_13	Prodigal_v2.6.3	CDS	3381	3914	44.0	+	0	ID=9_7;partial=01;start_type=GTG;rbs_motif=GGA/GAG/AGG;rbs_spacer=5-10bp;gc_cont=0.652;conf=100.00;score=43.98;cscore=49.72;sscore=-5.75;rscore=4.04;uscore=-7.07;tscore=-3.45;
# Sequence Data: seqnum=10;seqlen=55927;seqhdr="contig_4"
# Model Data: version=Prodigal.v2.6.3;run_type=Single;model="Ab initio";gc_cont=40.91;transl_table=11;uses_sd=1
contig_4	Prodigal_v2.6.3	CDS	223	588	35.6	-	0	ID=10_1;partial=00;start_type=ATG;rbs_motif=GGA/GAG/AGG;rbs_spacer=5-10bp;gc_cont=0.383;conf=99.97;score=35.57;cscore=30.41;sscore=5.16;rscore=4.04;uscore=-1.76;tscore=3.53;
contig_4	Prodigal_v2.6.3	CDS	597	1988	211.3	+	0	ID=10_2;partial=00;start_type=ATG;rbs_motif=None;rbs_spacer=None;gc_cont=0.271;conf=99.99;score=211.34;cscore=211.78;sscore=-0.44;rscore=-3.79;uscore=-0.18;tscore=3.53;
contig_4	Prodigal_v2.6.3	CDS	2165	3094	69.6	-	0	ID=10_3;partial=00;start_type=ATG;rbs_motif=GGA/GAG/AGG;rbs_spacer=5-10bp;gc_cont=0.389;conf=100.00;score=69.65;cscore=60.90;sscore=8.75;rscore=4.04;uscore=1.18;tscore=3.53;
contig_4	Prodigal_v2.6.3	CDS	3204	3545	20.8	-	0	ID=10_4;partial=00;start_type=ATG;rbs_motif=None;rbs_spacer=None;gc_cont=0.365;conf=99.16;score=20.78;cscore=20.61;sscore=0.17;rscore=-3.79;uscore=-0.73;tscore=3.53;
contig_4	Prodigal_v2.6.3	CDS	3556	3837	4.2	-	0	ID=10_5;partial=00;start_type=ATG;rbs_motif=None;rbs_spacer=None;gc_cont=0.404;conf=72.65;score=4.25;cscore=5.44;sscore=-1.19;rscore=-3.79;uscore=-0.93;tscore=3.53;
contig_4	Prodigal_v2.6.3	CDS	3907	4059	1.3	-	0	ID=10_6;partial=00;start_type=ATG;rbs_motif=GGAG/GAGG;rbs_spacer=5-10bp;gc_cont=0.359;conf=57.15;score=1.25;cscore=-8.37;sscore=9.63;rscore=6.48;uscore=0.37;tscore=2.12;
contig_4	Prodigal_v2.6.3	CDS	4071	4370	37.3	-	0	ID=10_7;partial=00;start_type=ATG;rbs_motif=AGGAG;rbs_spacer=5-10bp;gc_cont=0.393;conf=99.98;score=37.27;cscore=20.79;sscore=16.48;rscore=13.71;uscore=-0.10;tscore=3.53;
contig_4	Prodigal_v2.6.3	CDS	4905	5126	23.5	-	0	ID=10_8;partial=00;start_type=ATG;rbs_motif=AGxAG;rbs_spacer=5-10bp;gc_cont=0.351;conf=99.55;score=23.48;cscore=25.50;sscore=-2.02;rscore=-4.25;uscore=-0.20;tscore=3.09;
contig_4	Prodigal_v2.6.3	CDS	5537	5848	29.8	-	0	ID=10_9;partial=00;start_type=ATG;rbs_motif=None;rbs_spacer=None;gc_cont=0.346;conf=99.89;score=29.76;cscore=27.74;sscore=2.02;rscore=-3.79;uscore=2.93;tscore=3.53;
contig_4	Prodigal_v2.6.3	CDS	7020	7793	109.8	+	0	ID=10_10;partial=00;start_type=ATG;rbs_motif=None;rbs_spacer=None;gc_cont=0.375;conf=100.00;score=109.81;cscore=106.82;sscore=2.99;rscore=-3.79;uscore=3.26;tscore=3.53;
contig_4	Prodigal_v2.6.3	CDS	7807	7914	11.1	+	0	ID=10_11;partial=00;start_type=ATG;rbs_motif=GGA/GAG/AGG;rbs_spacer=5-10bp;gc_cont=0.333;conf=92.74;score=11.08;cscore=6.08;sscore=5.00;rscore=1.70;uscore=0.69;tscore=1.48;
contig_4	Prodigal_v2.6.3	CDS	8033	8719	90.2	+	0	ID=10_12;partial=00;start_type=GTG;rbs_motif=None;rbs_spacer=None;gc_cont=0.386;conf=100.00;score=90.20;cscore=98.86;sscore=-8.67;rscore=-3.79;uscore=-1.42;tscore=-3.45;
contig_4	Prodigal_v2.6.3	CDS	8820	9038	13.8	-	0	ID=10_13;partial=00;start_type=ATG;rbs_motif=None;rbs_spacer=None;gc_cont=0.402;conf=95.99;score=13.81;cscore=15.17;sscore=-1.36;rscore=-4.39;uscore=0.63;tscore=3.05;
contig_4	Prodigal_v2.6.3	CDS	9090	9290	3.9	+	0	ID=10_14;partial=00;start_type=ATG;rbs_motif=GGA/GAG/AGG;rbs_spacer=5-10bp;gc_cont=0.403;conf=71.01;score=3.90;cscore=-0.36;sscore=4.25;rscore=3.20;uscore=-1.24;tscore=2.79;
contig_4	Prodigal_v2.6.3	CDS	9323	9661	8.8	+	0	ID=10_15;partial=00;start_type=GTG;rbs_motif=None;rbs_spacer=None;gc_cont=0.440;conf=88.43;score=8.85;cscore=16.20;sscore=-7.36;rscore=-3.79;uscore=-1.04;tscore=-3.45;
contig_4	Prodigal_v2.6.3	CDS	10112	10411	5.5	-	0	ID=10_16;partial=00;start_type=ATG;rbs_motif=None;rbs_spacer=None;gc_cont=0.460;conf=78.06;score=5.52;cscore=5.64;sscore=-0.12;rscore=-3.79;uscore=-0.62;tscore=3.53;
contig_4	Prodigal_v2.6.3	CDS	10459	10743	49.5	-	0	ID=10_17;partial=00;start_type=ATG;rbs_motif=AGGAG;rbs_spacer=5-10bp;gc_cont=0.414;conf=100.00;score=49.54;cscore=31.93;sscore=17.61;rscore=13.71;uscore=1.03;tscore=3.53;
contig_4	Prodigal_v2.6.3	CDS	10885	11172	2.9	+	0	ID=10_18;partial=00;start_type=GTG;rbs_motif=None;rbs_spacer=None;gc_cont=0.503;conf=65.98;score=2.88;cscore=11.01;sscore=-8.12;rscore=-3.79;uscore=-0.88;tscore=-3.45;
contig_4	Prodigal_v2.6.3	CDS	11172	11945	88.3	+	0	ID=10_19;partial=00;start_type=ATG;rbs_motif=GGAG/GAGG;rbs_spacer=5-10bp;gc_cont=0.434;conf=100.00;score=88.30;cscore=72.68;sscore=15.62;rscore=10.81;uscore=-0.28;tscore=3.53;
contig_4	Prodigal_v2.6.3	CDS	11942	12178	0.4	-	0	ID=10_20;partial=00;start_type=GTG;rbs_motif=None;rbs_spacer=None;gc_cont=0.435;conf=52.19;score=0.38;cscore=5.96;sscore=-5.58;rscore=-4.05;uscore=1.04;tscore=-3.69;
contig_4	Prodigal_v2.6.3	CDS	12193	12486	53.4	-	0	ID=10_21;partial=00;start_type=ATG;rbs_motif=GGAG/GAGG;rbs_spacer=5-10bp;gc_cont=0.398;conf=100.00;score=53.38;cscore=39.62;sscore=13.76;rscore=10.81;uscore=0.08;tscore=3.53;
contig_4	Prodigal_v2.6.3	CDS	13560	14009	33.8	+	0	ID=10_22;partial=00;start_type=GTG;rbs_motif=None;rbs_spacer=None;gc_cont=0.404;conf=99.96;score=33.83;cscore=37.83;sscore=-3.99;rscore=-3.79;uscore=3.25;tscore=-3.45;
contig_4	Prodigal_v2.6.3	CDS	14240	14713	40.7	+	0	ID=10_23;partial=00;start_type=GTG;rbs_motif=None;rbs_spacer=None;gc_cont=0.399;conf=99.99;score=40.71;cscore=44.09;sscore=-3.38;rscore=-3.79;uscore=4.52;tscore=-3.45;
contig_4	Prodigal_v2.6.3	CDS	14724	15374	59.3	+	0	ID=10_24;partial=00;start_type=GTG;rbs_motif=GGA/GAG/AGG;rbs_spacer=5-10bp;gc_cont=0.369;conf=100.00;score=59.34;cscore=55.62;sscore=3.72;rscore=4.04;uscore=1.96;tscore=-3.45;
contig_4	Prodigal_v2.6.3	CDS	16015	17253	81.6	+	0	ID=10_25;partial=00;start_type=GTG;rbs_motif=GGA/GAG/AGG;rbs_spacer=5-10bp;gc_cont=0.442;conf=100.00;score=81.60;cscore=85.38;sscore=-3.78;rscore=4.04;uscore=-3.72;tscore=-3.45;
contig_4	Prodigal_v2.6.3	CDS	17240	17479	19.1	+	0	ID=10_26;partial=00;start_type=ATG;rbs_motif=AGGA;rbs_spacer=5-10bp;gc_cont=0.421;conf=98.77;score=19.07;cscore=6.38;sscore=12.69;rscore=7.60;uscore=0.57;tscore=3.34;
contig_4	Prodigal_v2.6.3	CDS	17527	18576	76.2	+	0	ID=10_27;partial=00;start_type=ATG;rbs_motif=None;rbs_spacer=None;gc_cont=0.439;conf=100.00;score=76.19;cscore=75.35;sscore=0.84;rscore=-3.79;uscore=0.34;tscore=3.53;
contig_4	Prodigal_v2.6.3	CDS	18578	21055	186.0	+	0	ID=10_28;partial=00;start_type=GTG;rbs_motif=None;rbs_spacer=None;gc_cont=0.436;conf=99.99;score=186.00;cscore=195.05;sscore=-9.06;rscore=-3.79;uscore=-3.08;tscore=-3.45;
contig_4	Prodigal_v2.6.3	CDS	21187	21480	48.4	+	0	ID=10_29;partial=00;start_type=ATG;rbs_motif=GGAG/GAGG;rbs_spacer=5-10bp;gc_cont=0.398;conf=100.00;score=48.37;cscore=33.45;sscore=14.92;rscore=10.81;uscore=0.59;tscore=3.53;
contig_4	Prodigal_v2.6.3	CDS	21495	22346	75.7	+	0	ID=10_30;partial=00;start_type=ATG;rbs_motif=None;rbs_spacer=None;gc_cont=0.428;conf=100.00;score=75.73;cscore=73.76;sscore=1.97;rscore=-3.79;uscore=1.11;tscore=3.53;
contig_4	Prodigal_v2.6.3	CDS	22314	22418	0.6	-	0	ID=10_31;partial=00;start_type=ATG;rbs_motif=GGA/GAG/AGG;rbs_spacer=5-10bp;gc_cont=0.390;conf=53.59;score=0.63;cscore=-1.66;sscore=2.28;rscore=1.65;uscore=0.35;tscore=1.44;
contig_4	Prodigal_v2.6.3	CDS	22667	23899	172.3	+	0	ID=10_32;partial=00;start_type=ATG;rbs_motif=None;rbs_spacer=None;gc_cont=0.374;conf=100.00;score=172.25;cscore=169.58;sscore=2.67;rscore=-3.79;uscore=2.93;tscore=3.53;
contig_4	Prodigal_v2.6.3	CDS	24172	24501	25.6	-	0	ID=10_33;partial=00;start_type=ATG;rbs_motif=GGA/GAG/AGG;rbs_spacer=5-10bp;gc_cont=0.397;conf=99.72;score=25.63;cscore=18.82;sscore=6.81;rscore=4.04;uscore=-0.11;tscore=3.53;
contig_4	Prodigal_v2.6.3	CDS	24709	25575	83.3	+	0	ID=10_34;partial=00;start_type=ATG;rbs_motif=None;rbs_spacer=None;gc_cont=0.482;conf=100.00;score=83.33;cscore=82.94;sscore=0.39;rscore=-3.79;uscore=0.65;tscore=3.53;
contig_4	Prodigal_v2.6.3	CDS	25586	26197	79.1	+	0	ID=10_35;partial=00;start_type=ATG;rbs_motif=AGGAG;rbs_spacer=5-10bp;gc_cont=0.474;conf=100.00;score=79.06;cscore=61.17;sscore=17.89;rscore=13.71;uscore=-0.50;tscore=3.53;
contig_4	Prodigal_v2.6.3	CDS	26214	26789	61.0	+	0	ID=10_36;partial=00;start_type=ATG;rbs_motif=GGAG/GAGG;rbs_spacer=5-10bp;gc_cont=0.457;conf=100.00;score=61.03;cscore=46.02;sscore=15.00;rscore=10.81;uscore=-0.43;tscore=3.53;
contig_4	Prodigal_v2.6.3	CDS	26831	30511	488.0	+	0	ID=10_37;partial=00;start_type=ATG;rbs_motif=GGA/GAG/AGG;rbs_spacer=5-10bp;gc_cont=0.467;conf=99.99;score=487.97;cscore=478.71;sscore=9.27;rscore=4.04;uscore=0.87;tscore=3.53;
contig_4	Prodigal_v2.6.3	CDS	30558	34085	477.6	+	0	ID=10_38;partial=00;start_type=ATG;rbs_motif=GGA/GAG/AGG;rbs_spacer=5-10bp;gc_cont=0.419;conf=99.99;score=477.60;cscore=469.51;sscore=8.09;rscore=4.04;uscore=-0.25;tscore=3.53;
contig_4	Prodigal_v2.6.3	CDS	34088	36028	235.4	+	0	ID=10_39;partial=00;start_type=ATG;rbs_motif=GGA/GAG/AGG;rbs_spacer=5-10bp;gc_cont=0.335;conf=99.99;score=235.44;cscore=226.71;sscore=8.73;rscore=4.04;uscore=-0.09;tscore=3.53;
contig_4	Prodigal_v2.6.3	CDS	36025	38649	332.7	+	0	ID=10_40;partial=00;start_type=ATG;rbs_motif=GGAG/GAGG;rbs_spacer=5-10bp;gc_cont=0.468;conf=99.99;score=332.66;cscore=317.03;sscore=15.63;rscore=10.81;uscore=-2.09;tscore=3.53;
contig_4	Prodigal_v2.6.3	CDS	38679	40718	250.0	+	0	ID=10_41;partial=00;start_type=ATG;rbs_motif=GGA/GAG/AGG;rbs_spacer=5-10bp;gc_cont=0.468;conf=99.99;score=249.96;cscore=238.54;sscore=11.43;rscore=4.04;uscore=2.90;tscore=3.53;
contig_4	Prodigal_v2.6.3	CDS	40838	41254	27.8	-	0	ID=10_42;partial=00;start_type=ATG;rbs_motif=None;rbs_spacer=None;gc_cont=0.355;conf=99.83;score=27.77;cscore=28.89;sscore=-1.12;rscore=-3.79;uscore=-0.86;tscore=3.53;
contig_4	Prodigal_v2.6.3	CDS	41232	41960	72.1	-	0	ID=10_43;partial=00;start_type=ATG;rbs_motif=GGA/GAG/AGG;rbs_spacer=5-10bp;gc_cont=0.383;conf=100.00;score=72.14;cscore=62.96;sscore=9.18;rscore=4.04;uscore=0.32;tscore=3.53;
contig_4	Prodigal_v2.6.3	CDS	41957	42898	131.8	-	0	ID=10_44;partial=00;start_type=ATG;rbs_motif=AGGAG;rbs_spacer=5-10bp;gc_cont=0.410;conf=100.00;score=131.84;cscore=116.49;sscore=15.35;rscore=13.71;uscore=-2.93;tscore=3.53;
contig_4	Prodigal_v2.6.3	CDS	42920	43411	49.4	-	0	ID=10_45;partial=00;start_type=ATG;rbs_motif=None;rbs_spacer=None;gc_cont=0.439;conf=100.00;score=49.44;cscore=48.71;sscore=0.73;rscore=-3.79;uscore=-0.20;tscore=3.53;
contig_4	Prodigal_v2.6.3	CDS	43419	44006	37.9	-	0	ID=10_46;partial=00;start_type=TTG;rbs_motif=None;rbs_spacer=None;gc_cont=0.389;conf=99.98;score=37.94;cscore=49.76;sscore=-11.82;rscore=-3.79;uscore=-0.57;tscore=-8.48;
contig_4	Prodigal_v2.6.3	CDS	44030	44383	38.2	-	0	ID=10_47;partial=00;start_type=ATG;rbs_motif=GGA/GAG/AGG;rbs_spacer=5-10bp;gc_cont=0.418;conf=99.98;score=38.23;cscore=30.86;sscore=7.38;rscore=4.04;uscore=0.46;tscore=3.53;
contig_4	Prodigal_v2.6.3	CDS	44710	45390	76.9	-	0	ID=10_48;partial=00;start_type=TTG;rbs_motif=None;rbs_spacer=None;gc_cont=0.411;conf=100.00;score=76.85;cscore=89.43;sscore=-12.58;rscore=-3.79;uscore=0.34;tscore=-8.48;
contig_4	Prodigal_v2.6.3	CDS	45955	46554	55.5	+	0	ID=10_49;partial=00;start_type=TTG;rbs_motif=None;rbs_spacer=None;gc_cont=0.433;conf=100.00;score=55.49;cscore=64.78;sscore=-9.28;rscore=-3.79;uscore=2.98;tscore=-8.48;
contig_4	Prodigal_v2.6.3	CDS	46797	47984	106.8	-	0	ID=10_50;partial=00;start_type=GTG;rbs_motif=AGxAGG/AGGxGG;rbs_spacer=5-10bp;gc_cont=0.405;conf=100.00;score=106.76;cscore=102.40;sscore=4.36;rscore=7.44;uscore=1.02;tscore=-3.45;
contig_4	Prodigal_v2.6.3	CDS	47987	48691	69.2	+	0	ID=10_51;partial=00;start_type=ATG;rbs_motif=None;rbs_spacer=None;gc_cont=0.404;conf=100.00;score=69.18;cscore=67.95;sscore=1.23;rscore=-3.79;uscore=1.49;tscore=3.53;
contig_4	Prodigal_v2.6.3	CDS	48846	49148	26.9	+	0	ID=10_52;partial=00;start_type=ATG;rbs_motif=AGGA/GGAG/GAGG;rbs_spacer=11-12bp;gc_cont=0.416;conf=99.80;score=26.93;cscore=23.64;sscore=3.29;rscore=-0.61;uscore=0.37;tscore=3.53;
contig_4	Prodigal_v2.6.3	CDS	49149	49430	61.1	+	0	ID=10_53;partial=00;start_type=ATG;rbs_motif=AGGAG;rbs_spacer=5-10bp;gc_cont=0.379;conf=100.00;score=61.09;cscore=43.10;sscore=17.99;rscore=13.71;uscore=-0.52;tscore=3.53;
contig_4	Prodigal_v2.6.3	CDS	49510	49929	47.9	-	0	ID=10_54;partial=00;start_type=ATG;rbs_motif=GGA/GAG/AGG;rbs_spacer=5-10bp;gc_cont=0.326;conf=100.00;score=47.88;cscore=39.84;sscore=8.04;rscore=4.04;uscore=1.12;tscore=3.53;
contig_4	Prodigal_v2.6.3	CDS	50069	50389	36.0	+	0	ID=10_55;partial=00;start_type=ATG;rbs_motif=None;rbs_spacer=None;gc_cont=0.393;conf=99.97;score=36.01;cscore=33.75;sscore=2.26;rscore=-3.79;uscore=2.52;tscore=3.53;
contig_4	Prodigal_v2.6.3	CDS	50382	50654	50.6	+	0	ID=10_56;partial=00;start_type=ATG;rbs_motif=AGGAG;rbs_spacer=5-10bp;gc_cont=0.414;conf=100.00;score=50.57;cscore=32.51;sscore=18.06;rscore=13.71;uscore=-0.42;tscore=3.53;
contig_4	Prodigal_v2.6.3	CDS	51147	52622	201.1	+	0	ID=10_57;partial=00;start_type=ATG;rbs_motif=AGGAG;rbs_spacer=5-10bp;gc_cont=0.400;conf=99.99;score=201.13;cscore=182.14;sscore=19.00;rscore=13.71;uscore=2.42;tscore=3.53;
contig_4	Prodigal_v2.6.3	CDS	52678	53562	121.3	+	0	ID=10_58;partial=00;start_type=ATG;rbs_motif=AGGA;rbs_spacer=5-10bp;gc_cont=0.365;conf=100.00;score=121.34;cscore=108.01;sscore=13.33;rscore=8.01;uscore=1.12;tscore=3.53;
contig_4	Prodigal_v2.6.3	CDS	53752	54363	59.6	-	0	ID=10_59;partial=00;start_type=ATG;rbs_motif=None;rbs_spacer=None;gc_cont=0.402;conf=100.00;score=59.63;cscore=59.10;sscore=0.53;rscore=-3.79;uscore=1.45;tscore=3.53;
contig_4	Prodigal_v2.6.3	CDS	54809	55144	10.5	+	0	ID=10_60;partial=00;start_type=ATG;rbs_motif=None;rbs_spacer=None;gc_cont=0.307;conf=91.85;score=10.54;cscore=11.60;sscore=-1.06;rscore=-3.79;uscore=-0.80;tscore=3.53;
contig_4	Prodigal_v2.6.3	CDS	55388	55675	28.3	+	0	ID=10_61;partial=00;start_type=ATG;rbs_motif=None;rbs_spacer=None;gc_cont=0.392;conf=99.85;score=28.27;cscore=26.07;sscore=2.20;rscore=-3.79;uscore=3.12;tscore=3.53;
contig_4	Prodigal_v2.6.3	CDS	55662	55925	53.5	+	0	ID=10_62;partial=01;start_type=ATG;rbs_motif=GGAG/GAGG;rbs_spacer=5-10bp;gc_cont=0.417;conf=100.00;score=53.54;cscore=37.84;sscore=15.70;rscore=10.81;uscore=0.18;tscore=3.53;
# Sequence Data: seqnum=11;seqlen=9924;seqhdr="contig_6"
# Model Data: version=Prodigal.v2.6.3;run_type=Single;model="Ab initio";gc_cont=40.91;transl_table=11;uses_sd=1
contig_6	Prodigal_v2.6.3	CDS	3	1382	200.9	+	0	ID=11_1;partial=10;start_type=Edge;rbs_motif=None;rbs_spacer=None;gc_cont=0.398;conf=99.99;score=200.87;cscore=197.65;sscore=3.22;rscore=0.00;uscore=0.00;tscore=3.22;
contig_6	Prodigal_v2.6.3	CDS	1450	2340	141.2	-	0	ID=11_2;partial=00;start_type=GTG;rbs_motif=GGA/GAG/AGG;rbs_spacer=5-10bp;gc_cont=0.409;conf=100.00;score=141.22;cscore=142.83;sscore=-1.61;rscore=4.04;uscore=-1.55;tscore=-3.45;
contig_6	Prodigal_v2.6.3	CDS	2614	3891	205.3	-	0	ID=11_3;partial=00;start_type=ATG;rbs_motif=None;rbs_spacer=None;gc_cont=0.412;conf=99.99;score=205.32;cscore=204.54;sscore=0.78;rscore=-3.79;uscore=1.70;tscore=3.53;
contig_6	Prodigal_v2.6.3	CDS	4189	5850	316.8	+	0	ID=11_4;partial=00;start_type=GTG;rbs_motif=AGGAG;rbs_spacer=5-10bp;gc_cont=0.425;conf=99.99;score=316.84;cscore=307.27;sscore=9.56;rscore=13.71;uscore=-0.69;tscore=-3.45;
contig_6	Prodigal_v2.6.3	CDS	5893	6273	57.2	-	0	ID=11_5;partial=00;start_type=ATG;rbs_motif=GGAG/GAGG;rbs_spacer=5-10bp;gc_cont=0.394;conf=100.00;score=57.19;cscore=42.59;sscore=14.60;rscore=10.81;uscore=0.92;tscore=3.53;
contig_6	Prodigal_v2.6.3	CDS	6616	7005	42.7	-	0	ID=11_6;partial=00;start_type=ATG;rbs_motif=None;rbs_spacer=None;gc_cont=0.351;conf=99.99;score=42.73;cscore=40.09;sscore=2.64;rscore=-3.79;uscore=1.65;tscore=3.53;
contig_6	Prodigal_v2.6.3	CDS	6998	7309	33.5	-	0	ID=11_7;partial=00;start_type=ATG;rbs_motif=GGA/GAG/AGG;rbs_spacer=5-10bp;gc_cont=0.356;conf=99.95;score=33.49;cscore=23.95;sscore=9.54;rscore=4.04;uscore=2.62;tscore=3.53;
contig_6	Prodigal_v2.6.3	CDS	7484	7861	29.8	+	0	ID=11_8;partial=00;start_type=ATG;rbs_motif=None;rbs_spacer=None;gc_cont=0.386;conf=99.89;score=29.75;cscore=29.97;sscore=-0.22;rscore=-3.79;uscore=0.05;tscore=3.53;
contig_6	Prodigal_v2.6.3	CDS	7916	9181	187.8	+	0	ID=11_9;partial=00;start_type=ATG;rbs_motif=None;rbs_spacer=None;gc_cont=0.426;conf=99.99;score=187.77;cscore=185.02;sscore=2.75;rscore=-3.79;uscore=2.33;tscore=3.53;
contig_6	Prodigal_v2.6.3	CDS	9330	9923	118.2	+	0	ID=11_10;partial=01;start_type=ATG;rbs_motif=AGGAG;rbs_spacer=5-10bp;gc_cont=0.402;conf=100.00;score=118.17;cscore=101.94;sscore=16.23;rscore=13.71;uscore=-1.00;tscore=3.53;
# Sequence Data: seqnum=12;seqlen=8898;seqhdr="contig_14"
# Model Data: version=Prodigal.v2.6.3;run_type=Single;model="Ab initio";gc_cont=40.91;transl_table=11;uses_sd=1
contig_14	Prodigal_v2.6.3	CDS	18	839	31.8	-	0	ID=12_1;partial=00;start_type=GTG;rbs_motif=None;rbs_spacer=None;gc_cont=0.656;conf=99.93;score=31.81;cscore=46.44;sscore=-14.63;rscore=-3.79;uscore=-6.74;tscore=-3.45;
contig_14	Prodigal_v2.6.3	CDS	1021	2109	117.6	-	0	ID=12_2;partial=00;start_type=GTG;rbs_motif=GGA/GAG/AGG;rbs_spacer=5-10bp;gc_cont=0.685;conf=100.00;score=117.60;cscore=119.48;sscore=-1.88;rscore=4.04;uscore=-2.47;tscore=-3.45;
contig_14	Prodigal_v2.6.3	CDS	2090	2452	16.4	-	0	ID=12_3;partial=00;start_type=ATG;rbs_motif=None;rbs_spacer=None;gc_cont=0.656;conf=97.77;score=16.44;cscore=11.64;sscore=4.81;rscore=-3.79;uscore=-3.85;tscore=3.53;
contig_14	Prodigal_v2.6.3	CDS	2452	4038	127.7	-	0	ID=12_4;partial=00;start_type=ATG;rbs_motif=None;rbs_spacer=None;gc_cont=0.698;conf=100.00;score=127.67;cscore=130.93;sscore=-3.26;rscore=-3.79;uscore=-3.90;tscore=3.53;
contig_14	Prodigal_v2.6.3	CDS	4073	4459	29.3	-	0	ID=12_5;partial=00;start_type=ATG;rbs_motif=GGAG/GAGG;rbs_spacer=5-10bp;gc_cont=0.687;conf=99.88;score=29.28;cscore=14.32;sscore=14.96;rscore=10.81;uscore=1.28;tscore=3.53;
contig_14	Prodigal_v2.6.3	CDS	4654	5361	46.7	-	0	ID=12_6;partial=00;start_type=ATG;rbs_motif=None;rbs_spacer=None;gc_cont=0.722;conf=100.00;score=46.72;cscore=41.91;sscore=4.81;rscore=-3.79;uscore=-5.29;tscore=3.53;
contig_14	Prodigal_v2.6.3	CDS	5361	5996	21.1	-	0	ID=12_7;partial=00;start_type=ATG;rbs_motif=GGAGG;rbs_spacer=5-10bp;gc_cont=0.695;conf=99.23;score=21.11;cscore=12.19;sscore=8.92;rscore=11.35;uscore=-5.31;tscore=3.53;
contig_14	Prodigal_v2.6.3	CDS	6103	7641	135.2	+	0	ID=12_8;partial=00;start_type=ATG;rbs_motif=AGGA;rbs_spacer=5-10bp;gc_cont=0.692;conf=100.00;score=135.15;cscore=125.75;sscore=9.40;rscore=8.01;uscore=-2.14;tscore=3.53;
contig_14	Prodigal_v2.6.3	CDS	7471	7965	24.5	-	0	ID=12_9;partial=00;start_type=GTG;rbs_motif=None;rbs_spacer=None;gc_cont=0.697;conf=99.64;score=24.50;cscore=35.60;sscore=-11.10;rscore=-3.79;uscore=-3.85;tscore=-3.45;
contig_14	Prodigal_v2.6.3	CDS	8041	8226	14.6	-	0	ID=12_10;partial=00;start_type=GTG;rbs_motif=AGxAGG/AGGxGG;rbs_spacer=5-10bp;gc_cont=0.629;conf=96.62;score=14.58;cscore=16.90;sscore=-2.32;rscore=5.45;uscore=-3.05;tscore=-4.72;
contig_14	Prodigal_v2.6.3	CDS	8335	8898	28.9	-	0	ID=12_11;partial=01;start_type=Edge;rbs_motif=None;rbs_spacer=None;gc_cont=0.654;conf=99.87;score=28.90;cscore=25.68;sscore=3.22;rscore=0.00;uscore=0.00;tscore=3.22;
# Sequence Data: seqnum=13;seqlen=6608;seqhdr="contig_9"
# Model Data: version=Prodigal.v2.6.3;run_type=Single;model="Ab initio";gc_cont=40.91;transl_table=11;uses_sd=1
contig_9	Prodigal_v2.6.3	CDS	37	768	78.6	-	0	ID=13_1;partial=00;start_type=ATG;rbs_motif=None;rbs_spacer=None;gc_cont=0.447;conf=100.00;score=78.60;cscore=78.73;sscore=-0.13;rscore=-3.79;uscore=-0.98;tscore=3.53;
contig_9	Prodigal_v2.6.3	CDS	784	1038	32.2	-	0	ID=13_2;partial=00;start_type=ATG;rbs_motif=GGA/GAG/AGG;rbs_spacer=5-10bp;gc_cont=0.392;conf=99.94;score=32.22;cscore=26.01;sscore=6.21;rscore=4.04;uscore=-1.36;tscore=3.53;
contig_9	Prodigal_v2.6.3	CDS	1203	3338	374.7	-	0	ID=13_3;partial=00;start_type=ATG;rbs_motif=GGA/GAG/AGG;rbs_spacer=5-10bp;gc_cont=0.429;conf=99.99;score=374.73;cscore=366.65;sscore=8.08;rscore=4.04;uscore=-0.54;tscore=3.53;
contig_9	Prodigal_v2.6.3	CDS	3359	4564	228.4	-	0	ID=13_4;partial=00;start_type=ATG;rbs_motif=AGGA;rbs_spacer=5-10bp;gc_cont=0.440;conf=99.99;score=228.42;cscore=216.38;sscore=12.04;rscore=8.01;uscore=0.50;tscore=3.53;
contig_9	Prodigal_v2.6.3	CDS	4737	5504	102.5	-	0	ID=13_5;partial=00;start_type=ATG;rbs_motif=None;rbs_spacer=None;gc_cont=0.417;conf=100.00;score=102.46;cscore=104.45;sscore=-1.99;rscore=-3.79;uscore=-2.92;tscore=3.53;
contig_9	Prodigal_v2.6.3	CDS	5492	5746	25.2	-	0	ID=13_6;partial=00;start_type=ATG;rbs_motif=AGGA;rbs_spacer=5-10bp;gc_cont=0.443;conf=99.70;score=25.20;cscore=12.02;sscore=13.18;rscore=8.01;uscore=2.29;tscore=3.53;
contig_9	Prodigal_v2.6.3	CDS	5957	6373	53.3	+	0	ID=13_7;partial=00;start_type=ATG;rbs_motif=None;rbs_spacer=None;gc_cont=0.434;conf=100.00;score=53.33;cscore=51.36;sscore=1.97;rscore=-3.79;uscore=2.23;tscore=3.53;
# Sequence Data: seqnum=14;seqlen=12969;seqhdr="contig_12"
# Model Data: version=Prodigal.v2.6.3;run_type=Single;model="Ab initio";gc_cont=40.91;transl_table=11;uses_sd=1
contig_12	Prodigal_v2.6.3	CDS	3	329	37.6	+	0	ID=14_1;partial=10;start_type=Edge;rbs_motif=None;rbs_spacer=None;gc_cont=0.385;conf=99.98;score=37.63;cscore=34.41;sscore=3.22;rscore=0.00;uscore=0.00;tscore=3.22;
contig_12	Prodigal_v2.6.3	CDS	339	1730	182.6	+	0	ID=14_2;partial=00;start_type=TTG;rbs_motif=GGA/GAG/AGG;rbs_spacer=5-10bp;gc_cont=0.403;conf=99.99;score=182.61;cscore=182.01;sscore=0.60;rscore=4.04;uscore=3.86;tscore=-8.48;
contig_12	Prodigal_v2.6.3	CDS	1761	2654	161.1	+	0	ID=14_3;partial=00;start_type=ATG;rbs_motif=AGGAG;rbs_spacer=5-10bp;gc_cont=0.396;conf=100.00;score=161.08;cscore=141.56;sscore=19.52;rscore=13.71;uscore=1.34;tscore=3.53;
contig_12	Prodigal_v2.6.3	CDS	2617	4068	219.1	+	0	ID=14_4;partial=00;start_type=ATG;rbs_motif=None;rbs_spacer=None;gc_cont=0.406;conf=99.99;score=219.10;cscore=217.35;sscore=1.75;rscore=-3.79;uscore=2.01;tscore=3.53;
contig_12	Prodigal_v2.6.3	CDS	4135	4545	17.1	-	0	ID=14_5;partial=00;start_type=TTG;rbs_motif=None;rbs_spacer=None;gc_cont=0.401;conf=98.09;score=17.13;cscore=29.16;sscore=-12.03;rscore=-3.79;uscore=0.24;tscore=-8.48;
contig_12	Prodigal_v2.6.3	CDS	4518	4886	39.2	-	0	ID=14_6;partial=00;start_type=ATG;rbs_motif=GGA/GAG/AGG;rbs_spacer=5-10bp;gc_cont=0.404;conf=99.99;score=39.19;cscore=31.87;sscore=7.31;rscore=4.04;uscore=0.40;tscore=3.53;
contig_12	Prodigal_v2.6.3	CDS	4998	5804	134.1	+	0	ID=14_7;partial=00;start_type=ATG;rbs_motif=GGAG/GAGG;rbs_spacer=5-10bp;gc_cont=0.359;conf=100.00;score=134.12;cscore=117.82;sscore=16.30;rscore=10.81;uscore=1.97;tscore=3.53;
contig_12	Prodigal_v2.6.3	CDS	6312	7775	226.8	+	0	ID=14_8;partial=00;start_type=TTG;rbs_motif=AGGAG;rbs_spacer=5-10bp;gc_cont=0.431;conf=99.99;score=226.78;cscore=221.70;sscore=5.08;rscore=13.71;uscore=0.51;tscore=-8.48;
contig_12	Prodigal_v2.6.3	CDS	7772	8254	66.4	+	0	ID=14_9;partial=00;start_type=ATG;rbs_motif=None;rbs_spacer=None;gc_cont=0.408;conf=100.00;score=66.36;cscore=60.58;sscore=5.78;rscore=-3.79;uscore=0.96;tscore=3.53;
contig_12	Prodigal_v2.6.3	CDS	8300	9109	146.2	+	0	ID=14_10;partial=00;start_type=ATG;rbs_motif=GGAG/GAGG;rbs_spacer=5-10bp;gc_cont=0.428;conf=100.00;score=146.19;cscore=129.34;sscore=16.85;rscore=10.81;uscore=1.73;tscore=3.53;
contig_12	Prodigal_v2.6.3	CDS	9113	9961	139.7	+	0	ID=14_11;partial=00;start_type=ATG;rbs_motif=GGA/GAG/AGG;rbs_spacer=5-10bp;gc_cont=0.411;conf=100.00;score=139.71;cscore=129.68;sscore=10.03;rscore=4.04;uscore=1.22;tscore=3.53;
contig_12	Prodigal_v2.6.3	CDS	9984	10835	124.1	+	0	ID=14_12;partial=00;start_type=ATG;rbs_motif=AGGA;rbs_spacer=5-10bp;gc_cont=0.396;conf=100.00;score=124.06;cscore=106.82;sscore=17.25;rscore=8.01;uscore=4.68;tscore=3.53;
contig_12	Prodigal_v2.6.3	CDS	10790	11101	50.5	+	0	ID=14_13;partial=00;start_type=ATG;rbs_motif=GGA/GAG/AGG;rbs_spacer=5-10bp;gc_cont=0.388;conf=100.00;score=50.53;cscore=41.27;sscore=9.26;rscore=4.04;uscore=1.69;tscore=3.53;
contig_12	Prodigal_v2.6.3	CDS	11104	11640	107.0	+	0	ID=14_14;partial=00;start_type=GTG;rbs_motif=GGAG/GAGG;rbs_spacer=5-10bp;gc_cont=0.410;conf=100.00;score=106.97;cscore=97.57;sscore=9.39;rscore=10.81;uscore=0.79;tscore=-3.45;
contig_12	Prodigal_v2.6.3	CDS	11701	12153	62.2	-	0	ID=14_15;partial=00;start_type=ATG;rbs_motif=GGAG/GAGG;rbs_spacer=5-10bp;gc_cont=0.400;conf=100.00;score=62.20;cscore=50.18;sscore=12.01;rscore=10.81;uscore=-2.32;tscore=3.53;
contig_12	Prodigal_v2.6.3	CDS	12129	12668	43.3	-	0	ID=14_16;partial=00;start_type=ATG;rbs_motif=None;rbs_spacer=None;gc_cont=0.450;conf=100.00;score=43.35;cscore=43.40;sscore=-0.05;rscore=-3.79;uscore=0.21;tscore=3.53;
contig_12	Prodigal_v2.6.3	CDS	12619	12969	49.0	-	0	ID=14_17;partial=01;start_type=Edge;rbs_motif=None;rbs_spacer=None;gc_cont=0.390;conf=100.00;score=49.03;cscore=45.81;sscore=3.22;rscore=0.00;uscore=0.00;tscore=3.22;
# Sequence Data: seqnum=15;seqlen=2143;seqhdr="contig_5"
# Model Data: version=Prodigal.v2.6.3;run_type=Single;model="Ab initio";gc_cont=40.91;transl_table=11;uses_sd=1
contig_5	Prodigal_v2.6.3	CDS	45	371	45.9	-	0	ID=15_1;partial=00;start_type=ATG;rbs_motif=GGA/GAG/AGG;rbs_spacer=5-10bp;gc_cont=0.382;conf=100.00;score=45.93;cscore=34.28;sscore=11.66;rscore=4.04;uscore=2.90;tscore=3.53;
contig_5	Prodigal_v2.6.3	CDS	380	1651	105.0	-	0	ID=15_2;partial=00;start_type=ATG;rbs_motif=None;rbs_spacer=None;gc_cont=0.377;conf=100.00;score=104.97;cscore=104.03;sscore=0.94;rscore=-3.79;uscore=1.20;tscore=3.53;
