[2026-02-20 16:48:43] root: INFO: Starting Flye 2.9.6-b1802
[2026-02-20 16:48:43] root: DEBUG: Cmd: /data/softs/Miniforge3-25.11.0-0/envs/flye-2.9.6/bin/flye --meta --nano-hq /scratch/ky/characterization/FASTQ/SQK-RBK114-96_barcode20.fastq -o /scratch/ky/characterization/results/barcode20/assembly/ -t 16
[2026-02-20 16:48:43] root: DEBUG: Python version: 3.12.12 | packaged by conda-forge | (main, Jan 26 2026, 23:51:32) [GCC 14.3.0]
[2026-02-20 16:48:43] root: INFO: >>>STAGE: configure
[2026-02-20 16:48:43] root: INFO: Configuring run
[2026-02-20 16:48:44] root: INFO: Total read length: 81282815
[2026-02-20 16:48:44] root: INFO: Reads N50/N90: 9326 / 2714
[2026-02-20 16:48:44] root: INFO: Minimum overlap set to 3000
[2026-02-20 16:48:44] root: INFO: >>>STAGE: assembly
[2026-02-20 16:48:44] root: INFO: Assembling disjointigs
[2026-02-20 16:48:44] root: DEBUG: -----Begin assembly log------
[2026-02-20 16:48:44] root: DEBUG: Running: flye-modules assemble --reads /scratch/ky/characterization/FASTQ/SQK-RBK114-96_barcode20.fastq --out-asm /scratch/ky/characterization/results/barcode20/assembly/00-assembly/draft_assembly.fasta --config /data/softs/Miniforge3-25.11.0-0/envs/flye-2.9.6/lib/python3.12/site-packages/flye/config/bin_cfg/asm_nano_hq.cfg --log /scratch/ky/characterization/results/barcode20/assembly/flye.log --threads 16 --meta --min-ovlp 3000
[2026-02-20 16:48:44] DEBUG: Build date: May  4 2025 23:17:52
[2026-02-20 16:48:44] DEBUG: Total RAM: 251 Gb
[2026-02-20 16:48:44] DEBUG: Available RAM: 247 Gb
[2026-02-20 16:48:44] DEBUG: Total CPUs: 32
[2026-02-20 16:48:44] DEBUG: Loading /data/softs/Miniforge3-25.11.0-0/envs/flye-2.9.6/lib/python3.12/site-packages/flye/config/bin_cfg/asm_nano_hq.cfg
[2026-02-20 16:48:44] DEBUG: Loading /data/softs/Miniforge3-25.11.0-0/envs/flye-2.9.6/lib/python3.12/site-packages/flye/config/bin_cfg/asm_defaults.cfg
[2026-02-20 16:48:44] DEBUG: 	big_genome_threshold=29000000
[2026-02-20 16:48:44] DEBUG: 	meta_read_filter_kmer_freq=100
[2026-02-20 16:48:44] DEBUG: 	chain_large_gap_penalty=2
[2026-02-20 16:48:44] DEBUG: 	chain_small_gap_penalty=0.5
[2026-02-20 16:48:44] DEBUG: 	chain_gap_jump_threshold=100
[2026-02-20 16:48:44] DEBUG: 	max_jump_gap=500
[2026-02-20 16:48:44] DEBUG: 	max_coverage_drop_rate=5
[2026-02-20 16:48:44] DEBUG: 	max_extensions_drop_rate=5
[2026-02-20 16:48:44] DEBUG: 	chimera_window=100
[2026-02-20 16:48:44] DEBUG: 	chimera_overhang=1000
[2026-02-20 16:48:44] DEBUG: 	min_reads_in_disjointig=4
[2026-02-20 16:48:44] DEBUG: 	max_inner_reads=10
[2026-02-20 16:48:44] DEBUG: 	max_inner_fraction=0.25
[2026-02-20 16:48:44] DEBUG: 	aggressive_dup_filter=1
[2026-02-20 16:48:44] DEBUG: 	max_separation=500
[2026-02-20 16:48:44] DEBUG: 	unique_edge_length=50000
[2026-02-20 16:48:44] DEBUG: 	min_repeat_res_support=0.51
[2026-02-20 16:48:44] DEBUG: 	out_paths_ratio=5
[2026-02-20 16:48:44] DEBUG: 	graph_cov_drop_rate=5
[2026-02-20 16:48:44] DEBUG: 	coverage_estimate_window=100
[2026-02-20 16:48:44] DEBUG: 	max_bubble_length=50000
[2026-02-20 16:48:44] DEBUG: 	loop_coverage_rate=1.5
[2026-02-20 16:48:44] DEBUG: 	repeat_edge_cov_mult=1.75
[2026-02-20 16:48:44] DEBUG: 	weak_detach_rate=5
[2026-02-20 16:48:44] DEBUG: 	tip_coverage_rate=2
[2026-02-20 16:48:44] DEBUG: 	tip_length_rate=2
[2026-02-20 16:48:44] DEBUG: 	output_gfa_before_rr=1
[2026-02-20 16:48:44] DEBUG: 	remove_alt_edges=0
[2026-02-20 16:48:44] DEBUG: 	low_cutoff_warning=0
[2026-02-20 16:48:44] DEBUG: 	kmer_size=17
[2026-02-20 16:48:44] DEBUG: 	use_minimizers=1
[2026-02-20 16:48:44] DEBUG: 	minimizer_window=10
[2026-02-20 16:48:44] DEBUG: 	reads_base_alignment=1
[2026-02-20 16:48:44] DEBUG: 	meta_read_top_kmer_rate=0.75
[2026-02-20 16:48:44] DEBUG: 	maximum_jump=1500
[2026-02-20 16:48:44] DEBUG: 	maximum_overhang=1500
[2026-02-20 16:48:44] DEBUG: 	repeat_kmer_rate=100
[2026-02-20 16:48:44] DEBUG: 	assemble_ovlp_divergence=0.03
[2026-02-20 16:48:44] DEBUG: 	assemble_divergence_relative=1
[2026-02-20 16:48:44] DEBUG: 	repeat_graph_ovlp_divergence=0.03
[2026-02-20 16:48:44] DEBUG: 	read_align_ovlp_divergence=0.10
[2026-02-20 16:48:44] DEBUG: 	hpc_scoring_on=1
[2026-02-20 16:48:44] DEBUG: 	add_unassembled_reads=0
[2026-02-20 16:48:44] DEBUG: 	extend_contigs_with_repeats=0
[2026-02-20 16:48:44] DEBUG: 	min_read_cov_cutoff=3
[2026-02-20 16:48:44] DEBUG: 	short_tip_length=20000
[2026-02-20 16:48:44] DEBUG: 	long_tip_length=100000
[2026-02-20 16:48:44] DEBUG: Running with k-mer size: 17
[2026-02-20 16:48:44] DEBUG: Running with minimum overlap 3000
[2026-02-20 16:48:44] DEBUG: Metagenome mode: Y
[2026-02-20 16:48:44] DEBUG: Short mode: N
[2026-02-20 16:48:44] INFO: Reading sequences
[2026-02-20 16:48:44] DEBUG: Building positional index
[2026-02-20 16:48:44] DEBUG: Total sequence: 71887668 bp
[2026-02-20 16:48:44] INFO: Building minimizer index
[2026-02-20 16:48:44] INFO: Pre-calculating index storage
[2026-02-20 16:48:44] DEBUG: Mean k-mer frequency: 9.49411
[2026-02-20 16:48:44] DEBUG: Repetitive k-mer frequency: 949
[2026-02-20 16:48:44] DEBUG: Filtered 296376 repetitive k-mers (0.0227696)
[2026-02-20 16:48:44] INFO: Filling index
[2026-02-20 16:48:45] DEBUG: Sorting k-mer index
[2026-02-20 16:48:45] DEBUG: Selected k-mers: 1370706
[2026-02-20 16:48:45] DEBUG: K-mer index size: 12719950
[2026-02-20 16:48:45] DEBUG: Mean k-mer frequency: 9.27985
[2026-02-20 16:48:45] DEBUG: Minimizer rate: 5.65157
[2026-02-20 16:48:45] DEBUG: Peak RAM usage: 0 Gb
[2026-02-20 16:48:45] DEBUG: Estimating k-mer identity bias
[2026-02-20 16:48:50] DEBUG: Initial divergence estimate : 0.006732
[2026-02-20 16:48:50] DEBUG: Relative threshold: Y
[2026-02-20 16:48:50] DEBUG: Max divergence threshold set to 0.036732
[2026-02-20 16:48:50] INFO: Extending reads
[2026-02-20 16:48:50] DEBUG: Estimating overlap coverage
[2026-02-20 16:50:01] INFO: Overlap-based coverage: 15
[2026-02-20 16:50:01] INFO: Median overlap divergence: 0.00679148
[2026-02-20 16:50:01] DEBUG: Sequence divergence distribution: 

    |**     |                                                                                            
    |**     |                                                                                            
    |**     |                                                                                            
    |**     |                                                                                            
    |**     |                                                                                            
    |**     |                                                                                            
    |**     |                                                                                            
    |**     |                                                                                            
    |**     |                                                                                            
    |**     |                                                                                            
    |**     |                                                                                            
    |**     |                                                                                            
    |***    |                                                                                            
    |***    |                                                                                            
    |***    |                                                                                            
    |***    |                                                                                            
    |****   |                                                                                            
    |****   |                                                                                            
    |*******|                                                                                            
    |********************* *  *      *                                                                   
    ----------------------------------------------------------------------------------------------------
    0%        5%        10%       15%       20%       25%       30%       35%       40%       45%       

    Q25 = 0.0042, Q50 = 0.0068, Q75 = 0.013

[2026-02-20 16:50:05] DEBUG: Assembled disjointig 1
	With 489 reads
	Start read: +30df5ded-4e25-48a4-913d-a160a88ee405
	At position: 308
	leftTip: 0 rightTip: 0
	Suspicious: 1
	Short ext: 1
	Mean extensions: 11
	Avg overlap len: 15115
	Min overlap len: 1988
	Inner reads: 0
	Length: 4044571
[2026-02-20 16:50:05] DEBUG: Inner: 12574 covered: 12660 total: 15694
[2026-02-20 16:50:05] DEBUG: Discarded disjointig with 490 reads and 486 inner overlaps
[2026-02-20 16:50:05] DEBUG: Discarded disjointig with 494 reads and 491 inner overlaps
[2026-02-20 16:50:05] DEBUG: Discarded disjointig with 418 reads and 415 inner overlaps
[2026-02-20 16:50:05] DEBUG: Discarded disjointig with 412 reads and 409 inner overlaps
[2026-02-20 16:50:05] DEBUG: Discarded disjointig with 485 reads and 482 inner overlaps
[2026-02-20 16:50:05] DEBUG: Discarded disjointig with 380 reads and 377 inner overlaps
[2026-02-20 16:50:05] DEBUG: Discarded disjointig with 390 reads and 388 inner overlaps
[2026-02-20 16:50:05] DEBUG: Discarded disjointig with 378 reads and 375 inner overlaps
[2026-02-20 16:50:05] DEBUG: Discarded disjointig with 378 reads and 375 inner overlaps
[2026-02-20 16:50:05] DEBUG: Discarded disjointig with 395 reads and 392 inner overlaps
[2026-02-20 16:50:05] DEBUG: Discarded disjointig with 143 reads and 124 inner overlaps
[2026-02-20 16:50:05] DEBUG: Assembled disjointig 2
	With 19 reads
	Start read: +1b898be7-afb0-4faf-aace-3b8bfbfbb333
	At position: 4
	leftTip: 0 rightTip: 0
	Suspicious: 2
	Short ext: 2
	Mean extensions: 9
	Avg overlap len: 11149
	Min overlap len: 1504
	Inner reads: 0
	Length: 176476
[2026-02-20 16:50:05] DEBUG: Inner: 12964 covered: 13058 total: 15694
[2026-02-20 16:50:05] DEBUG: Discarded disjointig with 6 reads and 4 inner overlaps
[2026-02-20 16:50:08] DEBUG: Assembled disjointig 3
	With 23 reads
	Start read: +cd4a7794-1067-41da-a82c-0daa80c8627a
	At position: 13
	leftTip: 0 rightTip: 0
	Suspicious: 0
	Short ext: 0
	Mean extensions: 270
	Avg overlap len: 6300
	Min overlap len: 4219
	Inner reads: 0
	Length: 44250
[2026-02-20 16:50:08] DEBUG: Inner: 15116 covered: 15200 total: 15694
[2026-02-20 16:50:08] DEBUG: Discarded disjointig with 12 reads and 10 inner overlaps
[2026-02-20 16:50:08] DEBUG: Discarded disjointig with 20 reads and 18 inner overlaps
[2026-02-20 16:50:09] DEBUG: Discarded disjointig with 13 reads and 11 inner overlaps
[2026-02-20 16:50:09] DEBUG: Discarded disjointig with 17 reads and 15 inner overlaps
[2026-02-20 16:50:09] DEBUG: Discarded disjointig with 8 reads and 6 inner overlaps
[2026-02-20 16:50:09] DEBUG: Discarded disjointig with 10 reads and 8 inner overlaps
[2026-02-20 16:50:09] DEBUG: Assembled disjointig 4
	With 9 reads
	Start read: +77657f43-2671-4bca-adb0-bd70acc1b828
	At position: 5
	leftTip: 0 rightTip: 0
	Suspicious: 1
	Short ext: 1
	Mean extensions: 11
	Avg overlap len: 9055
	Min overlap len: 2637
	Inner reads: 0
	Length: 37332
[2026-02-20 16:50:09] DEBUG: Inner: 15148 covered: 15268 total: 15694
[2026-02-20 16:50:09] DEBUG: Discarded disjointig with 26 reads and 24 inner overlaps
[2026-02-20 16:50:09] DEBUG: Discarded disjointig with 3 reads and 1 inner overlaps
[2026-02-20 16:50:09] DEBUG: Discarded disjointig with 14 reads and 12 inner overlaps
[2026-02-20 16:50:09] DEBUG: Discarded disjointig with 18 reads and 16 inner overlaps
[2026-02-20 16:50:09] DEBUG: Discarded disjointig with 16 reads and 14 inner overlaps
[2026-02-20 16:50:09] DEBUG: Discarded disjointig with 16 reads and 14 inner overlaps
[2026-02-20 16:50:09] DEBUG: Discarded disjointig with 13 reads and 11 inner overlaps
[2026-02-20 16:50:09] DEBUG: Discarded disjointig with 14 reads and 12 inner overlaps
[2026-02-20 16:50:09] DEBUG: Discarded disjointig with 10 reads and 8 inner overlaps
[2026-02-20 16:50:09] DEBUG: Discarded disjointig with 12 reads and 10 inner overlaps
[2026-02-20 16:50:10] INFO: Assembled 4 disjointigs
[2026-02-20 16:50:10] INFO: Generating sequence
[2026-02-20 16:50:10] DEBUG: Building positional index
[2026-02-20 16:50:10] DEBUG: Total sequence: 4302800 bp
[2026-02-20 16:50:10] DEBUG: Mean k-mer frequency: 1.10525
[2026-02-20 16:50:10] DEBUG: Repetitive k-mer frequency: 110
[2026-02-20 16:50:10] DEBUG: Filtered 0 repetitive k-mers (0)
[2026-02-20 16:50:11] DEBUG: Sorting k-mer index
[2026-02-20 16:50:11] DEBUG: Selected k-mers: 708083
[2026-02-20 16:50:11] DEBUG: K-mer index size: 782612
[2026-02-20 16:50:11] DEBUG: Mean k-mer frequency: 1.10525
[2026-02-20 16:50:11] DEBUG: Minimizer rate: 5.498
[2026-02-20 16:50:11] INFO: Filtering contained disjointigs
[2026-02-20 16:50:12] DEBUG: Computing transitive closure for overlaps
[2026-02-20 16:50:12] DEBUG: Found 18 overlaps
[2026-02-20 16:50:12] DEBUG: Left 12 overlaps after filtering
[2026-02-20 16:50:12] INFO: Contained seqs: 1
[2026-02-20 16:50:12] DEBUG: Writing FASTA
[2026-02-20 16:50:12] DEBUG: Peak RAM usage: 0 Gb
-----------End assembly log------------
[2026-02-20 16:50:12] root: DEBUG: Disjointigs length: 4265484, N50: 4044582
[2026-02-20 16:50:12] root: INFO: >>>STAGE: consensus
[2026-02-20 16:50:12] root: INFO: Running Minimap2
[2026-02-20 16:50:17] root: INFO: Computing consensus
[2026-02-20 16:50:26] root: INFO: Alignment error rate: 0.012588
[2026-02-20 16:50:26] root: INFO: >>>STAGE: repeat
[2026-02-20 16:50:26] root: INFO: Building and resolving repeat graph
[2026-02-20 16:50:26] root: DEBUG: -----Begin repeat analyser log------
[2026-02-20 16:50:26] root: DEBUG: Running: flye-modules repeat --disjointigs /scratch/ky/characterization/results/barcode20/assembly/10-consensus/consensus.fasta --reads /scratch/ky/characterization/FASTQ/SQK-RBK114-96_barcode20.fastq --out-dir /scratch/ky/characterization/results/barcode20/assembly/20-repeat --config /data/softs/Miniforge3-25.11.0-0/envs/flye-2.9.6/lib/python3.12/site-packages/flye/config/bin_cfg/asm_nano_hq.cfg --log /scratch/ky/characterization/results/barcode20/assembly/flye.log --threads 16 --meta --min-ovlp 3000
[2026-02-20 16:50:26] DEBUG: Build date: May  4 2025 23:18:08
[2026-02-20 16:50:26] DEBUG: Total RAM: 251 Gb
[2026-02-20 16:50:26] DEBUG: Available RAM: 247 Gb
[2026-02-20 16:50:26] DEBUG: Total CPUs: 32
[2026-02-20 16:50:26] DEBUG: Loading /data/softs/Miniforge3-25.11.0-0/envs/flye-2.9.6/lib/python3.12/site-packages/flye/config/bin_cfg/asm_nano_hq.cfg
[2026-02-20 16:50:26] DEBUG: Loading /data/softs/Miniforge3-25.11.0-0/envs/flye-2.9.6/lib/python3.12/site-packages/flye/config/bin_cfg/asm_defaults.cfg
[2026-02-20 16:50:26] DEBUG: 	big_genome_threshold=29000000
[2026-02-20 16:50:26] DEBUG: 	meta_read_filter_kmer_freq=100
[2026-02-20 16:50:26] DEBUG: 	chain_large_gap_penalty=2
[2026-02-20 16:50:26] DEBUG: 	chain_small_gap_penalty=0.5
[2026-02-20 16:50:26] DEBUG: 	chain_gap_jump_threshold=100
[2026-02-20 16:50:26] DEBUG: 	max_jump_gap=500
[2026-02-20 16:50:26] DEBUG: 	max_coverage_drop_rate=5
[2026-02-20 16:50:26] DEBUG: 	max_extensions_drop_rate=5
[2026-02-20 16:50:26] DEBUG: 	chimera_window=100
[2026-02-20 16:50:26] DEBUG: 	chimera_overhang=1000
[2026-02-20 16:50:26] DEBUG: 	min_reads_in_disjointig=4
[2026-02-20 16:50:26] DEBUG: 	max_inner_reads=10
[2026-02-20 16:50:26] DEBUG: 	max_inner_fraction=0.25
[2026-02-20 16:50:26] DEBUG: 	aggressive_dup_filter=1
[2026-02-20 16:50:26] DEBUG: 	max_separation=500
[2026-02-20 16:50:26] DEBUG: 	unique_edge_length=50000
[2026-02-20 16:50:26] DEBUG: 	min_repeat_res_support=0.51
[2026-02-20 16:50:26] DEBUG: 	out_paths_ratio=5
[2026-02-20 16:50:26] DEBUG: 	graph_cov_drop_rate=5
[2026-02-20 16:50:26] DEBUG: 	coverage_estimate_window=100
[2026-02-20 16:50:26] DEBUG: 	max_bubble_length=50000
[2026-02-20 16:50:26] DEBUG: 	loop_coverage_rate=1.5
[2026-02-20 16:50:26] DEBUG: 	repeat_edge_cov_mult=1.75
[2026-02-20 16:50:26] DEBUG: 	weak_detach_rate=5
[2026-02-20 16:50:26] DEBUG: 	tip_coverage_rate=2
[2026-02-20 16:50:26] DEBUG: 	tip_length_rate=2
[2026-02-20 16:50:26] DEBUG: 	output_gfa_before_rr=1
[2026-02-20 16:50:26] DEBUG: 	remove_alt_edges=0
[2026-02-20 16:50:26] DEBUG: 	low_cutoff_warning=0
[2026-02-20 16:50:26] DEBUG: 	kmer_size=17
[2026-02-20 16:50:26] DEBUG: 	use_minimizers=1
[2026-02-20 16:50:26] DEBUG: 	minimizer_window=10
[2026-02-20 16:50:26] DEBUG: 	reads_base_alignment=1
[2026-02-20 16:50:26] DEBUG: 	meta_read_top_kmer_rate=0.75
[2026-02-20 16:50:26] DEBUG: 	maximum_jump=1500
[2026-02-20 16:50:26] DEBUG: 	maximum_overhang=1500
[2026-02-20 16:50:26] DEBUG: 	repeat_kmer_rate=100
[2026-02-20 16:50:26] DEBUG: 	assemble_ovlp_divergence=0.03
[2026-02-20 16:50:26] DEBUG: 	assemble_divergence_relative=1
[2026-02-20 16:50:26] DEBUG: 	repeat_graph_ovlp_divergence=0.03
[2026-02-20 16:50:26] DEBUG: 	read_align_ovlp_divergence=0.10
[2026-02-20 16:50:26] DEBUG: 	hpc_scoring_on=1
[2026-02-20 16:50:26] DEBUG: 	add_unassembled_reads=0
[2026-02-20 16:50:26] DEBUG: 	extend_contigs_with_repeats=0
[2026-02-20 16:50:26] DEBUG: 	min_read_cov_cutoff=3
[2026-02-20 16:50:26] DEBUG: 	short_tip_length=20000
[2026-02-20 16:50:26] DEBUG: 	long_tip_length=100000
[2026-02-20 16:50:26] DEBUG: Running with k-mer size: 17
[2026-02-20 16:50:26] DEBUG: Selected minimum overlap 3000
[2026-02-20 16:50:26] DEBUG: Metagenome mode: Y
[2026-02-20 16:50:26] INFO: Parsing disjointigs
[2026-02-20 16:50:26] DEBUG: Building positional index
[2026-02-20 16:50:26] DEBUG: Total sequence: 4260518 bp
[2026-02-20 16:50:26] INFO: Building repeat graph
[2026-02-20 16:50:26] DEBUG: Mean k-mer frequency: 1.10163
[2026-02-20 16:50:26] DEBUG: Repetitive k-mer frequency: 110
[2026-02-20 16:50:26] DEBUG: Filtered 0 repetitive k-mers (0)
[2026-02-20 16:50:26] DEBUG: Sorting k-mer index
[2026-02-20 16:50:26] DEBUG: Selected k-mers: 703425
[2026-02-20 16:50:26] DEBUG: K-mer index size: 774916
[2026-02-20 16:50:26] DEBUG: Mean k-mer frequency: 1.10163
[2026-02-20 16:50:26] DEBUG: Minimizer rate: 5.49804
[2026-02-20 16:50:28] DEBUG: Computing transitive closure for overlaps
[2026-02-20 16:50:28] DEBUG: Found 466 overlaps
[2026-02-20 16:50:28] DEBUG: Left 216 overlaps after filtering
[2026-02-20 16:50:28] INFO: Median overlap divergence: 0.00812693
[2026-02-20 16:50:28] DEBUG: Sequence divergence distribution: 

    |*     |                                                                                             
    |*     |                                                                                             
    |*     |                                                                                             
    |*     |                                                                                             
    |*     |                                                                                             
    |*     |                                                                                             
    |*     |                                                                                             
    |*     |                                                                                             
    |*     |                                                                                             
    |*     |                                                                                             
    |*     |                                                                                             
    |*     |                                                                                             
    |*     |                                                                                             
    |* **  |                                                                                             
    |* **  |                                                                                             
    |* **  |                                                                                             
    |****  |    *                                                                                        
    |****  |    *                                                                                        
    |***** *    *                                                                                        
    |***** *    *                                                                                        
    ----------------------------------------------------------------------------------------------------
    0%        5%        10%       15%       20%       25%       30%       35%       40%       45%       

    Q25 = 0.0028, Q50 = 0.0081, Q75 = 0.019

[2026-02-20 16:50:28] DEBUG: Computing gluepoints
[2026-02-20 16:50:28] DEBUG: Added 0 gluepoint projections
[2026-02-20 16:50:28] DEBUG: Created 142 gluepoints
[2026-02-20 16:50:28] DEBUG: Artificial loops removed: 4 left, 4 right, 0 both
[2026-02-20 16:50:28] DEBUG: Initializing edges
[2026-02-20 16:50:28] DEBUG: Edges length checksum: 3814334098
[2026-02-20 16:50:28] DEBUG: Filtered 0 singleton segments
[2026-02-20 16:50:28] DEBUG: Removed 0 simple and 0 double chimeric junctions
[2026-02-20 16:50:28] DEBUG: Collapsed 6 edges
[2026-02-20 16:50:28] DEBUG: *	28	+disjointig_1	27757	64418	36661	
[2026-02-20 16:50:28] DEBUG: *	4	+disjointig_1	64418	334101	269683	
[2026-02-20 16:50:28] DEBUG:  	6	+disjointig_1	334101	335159	1058	
[2026-02-20 16:50:28] DEBUG:  	30	+disjointig_1	335159	340064	4905	
[2026-02-20 16:50:28] DEBUG: *	13	+disjointig_1	340064	931009	590945	
[2026-02-20 16:50:28] DEBUG:  	19	+disjointig_1	931009	934130	3121	
[2026-02-20 16:50:28] DEBUG: *	20	+disjointig_1	934130	1221951	287821	
[2026-02-20 16:50:28] DEBUG:  	21	+disjointig_1	1221951	1231890	9939	
[2026-02-20 16:50:28] DEBUG: *	-15	+disjointig_1	1231890	1444655	212765	
[2026-02-20 16:50:28] DEBUG:  	-30	+disjointig_1	1444655	1449804	5149	
[2026-02-20 16:50:28] DEBUG: *	-11	+disjointig_1	1449804	1465190	15386	
[2026-02-20 16:50:28] DEBUG:  	-30	+disjointig_1	1465190	1470412	5222	
[2026-02-20 16:50:28] DEBUG: *	-10	+disjointig_1	1470412	1525588	55176	
[2026-02-20 16:50:28] DEBUG:  	-30	+disjointig_1	1525588	1530346	4758	
[2026-02-20 16:50:28] DEBUG:  	-6	+disjointig_1	1530346	1530967	621	
[2026-02-20 16:50:28] DEBUG:  	-8	+disjointig_1	1530967	1531589	622	
[2026-02-20 16:50:28] DEBUG:  	-30	+disjointig_1	1531589	1536484	4895	
[2026-02-20 16:50:28] DEBUG: *	-9	+disjointig_1	1536484	1596090	59606	
[2026-02-20 16:50:28] DEBUG:  	-30	+disjointig_1	1596090	1600922	4832	
[2026-02-20 16:50:28] DEBUG:  	-8	+disjointig_1	1600922	1601849	927	
[2026-02-20 16:50:28] DEBUG:  	-30	+disjointig_1	1601849	1611665	9816	
[2026-02-20 16:50:28] DEBUG: *	-7	+disjointig_1	1611665	2079461	467796	
[2026-02-20 16:50:28] DEBUG:  	-30	+disjointig_1	2079461	2084427	4966	
[2026-02-20 16:50:28] DEBUG: *	17	+disjointig_1	2084427	2184142	99715	
[2026-02-20 16:50:28] DEBUG:  	19	+disjointig_1	2184142	2187278	3136	
[2026-02-20 16:50:28] DEBUG: *	-14	+disjointig_1	2187278	2365235	177957	
[2026-02-20 16:50:28] DEBUG:  	-30	+disjointig_1	2365235	2370291	5056	
[2026-02-20 16:50:28] DEBUG: *	18	+disjointig_1	2370291	3302136	931845	
[2026-02-20 16:50:28] DEBUG:  	21	+disjointig_1	3302136	3312106	9970	
[2026-02-20 16:50:28] DEBUG: *	31	+disjointig_1	3312106	3399674	87568	
[2026-02-20 16:50:28] DEBUG: *	-29	+disjointig_1	3399674	4010971	611297	
[2026-02-20 16:50:28] DEBUG: *	24	+disjointig_2	24128	153699	129571	
[2026-02-20 16:50:28] DEBUG:  	32	+disjointig_3	5731	43818	38087	
[2026-02-20 16:50:28] DEBUG: Total edges: 32
[2026-02-20 16:50:28] INFO: Parsing reads
[2026-02-20 16:50:28] DEBUG: Building positional index
[2026-02-20 16:50:28] DEBUG: Total sequence: 81282815 bp
[2026-02-20 16:50:28] DEBUG: Building positional index
[2026-02-20 16:50:28] DEBUG: Total sequence: 4150872 bp
[2026-02-20 16:50:28] INFO: Aligning reads to the graph
[2026-02-20 16:50:28] DEBUG: Mean k-mer frequency: 1.07392
[2026-02-20 16:50:28] DEBUG: Repetitive k-mer frequency: 107
[2026-02-20 16:50:28] DEBUG: Filtered 0 repetitive k-mers (0)
[2026-02-20 16:50:28] DEBUG: Sorting k-mer index
[2026-02-20 16:50:28] DEBUG: Selected k-mers: 702889
[2026-02-20 16:50:28] DEBUG: K-mer index size: 754847
[2026-02-20 16:50:28] DEBUG: Mean k-mer frequency: 1.07392
[2026-02-20 16:50:28] DEBUG: Minimizer rate: 5.49896
[2026-02-20 16:50:30] DEBUG: Total reads : 7847
[2026-02-20 16:50:30] DEBUG: Read with aligned parts : 7763
[2026-02-20 16:50:30] DEBUG: Aligned in one piece : 7747
[2026-02-20 16:50:30] INFO: Aligned read sequence: 70894250 / 71887668 (0.986181)
[2026-02-20 16:50:30] INFO: Median overlap divergence: 0.00301784
[2026-02-20 16:50:30] DEBUG: Sequence divergence distribution: 

    |*                   |                                                                               
    |*                   |                                                                               
    |*                   |                                                                               
    |*                   |                                                                               
    |*                   |                                                                               
    |*                   |                                                                               
    |*                   |                                                                               
    |*                   |                                                                               
    |*                   |                                                                               
    |*                   |                                                                               
    |*                   |                                                                               
    |*                   |                                                                               
    |*                   |                                                                               
    |*                   |                                                                               
    |*                   |                                                                               
    |**                  |                                                                               
    |**                  |                                                                               
    |**                  |                                                                               
    |***                 |                                                                               
    |************************ **      *                                                                  
    ----------------------------------------------------------------------------------------------------
    0%        5%        10%       15%       20%       25%       30%       35%       40%       45%       

    Q25 = 0.0016, Q50 = 0.003, Q75 = 0.0059

[2026-02-20 16:50:30] INFO: Mean edge coverage: 17
[2026-02-20 16:50:30] DEBUG: 4	len:269683	cov:14	mult:0.823529
[2026-02-20 16:50:30] DEBUG: -4	len:269683	cov:14	mult:0.823529
[2026-02-20 16:50:30] DEBUG: 6	len:839	cov:35	mult:2.05882
[2026-02-20 16:50:30] DEBUG: -6	len:839	cov:35	mult:2.05882
[2026-02-20 16:50:30] DEBUG: 7	len:467796	cov:16	mult:0.941176
[2026-02-20 16:50:30] DEBUG: -7	len:467796	cov:16	mult:0.941176
[2026-02-20 16:50:30] DEBUG: 8	len:774	cov:29	mult:1.70588
[2026-02-20 16:50:30] DEBUG: -8	len:774	cov:29	mult:1.70588
[2026-02-20 16:50:30] DEBUG: 9	len:59606	cov:17	mult:1
[2026-02-20 16:50:30] DEBUG: -9	len:59606	cov:17	mult:1
[2026-02-20 16:50:30] DEBUG: 10	len:55176	cov:16	mult:0.941176
[2026-02-20 16:50:30] DEBUG: -10	len:55176	cov:16	mult:0.941176
[2026-02-20 16:50:30] DEBUG: 11	len:15386	cov:21	mult:1.23529
[2026-02-20 16:50:30] DEBUG: -11	len:15386	cov:21	mult:1.23529
[2026-02-20 16:50:30] DEBUG: 13	len:590945	cov:15	mult:0.882353
[2026-02-20 16:50:30] DEBUG: -13	len:590945	cov:15	mult:0.882353
[2026-02-20 16:50:30] DEBUG: 14	len:177957	cov:16	mult:0.941176
[2026-02-20 16:50:30] DEBUG: -14	len:177957	cov:16	mult:0.941176
[2026-02-20 16:50:30] DEBUG: 15	len:212765	cov:16	mult:0.941176
[2026-02-20 16:50:30] DEBUG: -15	len:212765	cov:16	mult:0.941176
[2026-02-20 16:50:30] DEBUG: 17	len:99715	cov:13	mult:0.764706
[2026-02-20 16:50:30] DEBUG: -17	len:99715	cov:13	mult:0.764706
[2026-02-20 16:50:30] DEBUG: 18	len:931845	cov:15	mult:0.882353
[2026-02-20 16:50:30] DEBUG: -18	len:931845	cov:15	mult:0.882353
[2026-02-20 16:50:30] DEBUG: 19	len:3128	cov:24	mult:1.41176
[2026-02-20 16:50:30] DEBUG: -19	len:3128	cov:24	mult:1.41176
[2026-02-20 16:50:30] DEBUG: 20	len:287821	cov:16	mult:0.941176
[2026-02-20 16:50:30] DEBUG: -20	len:287821	cov:16	mult:0.941176
[2026-02-20 16:50:30] DEBUG: 21	len:9954	cov:32	mult:1.88235
[2026-02-20 16:50:30] DEBUG: -21	len:9954	cov:32	mult:1.88235
[2026-02-20 16:50:30] DEBUG: 24	len:129571	cov:14	mult:0.823529
[2026-02-20 16:50:30] DEBUG: -24	len:129571	cov:14	mult:0.823529
[2026-02-20 16:50:30] DEBUG: 28	len:36661	cov:24	mult:1.41176
[2026-02-20 16:50:30] DEBUG: -28	len:36661	cov:24	mult:1.41176
[2026-02-20 16:50:30] DEBUG: 29	len:611297	cov:13	mult:0.764706
[2026-02-20 16:50:30] DEBUG: -29	len:611297	cov:13	mult:0.764706
[2026-02-20 16:50:30] DEBUG: 30	len:4959	cov:173	mult:10.1765
[2026-02-20 16:50:30] DEBUG: -30	len:4959	cov:173	mult:10.1765
[2026-02-20 16:50:30] DEBUG: 31	len:87568	cov:15	mult:0.882353
[2026-02-20 16:50:30] DEBUG: -31	len:87568	cov:15	mult:0.882353
[2026-02-20 16:50:30] DEBUG: 32	len:7617	cov:969	mult:57
[2026-02-20 16:50:30] DEBUG: -32	len:7617	cov:969	mult:57
[2026-02-20 16:50:30] DEBUG: Unique coverage threshold 29
[2026-02-20 16:50:30] INFO: Simplifying the graph
[2026-02-20 16:50:30] DEBUG: Read coverage cutoff: 3
[2026-02-20 16:50:30] DEBUG: [SIMPL] Removed 0 paths with low coverage
[2026-02-20 16:50:30] DEBUG: [SIMPL] Masked 0 heterozygous loops
[2026-02-20 16:50:30] DEBUG: [SIMPL] Masked 0 simple bubbles
[2026-02-20 16:50:30] DEBUG: [SIMPL] Masked 0 roundabouts
[2026-02-20 16:50:30] DEBUG: [SIMPL] Masked 0 superbubbles
[2026-02-20 16:50:30] DEBUG: Finding repeats
[2026-02-20 16:50:30] DEBUG: Read coverage cutoff: 3
[2026-02-20 16:50:30] DEBUG: Short-loop: 6
[2026-02-20 16:50:30] DEBUG: Short-loop: 8
[2026-02-20 16:50:30] DEBUG: Short-loop: 30
[2026-02-20 16:50:30] DEBUG: Repeat detection iteration 1
[2026-02-20 16:50:30] DEBUG: Starting 19 aln:31
[2026-02-20 16:50:30] DEBUG: 	      -14	num:8	flank:5554	span:13
[2026-02-20 16:50:30] DEBUG: 	      20	num:15	flank:22222	span:10
[2026-02-20 16:50:30] DEBUG: Starting -19 aln:31
[2026-02-20 16:50:30] DEBUG: 	      -17	num:9	flank:6587	span:6
[2026-02-20 16:50:30] DEBUG: 	      -13	num:13	flank:19099	span:9
[2026-02-20 16:50:30] DEBUG: Mult: 19	3128	24	 (1,1)
[2026-02-20 16:50:30] DEBUG: Starting 21 aln:60
[2026-02-20 16:50:30] DEBUG: 	      -15	num:11	flank:12080	span:10
[2026-02-20 16:50:30] DEBUG: 	      31	num:19	flank:12530	span:9
[2026-02-20 16:50:30] DEBUG: Starting -21 aln:60
[2026-02-20 16:50:30] DEBUG: 	      -20	num:16	flank:7497	span:10
[2026-02-20 16:50:30] DEBUG: 	      -18	num:19	flank:5422	span:10
[2026-02-20 16:50:30] DEBUG: Mult: 21	9954	32	 (1,1)
[2026-02-20 16:50:30] DEBUG: Starting 31 aln:33
[2026-02-20 16:50:30] DEBUG: 	      -29	num:3	flank:8075	span:22
[2026-02-20 16:50:30] DEBUG: 	  L   24	num:11	flank:7604	span:7
[2026-02-20 16:50:30] DEBUG: Mult: 31	87568	15	 (0,1)
[2026-02-20 16:50:30] DEBUG: SuspiciousOverhangs: 29
[2026-02-20 16:50:30] DEBUG: 	Spanning: 11 median: 29 max: 54
[2026-02-20 16:50:30] DEBUG: 	Hanging: 3
[2026-02-20 16:50:30] DEBUG: 	Inconsistent: 3
[2026-02-20 16:50:30] DEBUG: Mult: 29	611297	13	 (0,1)
[2026-02-20 16:50:30] DEBUG: Repeat detection iteration 2
[2026-02-20 16:50:30] DEBUG: Writing Dot
[2026-02-20 16:50:30] DEBUG: Writing FASTA
[2026-02-20 16:50:30] DEBUG: Writing Gfa
[2026-02-20 16:50:30] DEBUG: 	Connection 13	20	10
[2026-02-20 16:50:30] DEBUG: 	Connection 17	-14	4
[2026-02-20 16:50:30] DEBUG: 	Connection 18	31	3
[2026-02-20 16:50:30] DEBUG: 	Connection 20	-15	2
[2026-02-20 16:50:30] DEBUG: [SIMPL] Resolved 4 simple repeats
[2026-02-20 16:50:30] DEBUG: [SIMPL] == Iteration 1 ==
[2026-02-20 16:50:30] DEBUG: Splitting nodes
[2026-02-20 16:50:30] DEBUG: [SIMPL] Split 0 nodes
[2026-02-20 16:50:30] DEBUG: [SIMPL] Disconnected 0 minor paths
[2026-02-20 16:50:30] DEBUG: [SIMPL] Clipped 0 short and 0 long tips
[2026-02-20 16:50:30] DEBUG: [SIMPL] Masked 0 heterozygous loops
[2026-02-20 16:50:30] DEBUG: [SIMPL] Masked 0 simple bubbles
[2026-02-20 16:50:30] DEBUG: [SIMPL] Masked 0 roundabouts
[2026-02-20 16:50:30] DEBUG: [SIMPL] Masked 0 superbubbles
[2026-02-20 16:50:30] DEBUG: Finding repeats
[2026-02-20 16:50:30] DEBUG: Read coverage cutoff: 3
[2026-02-20 16:50:30] DEBUG: Short-loop: 6
[2026-02-20 16:50:30] DEBUG: Short-loop: 8
[2026-02-20 16:50:30] DEBUG: Short-loop: 30
[2026-02-20 16:50:30] DEBUG: Repeat detection iteration 1
[2026-02-20 16:50:30] DEBUG: Starting 29 aln:26
[2026-02-20 16:50:30] DEBUG: 	      -31	num:3	flank:8075	span:22
[2026-02-20 16:50:30] DEBUG: 	  L   -24	num:11	flank:18589	span:29
[2026-02-20 16:50:30] DEBUG: Mult: 29	611297	13	 (0,1)
[2026-02-20 16:50:30] DEBUG: SuspiciousOverhangs: 31
[2026-02-20 16:50:30] DEBUG: 	Spanning: 11 median: 8 max: 784
[2026-02-20 16:50:30] DEBUG: 	Hanging: 3
[2026-02-20 16:50:30] DEBUG: 	Inconsistent: 3
[2026-02-20 16:50:30] DEBUG: Mult: 18 -> 35 -> 31	1029372	15	 (0,1)
[2026-02-20 16:50:30] DEBUG: Repeat detection iteration 2
[2026-02-20 16:50:30] DEBUG: Total unique edges: 18
[2026-02-20 16:50:30] DEBUG: 	Connection -10	-9	3	1
[2026-02-20 16:50:30] DEBUG: 	Connection 28	4	13	1
[2026-02-20 16:50:30] DEBUG: 	Connection 10	11	8	1
[2026-02-20 16:50:30] DEBUG: 	Connection -9	-7	5	1
[2026-02-20 16:50:30] DEBUG: 	Connection 11	15	11	1
[2026-02-20 16:50:30] DEBUG: 	Connection -13	-4	7	1
[2026-02-20 16:50:30] DEBUG: 	Connection -7	17	7	1
[2026-02-20 16:50:30] DEBUG: [SIMPL] Resolved repeats: 7
[2026-02-20 16:50:30] DEBUG: RR links: 108
[2026-02-20 16:50:30] DEBUG: Unresolved: 0
[2026-02-20 16:50:30] DEBUG: Removed 0 simple and 0 double chimeric junctions
[2026-02-20 16:50:30] DEBUG: [SIMPL] == Iteration 2 ==
[2026-02-20 16:50:30] DEBUG: Splitting nodes
[2026-02-20 16:50:30] DEBUG: [SIMPL] Split 0 nodes
[2026-02-20 16:50:30] DEBUG: [SIMPL] Disconnected 0 minor paths
[2026-02-20 16:50:30] DEBUG: [SIMPL] Clipped 0 short and 0 long tips
[2026-02-20 16:50:30] DEBUG: [SIMPL] Masked 0 heterozygous loops
[2026-02-20 16:50:30] DEBUG: [SIMPL] Masked 0 simple bubbles
[2026-02-20 16:50:30] DEBUG: [SIMPL] Masked 0 roundabouts
[2026-02-20 16:50:30] DEBUG: [SIMPL] Masked 0 superbubbles
[2026-02-20 16:50:30] DEBUG: Finding repeats
[2026-02-20 16:50:30] DEBUG: Read coverage cutoff: 3
[2026-02-20 16:50:30] DEBUG: Short-loop: 6
[2026-02-20 16:50:30] DEBUG: Short-loop: 8
[2026-02-20 16:50:30] DEBUG: Short-loop: 30
[2026-02-20 16:50:30] DEBUG: Repeat detection iteration 1
[2026-02-20 16:50:30] DEBUG: Starting 31 aln:14
[2026-02-20 16:50:30] DEBUG: 	      -29	num:3	flank:8075	span:22
[2026-02-20 16:50:30] DEBUG: 	  L   24	num:11	flank:7604	span:7
[2026-02-20 16:50:30] DEBUG: Mult: 18 -> 35 -> 31	1029372	15	 (0,1)
[2026-02-20 16:50:30] DEBUG: SuspiciousOverhangs: 29
[2026-02-20 16:50:30] DEBUG: 	Spanning: 11 median: 29 max: 54
[2026-02-20 16:50:30] DEBUG: 	Hanging: 3
[2026-02-20 16:50:30] DEBUG: 	Inconsistent: 3
[2026-02-20 16:50:30] DEBUG: Mult: -29 -> 28 -> 4 -> -42 -> 13 -> 33 -> 20 -> 36 -> -15 -> 41 -> -11 -> 39 -> -10 -> 37 -> -9 -> -40 -> -7 -> -43 -> 17 -> 34 -> -14	2948752	15	 (1,0)
[2026-02-20 16:50:30] DEBUG: Repeat detection iteration 2
[2026-02-20 16:50:30] DEBUG: Total unique edges: 2
[2026-02-20 16:50:30] DEBUG: [SIMPL] Resolved repeats: 0
[2026-02-20 16:50:30] DEBUG: RR links: 0
[2026-02-20 16:50:30] DEBUG: Unresolved: 0
[2026-02-20 16:50:30] DEBUG: Removed 0 simple and 0 double chimeric junctions
[2026-02-20 16:50:30] DEBUG: [SIMPL] Simplified 0 forks
[2026-02-20 16:50:30] DEBUG: [SIMPL] Collapsed 0 haplotypes
[2026-02-20 16:50:30] DEBUG: [SIMPL] Resolved 0 simple repeats
[2026-02-20 16:50:30] DEBUG: Read coverage cutoff: 3
[2026-02-20 16:50:30] DEBUG: [SIMPL] Removed 0 paths with low coverage
[2026-02-20 16:50:30] DEBUG: Finding repeats
[2026-02-20 16:50:30] DEBUG: Read coverage cutoff: 3
[2026-02-20 16:50:30] DEBUG: Short-loop: 6
[2026-02-20 16:50:30] DEBUG: Short-loop: 8
[2026-02-20 16:50:30] DEBUG: Short-loop: 30
[2026-02-20 16:50:30] DEBUG: Repeat detection iteration 1
[2026-02-20 16:50:30] DEBUG: Starting 31 aln:14
[2026-02-20 16:50:30] DEBUG: 	      -29	num:3	flank:8075	span:22
[2026-02-20 16:50:30] DEBUG: 	  L   24	num:11	flank:7604	span:7
[2026-02-20 16:50:30] DEBUG: Mult: 18 -> 35 -> 31	1029372	15	 (0,1)
[2026-02-20 16:50:30] DEBUG: SuspiciousOverhangs: 29
[2026-02-20 16:50:30] DEBUG: 	Spanning: 11 median: 29 max: 54
[2026-02-20 16:50:30] DEBUG: 	Hanging: 3
[2026-02-20 16:50:30] DEBUG: 	Inconsistent: 3
[2026-02-20 16:50:30] DEBUG: Mult: -29 -> 28 -> 4 -> -42 -> 13 -> 33 -> 20 -> 36 -> -15 -> 41 -> -11 -> 39 -> -10 -> 37 -> -9 -> -40 -> -7 -> -43 -> 17 -> 34 -> -14	2948752	15	 (1,0)
[2026-02-20 16:50:30] DEBUG: Repeat detection iteration 2
[2026-02-20 16:50:30] DEBUG: Fixed: -29 -> 28 -> 4 -> -42 -> 13 -> 33 -> 20 -> 36 -> -15 -> 41 -> -11 -> 39 -> -10 -> 37 -> -9 -> -40 -> -7 -> -43 -> 17 -> 34 -> -14	2948752	15
[2026-02-20 16:50:30] DEBUG: Fixed: 18 -> 35 -> 31	1029372	15
[2026-02-20 16:50:30] DEBUG: Writing Dot
[2026-02-20 16:50:30] DEBUG: Writing FASTA
[2026-02-20 16:50:30] DEBUG: Peak RAM usage: 0 Gb
-----------End assembly log------------
[2026-02-20 16:50:30] root: INFO: >>>STAGE: contigger
[2026-02-20 16:50:30] root: INFO: Generating contigs
[2026-02-20 16:50:30] root: DEBUG: -----Begin contigger analyser log------
[2026-02-20 16:50:30] root: DEBUG: Running: flye-modules contigger --graph-edges /scratch/ky/characterization/results/barcode20/assembly/20-repeat/repeat_graph_edges.fasta --reads /scratch/ky/characterization/FASTQ/SQK-RBK114-96_barcode20.fastq --out-dir /scratch/ky/characterization/results/barcode20/assembly/30-contigger --config /data/softs/Miniforge3-25.11.0-0/envs/flye-2.9.6/lib/python3.12/site-packages/flye/config/bin_cfg/asm_nano_hq.cfg --repeat-graph /scratch/ky/characterization/results/barcode20/assembly/20-repeat/repeat_graph_dump --graph-aln /scratch/ky/characterization/results/barcode20/assembly/20-repeat/read_alignment_dump --log /scratch/ky/characterization/results/barcode20/assembly/flye.log --threads 16 --min-ovlp 3000
[2026-02-20 16:50:30] DEBUG: Build date: May  4 2025 23:18:25
[2026-02-20 16:50:30] DEBUG: Total RAM: 251 Gb
[2026-02-20 16:50:30] DEBUG: Available RAM: 247 Gb
[2026-02-20 16:50:30] DEBUG: Total CPUs: 32
[2026-02-20 16:50:30] DEBUG: Loading /data/softs/Miniforge3-25.11.0-0/envs/flye-2.9.6/lib/python3.12/site-packages/flye/config/bin_cfg/asm_nano_hq.cfg
[2026-02-20 16:50:30] DEBUG: Loading /data/softs/Miniforge3-25.11.0-0/envs/flye-2.9.6/lib/python3.12/site-packages/flye/config/bin_cfg/asm_defaults.cfg
[2026-02-20 16:50:30] DEBUG: 	big_genome_threshold=29000000
[2026-02-20 16:50:30] DEBUG: 	meta_read_filter_kmer_freq=100
[2026-02-20 16:50:30] DEBUG: 	chain_large_gap_penalty=2
[2026-02-20 16:50:30] DEBUG: 	chain_small_gap_penalty=0.5
[2026-02-20 16:50:30] DEBUG: 	chain_gap_jump_threshold=100
[2026-02-20 16:50:30] DEBUG: 	max_jump_gap=500
[2026-02-20 16:50:30] DEBUG: 	max_coverage_drop_rate=5
[2026-02-20 16:50:30] DEBUG: 	max_extensions_drop_rate=5
[2026-02-20 16:50:30] DEBUG: 	chimera_window=100
[2026-02-20 16:50:30] DEBUG: 	chimera_overhang=1000
[2026-02-20 16:50:30] DEBUG: 	min_reads_in_disjointig=4
[2026-02-20 16:50:30] DEBUG: 	max_inner_reads=10
[2026-02-20 16:50:30] DEBUG: 	max_inner_fraction=0.25
[2026-02-20 16:50:30] DEBUG: 	aggressive_dup_filter=1
[2026-02-20 16:50:30] DEBUG: 	max_separation=500
[2026-02-20 16:50:30] DEBUG: 	unique_edge_length=50000
[2026-02-20 16:50:30] DEBUG: 	min_repeat_res_support=0.51
[2026-02-20 16:50:30] DEBUG: 	out_paths_ratio=5
[2026-02-20 16:50:30] DEBUG: 	graph_cov_drop_rate=5
[2026-02-20 16:50:30] DEBUG: 	coverage_estimate_window=100
[2026-02-20 16:50:30] DEBUG: 	max_bubble_length=50000
[2026-02-20 16:50:30] DEBUG: 	loop_coverage_rate=1.5
[2026-02-20 16:50:30] DEBUG: 	repeat_edge_cov_mult=1.75
[2026-02-20 16:50:30] DEBUG: 	weak_detach_rate=5
[2026-02-20 16:50:30] DEBUG: 	tip_coverage_rate=2
[2026-02-20 16:50:30] DEBUG: 	tip_length_rate=2
[2026-02-20 16:50:30] DEBUG: 	output_gfa_before_rr=1
[2026-02-20 16:50:30] DEBUG: 	remove_alt_edges=0
[2026-02-20 16:50:30] DEBUG: 	low_cutoff_warning=0
[2026-02-20 16:50:30] DEBUG: 	kmer_size=17
[2026-02-20 16:50:30] DEBUG: 	use_minimizers=1
[2026-02-20 16:50:30] DEBUG: 	minimizer_window=10
[2026-02-20 16:50:30] DEBUG: 	reads_base_alignment=1
[2026-02-20 16:50:30] DEBUG: 	meta_read_top_kmer_rate=0.75
[2026-02-20 16:50:30] DEBUG: 	maximum_jump=1500
[2026-02-20 16:50:30] DEBUG: 	maximum_overhang=1500
[2026-02-20 16:50:30] DEBUG: 	repeat_kmer_rate=100
[2026-02-20 16:50:30] DEBUG: 	assemble_ovlp_divergence=0.03
[2026-02-20 16:50:30] DEBUG: 	assemble_divergence_relative=1
[2026-02-20 16:50:30] DEBUG: 	repeat_graph_ovlp_divergence=0.03
[2026-02-20 16:50:30] DEBUG: 	read_align_ovlp_divergence=0.10
[2026-02-20 16:50:30] DEBUG: 	hpc_scoring_on=1
[2026-02-20 16:50:30] DEBUG: 	add_unassembled_reads=0
[2026-02-20 16:50:30] DEBUG: 	extend_contigs_with_repeats=0
[2026-02-20 16:50:30] DEBUG: 	min_read_cov_cutoff=3
[2026-02-20 16:50:30] DEBUG: 	short_tip_length=20000
[2026-02-20 16:50:30] DEBUG: 	long_tip_length=100000
[2026-02-20 16:50:30] DEBUG: Running with k-mer size: 17
[2026-02-20 16:50:30] DEBUG: Selected minimum overlap 3000
[2026-02-20 16:50:30] INFO: Reading sequences
[2026-02-20 16:50:30] DEBUG: Building positional index
[2026-02-20 16:50:30] DEBUG: Total sequence: 81282815 bp
[2026-02-20 16:50:30] DEBUG: Flipped 0
[2026-02-20 16:50:30] DEBUG: UPath 1: -29 -> 28 -> 4 -> -42 -> 13 -> 33 -> 20 -> 36 -> -15 -> 41 -> -11 -> 39 -> -10 -> 37 -> -9 -> -40 -> -7 -> -43 -> 17 -> 34 -> -14
[2026-02-20 16:50:30] DEBUG: UPath 2: 6
[2026-02-20 16:50:30] DEBUG: UPath 3: 8
[2026-02-20 16:50:30] DEBUG: UPath 4: 18 -> 35 -> 31
[2026-02-20 16:50:30] DEBUG: UPath 5: 24
[2026-02-20 16:50:30] DEBUG: UPath 6: 30
[2026-02-20 16:50:30] DEBUG: UPath 7: 32
[2026-02-20 16:50:30] DEBUG: Final graph contains 7 egdes
[2026-02-20 16:50:30] DEBUG: Extending contigs into repeats
[2026-02-20 16:50:30] DEBUG: Covered 1 repetitive contigs
[2026-02-20 16:50:30] INFO: Generated 6 contigs
[2026-02-20 16:50:30] DEBUG: Writing FASTA
[2026-02-20 16:50:30] DEBUG: Generating scaffold connections
[2026-02-20 16:50:30] INFO: Added 1 scaffold connections
[2026-02-20 16:50:30] DEBUG: Writing Dot
[2026-02-20 16:50:30] DEBUG: Writing FASTA
[2026-02-20 16:50:31] DEBUG: Writing Gfa
[2026-02-20 16:50:31] DEBUG: Peak RAM usage: 0 Gb
-----------End assembly log------------
[2026-02-20 16:50:31] root: INFO: >>>STAGE: polishing
[2026-02-20 16:50:31] root: INFO: Polishing genome (1/1)
[2026-02-20 16:50:31] root: INFO: Running minimap2
[2026-02-20 16:50:34] root: INFO: Separating alignment into bubbles
[2026-02-20 16:50:54] root: DEBUG: Generated 274982 bubbles
[2026-02-20 16:50:54] root: DEBUG: Split 0 long bubbles
[2026-02-20 16:50:54] root: DEBUG: Skipped 1 empty bubbles
[2026-02-20 16:50:54] root: DEBUG: Skipped 0 bubbles with long branches
[2026-02-20 16:50:54] root: INFO: Alignment error rate: 0.009172
[2026-02-20 16:50:54] root: INFO: Correcting bubbles
[2026-02-20 16:51:01] root: DEBUG: Mean contig coverage: 19, selected threshold: 3
[2026-02-20 16:51:01] root: DEBUG: Filtered 1 contigs of total length 566
[2026-02-20 16:51:01] root: DEBUG: Generating polished GFA
[2026-02-20 16:51:04] root: DEBUG: 0 sequences remained unpolished
[2026-02-20 16:51:04] root: INFO: >>>STAGE: finalize
[2026-02-20 16:51:04] root: DEBUG: ---Output dir contents:----
[2026-02-20 16:51:04] root: DEBUG: assembly/
[2026-02-20 16:51:04] root: DEBUG:     43.0 K      flye.log
[2026-02-20 16:51:04] root: DEBUG:     92.0 B      params.json
[2026-02-20 16:51:04] root: DEBUG:     969.0 B     assembly_graph.gv
[2026-02-20 16:51:04] root: DEBUG:     3.0 M       assembly_graph.gfa
[2026-02-20 16:51:04] root: DEBUG:     3.0 M       assembly.fasta
[2026-02-20 16:51:04] root: DEBUG:     00-assembly/
[2026-02-20 16:51:04] root: DEBUG:         4.0 M       draft_assembly.fasta
[2026-02-20 16:51:04] root: DEBUG:         97.0 B      draft_assembly.fasta.fai
[2026-02-20 16:51:04] root: DEBUG:     10-consensus/
[2026-02-20 16:51:04] root: DEBUG:         967.0 B     minimap.stderr
[2026-02-20 16:51:04] root: DEBUG:         14.0 K      minimap.bam.csi
[2026-02-20 16:51:04] root: DEBUG:         4.0 M       consensus.fasta
[2026-02-20 16:51:04] root: DEBUG:     20-repeat/
[2026-02-20 16:51:04] root: DEBUG:         2.0 K       graph_before_rr.gv
[2026-02-20 16:51:04] root: DEBUG:         3.0 M       graph_before_rr.fasta
[2026-02-20 16:51:04] root: DEBUG:         3.0 M       graph_before_rr.gfa
[2026-02-20 16:51:04] root: DEBUG:         3.0 K       graph_after_rr.gv
[2026-02-20 16:51:04] root: DEBUG:         8.0 K       repeat_graph_dump
[2026-02-20 16:51:04] root: DEBUG:         2.0 M       read_alignment_dump
[2026-02-20 16:51:04] root: DEBUG:         4.0 M       repeat_graph_edges.fasta
[2026-02-20 16:51:04] root: DEBUG:     30-contigger/
[2026-02-20 16:51:04] root: DEBUG:         3.0 M       contigs.fasta
[2026-02-20 16:51:04] root: DEBUG:         281.0 B     contigs_stats.txt
[2026-02-20 16:51:04] root: DEBUG:         22.0 B      scaffolds_links.txt
[2026-02-20 16:51:04] root: DEBUG:         969.0 B     graph_final.gv
[2026-02-20 16:51:04] root: DEBUG:         3.0 M       graph_final.fasta
[2026-02-20 16:51:04] root: DEBUG:         3.0 M       graph_final.gfa
[2026-02-20 16:51:04] root: DEBUG:         170.0 B     contigs.fasta.fai
[2026-02-20 16:51:04] root: DEBUG:     40-polishing/
[2026-02-20 16:51:04] root: DEBUG:         923.0 B     minimap.stderr
[2026-02-20 16:51:04] root: DEBUG:         12.0 K      minimap_1.bam.csi
[2026-02-20 16:51:04] root: DEBUG:         119.0 B     contigs_stats.txt
[2026-02-20 16:51:04] root: DEBUG:         1.0 M       base_coverage.bed.gz
[2026-02-20 16:51:04] root: DEBUG:         3.0 M       filtered_contigs.fasta
[2026-02-20 16:51:04] root: DEBUG:         104.0 B     filtered_stats.txt
[2026-02-20 16:51:04] root: DEBUG:         115.0 B     filtered_contigs.fasta.fai
[2026-02-20 16:51:04] root: DEBUG:         202.0 B     edges_aln.bam.csi
[2026-02-20 16:51:04] root: DEBUG:         3.0 M       polished_edges.gfa
[2026-02-20 16:51:04] root: DEBUG: --------------------------
[2026-02-20 16:51:04] root: INFO: Assembly statistics:

	Total length:	4120112
	Fragments:	4
	Fragments N50:	2953853
	Largest frg:	2953853
	Scaffolds:	0
	Mean coverage:	19

[2026-02-20 16:51:04] root: INFO: Final assembly: /scratch/ky/characterization/results/barcode20/assembly/assembly.fasta
