[2026-02-20 18:15:06] root: INFO: Starting Flye 2.9.6-b1802
[2026-02-20 18:15:06] root: DEBUG: Cmd: /data/softs/Miniforge3-25.11.0-0/envs/flye-2.9.6/bin/flye --meta --nano-hq /scratch/ky/characterization/FASTQ/SQK-RBK114-96_barcode38.fastq -o /scratch/ky/characterization/results/barcode38/assembly/ -t 16
[2026-02-20 18:15:06] root: DEBUG: Python version: 3.12.12 | packaged by conda-forge | (main, Jan 26 2026, 23:51:32) [GCC 14.3.0]
[2026-02-20 18:15:06] root: INFO: >>>STAGE: configure
[2026-02-20 18:15:06] root: INFO: Configuring run
[2026-02-20 18:15:07] root: INFO: Total read length: 414544836
[2026-02-20 18:15:07] root: INFO: Reads N50/N90: 11746 / 2903
[2026-02-20 18:15:07] root: INFO: Minimum overlap set to 3000
[2026-02-20 18:15:07] root: INFO: >>>STAGE: assembly
[2026-02-20 18:15:07] root: INFO: Assembling disjointigs
[2026-02-20 18:15:07] root: DEBUG: -----Begin assembly log------
[2026-02-20 18:15:07] root: DEBUG: Running: flye-modules assemble --reads /scratch/ky/characterization/FASTQ/SQK-RBK114-96_barcode38.fastq --out-asm /scratch/ky/characterization/results/barcode38/assembly/00-assembly/draft_assembly.fasta --config /data/softs/Miniforge3-25.11.0-0/envs/flye-2.9.6/lib/python3.12/site-packages/flye/config/bin_cfg/asm_nano_hq.cfg --log /scratch/ky/characterization/results/barcode38/assembly/flye.log --threads 16 --meta --min-ovlp 3000
[2026-02-20 18:15:07] DEBUG: Build date: May  4 2025 23:17:52
[2026-02-20 18:15:07] DEBUG: Total RAM: 251 Gb
[2026-02-20 18:15:07] DEBUG: Available RAM: 246 Gb
[2026-02-20 18:15:07] DEBUG: Total CPUs: 32
[2026-02-20 18:15:07] DEBUG: Loading /data/softs/Miniforge3-25.11.0-0/envs/flye-2.9.6/lib/python3.12/site-packages/flye/config/bin_cfg/asm_nano_hq.cfg
[2026-02-20 18:15:07] DEBUG: Loading /data/softs/Miniforge3-25.11.0-0/envs/flye-2.9.6/lib/python3.12/site-packages/flye/config/bin_cfg/asm_defaults.cfg
[2026-02-20 18:15:07] DEBUG: 	big_genome_threshold=29000000
[2026-02-20 18:15:07] DEBUG: 	meta_read_filter_kmer_freq=100
[2026-02-20 18:15:07] DEBUG: 	chain_large_gap_penalty=2
[2026-02-20 18:15:07] DEBUG: 	chain_small_gap_penalty=0.5
[2026-02-20 18:15:07] DEBUG: 	chain_gap_jump_threshold=100
[2026-02-20 18:15:07] DEBUG: 	max_jump_gap=500
[2026-02-20 18:15:07] DEBUG: 	max_coverage_drop_rate=5
[2026-02-20 18:15:07] DEBUG: 	max_extensions_drop_rate=5
[2026-02-20 18:15:07] DEBUG: 	chimera_window=100
[2026-02-20 18:15:07] DEBUG: 	chimera_overhang=1000
[2026-02-20 18:15:07] DEBUG: 	min_reads_in_disjointig=4
[2026-02-20 18:15:07] DEBUG: 	max_inner_reads=10
[2026-02-20 18:15:07] DEBUG: 	max_inner_fraction=0.25
[2026-02-20 18:15:07] DEBUG: 	aggressive_dup_filter=1
[2026-02-20 18:15:07] DEBUG: 	max_separation=500
[2026-02-20 18:15:07] DEBUG: 	unique_edge_length=50000
[2026-02-20 18:15:07] DEBUG: 	min_repeat_res_support=0.51
[2026-02-20 18:15:07] DEBUG: 	out_paths_ratio=5
[2026-02-20 18:15:07] DEBUG: 	graph_cov_drop_rate=5
[2026-02-20 18:15:07] DEBUG: 	coverage_estimate_window=100
[2026-02-20 18:15:07] DEBUG: 	max_bubble_length=50000
[2026-02-20 18:15:07] DEBUG: 	loop_coverage_rate=1.5
[2026-02-20 18:15:07] DEBUG: 	repeat_edge_cov_mult=1.75
[2026-02-20 18:15:07] DEBUG: 	weak_detach_rate=5
[2026-02-20 18:15:07] DEBUG: 	tip_coverage_rate=2
[2026-02-20 18:15:07] DEBUG: 	tip_length_rate=2
[2026-02-20 18:15:07] DEBUG: 	output_gfa_before_rr=1
[2026-02-20 18:15:07] DEBUG: 	remove_alt_edges=0
[2026-02-20 18:15:07] DEBUG: 	low_cutoff_warning=0
[2026-02-20 18:15:07] DEBUG: 	kmer_size=17
[2026-02-20 18:15:07] DEBUG: 	use_minimizers=1
[2026-02-20 18:15:07] DEBUG: 	minimizer_window=10
[2026-02-20 18:15:07] DEBUG: 	reads_base_alignment=1
[2026-02-20 18:15:07] DEBUG: 	meta_read_top_kmer_rate=0.75
[2026-02-20 18:15:07] DEBUG: 	maximum_jump=1500
[2026-02-20 18:15:07] DEBUG: 	maximum_overhang=1500
[2026-02-20 18:15:07] DEBUG: 	repeat_kmer_rate=100
[2026-02-20 18:15:07] DEBUG: 	assemble_ovlp_divergence=0.03
[2026-02-20 18:15:07] DEBUG: 	assemble_divergence_relative=1
[2026-02-20 18:15:07] DEBUG: 	repeat_graph_ovlp_divergence=0.03
[2026-02-20 18:15:07] DEBUG: 	read_align_ovlp_divergence=0.10
[2026-02-20 18:15:07] DEBUG: 	hpc_scoring_on=1
[2026-02-20 18:15:07] DEBUG: 	add_unassembled_reads=0
[2026-02-20 18:15:07] DEBUG: 	extend_contigs_with_repeats=0
[2026-02-20 18:15:07] DEBUG: 	min_read_cov_cutoff=3
[2026-02-20 18:15:07] DEBUG: 	short_tip_length=20000
[2026-02-20 18:15:07] DEBUG: 	long_tip_length=100000
[2026-02-20 18:15:07] DEBUG: Running with k-mer size: 17
[2026-02-20 18:15:07] DEBUG: Running with minimum overlap 3000
[2026-02-20 18:15:07] DEBUG: Metagenome mode: Y
[2026-02-20 18:15:07] DEBUG: Short mode: N
[2026-02-20 18:15:07] INFO: Reading sequences
[2026-02-20 18:15:08] DEBUG: Building positional index
[2026-02-20 18:15:08] DEBUG: Total sequence: 371171838 bp
[2026-02-20 18:15:08] INFO: Building minimizer index
[2026-02-20 18:15:08] INFO: Pre-calculating index storage
[2026-02-20 18:15:10] DEBUG: Mean k-mer frequency: 16.5661
[2026-02-20 18:15:10] DEBUG: Repetitive k-mer frequency: 1656
[2026-02-20 18:15:10] DEBUG: Filtered 80761 repetitive k-mers (0.00119938)
[2026-02-20 18:15:10] INFO: Filling index
[2026-02-20 18:15:12] DEBUG: Sorting k-mer index
[2026-02-20 18:15:13] DEBUG: Selected k-mers: 4064645
[2026-02-20 18:15:13] DEBUG: K-mer index size: 67254968
[2026-02-20 18:15:13] DEBUG: Mean k-mer frequency: 16.5463
[2026-02-20 18:15:13] DEBUG: Minimizer rate: 5.51888
[2026-02-20 18:15:13] DEBUG: Peak RAM usage: 0 Gb
[2026-02-20 18:15:13] DEBUG: Estimating k-mer identity bias
[2026-02-20 18:15:17] DEBUG: Initial divergence estimate : 0.00740442
[2026-02-20 18:15:17] DEBUG: Relative threshold: Y
[2026-02-20 18:15:17] DEBUG: Max divergence threshold set to 0.0374044
[2026-02-20 18:15:17] INFO: Extending reads
[2026-02-20 18:15:17] DEBUG: Estimating overlap coverage
[2026-02-20 18:16:10] INFO: Overlap-based coverage: 74
[2026-02-20 18:16:10] INFO: Median overlap divergence: 0.00746183
[2026-02-20 18:16:10] DEBUG: Sequence divergence distribution: 

    | *     |                                                                                            
    | *     |                                                                                            
    | *     |                                                                                            
    |**     |                                                                                            
    |**     |                                                                                            
    |**     |                                                                                            
    |**     |                                                                                            
    |**     |                                                                                            
    |**     |                                                                                            
    |**     |                                                                                            
    |**     |                                                                                            
    |***    |                                                                                            
    |***    |                                                                                            
    |***    |                                                                                            
    |***    |                                                                                            
    |***    |                                                                                            
    |****   |                                                                                            
    |****   |                                                                                            
    |****** |                                                                                            
    |************************  * *                                                                       
    ----------------------------------------------------------------------------------------------------
    0%        5%        10%       15%       20%       25%       30%       35%       40%       45%       

    Q25 = 0.0045, Q50 = 0.0075, Q75 = 0.012

[2026-02-20 18:16:13] DEBUG: Assembled disjointig 1
	With 8 reads
	Start read: +86b03a47-fa0b-449e-8d64-be31e0e35ac2
	At position: 5
	leftTip: 0 rightTip: 0
	Suspicious: 0
	Short ext: 0
	Mean extensions: 28
	Avg overlap len: 49075
	Min overlap len: 20707
	Inner reads: 0
	Length: 200318
[2026-02-20 18:16:13] DEBUG: Inner: 796 covered: 834 total: 73550
[2026-02-20 18:16:29] DEBUG: Assembled disjointig 2
	With 540 reads
	Start read: +3e156a67-9b9d-4a78-ae2d-a9a54de2a195
	At position: 534
	leftTip: 0 rightTip: 0
	Suspicious: 1
	Short ext: 1
	Mean extensions: 57
	Avg overlap len: 28656
	Min overlap len: 1853
	Inner reads: 0
	Length: 4723944
[2026-02-20 18:16:30] DEBUG: Inner: 71360 covered: 71450 total: 73550
[2026-02-20 18:16:30] DEBUG: Discarded disjointig with 527 reads and 525 inner overlaps
[2026-02-20 18:16:30] DEBUG: Discarded disjointig with 497 reads and 495 inner overlaps
[2026-02-20 18:16:30] DEBUG: Discarded disjointig with 531 reads and 529 inner overlaps
[2026-02-20 18:16:30] DEBUG: Assembled disjointig 3
	With 1 reads
	Start read: +7df4df84-59b2-4ad3-8966-ad2c80078a74
	At position: 1
	leftTip: 1 rightTip: 1
	Suspicious: 0
	Short ext: 0
	Mean extensions: 0
	Avg overlap len: 0
	Min overlap len: 0
	Inner reads: 0
	Length: 3240
[2026-02-20 18:16:30] DEBUG: Inner: 71440 covered: 71470 total: 73550
[2026-02-20 18:16:30] DEBUG: Discarded disjointig with 259 reads and 257 inner overlaps
[2026-02-20 18:16:30] DEBUG: Discarded disjointig with 323 reads and 321 inner overlaps
[2026-02-20 18:16:30] DEBUG: Discarded disjointig with 421 reads and 419 inner overlaps
[2026-02-20 18:16:30] DEBUG: Discarded disjointig with 214 reads and 212 inner overlaps
[2026-02-20 18:16:30] DEBUG: Discarded disjointig with 379 reads and 377 inner overlaps
[2026-02-20 18:16:30] DEBUG: Discarded disjointig with 531 reads and 529 inner overlaps
[2026-02-20 18:16:30] DEBUG: Discarded disjointig with 530 reads and 528 inner overlaps
[2026-02-20 18:16:30] DEBUG: Discarded disjointig with 437 reads and 435 inner overlaps
[2026-02-20 18:16:30] DEBUG: Discarded disjointig with 335 reads and 333 inner overlaps
[2026-02-20 18:16:30] DEBUG: Discarded disjointig with 526 reads and 524 inner overlaps
[2026-02-20 18:16:30] DEBUG: Assembled disjointig 4
	With 14 reads
	Start read: +1709c94a-35e1-4344-93c5-9214af9a7422
	At position: 7
	leftTip: 1 rightTip: 0
	Suspicious: 13
	Short ext: 13
	Mean extensions: 2
	Avg overlap len: 2260
	Min overlap len: 1988
	Inner reads: 0
	Length: 25502
[2026-02-20 18:16:30] DEBUG: Inner: 71488 covered: 71556 total: 73550
[2026-02-20 18:16:30] DEBUG: Discarded disjointig with 529 reads and 527 inner overlaps
[2026-02-20 18:16:30] DEBUG: Discarded disjointig with 526 reads and 524 inner overlaps
[2026-02-20 18:16:30] DEBUG: Assembled disjointig 5
	With 2 reads
	Start read: +d0ab59e1-3161-4a61-8e3a-51bfcf61349a
	At position: 1
	leftTip: 1 rightTip: 1
	Suspicious: 1
	Short ext: 0
	Mean extensions: 0
	Avg overlap len: 8259
	Min overlap len: 8259
	Inner reads: 0
	Length: 18535
[2026-02-20 18:16:30] DEBUG: Inner: 71494 covered: 71806 total: 73550
[2026-02-20 18:16:31] DEBUG: Assembled disjointig 6
	With 1 reads
	Start read: +81363dcb-239b-4bdd-9164-217872a14e1a
	At position: 1
	leftTip: 1 rightTip: 1
	Suspicious: 0
	Short ext: 0
	Mean extensions: 2
	Avg overlap len: 0
	Min overlap len: 0
	Inner reads: 0
	Length: 4482
[2026-02-20 18:16:31] DEBUG: Inner: 71496 covered: 71860 total: 73550
[2026-02-20 18:16:31] DEBUG: Assembled disjointig 7
	With 1 reads
	Start read: +75c518ec-6aa1-497e-b44f-4a06088d6345
	At position: 1
	leftTip: 1 rightTip: 1
	Suspicious: 0
	Short ext: 0
	Mean extensions: 1
	Avg overlap len: 0
	Min overlap len: 0
	Inner reads: 0
	Length: 8823
[2026-02-20 18:16:31] DEBUG: Inner: 71498 covered: 71960 total: 73550
[2026-02-20 18:16:31] DEBUG: Assembled disjointig 8
	With 1 reads
	Start read: +0be4412f-e7ac-4894-ac6f-09d71a5fe3b8
	At position: 1
	leftTip: 1 rightTip: 1
	Suspicious: 0
	Short ext: 0
	Mean extensions: 1
	Avg overlap len: 0
	Min overlap len: 0
	Inner reads: 0
	Length: 3024
[2026-02-20 18:16:31] DEBUG: Inner: 71500 covered: 71968 total: 73550
[2026-02-20 18:16:32] DEBUG: Assembled disjointig 9
	With 1 reads
	Start read: +ca8341bc-53c5-4391-a675-b0bc19f303e5
	At position: 1
	leftTip: 1 rightTip: 1
	Suspicious: 0
	Short ext: 0
	Mean extensions: 1
	Avg overlap len: 0
	Min overlap len: 0
	Inner reads: 0
	Length: 3898
[2026-02-20 18:16:32] DEBUG: Inner: 71502 covered: 72270 total: 73550
[2026-02-20 18:16:32] DEBUG: Assembled disjointig 10
	With 4 reads
	Start read: +d35ebb22-9d3e-4466-9e73-091188a5f288
	At position: 1
	leftTip: 1 rightTip: 0
	Suspicious: 2
	Short ext: 1
	Mean extensions: 1
	Avg overlap len: 3497
	Min overlap len: 1149
	Inner reads: 0
	Length: 20275
[2026-02-20 18:16:32] DEBUG: Inner: 71508 covered: 72350 total: 73550
[2026-02-20 18:16:32] DEBUG: Assembled disjointig 11
	With 1 reads
	Start read: +b6f94ef8-f4c9-4824-ae4c-e9e20cc9c4ed
	At position: 1
	leftTip: 1 rightTip: 1
	Suspicious: 0
	Short ext: 0
	Mean extensions: 1
	Avg overlap len: 0
	Min overlap len: 0
	Inner reads: 0
	Length: 4576
[2026-02-20 18:16:32] DEBUG: Inner: 71510 covered: 72474 total: 73550
[2026-02-20 18:16:33] DEBUG: Assembled disjointig 12
	With 2 reads
	Start read: +40722130-b5c7-4651-b133-fb2f788e07a0
	At position: 2
	leftTip: 1 rightTip: 1
	Suspicious: 1
	Short ext: 0
	Mean extensions: 0
	Avg overlap len: 3418
	Min overlap len: 3418
	Inner reads: 0
	Length: 8547
[2026-02-20 18:16:33] DEBUG: Inner: 71514 covered: 72730 total: 73550
[2026-02-20 18:16:34] DEBUG: Assembled disjointig 13
	With 1 reads
	Start read: +dd638279-bc15-490a-a918-4145b5aa153b
	At position: 1
	leftTip: 1 rightTip: 1
	Suspicious: 0
	Short ext: 0
	Mean extensions: 1
	Avg overlap len: 0
	Min overlap len: 0
	Inner reads: 0
	Length: 3058
[2026-02-20 18:16:34] DEBUG: Inner: 71516 covered: 72856 total: 73550
[2026-02-20 18:16:35] INFO: Assembled 13 disjointigs
[2026-02-20 18:16:35] INFO: Generating sequence
[2026-02-20 18:16:35] DEBUG: Building positional index
[2026-02-20 18:16:35] DEBUG: Total sequence: 5028008 bp
[2026-02-20 18:16:36] DEBUG: Mean k-mer frequency: 1.05848
[2026-02-20 18:16:36] DEBUG: Repetitive k-mer frequency: 105
[2026-02-20 18:16:36] DEBUG: Filtered 0 repetitive k-mers (0)
[2026-02-20 18:16:36] DEBUG: Sorting k-mer index
[2026-02-20 18:16:36] DEBUG: Selected k-mers: 863217
[2026-02-20 18:16:36] DEBUG: K-mer index size: 913702
[2026-02-20 18:16:36] DEBUG: Mean k-mer frequency: 1.05848
[2026-02-20 18:16:36] DEBUG: Minimizer rate: 5.5029
[2026-02-20 18:16:36] INFO: Filtering contained disjointigs
[2026-02-20 18:16:37] DEBUG: Computing transitive closure for overlaps
[2026-02-20 18:16:37] DEBUG: Found 12 overlaps
[2026-02-20 18:16:37] DEBUG: Left 12 overlaps after filtering
[2026-02-20 18:16:37] INFO: Contained seqs: 0
[2026-02-20 18:16:37] DEBUG: Writing FASTA
[2026-02-20 18:16:37] DEBUG: Peak RAM usage: 1 Gb
-----------End assembly log------------
[2026-02-20 18:16:38] root: DEBUG: Disjointigs length: 5028008, N50: 4723921
[2026-02-20 18:16:38] root: INFO: >>>STAGE: consensus
[2026-02-20 18:16:38] root: INFO: Running Minimap2
[2026-02-20 18:16:51] root: INFO: Computing consensus
[2026-02-20 18:17:45] root: INFO: Alignment error rate: 0.011858
[2026-02-20 18:17:45] root: INFO: >>>STAGE: repeat
[2026-02-20 18:17:45] root: INFO: Building and resolving repeat graph
[2026-02-20 18:17:45] root: DEBUG: -----Begin repeat analyser log------
[2026-02-20 18:17:45] root: DEBUG: Running: flye-modules repeat --disjointigs /scratch/ky/characterization/results/barcode38/assembly/10-consensus/consensus.fasta --reads /scratch/ky/characterization/FASTQ/SQK-RBK114-96_barcode38.fastq --out-dir /scratch/ky/characterization/results/barcode38/assembly/20-repeat --config /data/softs/Miniforge3-25.11.0-0/envs/flye-2.9.6/lib/python3.12/site-packages/flye/config/bin_cfg/asm_nano_hq.cfg --log /scratch/ky/characterization/results/barcode38/assembly/flye.log --threads 16 --meta --min-ovlp 3000
[2026-02-20 18:17:45] DEBUG: Build date: May  4 2025 23:18:08
[2026-02-20 18:17:45] DEBUG: Total RAM: 251 Gb
[2026-02-20 18:17:45] DEBUG: Available RAM: 247 Gb
[2026-02-20 18:17:45] DEBUG: Total CPUs: 32
[2026-02-20 18:17:45] DEBUG: Loading /data/softs/Miniforge3-25.11.0-0/envs/flye-2.9.6/lib/python3.12/site-packages/flye/config/bin_cfg/asm_nano_hq.cfg
[2026-02-20 18:17:45] DEBUG: Loading /data/softs/Miniforge3-25.11.0-0/envs/flye-2.9.6/lib/python3.12/site-packages/flye/config/bin_cfg/asm_defaults.cfg
[2026-02-20 18:17:45] DEBUG: 	big_genome_threshold=29000000
[2026-02-20 18:17:45] DEBUG: 	meta_read_filter_kmer_freq=100
[2026-02-20 18:17:45] DEBUG: 	chain_large_gap_penalty=2
[2026-02-20 18:17:45] DEBUG: 	chain_small_gap_penalty=0.5
[2026-02-20 18:17:45] DEBUG: 	chain_gap_jump_threshold=100
[2026-02-20 18:17:45] DEBUG: 	max_jump_gap=500
[2026-02-20 18:17:45] DEBUG: 	max_coverage_drop_rate=5
[2026-02-20 18:17:45] DEBUG: 	max_extensions_drop_rate=5
[2026-02-20 18:17:45] DEBUG: 	chimera_window=100
[2026-02-20 18:17:45] DEBUG: 	chimera_overhang=1000
[2026-02-20 18:17:45] DEBUG: 	min_reads_in_disjointig=4
[2026-02-20 18:17:45] DEBUG: 	max_inner_reads=10
[2026-02-20 18:17:45] DEBUG: 	max_inner_fraction=0.25
[2026-02-20 18:17:45] DEBUG: 	aggressive_dup_filter=1
[2026-02-20 18:17:45] DEBUG: 	max_separation=500
[2026-02-20 18:17:45] DEBUG: 	unique_edge_length=50000
[2026-02-20 18:17:45] DEBUG: 	min_repeat_res_support=0.51
[2026-02-20 18:17:45] DEBUG: 	out_paths_ratio=5
[2026-02-20 18:17:45] DEBUG: 	graph_cov_drop_rate=5
[2026-02-20 18:17:45] DEBUG: 	coverage_estimate_window=100
[2026-02-20 18:17:45] DEBUG: 	max_bubble_length=50000
[2026-02-20 18:17:45] DEBUG: 	loop_coverage_rate=1.5
[2026-02-20 18:17:45] DEBUG: 	repeat_edge_cov_mult=1.75
[2026-02-20 18:17:45] DEBUG: 	weak_detach_rate=5
[2026-02-20 18:17:45] DEBUG: 	tip_coverage_rate=2
[2026-02-20 18:17:45] DEBUG: 	tip_length_rate=2
[2026-02-20 18:17:45] DEBUG: 	output_gfa_before_rr=1
[2026-02-20 18:17:45] DEBUG: 	remove_alt_edges=0
[2026-02-20 18:17:45] DEBUG: 	low_cutoff_warning=0
[2026-02-20 18:17:45] DEBUG: 	kmer_size=17
[2026-02-20 18:17:45] DEBUG: 	use_minimizers=1
[2026-02-20 18:17:45] DEBUG: 	minimizer_window=10
[2026-02-20 18:17:45] DEBUG: 	reads_base_alignment=1
[2026-02-20 18:17:45] DEBUG: 	meta_read_top_kmer_rate=0.75
[2026-02-20 18:17:45] DEBUG: 	maximum_jump=1500
[2026-02-20 18:17:45] DEBUG: 	maximum_overhang=1500
[2026-02-20 18:17:45] DEBUG: 	repeat_kmer_rate=100
[2026-02-20 18:17:45] DEBUG: 	assemble_ovlp_divergence=0.03
[2026-02-20 18:17:45] DEBUG: 	assemble_divergence_relative=1
[2026-02-20 18:17:45] DEBUG: 	repeat_graph_ovlp_divergence=0.03
[2026-02-20 18:17:45] DEBUG: 	read_align_ovlp_divergence=0.10
[2026-02-20 18:17:45] DEBUG: 	hpc_scoring_on=1
[2026-02-20 18:17:45] DEBUG: 	add_unassembled_reads=0
[2026-02-20 18:17:45] DEBUG: 	extend_contigs_with_repeats=0
[2026-02-20 18:17:45] DEBUG: 	min_read_cov_cutoff=3
[2026-02-20 18:17:45] DEBUG: 	short_tip_length=20000
[2026-02-20 18:17:45] DEBUG: 	long_tip_length=100000
[2026-02-20 18:17:45] DEBUG: Running with k-mer size: 17
[2026-02-20 18:17:45] DEBUG: Selected minimum overlap 3000
[2026-02-20 18:17:45] DEBUG: Metagenome mode: Y
[2026-02-20 18:17:45] INFO: Parsing disjointigs
[2026-02-20 18:17:45] DEBUG: Building positional index
[2026-02-20 18:17:45] DEBUG: Total sequence: 5027563 bp
[2026-02-20 18:17:45] INFO: Building repeat graph
[2026-02-20 18:17:45] DEBUG: Mean k-mer frequency: 1.06058
[2026-02-20 18:17:45] DEBUG: Repetitive k-mer frequency: 106
[2026-02-20 18:17:45] DEBUG: Filtered 0 repetitive k-mers (0)
[2026-02-20 18:17:45] DEBUG: Sorting k-mer index
[2026-02-20 18:17:45] DEBUG: Selected k-mers: 861519
[2026-02-20 18:17:45] DEBUG: K-mer index size: 913712
[2026-02-20 18:17:45] DEBUG: Mean k-mer frequency: 1.06058
[2026-02-20 18:17:45] DEBUG: Minimizer rate: 5.50235
[2026-02-20 18:17:47] DEBUG: Computing transitive closure for overlaps
[2026-02-20 18:17:47] DEBUG: Found 284 overlaps
[2026-02-20 18:17:47] DEBUG: Left 120 overlaps after filtering
[2026-02-20 18:17:47] INFO: Median overlap divergence: 0.0217281
[2026-02-20 18:17:47] DEBUG: Sequence divergence distribution: 

    |*     |                                                                                             
    |*     |                                                                                             
    |*     |                                                                                             
    |*     |                                                                                             
    |*     |                                                                                             
    |*     |                                                                                             
    |*     |                                                                                             
    |*     |                                                                                             
    |*     |                                                                                             
    |*     |                                                                                             
    |*    *|                                           *                                                 
    |*    *|                                           *                                                 
    |*    *|                                           *                                                 
    |*    *|                                           *                                                 
    |*    *|                                           *                                                 
    |*** **|                                           *                                                 
    |*** **|                                           *                                                 
    |*** *** *                                         *                                                 
    |*** *** *                                         *                                                 
    |*** *** *                                         *                                                 
    ----------------------------------------------------------------------------------------------------
    0%        5%        10%       15%       20%       25%       30%       35%       40%       45%       

    Q25 = 0.002, Q50 = 0.022, Q75 = 0.033

[2026-02-20 18:17:47] DEBUG: Computing gluepoints
[2026-02-20 18:17:47] DEBUG: Added 4 gluepoint projections
[2026-02-20 18:17:47] DEBUG: Added 0 gluepoint projections
[2026-02-20 18:17:47] DEBUG: Created 152 gluepoints
[2026-02-20 18:17:47] DEBUG: Artificial loops removed: 0 left, 0 right, 6 both
[2026-02-20 18:17:47] DEBUG: Initializing edges
[2026-02-20 18:17:47] DEBUG: Edges length checksum: 1275090166
[2026-02-20 18:17:47] DEBUG: Filtered 0 singleton segments
[2026-02-20 18:17:47] DEBUG: Removed 0 simple and 0 double chimeric junctions
[2026-02-20 18:17:47] DEBUG: Collapsed 7 edges
[2026-02-20 18:17:47] DEBUG:  	30	+disjointig_1	8963	153431	144468	
[2026-02-20 18:17:47] DEBUG: *	4	+disjointig_10	0	8555	8555	
[2026-02-20 18:17:47] DEBUG: *	9	+disjointig_11	0	4575	4575	
[2026-02-20 18:17:47] DEBUG: *	10	+disjointig_12	0	8542	8542	
[2026-02-20 18:17:47] DEBUG: *	11	+disjointig_13	0	3068	3068	
[2026-02-20 18:17:47] DEBUG: *	33	+disjointig_2	72533	891148	818615	
[2026-02-20 18:17:47] DEBUG:  	34	+disjointig_2	891148	896558	5410	
[2026-02-20 18:17:47] DEBUG: *	-31	+disjointig_2	896558	1364364	467806	
[2026-02-20 18:17:47] DEBUG: *	6	+disjointig_2	1364364	1596293	231929	
[2026-02-20 18:17:47] DEBUG:  	34	+disjointig_2	1596293	1601616	5323	
[2026-02-20 18:17:47] DEBUG: *	-19	+disjointig_2	1601616	1636757	35141	
[2026-02-20 18:17:47] DEBUG:  	34	+disjointig_2	1636757	1642123	5366	
[2026-02-20 18:17:47] DEBUG: *	-18	+disjointig_2	1642123	1767157	125034	
[2026-02-20 18:17:47] DEBUG:  	34	+disjointig_2	1767157	1772592	5435	
[2026-02-20 18:17:47] DEBUG: *	-17	+disjointig_2	1772592	1861704	89112	
[2026-02-20 18:17:47] DEBUG:  	34	+disjointig_2	1861704	1867045	5341	
[2026-02-20 18:17:47] DEBUG: *	21	+disjointig_2	1867045	2381314	514269	
[2026-02-20 18:17:47] DEBUG:  	-34	+disjointig_2	2381314	2386560	5246	
[2026-02-20 18:17:47] DEBUG: *	16	+disjointig_2	2386560	3081837	695277	
[2026-02-20 18:17:47] DEBUG:  	-34	+disjointig_2	3081837	3087252	5415	
[2026-02-20 18:17:47] DEBUG: *	32	+disjointig_2	3087252	4725678	1638426	
[2026-02-20 18:17:47] DEBUG: *	22	+disjointig_3	0	3240	3240	
[2026-02-20 18:17:47] DEBUG:  	35	+disjointig_4	2032	25498	23466	
[2026-02-20 18:17:47] DEBUG: *	25	+disjointig_5	0	18533	18533	
[2026-02-20 18:17:47] DEBUG: *	26	+disjointig_6	0	4486	4486	
[2026-02-20 18:17:47] DEBUG: *	27	+disjointig_7	0	8854	8854	
[2026-02-20 18:17:47] DEBUG: *	28	+disjointig_8	0	3024	3024	
[2026-02-20 18:17:47] DEBUG: *	29	+disjointig_9	0	3905	3905	
[2026-02-20 18:17:47] DEBUG: Total edges: 35
[2026-02-20 18:17:47] INFO: Parsing reads
[2026-02-20 18:17:48] DEBUG: Building positional index
[2026-02-20 18:17:48] DEBUG: Total sequence: 414544836 bp
[2026-02-20 18:17:48] DEBUG: Building positional index
[2026-02-20 18:17:48] DEBUG: Total sequence: 4887861 bp
[2026-02-20 18:17:48] INFO: Aligning reads to the graph
[2026-02-20 18:17:48] DEBUG: Mean k-mer frequency: 1.03199
[2026-02-20 18:17:48] DEBUG: Repetitive k-mer frequency: 103
[2026-02-20 18:17:48] DEBUG: Filtered 0 repetitive k-mers (0)
[2026-02-20 18:17:48] DEBUG: Sorting k-mer index
[2026-02-20 18:17:48] DEBUG: Selected k-mers: 860728
[2026-02-20 18:17:48] DEBUG: K-mer index size: 888263
[2026-02-20 18:17:48] DEBUG: Mean k-mer frequency: 1.03199
[2026-02-20 18:17:48] DEBUG: Minimizer rate: 5.50272
[2026-02-20 18:17:59] DEBUG: Total reads : 36775
[2026-02-20 18:17:59] DEBUG: Read with aligned parts : 36432
[2026-02-20 18:17:59] DEBUG: Aligned in one piece : 36326
[2026-02-20 18:17:59] INFO: Aligned read sequence: 367630759 / 371171838 (0.99046)
[2026-02-20 18:17:59] INFO: Median overlap divergence: 0.00313401
[2026-02-20 18:17:59] DEBUG: Sequence divergence distribution: 

    |*                   |                                                                               
    |*                   |                                                                               
    |*                   |                                                                               
    |*                   |                                                                               
    |*                   |                                                                               
    |*                   |                                                                               
    |*                   |                                                                               
    |*                   |                                                                               
    |*                   |                                                                               
    |*                   |                                                                               
    |*                   |                                                                               
    |*                   |                                                                               
    |*                   |                                                                               
    |*                   |                                                                               
    |**                  |                                                                               
    |**                  |                                                                               
    |**                  |                                                                               
    |**                  |                                                                               
    |***                 |                                                                               
    |***************************  *  * *      *            *                                             
    ----------------------------------------------------------------------------------------------------
    0%        5%        10%       15%       20%       25%       30%       35%       40%       45%       

    Q25 = 0.0018, Q50 = 0.0031, Q75 = 0.0059

[2026-02-20 18:17:59] INFO: Mean edge coverage: 76
[2026-02-20 18:17:59] DEBUG: 4	len:8555	cov:3	mult:0.0394737
[2026-02-20 18:17:59] DEBUG: -4	len:8555	cov:3	mult:0.0394737
[2026-02-20 18:17:59] DEBUG: 6	len:231929	cov:84	mult:1.10526
[2026-02-20 18:17:59] DEBUG: -6	len:231929	cov:84	mult:1.10526
[2026-02-20 18:17:59] DEBUG: 9	len:4575	cov:3	mult:0.0394737
[2026-02-20 18:17:59] DEBUG: -9	len:4575	cov:3	mult:0.0394737
[2026-02-20 18:17:59] DEBUG: 10	len:8542	cov:1	mult:0.0131579
[2026-02-20 18:17:59] DEBUG: -10	len:8542	cov:1	mult:0.0131579
[2026-02-20 18:17:59] DEBUG: 11	len:3068	cov:2	mult:0.0263158
[2026-02-20 18:17:59] DEBUG: -11	len:3068	cov:2	mult:0.0263158
[2026-02-20 18:17:59] DEBUG: 16	len:695277	cov:76	mult:1
[2026-02-20 18:17:59] DEBUG: -16	len:695277	cov:76	mult:1
[2026-02-20 18:17:59] DEBUG: 17	len:89112	cov:85	mult:1.11842
[2026-02-20 18:17:59] DEBUG: -17	len:89112	cov:85	mult:1.11842
[2026-02-20 18:17:59] DEBUG: 18	len:125034	cov:80	mult:1.05263
[2026-02-20 18:17:59] DEBUG: -18	len:125034	cov:80	mult:1.05263
[2026-02-20 18:17:59] DEBUG: 19	len:35141	cov:78	mult:1.02632
[2026-02-20 18:17:59] DEBUG: -19	len:35141	cov:78	mult:1.02632
[2026-02-20 18:17:59] DEBUG: 21	len:514269	cov:86	mult:1.13158
[2026-02-20 18:17:59] DEBUG: -21	len:514269	cov:86	mult:1.13158
[2026-02-20 18:17:59] DEBUG: 22	len:3240	cov:7	mult:0.0921053
[2026-02-20 18:17:59] DEBUG: -22	len:3240	cov:7	mult:0.0921053
[2026-02-20 18:17:59] DEBUG: 25	len:18533	cov:1	mult:0.0131579
[2026-02-20 18:17:59] DEBUG: -25	len:18533	cov:1	mult:0.0131579
[2026-02-20 18:17:59] DEBUG: 26	len:4486	cov:3	mult:0.0394737
[2026-02-20 18:17:59] DEBUG: -26	len:4486	cov:3	mult:0.0394737
[2026-02-20 18:17:59] DEBUG: 27	len:8854	cov:2	mult:0.0263158
[2026-02-20 18:17:59] DEBUG: -27	len:8854	cov:2	mult:0.0263158
[2026-02-20 18:17:59] DEBUG: 28	len:3024	cov:2	mult:0.0263158
[2026-02-20 18:17:59] DEBUG: -28	len:3024	cov:2	mult:0.0263158
[2026-02-20 18:17:59] DEBUG: 29	len:3905	cov:2	mult:0.0263158
[2026-02-20 18:17:59] DEBUG: -29	len:3905	cov:2	mult:0.0263158
[2026-02-20 18:17:59] DEBUG: 30	len:72234	cov:70	mult:0.921053
[2026-02-20 18:17:59] DEBUG: -30	len:72234	cov:70	mult:0.921053
[2026-02-20 18:17:59] DEBUG: 31	len:467806	cov:80	mult:1.05263
[2026-02-20 18:17:59] DEBUG: -31	len:467806	cov:80	mult:1.05263
[2026-02-20 18:17:59] DEBUG: 32	len:1638426	cov:74	mult:0.973684
[2026-02-20 18:17:59] DEBUG: -32	len:1638426	cov:74	mult:0.973684
[2026-02-20 18:17:59] DEBUG: 33	len:818615	cov:73	mult:0.960526
[2026-02-20 18:17:59] DEBUG: -33	len:818615	cov:73	mult:0.960526
[2026-02-20 18:17:59] DEBUG: 34	len:5362	cov:547	mult:7.19737
[2026-02-20 18:17:59] DEBUG: -34	len:5362	cov:547	mult:7.19737
[2026-02-20 18:17:59] DEBUG: 35	len:3911	cov:23	mult:0.302632
[2026-02-20 18:17:59] DEBUG: -35	len:3911	cov:23	mult:0.302632
[2026-02-20 18:17:59] DEBUG: Unique coverage threshold 147
[2026-02-20 18:17:59] INFO: Simplifying the graph
[2026-02-20 18:17:59] DEBUG: Read coverage cutoff: 3
[2026-02-20 18:17:59] DEBUG: [SIMPL] Removed 6 paths with low coverage
[2026-02-20 18:17:59] DEBUG: [SIMPL] Masked 0 heterozygous loops
[2026-02-20 18:17:59] DEBUG: [SIMPL] Masked 0 simple bubbles
[2026-02-20 18:17:59] DEBUG: [SIMPL] Masked 0 roundabouts
[2026-02-20 18:17:59] DEBUG: [SIMPL] Masked 0 superbubbles
[2026-02-20 18:17:59] DEBUG: Finding repeats
[2026-02-20 18:17:59] DEBUG: Read coverage cutoff: 3
[2026-02-20 18:17:59] DEBUG: Short-loop: 35
[2026-02-20 18:17:59] DEBUG: Repeat detection iteration 1
[2026-02-20 18:17:59] DEBUG: Starting 34 aln:715
[2026-02-20 18:17:59] DEBUG: 	      -18	num:74	flank:18062	span:17
[2026-02-20 18:17:59] DEBUG: 	      -19	num:74	flank:16421	span:10
[2026-02-20 18:17:59] DEBUG: 	      -16	num:56	flank:18516	span:17
[2026-02-20 18:17:59] DEBUG: 	      21	num:79	flank:24213	span:13
[2026-02-20 18:17:59] DEBUG: 	      -17	num:68	flank:22369	span:21
[2026-02-20 18:17:59] DEBUG: 	      -31	num:65	flank:23853	span:12
[2026-02-20 18:17:59] DEBUG: 	      -21	num:61	flank:17286	span:-47
[2026-02-20 18:17:59] DEBUG: Starting -34 aln:715
[2026-02-20 18:17:59] DEBUG: 	      18	num:73	flank:26930	span:1
[2026-02-20 18:17:59] DEBUG: 	      19	num:73	flank:13977	span:1
[2026-02-20 18:17:59] DEBUG: 	      -6	num:84	flank:21076	span:14
[2026-02-20 18:17:59] DEBUG: 	      32	num:56	flank:23924	span:3
[2026-02-20 18:17:59] DEBUG: 	      16	num:67	flank:15449	span:0
[2026-02-20 18:17:59] DEBUG: 	      17	num:60	flank:29546	span:5
[2026-02-20 18:17:59] DEBUG: 	      -33	num:61	flank:29270	span:8
[2026-02-20 18:17:59] DEBUG: Mult: 34	5362	547	 (1,1)
[2026-02-20 18:17:59] DEBUG: Repeat detection iteration 2
[2026-02-20 18:17:59] DEBUG: Writing Dot
[2026-02-20 18:17:59] DEBUG: Writing FASTA
[2026-02-20 18:18:00] DEBUG: Writing Gfa
[2026-02-20 18:18:00] DEBUG: [SIMPL] Resolved 0 simple repeats
[2026-02-20 18:18:00] DEBUG: [SIMPL] == Iteration 1 ==
[2026-02-20 18:18:00] DEBUG: Splitting nodes
[2026-02-20 18:18:00] DEBUG: [SIMPL] Split 0 nodes
[2026-02-20 18:18:00] DEBUG: [SIMPL] Disconnected 0 minor paths
[2026-02-20 18:18:00] DEBUG: Tip -4 len:8555 cov:3
[2026-02-20 18:18:00] DEBUG: [SIMPL] Clipped 1 short and 0 long tips
[2026-02-20 18:18:00] DEBUG: [SIMPL] Masked 0 heterozygous loops
[2026-02-20 18:18:00] DEBUG: [SIMPL] Masked 0 simple bubbles
[2026-02-20 18:18:00] DEBUG: [SIMPL] Masked 0 roundabouts
[2026-02-20 18:18:00] DEBUG: [SIMPL] Masked 0 superbubbles
[2026-02-20 18:18:00] DEBUG: Finding repeats
[2026-02-20 18:18:00] DEBUG: Read coverage cutoff: 3
[2026-02-20 18:18:00] DEBUG: Short-loop: 35
[2026-02-20 18:18:00] DEBUG: Repeat detection iteration 1
[2026-02-20 18:18:00] DEBUG: Starting 34 aln:715
[2026-02-20 18:18:00] DEBUG: 	      -18	num:74	flank:18062	span:17
[2026-02-20 18:18:00] DEBUG: 	      -19	num:74	flank:16421	span:10
[2026-02-20 18:18:00] DEBUG: 	      -16	num:56	flank:18516	span:17
[2026-02-20 18:18:00] DEBUG: 	      21	num:79	flank:24213	span:13
[2026-02-20 18:18:00] DEBUG: 	      -17	num:68	flank:22369	span:21
[2026-02-20 18:18:00] DEBUG: 	      -31	num:65	flank:23853	span:12
[2026-02-20 18:18:00] DEBUG: 	      -21	num:61	flank:17286	span:-47
[2026-02-20 18:18:00] DEBUG: Starting -34 aln:715
[2026-02-20 18:18:00] DEBUG: 	      18	num:73	flank:26930	span:1
[2026-02-20 18:18:00] DEBUG: 	      19	num:73	flank:13977	span:1
[2026-02-20 18:18:00] DEBUG: 	      -6	num:84	flank:21076	span:14
[2026-02-20 18:18:00] DEBUG: 	      32	num:56	flank:23924	span:3
[2026-02-20 18:18:00] DEBUG: 	      16	num:67	flank:15449	span:0
[2026-02-20 18:18:00] DEBUG: 	      17	num:60	flank:29546	span:5
[2026-02-20 18:18:00] DEBUG: 	      -33	num:61	flank:29270	span:8
[2026-02-20 18:18:00] DEBUG: Mult: 34	5362	547	 (1,1)
[2026-02-20 18:18:00] DEBUG: Repeat detection iteration 2
[2026-02-20 18:18:00] DEBUG: Total unique edges: 14
[2026-02-20 18:18:00] DEBUG: 	Connection 17	18	37	1
[2026-02-20 18:18:00] DEBUG: 	Connection -16	-21	35	1
[2026-02-20 18:18:00] DEBUG: 	Connection 33	-31	31	1
[2026-02-20 18:18:00] DEBUG: 	Connection -17	21	35	1
[2026-02-20 18:18:00] DEBUG: 	Connection -32	-16	30	1
[2026-02-20 18:18:00] DEBUG: 	Connection 18	19	35	1
[2026-02-20 18:18:00] DEBUG: 	Connection 19	-6	33	1
[2026-02-20 18:18:00] DEBUG: [SIMPL] Resolved repeats: 7
[2026-02-20 18:18:00] DEBUG: RR links: 472
[2026-02-20 18:18:00] DEBUG: Unresolved: 0
[2026-02-20 18:18:00] DEBUG: Removed 0 simple and 0 double chimeric junctions
[2026-02-20 18:18:00] DEBUG: [SIMPL] == Iteration 2 ==
[2026-02-20 18:18:00] DEBUG: Splitting nodes
[2026-02-20 18:18:00] DEBUG: [SIMPL] Split 0 nodes
[2026-02-20 18:18:00] DEBUG: [SIMPL] Disconnected 0 minor paths
[2026-02-20 18:18:00] DEBUG: [SIMPL] Clipped 0 short and 0 long tips
[2026-02-20 18:18:00] DEBUG: [SIMPL] Masked 0 heterozygous loops
[2026-02-20 18:18:00] DEBUG: [SIMPL] Masked 0 simple bubbles
[2026-02-20 18:18:00] DEBUG: [SIMPL] Masked 0 roundabouts
[2026-02-20 18:18:00] DEBUG: [SIMPL] Masked 0 superbubbles
[2026-02-20 18:18:00] DEBUG: Finding repeats
[2026-02-20 18:18:00] DEBUG: Read coverage cutoff: 3
[2026-02-20 18:18:00] DEBUG: Short-loop: 35
[2026-02-20 18:18:00] DEBUG: Repeat detection iteration 1
[2026-02-20 18:18:00] DEBUG: Repeat detection iteration 2
[2026-02-20 18:18:00] DEBUG: Total unique edges: 21
[2026-02-20 18:18:00] DEBUG: [SIMPL] Resolved repeats: 0
[2026-02-20 18:18:00] DEBUG: RR links: 0
[2026-02-20 18:18:00] DEBUG: Unresolved: 0
[2026-02-20 18:18:00] DEBUG: Removed 0 simple and 0 double chimeric junctions
[2026-02-20 18:18:00] DEBUG: [SIMPL] Simplified 0 forks
[2026-02-20 18:18:00] DEBUG: [SIMPL] Collapsed 0 haplotypes
[2026-02-20 18:18:00] DEBUG: [SIMPL] Resolved 0 simple repeats
[2026-02-20 18:18:00] DEBUG: Read coverage cutoff: 3
[2026-02-20 18:18:00] DEBUG: [SIMPL] Removed 0 paths with low coverage
[2026-02-20 18:18:00] DEBUG: Finding repeats
[2026-02-20 18:18:00] DEBUG: Read coverage cutoff: 3
[2026-02-20 18:18:00] DEBUG: Short-loop: 35
[2026-02-20 18:18:00] DEBUG: Repeat detection iteration 1
[2026-02-20 18:18:00] DEBUG: Repeat detection iteration 2
[2026-02-20 18:18:00] DEBUG: Writing Dot
[2026-02-20 18:18:00] DEBUG: Writing FASTA
[2026-02-20 18:18:00] DEBUG: Peak RAM usage: 0 Gb
-----------End assembly log------------
[2026-02-20 18:18:00] root: INFO: >>>STAGE: contigger
[2026-02-20 18:18:00] root: INFO: Generating contigs
[2026-02-20 18:18:00] root: DEBUG: -----Begin contigger analyser log------
[2026-02-20 18:18:00] root: DEBUG: Running: flye-modules contigger --graph-edges /scratch/ky/characterization/results/barcode38/assembly/20-repeat/repeat_graph_edges.fasta --reads /scratch/ky/characterization/FASTQ/SQK-RBK114-96_barcode38.fastq --out-dir /scratch/ky/characterization/results/barcode38/assembly/30-contigger --config /data/softs/Miniforge3-25.11.0-0/envs/flye-2.9.6/lib/python3.12/site-packages/flye/config/bin_cfg/asm_nano_hq.cfg --repeat-graph /scratch/ky/characterization/results/barcode38/assembly/20-repeat/repeat_graph_dump --graph-aln /scratch/ky/characterization/results/barcode38/assembly/20-repeat/read_alignment_dump --log /scratch/ky/characterization/results/barcode38/assembly/flye.log --threads 16 --min-ovlp 3000
[2026-02-20 18:18:00] DEBUG: Build date: May  4 2025 23:18:25
[2026-02-20 18:18:00] DEBUG: Total RAM: 251 Gb
[2026-02-20 18:18:00] DEBUG: Available RAM: 247 Gb
[2026-02-20 18:18:00] DEBUG: Total CPUs: 32
[2026-02-20 18:18:00] DEBUG: Loading /data/softs/Miniforge3-25.11.0-0/envs/flye-2.9.6/lib/python3.12/site-packages/flye/config/bin_cfg/asm_nano_hq.cfg
[2026-02-20 18:18:00] DEBUG: Loading /data/softs/Miniforge3-25.11.0-0/envs/flye-2.9.6/lib/python3.12/site-packages/flye/config/bin_cfg/asm_defaults.cfg
[2026-02-20 18:18:00] DEBUG: 	big_genome_threshold=29000000
[2026-02-20 18:18:00] DEBUG: 	meta_read_filter_kmer_freq=100
[2026-02-20 18:18:00] DEBUG: 	chain_large_gap_penalty=2
[2026-02-20 18:18:00] DEBUG: 	chain_small_gap_penalty=0.5
[2026-02-20 18:18:00] DEBUG: 	chain_gap_jump_threshold=100
[2026-02-20 18:18:00] DEBUG: 	max_jump_gap=500
[2026-02-20 18:18:00] DEBUG: 	max_coverage_drop_rate=5
[2026-02-20 18:18:00] DEBUG: 	max_extensions_drop_rate=5
[2026-02-20 18:18:00] DEBUG: 	chimera_window=100
[2026-02-20 18:18:00] DEBUG: 	chimera_overhang=1000
[2026-02-20 18:18:00] DEBUG: 	min_reads_in_disjointig=4
[2026-02-20 18:18:00] DEBUG: 	max_inner_reads=10
[2026-02-20 18:18:00] DEBUG: 	max_inner_fraction=0.25
[2026-02-20 18:18:00] DEBUG: 	aggressive_dup_filter=1
[2026-02-20 18:18:00] DEBUG: 	max_separation=500
[2026-02-20 18:18:00] DEBUG: 	unique_edge_length=50000
[2026-02-20 18:18:00] DEBUG: 	min_repeat_res_support=0.51
[2026-02-20 18:18:00] DEBUG: 	out_paths_ratio=5
[2026-02-20 18:18:00] DEBUG: 	graph_cov_drop_rate=5
[2026-02-20 18:18:00] DEBUG: 	coverage_estimate_window=100
[2026-02-20 18:18:00] DEBUG: 	max_bubble_length=50000
[2026-02-20 18:18:00] DEBUG: 	loop_coverage_rate=1.5
[2026-02-20 18:18:00] DEBUG: 	repeat_edge_cov_mult=1.75
[2026-02-20 18:18:00] DEBUG: 	weak_detach_rate=5
[2026-02-20 18:18:00] DEBUG: 	tip_coverage_rate=2
[2026-02-20 18:18:00] DEBUG: 	tip_length_rate=2
[2026-02-20 18:18:00] DEBUG: 	output_gfa_before_rr=1
[2026-02-20 18:18:00] DEBUG: 	remove_alt_edges=0
[2026-02-20 18:18:00] DEBUG: 	low_cutoff_warning=0
[2026-02-20 18:18:00] DEBUG: 	kmer_size=17
[2026-02-20 18:18:00] DEBUG: 	use_minimizers=1
[2026-02-20 18:18:00] DEBUG: 	minimizer_window=10
[2026-02-20 18:18:00] DEBUG: 	reads_base_alignment=1
[2026-02-20 18:18:00] DEBUG: 	meta_read_top_kmer_rate=0.75
[2026-02-20 18:18:00] DEBUG: 	maximum_jump=1500
[2026-02-20 18:18:00] DEBUG: 	maximum_overhang=1500
[2026-02-20 18:18:00] DEBUG: 	repeat_kmer_rate=100
[2026-02-20 18:18:00] DEBUG: 	assemble_ovlp_divergence=0.03
[2026-02-20 18:18:00] DEBUG: 	assemble_divergence_relative=1
[2026-02-20 18:18:00] DEBUG: 	repeat_graph_ovlp_divergence=0.03
[2026-02-20 18:18:00] DEBUG: 	read_align_ovlp_divergence=0.10
[2026-02-20 18:18:00] DEBUG: 	hpc_scoring_on=1
[2026-02-20 18:18:00] DEBUG: 	add_unassembled_reads=0
[2026-02-20 18:18:00] DEBUG: 	extend_contigs_with_repeats=0
[2026-02-20 18:18:00] DEBUG: 	min_read_cov_cutoff=3
[2026-02-20 18:18:00] DEBUG: 	short_tip_length=20000
[2026-02-20 18:18:00] DEBUG: 	long_tip_length=100000
[2026-02-20 18:18:00] DEBUG: Running with k-mer size: 17
[2026-02-20 18:18:00] DEBUG: Selected minimum overlap 3000
[2026-02-20 18:18:00] INFO: Reading sequences
[2026-02-20 18:18:01] DEBUG: Building positional index
[2026-02-20 18:18:01] DEBUG: Total sequence: 414544836 bp
[2026-02-20 18:18:01] DEBUG: Flipped 0
[2026-02-20 18:18:01] DEBUG: UPath 1: 4
[2026-02-20 18:18:01] DEBUG: UPath 2: 42 -> -19 -> 41 -> -18 -> 36 -> -17 -> 39 -> 21 -> -37 -> 16 -> 40 -> 32 -> 33 -> -38 -> -31 -> 6
[2026-02-20 18:18:01] DEBUG: UPath 3: 9
[2026-02-20 18:18:01] DEBUG: UPath 4: 22
[2026-02-20 18:18:01] DEBUG: UPath 5: 26
[2026-02-20 18:18:01] DEBUG: UPath 6: 30
[2026-02-20 18:18:01] DEBUG: UPath 7: 35
[2026-02-20 18:18:01] DEBUG: Final graph contains 7 egdes
[2026-02-20 18:18:01] DEBUG: Extending contigs into repeats
[2026-02-20 18:18:01] DEBUG: Covered 0 repetitive contigs
[2026-02-20 18:18:01] INFO: Generated 7 contigs
[2026-02-20 18:18:01] DEBUG: Writing FASTA
[2026-02-20 18:18:01] DEBUG: Generating scaffold connections
[2026-02-20 18:18:01] INFO: Added 0 scaffold connections
[2026-02-20 18:18:01] DEBUG: Writing Dot
[2026-02-20 18:18:01] DEBUG: Writing FASTA
[2026-02-20 18:18:01] DEBUG: Writing Gfa
[2026-02-20 18:18:01] DEBUG: Peak RAM usage: 0 Gb
-----------End assembly log------------
[2026-02-20 18:18:01] root: INFO: >>>STAGE: polishing
[2026-02-20 18:18:01] root: INFO: Polishing genome (1/1)
[2026-02-20 18:18:01] root: INFO: Running minimap2
[2026-02-20 18:18:15] root: INFO: Separating alignment into bubbles
[2026-02-20 18:19:27] root: DEBUG: Generated 330703 bubbles
[2026-02-20 18:19:27] root: DEBUG: Split 0 long bubbles
[2026-02-20 18:19:27] root: DEBUG: Skipped 1 empty bubbles
[2026-02-20 18:19:27] root: DEBUG: Skipped 0 bubbles with long branches
[2026-02-20 18:19:27] root: INFO: Alignment error rate: 0.007342
[2026-02-20 18:19:27] root: INFO: Correcting bubbles
[2026-02-20 18:19:40] root: DEBUG: Mean contig coverage: 87, selected threshold: 3
[2026-02-20 18:19:40] root: DEBUG: Filtered 0 contigs of total length 0
[2026-02-20 18:19:40] root: DEBUG: Generating polished GFA
[2026-02-20 18:19:42] root: DEBUG: 0 sequences remained unpolished
[2026-02-20 18:19:42] root: INFO: >>>STAGE: finalize
[2026-02-20 18:19:42] root: DEBUG: ---Output dir contents:----
[2026-02-20 18:19:42] root: DEBUG: assembly/
[2026-02-20 18:19:42] root: DEBUG:     43.0 K      flye.log
[2026-02-20 18:19:42] root: DEBUG:     92.0 B      params.json
[2026-02-20 18:19:42] root: DEBUG:     1.0 K       assembly_graph.gv
[2026-02-20 18:19:42] root: DEBUG:     4.0 M       assembly_graph.gfa
[2026-02-20 18:19:42] root: DEBUG:     4.0 M       assembly.fasta
[2026-02-20 18:19:42] root: DEBUG:     00-assembly/
[2026-02-20 18:19:42] root: DEBUG:         4.0 M       draft_assembly.fasta
[2026-02-20 18:19:42] root: DEBUG:         422.0 B     draft_assembly.fasta.fai
[2026-02-20 18:19:42] root: DEBUG:     10-consensus/
[2026-02-20 18:19:42] root: DEBUG:         972.0 B     minimap.stderr
[2026-02-20 18:19:42] root: DEBUG:         84.0 K      minimap.bam.csi
[2026-02-20 18:19:42] root: DEBUG:         4.0 M       consensus.fasta
[2026-02-20 18:19:42] root: DEBUG:     20-repeat/
[2026-02-20 18:19:42] root: DEBUG:         2.0 K       graph_before_rr.gv
[2026-02-20 18:19:42] root: DEBUG:         4.0 M       graph_before_rr.fasta
[2026-02-20 18:19:42] root: DEBUG:         4.0 M       graph_before_rr.gfa
[2026-02-20 18:19:42] root: DEBUG:         3.0 K       graph_after_rr.gv
[2026-02-20 18:19:42] root: DEBUG:         5.0 K       repeat_graph_dump
[2026-02-20 18:19:42] root: DEBUG:         10.0 M      read_alignment_dump
[2026-02-20 18:19:42] root: DEBUG:         4.0 M       repeat_graph_edges.fasta
[2026-02-20 18:19:42] root: DEBUG:     30-contigger/
[2026-02-20 18:19:42] root: DEBUG:         4.0 M       contigs.fasta
[2026-02-20 18:19:42] root: DEBUG:         301.0 B     contigs_stats.txt
[2026-02-20 18:19:42] root: DEBUG:         0.0 B       scaffolds_links.txt
[2026-02-20 18:19:42] root: DEBUG:         1.0 K       graph_final.gv
[2026-02-20 18:19:42] root: DEBUG:         4.0 M       graph_final.fasta
[2026-02-20 18:19:42] root: DEBUG:         4.0 M       graph_final.gfa
[2026-02-20 18:19:42] root: DEBUG:         192.0 B     contigs.fasta.fai
[2026-02-20 18:19:42] root: DEBUG:     40-polishing/
[2026-02-20 18:19:42] root: DEBUG:         923.0 B     minimap.stderr
[2026-02-20 18:19:42] root: DEBUG:         83.0 K      minimap_1.bam.csi
[2026-02-20 18:19:42] root: DEBUG:         146.0 B     contigs_stats.txt
[2026-02-20 18:19:42] root: DEBUG:         1.0 M       base_coverage.bed.gz
[2026-02-20 18:19:42] root: DEBUG:         4.0 M       filtered_contigs.fasta
[2026-02-20 18:19:42] root: DEBUG:         146.0 B     filtered_stats.txt
[2026-02-20 18:19:42] root: DEBUG:         192.0 B     filtered_contigs.fasta.fai
[2026-02-20 18:19:42] root: DEBUG:         190.0 B     edges_aln.bam.csi
[2026-02-20 18:19:42] root: DEBUG:         4.0 M       polished_edges.gfa
[2026-02-20 18:19:42] root: DEBUG: --------------------------
[2026-02-20 18:19:42] root: INFO: Assembly statistics:

	Total length:	4750181
	Fragments:	7
	Fragments N50:	4653150
	Largest frg:	4653150
	Scaffolds:	0
	Mean coverage:	87

[2026-02-20 18:19:42] root: INFO: Final assembly: /scratch/ky/characterization/results/barcode38/assembly/assembly.fasta
