#                                                                               --- full sequence --- -------------- this domain -------------   hmm coord   ali coord   env coord
# target name           accession   tlen query name           accession   qlen   E-value  score  bias   #  of  c-Evalue  i-Evalue  score  bias  from    to  from    to  from    to  acc description of target
#   ------------------- ---------- ----- -------------------- ---------- ----- --------- ------ ----- --- --- --------- --------- ------ ----- ----- ----- ----- ----- ----- ----- ---- ---------------------
contig_17:20627-21607|+ -            327 1074831at2           -            386   0.00085   14.3   2.6   1   2     0.046       6.3    1.5   0.4    25    41    40    56    30   140 0.81 contig_17_22 # 20627 # 21607 # 1 # ID=21_22;partial=00;start_type=ATG;rbs_motif=GGA/GAG/AGG;rbs_spacer=5-10bp;gc_cont=0.371
contig_17:20627-21607|+ -            327 1074831at2           -            386   0.00085   14.3   2.6   2   2   1.8e-05    0.0025   12.8   0.1   289   353   155   227   142   238 0.75 contig_17_22 # 20627 # 21607 # 1 # ID=21_22;partial=00;start_type=ATG;rbs_motif=GGA/GAG/AGG;rbs_spacer=5-10bp;gc_cont=0.371
contig_61:23301-23588|+ -             96 1074831at2           -            386   0.00094   14.1   0.0   1   1   7.6e-06     0.001   14.0   0.0     2    54     3    57     2    76 0.87 contig_61_33 # 23301 # 23588 # 1 # ID=43_33;partial=00;start_type=TTG;rbs_motif=AGxAGG/AGGxGG;rbs_spacer=5-10bp;gc_cont=0.319
contig_50:4844-6568|-   -            575 1074831at2           -            386    0.0012   13.8   1.2   1   3      0.57        78   -2.0   0.0   230   282   213   266   205   273 0.75 contig_50_8 # 4844 # 6568 # -1 # ID=29_8;partial=00;start_type=ATG;rbs_motif=GGAG/GAGG;rbs_spacer=5-10bp;gc_cont=0.358
contig_50:4844-6568|-   -            575 1074831at2           -            386    0.0012   13.8   1.2   2   3      0.36        50   -1.4   0.4    24    41   369   386   358   395 0.80 contig_50_8 # 4844 # 6568 # -1 # ID=29_8;partial=00;start_type=ATG;rbs_motif=GGAG/GAGG;rbs_spacer=5-10bp;gc_cont=0.358
contig_50:4844-6568|-   -            575 1074831at2           -            386    0.0012   13.8   1.2   3   3   3.7e-05    0.0051   11.7   0.0   281   341   464   529   455   532 0.81 contig_50_8 # 4844 # 6568 # -1 # ID=29_8;partial=00;start_type=ATG;rbs_motif=GGAG/GAGG;rbs_spacer=5-10bp;gc_cont=0.358
contig_55:710-1411|+    -            234 1074831at2           -            386    0.0024   12.8   0.0   1   1   2.2e-05     0.003   12.5   0.0   275   331   105   161    49   180 0.86 contig_55_3 # 710 # 1411 # 1 # ID=1_3;partial=00;start_type=GTG;rbs_motif=None;rbs_spacer=None;gc_cont=0.390
contig_27:16045-16761|- -            239 1074831at2           -            386    0.0029   12.5   0.1   1   3     0.013       1.8    3.4   0.0    22    48    23    49    11    96 0.73 contig_27_16 # 16045 # 16761 # -1 # ID=11_16;partial=00;start_type=GTG;rbs_motif=None;rbs_spacer=None;gc_cont=0.367
contig_27:16045-16761|- -            239 1074831at2           -            386    0.0029   12.5   0.1   2   3      0.18        24   -0.4   0.0   190   221   100   129    95   133 0.83 contig_27_16 # 16045 # 16761 # -1 # ID=11_16;partial=00;start_type=GTG;rbs_motif=None;rbs_spacer=None;gc_cont=0.367
contig_27:16045-16761|- -            239 1074831at2           -            386    0.0029   12.5   0.1   3   3    0.0025      0.34    5.7   0.0   290   365   132   213   129   222 0.75 contig_27_16 # 16045 # 16761 # -1 # ID=11_16;partial=00;start_type=GTG;rbs_motif=None;rbs_spacer=None;gc_cont=0.367
contig_45:43375-44145|+ -            257 1074831at2           -            386    0.0054   11.7   0.3   1   2     0.053       7.3    1.4   0.2    22    40    29    47    19    59 0.83 contig_45_47 # 43375 # 44145 # 1 # ID=33_47;partial=00;start_type=ATG;rbs_motif=GGA/GAG/AGG;rbs_spacer=11-12bp;gc_cont=0.348
contig_45:43375-44145|+ -            257 1074831at2           -            386    0.0054   11.7   0.3   2   2   0.00048     0.066    8.1   0.0   277   315   125   163    62   166 0.82 contig_45_47 # 43375 # 44145 # 1 # ID=33_47;partial=00;start_type=ATG;rbs_motif=GGA/GAG/AGG;rbs_spacer=11-12bp;gc_cont=0.348
contig_50:6571-8286|-   -            572 1074831at2           -            386     0.022    9.6   9.7   1   4       1.2   1.6e+02   -3.1   0.0   243   278   179   214   178   225 0.79 contig_50_9 # 6571 # 8286 # -1 # ID=29_9;partial=00;start_type=ATG;rbs_motif=GGAG/GAGG;rbs_spacer=5-10bp;gc_cont=0.354
contig_50:6571-8286|-   -            572 1074831at2           -            386     0.022    9.6   9.7   2   4     0.022         3    2.6   0.8   183   237   296   349   289   356 0.87 contig_50_9 # 6571 # 8286 # -1 # ID=29_9;partial=00;start_type=ATG;rbs_motif=GGAG/GAGG;rbs_spacer=5-10bp;gc_cont=0.354
contig_50:6571-8286|-   -            572 1074831at2           -            386     0.022    9.6   9.7   3   4   4.9e-05    0.0067   11.3   0.3    26    63   368   405   362   413 0.88 contig_50_9 # 6571 # 8286 # -1 # ID=29_9;partial=00;start_type=ATG;rbs_motif=GGAG/GAGG;rbs_spacer=5-10bp;gc_cont=0.354
contig_50:6571-8286|-   -            572 1074831at2           -            386     0.022    9.6   9.7   4   4      0.33        45   -1.3   0.0   288   309   471   492   460   503 0.56 contig_50_9 # 6571 # 8286 # -1 # ID=29_9;partial=00;start_type=ATG;rbs_motif=GGAG/GAGG;rbs_spacer=5-10bp;gc_cont=0.354
#
# Program:         hmmsearch
# Version:         3.4 (Aug 2023)
# Pipeline mode:   SEARCH
# Query file:      /scratch/ky/characterization/busco_downloads/lineages/bacteria_odb10/hmms/1074831at2.hmm
# Target file:     /scratch/ky/characterization/results/barcode05/polishing/busco_out/busco_barcode05/barcode02.fasta/prodigal_output/predicted_genes/predicted.faa
# Option settings: hmmsearch --domtblout /scratch/ky/characterization/results/barcode05/polishing/busco_out/busco_barcode05/barcode02.fasta/run_bacteria_odb10/hmmer_output/1074831at2.out --cpu 1 /scratch/ky/characterization/busco_downloads/lineages/bacteria_odb10/hmms/1074831at2.hmm /scratch/ky/characterization/results/barcode05/polishing/busco_out/busco_barcode05/barcode02.fasta/prodigal_output/predicted_genes/predicted.faa 
# Current dir:     /scratch/ky/characterization
# Date:            Thu Mar 12 12:04:04 2026
# [ok]
