[2026-02-20 18:19:43] root: INFO: Starting Flye 2.9.6-b1802
[2026-02-20 18:19:43] root: DEBUG: Cmd: /data/softs/Miniforge3-25.11.0-0/envs/flye-2.9.6/bin/flye --meta --nano-hq /scratch/ky/characterization/FASTQ/SQK-RBK114-96_barcode39.fastq -o /scratch/ky/characterization/results/barcode39/assembly/ -t 16
[2026-02-20 18:19:43] root: DEBUG: Python version: 3.12.12 | packaged by conda-forge | (main, Jan 26 2026, 23:51:32) [GCC 14.3.0]
[2026-02-20 18:19:43] root: INFO: >>>STAGE: configure
[2026-02-20 18:19:43] root: INFO: Configuring run
[2026-02-20 18:19:45] root: INFO: Total read length: 661660206
[2026-02-20 18:19:45] root: INFO: Reads N50/N90: 10045 / 2491
[2026-02-20 18:19:45] root: INFO: Minimum overlap set to 2000
[2026-02-20 18:19:45] root: INFO: >>>STAGE: assembly
[2026-02-20 18:19:45] root: INFO: Assembling disjointigs
[2026-02-20 18:19:45] root: DEBUG: -----Begin assembly log------
[2026-02-20 18:19:45] root: DEBUG: Running: flye-modules assemble --reads /scratch/ky/characterization/FASTQ/SQK-RBK114-96_barcode39.fastq --out-asm /scratch/ky/characterization/results/barcode39/assembly/00-assembly/draft_assembly.fasta --config /data/softs/Miniforge3-25.11.0-0/envs/flye-2.9.6/lib/python3.12/site-packages/flye/config/bin_cfg/asm_nano_hq.cfg --log /scratch/ky/characterization/results/barcode39/assembly/flye.log --threads 16 --meta --min-ovlp 2000
[2026-02-20 18:19:45] DEBUG: Build date: May  4 2025 23:17:52
[2026-02-20 18:19:45] DEBUG: Total RAM: 251 Gb
[2026-02-20 18:19:45] DEBUG: Available RAM: 247 Gb
[2026-02-20 18:19:45] DEBUG: Total CPUs: 32
[2026-02-20 18:19:45] DEBUG: Loading /data/softs/Miniforge3-25.11.0-0/envs/flye-2.9.6/lib/python3.12/site-packages/flye/config/bin_cfg/asm_nano_hq.cfg
[2026-02-20 18:19:45] DEBUG: Loading /data/softs/Miniforge3-25.11.0-0/envs/flye-2.9.6/lib/python3.12/site-packages/flye/config/bin_cfg/asm_defaults.cfg
[2026-02-20 18:19:45] DEBUG: 	big_genome_threshold=29000000
[2026-02-20 18:19:45] DEBUG: 	meta_read_filter_kmer_freq=100
[2026-02-20 18:19:45] DEBUG: 	chain_large_gap_penalty=2
[2026-02-20 18:19:45] DEBUG: 	chain_small_gap_penalty=0.5
[2026-02-20 18:19:45] DEBUG: 	chain_gap_jump_threshold=100
[2026-02-20 18:19:45] DEBUG: 	max_jump_gap=500
[2026-02-20 18:19:45] DEBUG: 	max_coverage_drop_rate=5
[2026-02-20 18:19:45] DEBUG: 	max_extensions_drop_rate=5
[2026-02-20 18:19:45] DEBUG: 	chimera_window=100
[2026-02-20 18:19:45] DEBUG: 	chimera_overhang=1000
[2026-02-20 18:19:45] DEBUG: 	min_reads_in_disjointig=4
[2026-02-20 18:19:45] DEBUG: 	max_inner_reads=10
[2026-02-20 18:19:45] DEBUG: 	max_inner_fraction=0.25
[2026-02-20 18:19:45] DEBUG: 	aggressive_dup_filter=1
[2026-02-20 18:19:45] DEBUG: 	max_separation=500
[2026-02-20 18:19:45] DEBUG: 	unique_edge_length=50000
[2026-02-20 18:19:45] DEBUG: 	min_repeat_res_support=0.51
[2026-02-20 18:19:45] DEBUG: 	out_paths_ratio=5
[2026-02-20 18:19:45] DEBUG: 	graph_cov_drop_rate=5
[2026-02-20 18:19:45] DEBUG: 	coverage_estimate_window=100
[2026-02-20 18:19:45] DEBUG: 	max_bubble_length=50000
[2026-02-20 18:19:45] DEBUG: 	loop_coverage_rate=1.5
[2026-02-20 18:19:45] DEBUG: 	repeat_edge_cov_mult=1.75
[2026-02-20 18:19:45] DEBUG: 	weak_detach_rate=5
[2026-02-20 18:19:45] DEBUG: 	tip_coverage_rate=2
[2026-02-20 18:19:45] DEBUG: 	tip_length_rate=2
[2026-02-20 18:19:45] DEBUG: 	output_gfa_before_rr=1
[2026-02-20 18:19:45] DEBUG: 	remove_alt_edges=0
[2026-02-20 18:19:45] DEBUG: 	low_cutoff_warning=0
[2026-02-20 18:19:45] DEBUG: 	kmer_size=17
[2026-02-20 18:19:45] DEBUG: 	use_minimizers=1
[2026-02-20 18:19:45] DEBUG: 	minimizer_window=10
[2026-02-20 18:19:45] DEBUG: 	reads_base_alignment=1
[2026-02-20 18:19:45] DEBUG: 	meta_read_top_kmer_rate=0.75
[2026-02-20 18:19:45] DEBUG: 	maximum_jump=1500
[2026-02-20 18:19:45] DEBUG: 	maximum_overhang=1500
[2026-02-20 18:19:45] DEBUG: 	repeat_kmer_rate=100
[2026-02-20 18:19:45] DEBUG: 	assemble_ovlp_divergence=0.03
[2026-02-20 18:19:45] DEBUG: 	assemble_divergence_relative=1
[2026-02-20 18:19:45] DEBUG: 	repeat_graph_ovlp_divergence=0.03
[2026-02-20 18:19:45] DEBUG: 	read_align_ovlp_divergence=0.10
[2026-02-20 18:19:45] DEBUG: 	hpc_scoring_on=1
[2026-02-20 18:19:45] DEBUG: 	add_unassembled_reads=0
[2026-02-20 18:19:45] DEBUG: 	extend_contigs_with_repeats=0
[2026-02-20 18:19:45] DEBUG: 	min_read_cov_cutoff=3
[2026-02-20 18:19:45] DEBUG: 	short_tip_length=20000
[2026-02-20 18:19:45] DEBUG: 	long_tip_length=100000
[2026-02-20 18:19:45] DEBUG: Running with k-mer size: 17
[2026-02-20 18:19:45] DEBUG: Running with minimum overlap 2000
[2026-02-20 18:19:45] DEBUG: Metagenome mode: Y
[2026-02-20 18:19:45] DEBUG: Short mode: N
[2026-02-20 18:19:45] INFO: Reading sequences
[2026-02-20 18:19:47] DEBUG: Building positional index
[2026-02-20 18:19:47] DEBUG: Total sequence: 612765771 bp
[2026-02-20 18:19:47] INFO: Building minimizer index
[2026-02-20 18:19:47] INFO: Pre-calculating index storage
[2026-02-20 18:19:50] DEBUG: Mean k-mer frequency: 18.1734
[2026-02-20 18:19:50] DEBUG: Repetitive k-mer frequency: 1817
[2026-02-20 18:19:50] DEBUG: Filtered 167698 repetitive k-mers (0.00150905)
[2026-02-20 18:19:50] INFO: Filling index
[2026-02-20 18:19:53] DEBUG: Sorting k-mer index
[2026-02-20 18:19:54] DEBUG: Selected k-mers: 6114867
[2026-02-20 18:19:54] DEBUG: K-mer index size: 110960700
[2026-02-20 18:19:54] DEBUG: Mean k-mer frequency: 18.1461
[2026-02-20 18:19:54] DEBUG: Minimizer rate: 5.52237
[2026-02-20 18:19:54] DEBUG: Peak RAM usage: 1 Gb
[2026-02-20 18:19:54] DEBUG: Estimating k-mer identity bias
[2026-02-20 18:19:59] DEBUG: Initial divergence estimate : 0.00742115
[2026-02-20 18:19:59] DEBUG: Relative threshold: Y
[2026-02-20 18:19:59] DEBUG: Max divergence threshold set to 0.0374211
[2026-02-20 18:19:59] INFO: Extending reads
[2026-02-20 18:19:59] DEBUG: Estimating overlap coverage
[2026-02-20 18:21:08] INFO: Overlap-based coverage: 121
[2026-02-20 18:21:08] INFO: Median overlap divergence: 0.00766871
[2026-02-20 18:21:08] DEBUG: Sequence divergence distribution: 

    | *     |                                                                                            
    | *     |                                                                                            
    | *     |                                                                                            
    | *     |                                                                                            
    |**     |                                                                                            
    |**     |                                                                                            
    |**     |                                                                                            
    |**     |                                                                                            
    |**     |                                                                                            
    |**     |                                                                                            
    |**     |                                                                                            
    |***    |                                                                                            
    |***    |                                                                                            
    |***    |                                                                                            
    |***    |                                                                                            
    |****   |                                                                                            
    |****   |                                                                                            
    |*****  |                                                                                            
    |*******|                                                                                            
    |**************** *** *** **                                                                         
    ----------------------------------------------------------------------------------------------------
    0%        5%        10%       15%       20%       25%       30%       35%       40%       45%       

    Q25 = 0.0047, Q50 = 0.0077, Q75 = 0.014

[2026-02-20 18:21:50] DEBUG: Assembled disjointig 1
	With 645 reads
	Start read: +b3ff63b2-a944-4c67-8a65-ade0cc2f309c
	At position: 641
	leftTip: 1 rightTip: 0
	Suspicious: 0
	Short ext: 0
	Mean extensions: 84
	Avg overlap len: 27740
	Min overlap len: 4897
	Inner reads: 0
	Length: 4679628
[2026-02-20 18:21:51] DEBUG: Inner: 148760 covered: 148854 total: 154414
[2026-02-20 18:21:51] DEBUG: Discarded disjointig with 246 reads and 244 inner overlaps
[2026-02-20 18:21:51] DEBUG: Discarded disjointig with 632 reads and 630 inner overlaps
[2026-02-20 18:21:51] DEBUG: Discarded disjointig with 306 reads and 304 inner overlaps
[2026-02-20 18:21:51] DEBUG: Discarded disjointig with 454 reads and 452 inner overlaps
[2026-02-20 18:21:51] DEBUG: Discarded disjointig with 590 reads and 588 inner overlaps
[2026-02-20 18:21:51] DEBUG: Discarded disjointig with 643 reads and 641 inner overlaps
[2026-02-20 18:21:51] DEBUG: Discarded disjointig with 300 reads and 298 inner overlaps
[2026-02-20 18:21:51] DEBUG: Discarded disjointig with 639 reads and 637 inner overlaps
[2026-02-20 18:21:51] DEBUG: Discarded disjointig with 243 reads and 241 inner overlaps
[2026-02-20 18:21:51] DEBUG: Discarded disjointig with 345 reads and 343 inner overlaps
[2026-02-20 18:21:51] DEBUG: Discarded disjointig with 641 reads and 639 inner overlaps
[2026-02-20 18:21:51] DEBUG: Discarded disjointig with 543 reads and 541 inner overlaps
[2026-02-20 18:21:51] DEBUG: Discarded disjointig with 281 reads and 279 inner overlaps
[2026-02-20 18:21:51] DEBUG: Discarded disjointig with 642 reads and 640 inner overlaps
[2026-02-20 18:21:51] DEBUG: Discarded disjointig with 641 reads and 639 inner overlaps
[2026-02-20 18:21:52] DEBUG: Assembled disjointig 2
	With 13 reads
	Start read: +91a2db75-af90-4445-918c-75a5a5174f88
	At position: 8
	leftTip: 0 rightTip: 0
	Suspicious: 0
	Short ext: 0
	Mean extensions: 69
	Avg overlap len: 21950
	Min overlap len: 4911
	Inner reads: 0
	Length: 162082
[2026-02-20 18:21:52] DEBUG: Inner: 150162 covered: 150354 total: 154414
[2026-02-20 18:21:52] DEBUG: Discarded disjointig with 6 reads and 4 inner overlaps
[2026-02-20 18:21:52] DEBUG: Discarded disjointig with 11 reads and 9 inner overlaps
[2026-02-20 18:21:52] DEBUG: Discarded disjointig with 11 reads and 9 inner overlaps
[2026-02-20 18:21:53] DEBUG: Discarded disjointig with 14 reads and 12 inner overlaps
[2026-02-20 18:21:53] DEBUG: Discarded disjointig with 5 reads and 3 inner overlaps
[2026-02-20 18:21:53] DEBUG: Discarded disjointig with 10 reads and 8 inner overlaps
[2026-02-20 18:21:53] DEBUG: Discarded disjointig with 12 reads and 10 inner overlaps
[2026-02-20 18:21:53] DEBUG: Discarded disjointig with 10 reads and 8 inner overlaps
[2026-02-20 18:21:53] DEBUG: Discarded disjointig with 9 reads and 7 inner overlaps
[2026-02-20 18:21:53] DEBUG: Discarded disjointig with 9 reads and 7 inner overlaps
[2026-02-20 18:21:53] DEBUG: Discarded disjointig with 5 reads and 3 inner overlaps
[2026-02-20 18:21:53] DEBUG: Discarded disjointig with 13 reads and 11 inner overlaps
[2026-02-20 18:21:53] DEBUG: Discarded disjointig with 5 reads and 3 inner overlaps
[2026-02-20 18:21:53] DEBUG: Discarded disjointig with 8 reads and 6 inner overlaps
[2026-02-20 18:21:53] DEBUG: Discarded disjointig with 9 reads and 7 inner overlaps
[2026-02-20 18:22:03] INFO: Assembled 2 disjointigs
[2026-02-20 18:22:04] INFO: Generating sequence
[2026-02-20 18:22:04] DEBUG: Building positional index
[2026-02-20 18:22:04] DEBUG: Total sequence: 4841785 bp
[2026-02-20 18:22:04] DEBUG: Mean k-mer frequency: 1.0356
[2026-02-20 18:22:04] DEBUG: Repetitive k-mer frequency: 103
[2026-02-20 18:22:04] DEBUG: Filtered 0 repetitive k-mers (0)
[2026-02-20 18:22:04] DEBUG: Sorting k-mer index
[2026-02-20 18:22:04] DEBUG: Selected k-mers: 849465
[2026-02-20 18:22:04] DEBUG: K-mer index size: 879703
[2026-02-20 18:22:04] DEBUG: Mean k-mer frequency: 1.0356
[2026-02-20 18:22:04] DEBUG: Minimizer rate: 5.50389
[2026-02-20 18:22:04] INFO: Filtering contained disjointigs
[2026-02-20 18:22:05] DEBUG: Computing transitive closure for overlaps
[2026-02-20 18:22:05] DEBUG: Found 8 overlaps
[2026-02-20 18:22:05] DEBUG: Left 8 overlaps after filtering
[2026-02-20 18:22:05] INFO: Contained seqs: 0
[2026-02-20 18:22:05] DEBUG: Writing FASTA
[2026-02-20 18:22:05] DEBUG: Peak RAM usage: 1 Gb
-----------End assembly log------------
[2026-02-20 18:22:06] root: DEBUG: Disjointigs length: 4841785, N50: 4679594
[2026-02-20 18:22:06] root: INFO: >>>STAGE: consensus
[2026-02-20 18:22:06] root: INFO: Running Minimap2
[2026-02-20 18:22:27] root: INFO: Computing consensus
[2026-02-20 18:23:47] root: INFO: Alignment error rate: 0.012260
[2026-02-20 18:23:47] root: INFO: >>>STAGE: repeat
[2026-02-20 18:23:47] root: INFO: Building and resolving repeat graph
[2026-02-20 18:23:47] root: DEBUG: -----Begin repeat analyser log------
[2026-02-20 18:23:47] root: DEBUG: Running: flye-modules repeat --disjointigs /scratch/ky/characterization/results/barcode39/assembly/10-consensus/consensus.fasta --reads /scratch/ky/characterization/FASTQ/SQK-RBK114-96_barcode39.fastq --out-dir /scratch/ky/characterization/results/barcode39/assembly/20-repeat --config /data/softs/Miniforge3-25.11.0-0/envs/flye-2.9.6/lib/python3.12/site-packages/flye/config/bin_cfg/asm_nano_hq.cfg --log /scratch/ky/characterization/results/barcode39/assembly/flye.log --threads 16 --meta --min-ovlp 2000
[2026-02-20 18:23:47] DEBUG: Build date: May  4 2025 23:18:08
[2026-02-20 18:23:47] DEBUG: Total RAM: 251 Gb
[2026-02-20 18:23:47] DEBUG: Available RAM: 248 Gb
[2026-02-20 18:23:47] DEBUG: Total CPUs: 32
[2026-02-20 18:23:47] DEBUG: Loading /data/softs/Miniforge3-25.11.0-0/envs/flye-2.9.6/lib/python3.12/site-packages/flye/config/bin_cfg/asm_nano_hq.cfg
[2026-02-20 18:23:47] DEBUG: Loading /data/softs/Miniforge3-25.11.0-0/envs/flye-2.9.6/lib/python3.12/site-packages/flye/config/bin_cfg/asm_defaults.cfg
[2026-02-20 18:23:47] DEBUG: 	big_genome_threshold=29000000
[2026-02-20 18:23:47] DEBUG: 	meta_read_filter_kmer_freq=100
[2026-02-20 18:23:47] DEBUG: 	chain_large_gap_penalty=2
[2026-02-20 18:23:47] DEBUG: 	chain_small_gap_penalty=0.5
[2026-02-20 18:23:47] DEBUG: 	chain_gap_jump_threshold=100
[2026-02-20 18:23:47] DEBUG: 	max_jump_gap=500
[2026-02-20 18:23:47] DEBUG: 	max_coverage_drop_rate=5
[2026-02-20 18:23:47] DEBUG: 	max_extensions_drop_rate=5
[2026-02-20 18:23:47] DEBUG: 	chimera_window=100
[2026-02-20 18:23:47] DEBUG: 	chimera_overhang=1000
[2026-02-20 18:23:47] DEBUG: 	min_reads_in_disjointig=4
[2026-02-20 18:23:47] DEBUG: 	max_inner_reads=10
[2026-02-20 18:23:47] DEBUG: 	max_inner_fraction=0.25
[2026-02-20 18:23:47] DEBUG: 	aggressive_dup_filter=1
[2026-02-20 18:23:47] DEBUG: 	max_separation=500
[2026-02-20 18:23:47] DEBUG: 	unique_edge_length=50000
[2026-02-20 18:23:47] DEBUG: 	min_repeat_res_support=0.51
[2026-02-20 18:23:47] DEBUG: 	out_paths_ratio=5
[2026-02-20 18:23:47] DEBUG: 	graph_cov_drop_rate=5
[2026-02-20 18:23:47] DEBUG: 	coverage_estimate_window=100
[2026-02-20 18:23:47] DEBUG: 	max_bubble_length=50000
[2026-02-20 18:23:47] DEBUG: 	loop_coverage_rate=1.5
[2026-02-20 18:23:47] DEBUG: 	repeat_edge_cov_mult=1.75
[2026-02-20 18:23:47] DEBUG: 	weak_detach_rate=5
[2026-02-20 18:23:47] DEBUG: 	tip_coverage_rate=2
[2026-02-20 18:23:47] DEBUG: 	tip_length_rate=2
[2026-02-20 18:23:47] DEBUG: 	output_gfa_before_rr=1
[2026-02-20 18:23:47] DEBUG: 	remove_alt_edges=0
[2026-02-20 18:23:47] DEBUG: 	low_cutoff_warning=0
[2026-02-20 18:23:47] DEBUG: 	kmer_size=17
[2026-02-20 18:23:47] DEBUG: 	use_minimizers=1
[2026-02-20 18:23:47] DEBUG: 	minimizer_window=10
[2026-02-20 18:23:47] DEBUG: 	reads_base_alignment=1
[2026-02-20 18:23:47] DEBUG: 	meta_read_top_kmer_rate=0.75
[2026-02-20 18:23:47] DEBUG: 	maximum_jump=1500
[2026-02-20 18:23:47] DEBUG: 	maximum_overhang=1500
[2026-02-20 18:23:47] DEBUG: 	repeat_kmer_rate=100
[2026-02-20 18:23:47] DEBUG: 	assemble_ovlp_divergence=0.03
[2026-02-20 18:23:47] DEBUG: 	assemble_divergence_relative=1
[2026-02-20 18:23:47] DEBUG: 	repeat_graph_ovlp_divergence=0.03
[2026-02-20 18:23:47] DEBUG: 	read_align_ovlp_divergence=0.10
[2026-02-20 18:23:47] DEBUG: 	hpc_scoring_on=1
[2026-02-20 18:23:47] DEBUG: 	add_unassembled_reads=0
[2026-02-20 18:23:47] DEBUG: 	extend_contigs_with_repeats=0
[2026-02-20 18:23:47] DEBUG: 	min_read_cov_cutoff=3
[2026-02-20 18:23:47] DEBUG: 	short_tip_length=20000
[2026-02-20 18:23:47] DEBUG: 	long_tip_length=100000
[2026-02-20 18:23:47] DEBUG: Running with k-mer size: 17
[2026-02-20 18:23:47] DEBUG: Selected minimum overlap 2000
[2026-02-20 18:23:47] DEBUG: Metagenome mode: Y
[2026-02-20 18:23:47] INFO: Parsing disjointigs
[2026-02-20 18:23:47] DEBUG: Building positional index
[2026-02-20 18:23:47] DEBUG: Total sequence: 4840723 bp
[2026-02-20 18:23:47] INFO: Building repeat graph
[2026-02-20 18:23:48] DEBUG: Mean k-mer frequency: 1.03704
[2026-02-20 18:23:48] DEBUG: Repetitive k-mer frequency: 103
[2026-02-20 18:23:48] DEBUG: Filtered 0 repetitive k-mers (0)
[2026-02-20 18:23:48] DEBUG: Sorting k-mer index
[2026-02-20 18:23:48] DEBUG: Selected k-mers: 848338
[2026-02-20 18:23:48] DEBUG: K-mer index size: 879763
[2026-02-20 18:23:48] DEBUG: Mean k-mer frequency: 1.03704
[2026-02-20 18:23:48] DEBUG: Minimizer rate: 5.5023
[2026-02-20 18:23:49] DEBUG: Computing transitive closure for overlaps
[2026-02-20 18:23:49] DEBUG: Found 240 overlaps
[2026-02-20 18:23:49] DEBUG: Left 100 overlaps after filtering
[2026-02-20 18:23:49] INFO: Median overlap divergence: 0.0294044
[2026-02-20 18:23:49] DEBUG: Sequence divergence distribution: 

    |*     |                                                                                             
    |*     |                                                                                             
    |*     |                                                                                             
    |*     |                                                                                             
    |*     |                                                                                             
    |*     |                                                                                             
    |*     |                                                                                             
    |*     |                                                                                             
    |*     |                                           *                                                 
    |*     |                                           *                                                 
    |*     |                                           *                                                 
    |*    *|                                           *                                                 
    |*    *|                                           *                                                 
    |*    *|                                           *                                                 
    |**   *|                                           *                                                 
    |**   *|                                           *                                                 
    |**   *|                                           *                                                 
    |**   ** *                                         *                 *                               
    |**   ** *                                         *                 *                               
    |**   ** *                                         *                 *                               
    ----------------------------------------------------------------------------------------------------
    0%        5%        10%       15%       20%       25%       30%       35%       40%       45%       

    Q25 = 0.0028, Q50 = 0.029, Q75 = 0.25

[2026-02-20 18:23:49] DEBUG: Computing gluepoints
[2026-02-20 18:23:49] DEBUG: Added 0 gluepoint projections
[2026-02-20 18:23:49] DEBUG: Created 70 gluepoints
[2026-02-20 18:23:49] DEBUG: Artificial loops removed: 0 left, 0 right, 0 both
[2026-02-20 18:23:49] DEBUG: Initializing edges
[2026-02-20 18:23:49] DEBUG: Edges length checksum: 72269674
[2026-02-20 18:23:49] DEBUG: Filtered 0 singleton segments
[2026-02-20 18:23:49] DEBUG: Removed 0 simple and 0 double chimeric junctions
[2026-02-20 18:23:49] DEBUG: Collapsed 4 edges
[2026-02-20 18:23:49] DEBUG: *	18	+disjointig_1	28814	398055	369241	
[2026-02-20 18:23:49] DEBUG:  	19	+disjointig_1	398055	403465	5410	
[2026-02-20 18:23:49] DEBUG: *	-9	+disjointig_1	403465	1103201	699736	
[2026-02-20 18:23:49] DEBUG:  	19	+disjointig_1	1103201	1108524	5323	
[2026-02-20 18:23:49] DEBUG: *	-8	+disjointig_1	1108524	1143666	35142	
[2026-02-20 18:23:49] DEBUG:  	19	+disjointig_1	1143666	1149032	5366	
[2026-02-20 18:23:49] DEBUG: *	-7	+disjointig_1	1149032	1274066	125034	
[2026-02-20 18:23:49] DEBUG:  	19	+disjointig_1	1274066	1279501	5435	
[2026-02-20 18:23:49] DEBUG: *	-6	+disjointig_1	1279501	1368613	89112	
[2026-02-20 18:23:49] DEBUG:  	19	+disjointig_1	1368613	1373954	5341	
[2026-02-20 18:23:49] DEBUG: *	11	+disjointig_1	1373954	1888223	514269	
[2026-02-20 18:23:49] DEBUG:  	-19	+disjointig_1	1888223	1893468	5245	
[2026-02-20 18:23:49] DEBUG: *	5	+disjointig_1	1893468	2588744	695276	
[2026-02-20 18:23:49] DEBUG:  	-19	+disjointig_1	2588744	2594159	5415	
[2026-02-20 18:23:49] DEBUG: *	17	+disjointig_1	2594159	4681932	2087773	
[2026-02-20 18:23:49] DEBUG: *	15	+disjointig_2	32718	34990	2272	
[2026-02-20 18:23:49] DEBUG: *	20	+disjointig_2	34990	102745	67755	
[2026-02-20 18:23:49] DEBUG: *	16	+disjointig_2	102745	108361	5616	
[2026-02-20 18:23:49] DEBUG: Total edges: 20
[2026-02-20 18:23:49] INFO: Parsing reads
[2026-02-20 18:23:51] DEBUG: Building positional index
[2026-02-20 18:23:51] DEBUG: Total sequence: 661660206 bp
[2026-02-20 18:23:51] DEBUG: Building positional index
[2026-02-20 18:23:51] DEBUG: Total sequence: 4728761 bp
[2026-02-20 18:23:51] INFO: Aligning reads to the graph
[2026-02-20 18:23:51] DEBUG: Mean k-mer frequency: 1.01345
[2026-02-20 18:23:51] DEBUG: Repetitive k-mer frequency: 101
[2026-02-20 18:23:51] DEBUG: Filtered 0 repetitive k-mers (0)
[2026-02-20 18:23:51] DEBUG: Sorting k-mer index
[2026-02-20 18:23:51] DEBUG: Selected k-mers: 847984
[2026-02-20 18:23:51] DEBUG: K-mer index size: 859392
[2026-02-20 18:23:51] DEBUG: Mean k-mer frequency: 1.01345
[2026-02-20 18:23:51] DEBUG: Minimizer rate: 5.50245
[2026-02-20 18:24:09] DEBUG: Total reads : 77207
[2026-02-20 18:24:09] DEBUG: Read with aligned parts : 76546
[2026-02-20 18:24:09] DEBUG: Aligned in one piece : 76362
[2026-02-20 18:24:09] INFO: Aligned read sequence: 606703631 / 612765771 (0.990107)
[2026-02-20 18:24:09] INFO: Median overlap divergence: 0.00316858
[2026-02-20 18:24:09] DEBUG: Sequence divergence distribution: 

    |*                   |                                                                               
    |*                   |                                                                               
    |*                   |                                                                               
    |*                   |                                                                               
    |*                   |                                                                               
    |*                   |                                                                               
    |*                   |                                                                               
    |*                   |                                                                               
    |*                   |                                                                               
    |*                   |                                                                               
    |*                   |                                                                               
    |*                   |                                                                               
    |*                   |                                                                               
    |*                   |                                                                               
    |**                  |                                                                               
    |**                  |                                                                               
    |**                  |                                                                               
    |**                  |                                                                               
    |***                 |                                                                               
    |******************************** ***   * *            **                                            
    ----------------------------------------------------------------------------------------------------
    0%        5%        10%       15%       20%       25%       30%       35%       40%       45%       

    Q25 = 0.0018, Q50 = 0.0032, Q75 = 0.0061

[2026-02-20 18:24:09] INFO: Mean edge coverage: 127
[2026-02-20 18:24:09] DEBUG: 5	len:695276	cov:132	mult:1.03937
[2026-02-20 18:24:09] DEBUG: -5	len:695276	cov:132	mult:1.03937
[2026-02-20 18:24:09] DEBUG: 6	len:89112	cov:124	mult:0.976378
[2026-02-20 18:24:09] DEBUG: -6	len:89112	cov:124	mult:0.976378
[2026-02-20 18:24:09] DEBUG: 7	len:125034	cov:126	mult:0.992126
[2026-02-20 18:24:09] DEBUG: -7	len:125034	cov:126	mult:0.992126
[2026-02-20 18:24:09] DEBUG: 8	len:35142	cov:112	mult:0.88189
[2026-02-20 18:24:09] DEBUG: -8	len:35142	cov:112	mult:0.88189
[2026-02-20 18:24:09] DEBUG: 9	len:699736	cov:127	mult:1
[2026-02-20 18:24:09] DEBUG: -9	len:699736	cov:127	mult:1
[2026-02-20 18:24:09] DEBUG: 11	len:514269	cov:129	mult:1.01575
[2026-02-20 18:24:09] DEBUG: -11	len:514269	cov:129	mult:1.01575
[2026-02-20 18:24:09] DEBUG: 15	len:2272	cov:0	mult:0
[2026-02-20 18:24:09] DEBUG: -15	len:2272	cov:0	mult:0
[2026-02-20 18:24:09] DEBUG: 16	len:5616	cov:110	mult:0.866142
[2026-02-20 18:24:09] DEBUG: -16	len:5616	cov:110	mult:0.866142
[2026-02-20 18:24:09] DEBUG: 17	len:2087773	cov:125	mult:0.984252
[2026-02-20 18:24:09] DEBUG: -17	len:2087773	cov:125	mult:0.984252
[2026-02-20 18:24:09] DEBUG: 18	len:369241	cov:122	mult:0.96063
[2026-02-20 18:24:09] DEBUG: -18	len:369241	cov:122	mult:0.96063
[2026-02-20 18:24:09] DEBUG: 19	len:5362	cov:837	mult:6.59055
[2026-02-20 18:24:09] DEBUG: -19	len:5362	cov:837	mult:6.59055
[2026-02-20 18:24:09] DEBUG: 20	len:67755	cov:92	mult:0.724409
[2026-02-20 18:24:09] DEBUG: -20	len:67755	cov:92	mult:0.724409
[2026-02-20 18:24:09] DEBUG: Unique coverage threshold 222
[2026-02-20 18:24:09] INFO: Simplifying the graph
[2026-02-20 18:24:09] DEBUG: Read coverage cutoff: 3
[2026-02-20 18:24:09] DEBUG: [SIMPL] Removed 0 paths with low coverage
[2026-02-20 18:24:09] DEBUG: [SIMPL] Masked 0 heterozygous loops
[2026-02-20 18:24:09] DEBUG: Regular bubble: {20,67755,92} {20,67755,92}
[2026-02-20 18:24:09] DEBUG: 	Internal: {15,2272,0} {16,5616,110}
[2026-02-20 18:24:09] DEBUG: [SIMPL] Masked 1 simple bubbles
[2026-02-20 18:24:09] DEBUG: [SIMPL] Masked 0 roundabouts
[2026-02-20 18:24:09] DEBUG: [SIMPL] Masked 0 superbubbles
[2026-02-20 18:24:09] DEBUG: Finding repeats
[2026-02-20 18:24:09] DEBUG: Read coverage cutoff: 3
[2026-02-20 18:24:09] DEBUG: Low-coverage: 15 0
[2026-02-20 18:24:09] DEBUG: Haplo-edge: 15
[2026-02-20 18:24:09] DEBUG: Haplo-edge: 16
[2026-02-20 18:24:09] DEBUG: Repeat detection iteration 1
[2026-02-20 18:24:09] DEBUG: Starting 19 aln:1151
[2026-02-20 18:24:09] DEBUG: 	      -11	num:89	flank:22038	span:-38
[2026-02-20 18:24:09] DEBUG: 	      11	num:102	flank:11058	span:13
[2026-02-20 18:24:09] DEBUG: 	      -5	num:101	flank:19941	span:17
[2026-02-20 18:24:09] DEBUG: 	      -6	num:102	flank:26109	span:0
[2026-02-20 18:24:09] DEBUG: 	      -8	num:104	flank:15705	span:14
[2026-02-20 18:24:09] DEBUG: 	      -7	num:117	flank:25090	span:16
[2026-02-20 18:24:09] DEBUG: 	      -9	num:109	flank:15967	span:12
[2026-02-20 18:24:09] DEBUG: Starting -19 aln:1151
[2026-02-20 18:24:09] DEBUG: 	      17	num:99	flank:15707	span:3
[2026-02-20 18:24:09] DEBUG: 	      -18	num:100	flank:16126	span:8
[2026-02-20 18:24:09] DEBUG: 	      5	num:105	flank:18428	span:0
[2026-02-20 18:24:09] DEBUG: 	      9	num:112	flank:12432	span:1
[2026-02-20 18:24:09] DEBUG: 	      7	num:118	flank:20693	span:1
[2026-02-20 18:24:09] DEBUG: 	      8	num:127	flank:19737	span:1
[2026-02-20 18:24:09] DEBUG: 	      6	num:100	flank:13019	span:5
[2026-02-20 18:24:09] DEBUG: Mult: 19	5362	837	 (1,1)
[2026-02-20 18:24:09] DEBUG: Repeat detection iteration 2
[2026-02-20 18:24:09] DEBUG: Writing Dot
[2026-02-20 18:24:09] DEBUG: Writing FASTA
[2026-02-20 18:24:09] DEBUG: Writing Gfa
[2026-02-20 18:24:09] DEBUG: [SIMPL] Resolved 0 simple repeats
[2026-02-20 18:24:09] DEBUG: [SIMPL] == Iteration 1 ==
[2026-02-20 18:24:09] DEBUG: Splitting nodes
[2026-02-20 18:24:09] DEBUG: [SIMPL] Split 0 nodes
[2026-02-20 18:24:09] DEBUG: Fragile path: 15
[2026-02-20 18:24:09] DEBUG: [SIMPL] Disconnected 1 minor paths
[2026-02-20 18:24:09] DEBUG: [SIMPL] Clipped 0 short and 0 long tips
[2026-02-20 18:24:09] DEBUG: [SIMPL] Masked 0 heterozygous loops
[2026-02-20 18:24:09] DEBUG: [SIMPL] Masked 0 simple bubbles
[2026-02-20 18:24:09] DEBUG: [SIMPL] Masked 0 roundabouts
[2026-02-20 18:24:09] DEBUG: [SIMPL] Masked 0 superbubbles
[2026-02-20 18:24:09] DEBUG: Finding repeats
[2026-02-20 18:24:09] DEBUG: Read coverage cutoff: 3
[2026-02-20 18:24:09] DEBUG: Low-coverage: 15 0
[2026-02-20 18:24:09] DEBUG: Repeat detection iteration 1
[2026-02-20 18:24:09] DEBUG: Starting 19 aln:1151
[2026-02-20 18:24:09] DEBUG: 	      -11	num:89	flank:22038	span:-38
[2026-02-20 18:24:09] DEBUG: 	      11	num:102	flank:11058	span:13
[2026-02-20 18:24:09] DEBUG: 	      -5	num:101	flank:19941	span:17
[2026-02-20 18:24:09] DEBUG: 	      -6	num:102	flank:26109	span:0
[2026-02-20 18:24:09] DEBUG: 	      -8	num:104	flank:15705	span:14
[2026-02-20 18:24:09] DEBUG: 	      -7	num:117	flank:25090	span:16
[2026-02-20 18:24:09] DEBUG: 	      -9	num:109	flank:15967	span:12
[2026-02-20 18:24:09] DEBUG: Starting -19 aln:1151
[2026-02-20 18:24:09] DEBUG: 	      17	num:99	flank:15707	span:3
[2026-02-20 18:24:09] DEBUG: 	      -18	num:100	flank:16126	span:8
[2026-02-20 18:24:09] DEBUG: 	      5	num:105	flank:18428	span:0
[2026-02-20 18:24:09] DEBUG: 	      9	num:112	flank:12432	span:1
[2026-02-20 18:24:09] DEBUG: 	      7	num:118	flank:20693	span:1
[2026-02-20 18:24:09] DEBUG: 	      8	num:127	flank:19737	span:1
[2026-02-20 18:24:09] DEBUG: 	      6	num:100	flank:13019	span:5
[2026-02-20 18:24:09] DEBUG: Mult: 19	5362	837	 (1,1)
[2026-02-20 18:24:09] DEBUG: Repeat detection iteration 2
[2026-02-20 18:24:09] DEBUG: Total unique edges: 10
[2026-02-20 18:24:09] DEBUG: 	Connection -5	-11	38	1
[2026-02-20 18:24:09] DEBUG: 	Connection 7	8	56	1
[2026-02-20 18:24:09] DEBUG: 	Connection -7	-6	53	1
[2026-02-20 18:24:09] DEBUG: 	Connection -9	-8	51	1
[2026-02-20 18:24:09] DEBUG: 	Connection 9	-18	48	1
[2026-02-20 18:24:09] DEBUG: 	Connection -11	6	46	1
[2026-02-20 18:24:09] DEBUG: 	Connection -17	-5	42	1
[2026-02-20 18:24:09] DEBUG: [SIMPL] Resolved repeats: 7
[2026-02-20 18:24:09] DEBUG: RR links: 668
[2026-02-20 18:24:09] DEBUG: Unresolved: 0
[2026-02-20 18:24:09] DEBUG: Removed 0 simple and 0 double chimeric junctions
[2026-02-20 18:24:09] DEBUG: [SIMPL] == Iteration 2 ==
[2026-02-20 18:24:09] DEBUG: Splitting nodes
[2026-02-20 18:24:09] DEBUG: [SIMPL] Split 0 nodes
[2026-02-20 18:24:09] DEBUG: [SIMPL] Disconnected 0 minor paths
[2026-02-20 18:24:09] DEBUG: [SIMPL] Clipped 0 short and 0 long tips
[2026-02-20 18:24:09] DEBUG: [SIMPL] Masked 0 heterozygous loops
[2026-02-20 18:24:09] DEBUG: [SIMPL] Masked 0 simple bubbles
[2026-02-20 18:24:09] DEBUG: [SIMPL] Masked 0 roundabouts
[2026-02-20 18:24:09] DEBUG: [SIMPL] Masked 0 superbubbles
[2026-02-20 18:24:09] DEBUG: Finding repeats
[2026-02-20 18:24:09] DEBUG: Read coverage cutoff: 3
[2026-02-20 18:24:09] DEBUG: Low-coverage: 15 0
[2026-02-20 18:24:09] DEBUG: Repeat detection iteration 1
[2026-02-20 18:24:09] DEBUG: Repeat detection iteration 2
[2026-02-20 18:24:09] DEBUG: Total unique edges: 17
[2026-02-20 18:24:09] DEBUG: [SIMPL] Resolved repeats: 0
[2026-02-20 18:24:09] DEBUG: RR links: 0
[2026-02-20 18:24:09] DEBUG: Unresolved: 0
[2026-02-20 18:24:09] DEBUG: Removed 0 simple and 0 double chimeric junctions
[2026-02-20 18:24:09] DEBUG: [SIMPL] Simplified 0 forks
[2026-02-20 18:24:09] DEBUG: [SIMPL] Collapsed 0 haplotypes
[2026-02-20 18:24:09] DEBUG: [SIMPL] Resolved 0 simple repeats
[2026-02-20 18:24:09] DEBUG: Read coverage cutoff: 3
[2026-02-20 18:24:09] DEBUG: [SIMPL] Removed 1 paths with low coverage
[2026-02-20 18:24:09] DEBUG: Finding repeats
[2026-02-20 18:24:09] DEBUG: Read coverage cutoff: 3
[2026-02-20 18:24:09] DEBUG: Repeat detection iteration 1
[2026-02-20 18:24:09] DEBUG: Repeat detection iteration 2
[2026-02-20 18:24:09] DEBUG: Writing Dot
[2026-02-20 18:24:09] DEBUG: Writing FASTA
[2026-02-20 18:24:09] DEBUG: Peak RAM usage: 0 Gb
-----------End assembly log------------
[2026-02-20 18:24:10] root: INFO: >>>STAGE: contigger
[2026-02-20 18:24:10] root: INFO: Generating contigs
[2026-02-20 18:24:10] root: DEBUG: -----Begin contigger analyser log------
[2026-02-20 18:24:10] root: DEBUG: Running: flye-modules contigger --graph-edges /scratch/ky/characterization/results/barcode39/assembly/20-repeat/repeat_graph_edges.fasta --reads /scratch/ky/characterization/FASTQ/SQK-RBK114-96_barcode39.fastq --out-dir /scratch/ky/characterization/results/barcode39/assembly/30-contigger --config /data/softs/Miniforge3-25.11.0-0/envs/flye-2.9.6/lib/python3.12/site-packages/flye/config/bin_cfg/asm_nano_hq.cfg --repeat-graph /scratch/ky/characterization/results/barcode39/assembly/20-repeat/repeat_graph_dump --graph-aln /scratch/ky/characterization/results/barcode39/assembly/20-repeat/read_alignment_dump --log /scratch/ky/characterization/results/barcode39/assembly/flye.log --threads 16 --min-ovlp 2000
[2026-02-20 18:24:10] DEBUG: Build date: May  4 2025 23:18:25
[2026-02-20 18:24:10] DEBUG: Total RAM: 251 Gb
[2026-02-20 18:24:10] DEBUG: Available RAM: 248 Gb
[2026-02-20 18:24:10] DEBUG: Total CPUs: 32
[2026-02-20 18:24:10] DEBUG: Loading /data/softs/Miniforge3-25.11.0-0/envs/flye-2.9.6/lib/python3.12/site-packages/flye/config/bin_cfg/asm_nano_hq.cfg
[2026-02-20 18:24:10] DEBUG: Loading /data/softs/Miniforge3-25.11.0-0/envs/flye-2.9.6/lib/python3.12/site-packages/flye/config/bin_cfg/asm_defaults.cfg
[2026-02-20 18:24:10] DEBUG: 	big_genome_threshold=29000000
[2026-02-20 18:24:10] DEBUG: 	meta_read_filter_kmer_freq=100
[2026-02-20 18:24:10] DEBUG: 	chain_large_gap_penalty=2
[2026-02-20 18:24:10] DEBUG: 	chain_small_gap_penalty=0.5
[2026-02-20 18:24:10] DEBUG: 	chain_gap_jump_threshold=100
[2026-02-20 18:24:10] DEBUG: 	max_jump_gap=500
[2026-02-20 18:24:10] DEBUG: 	max_coverage_drop_rate=5
[2026-02-20 18:24:10] DEBUG: 	max_extensions_drop_rate=5
[2026-02-20 18:24:10] DEBUG: 	chimera_window=100
[2026-02-20 18:24:10] DEBUG: 	chimera_overhang=1000
[2026-02-20 18:24:10] DEBUG: 	min_reads_in_disjointig=4
[2026-02-20 18:24:10] DEBUG: 	max_inner_reads=10
[2026-02-20 18:24:10] DEBUG: 	max_inner_fraction=0.25
[2026-02-20 18:24:10] DEBUG: 	aggressive_dup_filter=1
[2026-02-20 18:24:10] DEBUG: 	max_separation=500
[2026-02-20 18:24:10] DEBUG: 	unique_edge_length=50000
[2026-02-20 18:24:10] DEBUG: 	min_repeat_res_support=0.51
[2026-02-20 18:24:10] DEBUG: 	out_paths_ratio=5
[2026-02-20 18:24:10] DEBUG: 	graph_cov_drop_rate=5
[2026-02-20 18:24:10] DEBUG: 	coverage_estimate_window=100
[2026-02-20 18:24:10] DEBUG: 	max_bubble_length=50000
[2026-02-20 18:24:10] DEBUG: 	loop_coverage_rate=1.5
[2026-02-20 18:24:10] DEBUG: 	repeat_edge_cov_mult=1.75
[2026-02-20 18:24:10] DEBUG: 	weak_detach_rate=5
[2026-02-20 18:24:10] DEBUG: 	tip_coverage_rate=2
[2026-02-20 18:24:10] DEBUG: 	tip_length_rate=2
[2026-02-20 18:24:10] DEBUG: 	output_gfa_before_rr=1
[2026-02-20 18:24:10] DEBUG: 	remove_alt_edges=0
[2026-02-20 18:24:10] DEBUG: 	low_cutoff_warning=0
[2026-02-20 18:24:10] DEBUG: 	kmer_size=17
[2026-02-20 18:24:10] DEBUG: 	use_minimizers=1
[2026-02-20 18:24:10] DEBUG: 	minimizer_window=10
[2026-02-20 18:24:10] DEBUG: 	reads_base_alignment=1
[2026-02-20 18:24:10] DEBUG: 	meta_read_top_kmer_rate=0.75
[2026-02-20 18:24:10] DEBUG: 	maximum_jump=1500
[2026-02-20 18:24:10] DEBUG: 	maximum_overhang=1500
[2026-02-20 18:24:10] DEBUG: 	repeat_kmer_rate=100
[2026-02-20 18:24:10] DEBUG: 	assemble_ovlp_divergence=0.03
[2026-02-20 18:24:10] DEBUG: 	assemble_divergence_relative=1
[2026-02-20 18:24:10] DEBUG: 	repeat_graph_ovlp_divergence=0.03
[2026-02-20 18:24:10] DEBUG: 	read_align_ovlp_divergence=0.10
[2026-02-20 18:24:10] DEBUG: 	hpc_scoring_on=1
[2026-02-20 18:24:10] DEBUG: 	add_unassembled_reads=0
[2026-02-20 18:24:10] DEBUG: 	extend_contigs_with_repeats=0
[2026-02-20 18:24:10] DEBUG: 	min_read_cov_cutoff=3
[2026-02-20 18:24:10] DEBUG: 	short_tip_length=20000
[2026-02-20 18:24:10] DEBUG: 	long_tip_length=100000
[2026-02-20 18:24:10] DEBUG: Running with k-mer size: 17
[2026-02-20 18:24:10] DEBUG: Selected minimum overlap 2000
[2026-02-20 18:24:10] INFO: Reading sequences
[2026-02-20 18:24:11] DEBUG: Building positional index
[2026-02-20 18:24:11] DEBUG: Total sequence: 661660206 bp
[2026-02-20 18:24:12] DEBUG: Flipped 0
[2026-02-20 18:24:12] DEBUG: UPath 1: 27 -> 17 -> 18 -> 25 -> -9 -> -24 -> -8 -> -22 -> -7 -> 23 -> -6 -> -26 -> 11 -> -21 -> 5
[2026-02-20 18:24:12] DEBUG: UPath 2: 20 -> 16
[2026-02-20 18:24:12] DEBUG: Final graph contains 2 egdes
[2026-02-20 18:24:12] DEBUG: Extending contigs into repeats
[2026-02-20 18:24:12] DEBUG: Covered 0 repetitive contigs
[2026-02-20 18:24:12] INFO: Generated 2 contigs
[2026-02-20 18:24:12] DEBUG: Writing FASTA
[2026-02-20 18:24:12] DEBUG: Generating scaffold connections
[2026-02-20 18:24:12] INFO: Added 0 scaffold connections
[2026-02-20 18:24:12] DEBUG: Writing Dot
[2026-02-20 18:24:12] DEBUG: Writing FASTA
[2026-02-20 18:24:12] DEBUG: Writing Gfa
[2026-02-20 18:24:12] DEBUG: Peak RAM usage: 0 Gb
-----------End assembly log------------
[2026-02-20 18:24:12] root: INFO: >>>STAGE: polishing
[2026-02-20 18:24:12] root: INFO: Polishing genome (1/1)
[2026-02-20 18:24:12] root: INFO: Running minimap2
[2026-02-20 18:24:33] root: INFO: Separating alignment into bubbles
[2026-02-20 18:26:22] root: DEBUG: Generated 329164 bubbles
[2026-02-20 18:26:22] root: DEBUG: Split 0 long bubbles
[2026-02-20 18:26:22] root: DEBUG: Skipped 0 empty bubbles
[2026-02-20 18:26:22] root: DEBUG: Skipped 0 bubbles with long branches
[2026-02-20 18:26:22] root: INFO: Alignment error rate: 0.007484
[2026-02-20 18:26:22] root: INFO: Correcting bubbles
[2026-02-20 18:26:35] root: DEBUG: Mean contig coverage: 140, selected threshold: 3
[2026-02-20 18:26:35] root: DEBUG: Filtered 0 contigs of total length 0
[2026-02-20 18:26:35] root: DEBUG: Generating polished GFA
[2026-02-20 18:26:37] root: DEBUG: 0 sequences remained unpolished
[2026-02-20 18:26:37] root: INFO: >>>STAGE: finalize
[2026-02-20 18:26:37] root: DEBUG: ---Output dir contents:----
[2026-02-20 18:26:37] root: DEBUG: assembly/
[2026-02-20 18:26:37] root: DEBUG:     38.0 K      flye.log
[2026-02-20 18:26:37] root: DEBUG:     92.0 B      params.json
[2026-02-20 18:26:37] root: DEBUG:     308.0 B     assembly_graph.gv
[2026-02-20 18:26:37] root: DEBUG:     4.0 M       assembly_graph.gfa
[2026-02-20 18:26:37] root: DEBUG:     4.0 M       assembly.fasta
[2026-02-20 18:26:37] root: DEBUG:     00-assembly/
[2026-02-20 18:26:37] root: DEBUG:         4.0 M       draft_assembly.fasta
[2026-02-20 18:26:37] root: DEBUG:         64.0 B      draft_assembly.fasta.fai
[2026-02-20 18:26:37] root: DEBUG:     10-consensus/
[2026-02-20 18:26:37] root: DEBUG:         971.0 B     minimap.stderr
[2026-02-20 18:26:37] root: DEBUG:         126.0 K     minimap.bam.csi
[2026-02-20 18:26:37] root: DEBUG:         4.0 M       consensus.fasta
[2026-02-20 18:26:37] root: DEBUG:     20-repeat/
[2026-02-20 18:26:37] root: DEBUG:         1.0 K       graph_before_rr.gv
[2026-02-20 18:26:37] root: DEBUG:         4.0 M       graph_before_rr.fasta
[2026-02-20 18:26:37] root: DEBUG:         4.0 M       graph_before_rr.gfa
[2026-02-20 18:26:37] root: DEBUG:         2.0 K       graph_after_rr.gv
[2026-02-20 18:26:37] root: DEBUG:         3.0 K       repeat_graph_dump
[2026-02-20 18:26:37] root: DEBUG:         21.0 M      read_alignment_dump
[2026-02-20 18:26:37] root: DEBUG:         4.0 M       repeat_graph_edges.fasta
[2026-02-20 18:26:37] root: DEBUG:     30-contigger/
[2026-02-20 18:26:37] root: DEBUG:         4.0 M       contigs.fasta
[2026-02-20 18:26:37] root: DEBUG:         146.0 B     contigs_stats.txt
[2026-02-20 18:26:37] root: DEBUG:         0.0 B       scaffolds_links.txt
[2026-02-20 18:26:37] root: DEBUG:         308.0 B     graph_final.gv
[2026-02-20 18:26:37] root: DEBUG:         4.0 M       graph_final.fasta
[2026-02-20 18:26:37] root: DEBUG:         4.0 M       graph_final.gfa
[2026-02-20 18:26:37] root: DEBUG:         55.0 B      contigs.fasta.fai
[2026-02-20 18:26:37] root: DEBUG:     40-polishing/
[2026-02-20 18:26:37] root: DEBUG:         923.0 B     minimap.stderr
[2026-02-20 18:26:37] root: DEBUG:         125.0 K     minimap_1.bam.csi
[2026-02-20 18:26:37] root: DEBUG:         66.0 B      contigs_stats.txt
[2026-02-20 18:26:37] root: DEBUG:         1.0 M       base_coverage.bed.gz
[2026-02-20 18:26:37] root: DEBUG:         4.0 M       filtered_contigs.fasta
[2026-02-20 18:26:37] root: DEBUG:         66.0 B      filtered_stats.txt
[2026-02-20 18:26:37] root: DEBUG:         55.0 B      filtered_contigs.fasta.fai
[2026-02-20 18:26:37] root: DEBUG:         114.0 B     edges_aln.bam.csi
[2026-02-20 18:26:37] root: DEBUG:         4.0 M       polished_edges.gfa
[2026-02-20 18:26:37] root: DEBUG: --------------------------
[2026-02-20 18:26:37] root: INFO: Assembly statistics:

	Total length:	4726569
	Fragments:	2
	Fragments N50:	4653155
	Largest frg:	4653155
	Scaffolds:	0
	Mean coverage:	140

[2026-02-20 18:26:37] root: INFO: Final assembly: /scratch/ky/characterization/results/barcode39/assembly/assembly.fasta
