[2026-02-20 17:56:04] root: INFO: Starting Flye 2.9.6-b1802
[2026-02-20 17:56:04] root: DEBUG: Cmd: /data/softs/Miniforge3-25.11.0-0/envs/flye-2.9.6/bin/flye --meta --nano-hq /scratch/ky/characterization/FASTQ/SQK-RBK114-96_barcode34.fastq -o /scratch/ky/characterization/results/barcode34/assembly/ -t 16
[2026-02-20 17:56:04] root: DEBUG: Python version: 3.12.12 | packaged by conda-forge | (main, Jan 26 2026, 23:51:32) [GCC 14.3.0]
[2026-02-20 17:56:04] root: INFO: >>>STAGE: configure
[2026-02-20 17:56:04] root: INFO: Configuring run
[2026-02-20 17:56:05] root: INFO: Total read length: 152950422
[2026-02-20 17:56:05] root: INFO: Reads N50/N90: 9141 / 2442
[2026-02-20 17:56:05] root: INFO: Minimum overlap set to 2000
[2026-02-20 17:56:05] root: INFO: >>>STAGE: assembly
[2026-02-20 17:56:05] root: INFO: Assembling disjointigs
[2026-02-20 17:56:05] root: DEBUG: -----Begin assembly log------
[2026-02-20 17:56:05] root: DEBUG: Running: flye-modules assemble --reads /scratch/ky/characterization/FASTQ/SQK-RBK114-96_barcode34.fastq --out-asm /scratch/ky/characterization/results/barcode34/assembly/00-assembly/draft_assembly.fasta --config /data/softs/Miniforge3-25.11.0-0/envs/flye-2.9.6/lib/python3.12/site-packages/flye/config/bin_cfg/asm_nano_hq.cfg --log /scratch/ky/characterization/results/barcode34/assembly/flye.log --threads 16 --meta --min-ovlp 2000
[2026-02-20 17:56:05] DEBUG: Build date: May  4 2025 23:17:52
[2026-02-20 17:56:05] DEBUG: Total RAM: 251 Gb
[2026-02-20 17:56:05] DEBUG: Available RAM: 246 Gb
[2026-02-20 17:56:05] DEBUG: Total CPUs: 32
[2026-02-20 17:56:05] DEBUG: Loading /data/softs/Miniforge3-25.11.0-0/envs/flye-2.9.6/lib/python3.12/site-packages/flye/config/bin_cfg/asm_nano_hq.cfg
[2026-02-20 17:56:05] DEBUG: Loading /data/softs/Miniforge3-25.11.0-0/envs/flye-2.9.6/lib/python3.12/site-packages/flye/config/bin_cfg/asm_defaults.cfg
[2026-02-20 17:56:05] DEBUG: 	big_genome_threshold=29000000
[2026-02-20 17:56:05] DEBUG: 	meta_read_filter_kmer_freq=100
[2026-02-20 17:56:05] DEBUG: 	chain_large_gap_penalty=2
[2026-02-20 17:56:05] DEBUG: 	chain_small_gap_penalty=0.5
[2026-02-20 17:56:05] DEBUG: 	chain_gap_jump_threshold=100
[2026-02-20 17:56:05] DEBUG: 	max_jump_gap=500
[2026-02-20 17:56:05] DEBUG: 	max_coverage_drop_rate=5
[2026-02-20 17:56:05] DEBUG: 	max_extensions_drop_rate=5
[2026-02-20 17:56:05] DEBUG: 	chimera_window=100
[2026-02-20 17:56:05] DEBUG: 	chimera_overhang=1000
[2026-02-20 17:56:05] DEBUG: 	min_reads_in_disjointig=4
[2026-02-20 17:56:05] DEBUG: 	max_inner_reads=10
[2026-02-20 17:56:05] DEBUG: 	max_inner_fraction=0.25
[2026-02-20 17:56:05] DEBUG: 	aggressive_dup_filter=1
[2026-02-20 17:56:05] DEBUG: 	max_separation=500
[2026-02-20 17:56:05] DEBUG: 	unique_edge_length=50000
[2026-02-20 17:56:05] DEBUG: 	min_repeat_res_support=0.51
[2026-02-20 17:56:05] DEBUG: 	out_paths_ratio=5
[2026-02-20 17:56:05] DEBUG: 	graph_cov_drop_rate=5
[2026-02-20 17:56:05] DEBUG: 	coverage_estimate_window=100
[2026-02-20 17:56:05] DEBUG: 	max_bubble_length=50000
[2026-02-20 17:56:05] DEBUG: 	loop_coverage_rate=1.5
[2026-02-20 17:56:05] DEBUG: 	repeat_edge_cov_mult=1.75
[2026-02-20 17:56:05] DEBUG: 	weak_detach_rate=5
[2026-02-20 17:56:05] DEBUG: 	tip_coverage_rate=2
[2026-02-20 17:56:05] DEBUG: 	tip_length_rate=2
[2026-02-20 17:56:05] DEBUG: 	output_gfa_before_rr=1
[2026-02-20 17:56:05] DEBUG: 	remove_alt_edges=0
[2026-02-20 17:56:05] DEBUG: 	low_cutoff_warning=0
[2026-02-20 17:56:05] DEBUG: 	kmer_size=17
[2026-02-20 17:56:05] DEBUG: 	use_minimizers=1
[2026-02-20 17:56:05] DEBUG: 	minimizer_window=10
[2026-02-20 17:56:05] DEBUG: 	reads_base_alignment=1
[2026-02-20 17:56:05] DEBUG: 	meta_read_top_kmer_rate=0.75
[2026-02-20 17:56:05] DEBUG: 	maximum_jump=1500
[2026-02-20 17:56:05] DEBUG: 	maximum_overhang=1500
[2026-02-20 17:56:05] DEBUG: 	repeat_kmer_rate=100
[2026-02-20 17:56:05] DEBUG: 	assemble_ovlp_divergence=0.03
[2026-02-20 17:56:05] DEBUG: 	assemble_divergence_relative=1
[2026-02-20 17:56:05] DEBUG: 	repeat_graph_ovlp_divergence=0.03
[2026-02-20 17:56:05] DEBUG: 	read_align_ovlp_divergence=0.10
[2026-02-20 17:56:05] DEBUG: 	hpc_scoring_on=1
[2026-02-20 17:56:05] DEBUG: 	add_unassembled_reads=0
[2026-02-20 17:56:05] DEBUG: 	extend_contigs_with_repeats=0
[2026-02-20 17:56:05] DEBUG: 	min_read_cov_cutoff=3
[2026-02-20 17:56:05] DEBUG: 	short_tip_length=20000
[2026-02-20 17:56:05] DEBUG: 	long_tip_length=100000
[2026-02-20 17:56:05] DEBUG: Running with k-mer size: 17
[2026-02-20 17:56:05] DEBUG: Running with minimum overlap 2000
[2026-02-20 17:56:05] DEBUG: Metagenome mode: Y
[2026-02-20 17:56:05] DEBUG: Short mode: N
[2026-02-20 17:56:05] INFO: Reading sequences
[2026-02-20 17:56:05] DEBUG: Building positional index
[2026-02-20 17:56:05] DEBUG: Total sequence: 141363106 bp
[2026-02-20 17:56:05] INFO: Building minimizer index
[2026-02-20 17:56:05] INFO: Pre-calculating index storage
[2026-02-20 17:56:06] DEBUG: Mean k-mer frequency: 11.6683
[2026-02-20 17:56:06] DEBUG: Repetitive k-mer frequency: 1166
[2026-02-20 17:56:06] DEBUG: Filtered 33272 repetitive k-mers (0.00129894)
[2026-02-20 17:56:06] INFO: Filling index
[2026-02-20 17:56:07] DEBUG: Sorting k-mer index
[2026-02-20 17:56:07] DEBUG: Selected k-mers: 2195226
[2026-02-20 17:56:07] DEBUG: K-mer index size: 25581429
[2026-02-20 17:56:07] DEBUG: Mean k-mer frequency: 11.6532
[2026-02-20 17:56:07] DEBUG: Minimizer rate: 5.52601
[2026-02-20 17:56:07] DEBUG: Peak RAM usage: 0 Gb
[2026-02-20 17:56:07] DEBUG: Estimating k-mer identity bias
[2026-02-20 17:56:09] DEBUG: Initial divergence estimate : 0.00702703
[2026-02-20 17:56:09] DEBUG: Relative threshold: Y
[2026-02-20 17:56:09] DEBUG: Max divergence threshold set to 0.037027
[2026-02-20 17:56:09] INFO: Extending reads
[2026-02-20 17:56:09] DEBUG: Estimating overlap coverage
[2026-02-20 17:56:30] INFO: Overlap-based coverage: 24
[2026-02-20 17:56:30] INFO: Median overlap divergence: 0.00730488
[2026-02-20 17:56:30] DEBUG: Sequence divergence distribution: 

    |**     |                                                                                            
    |**     |                                                                                            
    |**     |                                                                                            
    |**     |                                                                                            
    |**     |                                                                                            
    |**     |                                                                                            
    |**     |                                                                                            
    |**     |                                                                                            
    |**     |                                                                                            
    |**     |                                                                                            
    |**     |                                                                                            
    |***    |                                                                                            
    |***    |                                                                                            
    |***    |                                                                                            
    |***    |                                                                                            
    |***    |                                                                                            
    |****   |                                                                                            
    |*****  |                                                                                            
    |*******|                                                                                            
    |************************   *      *                                  *                              
    ----------------------------------------------------------------------------------------------------
    0%        5%        10%       15%       20%       25%       30%       35%       40%       45%       

    Q25 = 0.0041, Q50 = 0.0073, Q75 = 0.013

[2026-02-20 17:56:30] DEBUG: Assembled disjointig 1
	With 21 reads
	Start read: +0d6fff49-9209-4528-8aae-60c9f44f2063
	At position: 18
	leftTip: 1 rightTip: 0
	Suspicious: 0
	Short ext: 0
	Mean extensions: 9
	Avg overlap len: 12371
	Min overlap len: 4589
	Inner reads: 0
	Length: 178144
[2026-02-20 17:56:30] DEBUG: Inner: 590 covered: 620 total: 37780
[2026-02-20 17:56:36] DEBUG: Assembled disjointig 2
	With 708 reads
	Start read: +2d181433-e2c7-47ce-8ed7-0ade3e812c30
	At position: 706
	leftTip: 0 rightTip: 0
	Suspicious: 0
	Short ext: 0
	Mean extensions: 16
	Avg overlap len: 15954
	Min overlap len: 3795
	Inner reads: 0
	Length: 5014984
[2026-02-20 17:56:36] DEBUG: Inner: 34512 covered: 34738 total: 37780
[2026-02-20 17:56:36] DEBUG: Discarded disjointig with 705 reads and 703 inner overlaps
[2026-02-20 17:56:36] DEBUG: Discarded disjointig with 703 reads and 701 inner overlaps
[2026-02-20 17:56:36] DEBUG: Discarded disjointig with 705 reads and 703 inner overlaps
[2026-02-20 17:56:36] DEBUG: Discarded disjointig with 711 reads and 709 inner overlaps
[2026-02-20 17:56:36] DEBUG: Discarded disjointig with 613 reads and 608 inner overlaps
[2026-02-20 17:56:36] DEBUG: Discarded disjointig with 646 reads and 641 inner overlaps
[2026-02-20 17:56:36] DEBUG: Discarded disjointig with 242 reads and 237 inner overlaps
[2026-02-20 17:56:36] DEBUG: Discarded disjointig with 342 reads and 337 inner overlaps
[2026-02-20 17:56:36] DEBUG: Discarded disjointig with 515 reads and 510 inner overlaps
[2026-02-20 17:56:36] DEBUG: Discarded disjointig with 706 reads and 704 inner overlaps
[2026-02-20 17:56:36] DEBUG: Discarded disjointig with 706 reads and 704 inner overlaps
[2026-02-20 17:56:36] DEBUG: Discarded disjointig with 628 reads and 623 inner overlaps
[2026-02-20 17:56:36] DEBUG: Discarded disjointig with 705 reads and 703 inner overlaps
[2026-02-20 17:56:36] DEBUG: Discarded disjointig with 633 reads and 628 inner overlaps
[2026-02-20 17:56:36] DEBUG: Discarded disjointig with 534 reads and 529 inner overlaps
[2026-02-20 17:56:36] DEBUG: Assembled disjointig 3
	With 21 reads
	Start read: +e2b882af-1b6b-4e53-acfc-452e884d181e
	At position: 20
	leftTip: 0 rightTip: 0
	Suspicious: 1
	Short ext: 1
	Mean extensions: 10
	Avg overlap len: 10156
	Min overlap len: 1995
	Inner reads: 0
	Length: 192155
[2026-02-20 17:56:36] DEBUG: Inner: 34892 covered: 35196 total: 37780
[2026-02-20 17:56:36] DEBUG: Discarded disjointig with 7 reads and 4 inner overlaps
[2026-02-20 17:56:36] DEBUG: Discarded disjointig with 20 reads and 17 inner overlaps
[2026-02-20 17:56:36] DEBUG: Discarded disjointig with 11 reads and 9 inner overlaps
[2026-02-20 17:56:36] DEBUG: Discarded disjointig with 15 reads and 12 inner overlaps
[2026-02-20 17:56:36] DEBUG: Discarded disjointig with 19 reads and 15 inner overlaps
[2026-02-20 17:56:38] DEBUG: Assembled disjointig 4
	With 17 reads
	Start read: +42bd6a85-bf8d-4eef-aa34-92c8c4f1d789
	At position: 7
	leftTip: 0 rightTip: 0
	Suspicious: 0
	Short ext: 0
	Mean extensions: 110
	Avg overlap len: 3616
	Min overlap len: 2328
	Inner reads: 0
	Length: 29134
[2026-02-20 17:56:38] DEBUG: Inner: 36488 covered: 36778 total: 37780
[2026-02-20 17:56:38] DEBUG: Discarded disjointig with 17 reads and 15 inner overlaps
[2026-02-20 17:56:38] DEBUG: Discarded disjointig with 24 reads and 22 inner overlaps
[2026-02-20 17:56:38] DEBUG: Discarded disjointig with 14 reads and 12 inner overlaps
[2026-02-20 17:56:38] DEBUG: Discarded disjointig with 10 reads and 8 inner overlaps
[2026-02-20 17:56:38] DEBUG: Discarded disjointig with 12 reads and 10 inner overlaps
[2026-02-20 17:56:38] DEBUG: Discarded disjointig with 17 reads and 15 inner overlaps
[2026-02-20 17:56:38] DEBUG: Discarded disjointig with 11 reads and 9 inner overlaps
[2026-02-20 17:56:38] DEBUG: Discarded disjointig with 15 reads and 13 inner overlaps
[2026-02-20 17:56:38] DEBUG: Discarded disjointig with 20 reads and 18 inner overlaps
[2026-02-20 17:56:38] DEBUG: Discarded disjointig with 17 reads and 15 inner overlaps
[2026-02-20 17:56:38] DEBUG: Discarded disjointig with 10 reads and 8 inner overlaps
[2026-02-20 17:56:38] DEBUG: Discarded disjointig with 16 reads and 14 inner overlaps
[2026-02-20 17:56:38] DEBUG: Discarded disjointig with 7 reads and 5 inner overlaps
[2026-02-20 17:56:38] DEBUG: Discarded disjointig with 13 reads and 11 inner overlaps
[2026-02-20 17:56:38] DEBUG: Discarded disjointig with 12 reads and 10 inner overlaps
[2026-02-20 17:56:39] INFO: Assembled 4 disjointigs
[2026-02-20 17:56:39] INFO: Generating sequence
[2026-02-20 17:56:39] DEBUG: Building positional index
[2026-02-20 17:56:39] DEBUG: Total sequence: 5414364 bp
[2026-02-20 17:56:40] DEBUG: Mean k-mer frequency: 1.06178
[2026-02-20 17:56:40] DEBUG: Repetitive k-mer frequency: 106
[2026-02-20 17:56:40] DEBUG: Filtered 0 repetitive k-mers (0)
[2026-02-20 17:56:40] DEBUG: Sorting k-mer index
[2026-02-20 17:56:40] DEBUG: Selected k-mers: 926534
[2026-02-20 17:56:40] DEBUG: K-mer index size: 983781
[2026-02-20 17:56:40] DEBUG: Mean k-mer frequency: 1.06179
[2026-02-20 17:56:40] DEBUG: Minimizer rate: 5.50363
[2026-02-20 17:56:40] INFO: Filtering contained disjointigs
[2026-02-20 17:56:41] DEBUG: Computing transitive closure for overlaps
[2026-02-20 17:56:41] DEBUG: Found 12 overlaps
[2026-02-20 17:56:41] DEBUG: Left 12 overlaps after filtering
[2026-02-20 17:56:41] INFO: Contained seqs: 0
[2026-02-20 17:56:41] DEBUG: Writing FASTA
[2026-02-20 17:56:41] DEBUG: Peak RAM usage: 0 Gb
-----------End assembly log------------
[2026-02-20 17:56:41] root: DEBUG: Disjointigs length: 5414364, N50: 5014994
[2026-02-20 17:56:41] root: INFO: >>>STAGE: consensus
[2026-02-20 17:56:41] root: INFO: Running Minimap2
[2026-02-20 17:56:47] root: INFO: Computing consensus
[2026-02-20 17:57:01] root: INFO: Alignment error rate: 0.011955
[2026-02-20 17:57:01] root: INFO: >>>STAGE: repeat
[2026-02-20 17:57:01] root: INFO: Building and resolving repeat graph
[2026-02-20 17:57:01] root: DEBUG: -----Begin repeat analyser log------
[2026-02-20 17:57:01] root: DEBUG: Running: flye-modules repeat --disjointigs /scratch/ky/characterization/results/barcode34/assembly/10-consensus/consensus.fasta --reads /scratch/ky/characterization/FASTQ/SQK-RBK114-96_barcode34.fastq --out-dir /scratch/ky/characterization/results/barcode34/assembly/20-repeat --config /data/softs/Miniforge3-25.11.0-0/envs/flye-2.9.6/lib/python3.12/site-packages/flye/config/bin_cfg/asm_nano_hq.cfg --log /scratch/ky/characterization/results/barcode34/assembly/flye.log --threads 16 --meta --min-ovlp 2000
[2026-02-20 17:57:01] DEBUG: Build date: May  4 2025 23:18:08
[2026-02-20 17:57:01] DEBUG: Total RAM: 251 Gb
[2026-02-20 17:57:01] DEBUG: Available RAM: 246 Gb
[2026-02-20 17:57:01] DEBUG: Total CPUs: 32
[2026-02-20 17:57:01] DEBUG: Loading /data/softs/Miniforge3-25.11.0-0/envs/flye-2.9.6/lib/python3.12/site-packages/flye/config/bin_cfg/asm_nano_hq.cfg
[2026-02-20 17:57:01] DEBUG: Loading /data/softs/Miniforge3-25.11.0-0/envs/flye-2.9.6/lib/python3.12/site-packages/flye/config/bin_cfg/asm_defaults.cfg
[2026-02-20 17:57:01] DEBUG: 	big_genome_threshold=29000000
[2026-02-20 17:57:01] DEBUG: 	meta_read_filter_kmer_freq=100
[2026-02-20 17:57:01] DEBUG: 	chain_large_gap_penalty=2
[2026-02-20 17:57:01] DEBUG: 	chain_small_gap_penalty=0.5
[2026-02-20 17:57:01] DEBUG: 	chain_gap_jump_threshold=100
[2026-02-20 17:57:01] DEBUG: 	max_jump_gap=500
[2026-02-20 17:57:01] DEBUG: 	max_coverage_drop_rate=5
[2026-02-20 17:57:01] DEBUG: 	max_extensions_drop_rate=5
[2026-02-20 17:57:01] DEBUG: 	chimera_window=100
[2026-02-20 17:57:01] DEBUG: 	chimera_overhang=1000
[2026-02-20 17:57:01] DEBUG: 	min_reads_in_disjointig=4
[2026-02-20 17:57:01] DEBUG: 	max_inner_reads=10
[2026-02-20 17:57:01] DEBUG: 	max_inner_fraction=0.25
[2026-02-20 17:57:01] DEBUG: 	aggressive_dup_filter=1
[2026-02-20 17:57:01] DEBUG: 	max_separation=500
[2026-02-20 17:57:01] DEBUG: 	unique_edge_length=50000
[2026-02-20 17:57:01] DEBUG: 	min_repeat_res_support=0.51
[2026-02-20 17:57:01] DEBUG: 	out_paths_ratio=5
[2026-02-20 17:57:01] DEBUG: 	graph_cov_drop_rate=5
[2026-02-20 17:57:01] DEBUG: 	coverage_estimate_window=100
[2026-02-20 17:57:01] DEBUG: 	max_bubble_length=50000
[2026-02-20 17:57:01] DEBUG: 	loop_coverage_rate=1.5
[2026-02-20 17:57:01] DEBUG: 	repeat_edge_cov_mult=1.75
[2026-02-20 17:57:01] DEBUG: 	weak_detach_rate=5
[2026-02-20 17:57:01] DEBUG: 	tip_coverage_rate=2
[2026-02-20 17:57:01] DEBUG: 	tip_length_rate=2
[2026-02-20 17:57:01] DEBUG: 	output_gfa_before_rr=1
[2026-02-20 17:57:01] DEBUG: 	remove_alt_edges=0
[2026-02-20 17:57:01] DEBUG: 	low_cutoff_warning=0
[2026-02-20 17:57:01] DEBUG: 	kmer_size=17
[2026-02-20 17:57:01] DEBUG: 	use_minimizers=1
[2026-02-20 17:57:01] DEBUG: 	minimizer_window=10
[2026-02-20 17:57:01] DEBUG: 	reads_base_alignment=1
[2026-02-20 17:57:01] DEBUG: 	meta_read_top_kmer_rate=0.75
[2026-02-20 17:57:01] DEBUG: 	maximum_jump=1500
[2026-02-20 17:57:01] DEBUG: 	maximum_overhang=1500
[2026-02-20 17:57:01] DEBUG: 	repeat_kmer_rate=100
[2026-02-20 17:57:01] DEBUG: 	assemble_ovlp_divergence=0.03
[2026-02-20 17:57:01] DEBUG: 	assemble_divergence_relative=1
[2026-02-20 17:57:01] DEBUG: 	repeat_graph_ovlp_divergence=0.03
[2026-02-20 17:57:01] DEBUG: 	read_align_ovlp_divergence=0.10
[2026-02-20 17:57:01] DEBUG: 	hpc_scoring_on=1
[2026-02-20 17:57:01] DEBUG: 	add_unassembled_reads=0
[2026-02-20 17:57:01] DEBUG: 	extend_contigs_with_repeats=0
[2026-02-20 17:57:01] DEBUG: 	min_read_cov_cutoff=3
[2026-02-20 17:57:01] DEBUG: 	short_tip_length=20000
[2026-02-20 17:57:01] DEBUG: 	long_tip_length=100000
[2026-02-20 17:57:01] DEBUG: Running with k-mer size: 17
[2026-02-20 17:57:01] DEBUG: Selected minimum overlap 2000
[2026-02-20 17:57:01] DEBUG: Metagenome mode: Y
[2026-02-20 17:57:01] INFO: Parsing disjointigs
[2026-02-20 17:57:01] DEBUG: Building positional index
[2026-02-20 17:57:01] DEBUG: Total sequence: 5410198 bp
[2026-02-20 17:57:01] INFO: Building repeat graph
[2026-02-20 17:57:02] DEBUG: Mean k-mer frequency: 1.06302
[2026-02-20 17:57:02] DEBUG: Repetitive k-mer frequency: 106
[2026-02-20 17:57:02] DEBUG: Filtered 0 repetitive k-mers (0)
[2026-02-20 17:57:02] DEBUG: Sorting k-mer index
[2026-02-20 17:57:02] DEBUG: Selected k-mers: 924943
[2026-02-20 17:57:02] DEBUG: K-mer index size: 983232
[2026-02-20 17:57:02] DEBUG: Mean k-mer frequency: 1.06302
[2026-02-20 17:57:02] DEBUG: Minimizer rate: 5.50246
[2026-02-20 17:57:04] DEBUG: Computing transitive closure for overlaps
[2026-02-20 17:57:04] DEBUG: Found 450 overlaps
[2026-02-20 17:57:04] DEBUG: Left 192 overlaps after filtering
[2026-02-20 17:57:04] INFO: Median overlap divergence: 0.029277
[2026-02-20 17:57:04] DEBUG: Sequence divergence distribution: 

    |*     |                                                                                             
    |*     |                                                                                             
    |*     |                                                                                             
    |*     |                                                                                             
    |*     |                                                                                             
    |*     |                                                                                             
    |*     |                                                                                             
    |*     |                                                                                             
    |*     |                                                                                             
    |*     |                                                                                             
    |*     |                                                                                             
    |**    |                                                                                             
    |**    |                                                                                             
    |**    |                                                                                             
    |**    |                                                                                             
    |**    |                                                                                             
    |**   *|                                                                                             
    |**   **        *  *          **    *       *       * *                                              
    |*** *** *    ***  * *        **  * *       *      *****    *         *                              
    |*** *** *    ***  * *        **  * *       *      *****    *         *                              
    ----------------------------------------------------------------------------------------------------
    0%        5%        10%       15%       20%       25%       30%       35%       40%       45%       

    Q25 = 0.0033, Q50 = 0.029, Q75 = 0.15

[2026-02-20 17:57:04] DEBUG: Computing gluepoints
[2026-02-20 17:57:04] DEBUG: Added 1 gluepoint projections
[2026-02-20 17:57:04] DEBUG: Added 0 gluepoint projections
[2026-02-20 17:57:04] DEBUG: Created 202 gluepoints
[2026-02-20 17:57:04] DEBUG: Artificial loops removed: 0 left, 0 right, 4 both
[2026-02-20 17:57:04] DEBUG: Initializing edges
[2026-02-20 17:57:04] DEBUG: Edges length checksum: 9502527819
[2026-02-20 17:57:04] DEBUG: Filtered 0 singleton segments
[2026-02-20 17:57:04] DEBUG: Removed 0 simple and 0 double chimeric junctions
[2026-02-20 17:57:04] DEBUG: Collapsed 7 edges
[2026-02-20 17:57:04] DEBUG: *	46	+disjointig_1	30788	50010	19222	
[2026-02-20 17:57:04] DEBUG:  	4	+disjointig_1	50010	52692	2682	
[2026-02-20 17:57:04] DEBUG: *	45	+disjointig_1	52692	177926	125234	
[2026-02-20 17:57:04] DEBUG: *	48	+disjointig_2	31453	276711	245258	
[2026-02-20 17:57:04] DEBUG:  	49	+disjointig_2	276711	282051	5340	
[2026-02-20 17:57:04] DEBUG:  	18	+disjointig_2	282051	283566	1515	
[2026-02-20 17:57:04] DEBUG: *	22	+disjointig_2	283566	982184	698618	
[2026-02-20 17:57:04] DEBUG:  	24	+disjointig_2	982184	983828	1644	
[2026-02-20 17:57:04] DEBUG:  	25	+disjointig_2	983828	985778	1950	
[2026-02-20 17:57:04] DEBUG: *	-6	+disjointig_2	985778	1430554	444776	
[2026-02-20 17:57:04] DEBUG:  	-4	+disjointig_2	1430554	1433236	2682	
[2026-02-20 17:57:04] DEBUG: *	5	+disjointig_2	1433236	2431979	998743	
[2026-02-20 17:57:04] DEBUG:  	27	+disjointig_2	2431979	2435663	3684	
[2026-02-20 17:57:04] DEBUG: *	-20	+disjointig_2	2435663	2961990	526327	
[2026-02-20 17:57:04] DEBUG:  	-49	+disjointig_2	2961990	2967400	5410	
[2026-02-20 17:57:04] DEBUG: *	13	+disjointig_2	2967400	3331923	364523	
[2026-02-20 17:57:04] DEBUG:  	24	+disjointig_2	3331923	3333566	1643	
[2026-02-20 17:57:04] DEBUG:  	25	+disjointig_2	3333566	3335512	1946	
[2026-02-20 17:57:04] DEBUG:  	26	+disjointig_2	3335512	3338156	2644	
[2026-02-20 17:57:04] DEBUG: *	28	+disjointig_2	3338156	3351395	13239	
[2026-02-20 17:57:04] DEBUG:  	29	+disjointig_2	3351395	3353659	2264	
[2026-02-20 17:57:04] DEBUG: *	-30	+disjointig_2	3353659	3515094	161435	
[2026-02-20 17:57:04] DEBUG:  	29	+disjointig_2	3515094	3517356	2262	
[2026-02-20 17:57:04] DEBUG: *	-21	+disjointig_2	3517356	3721640	204284	
[2026-02-20 17:57:04] DEBUG:  	-49	+disjointig_2	3721640	3726962	5322	
[2026-02-20 17:57:04] DEBUG: *	11	+disjointig_2	3726962	3763026	36064	
[2026-02-20 17:57:04] DEBUG:  	-49	+disjointig_2	3763026	3768365	5339	
[2026-02-20 17:57:04] DEBUG: *	14	+disjointig_2	3768365	3811509	43144	
[2026-02-20 17:57:04] DEBUG:  	27	+disjointig_2	3811509	3815213	3704	
[2026-02-20 17:57:04] DEBUG: *	-23	+disjointig_2	3815213	3908709	93496	
[2026-02-20 17:57:04] DEBUG:  	-18	+disjointig_2	3908709	3910226	1517	
[2026-02-20 17:57:04] DEBUG:  	-49	+disjointig_2	3910226	3915658	5432	
[2026-02-20 17:57:04] DEBUG: *	12	+disjointig_2	3915658	4006225	90567	
[2026-02-20 17:57:04] DEBUG:  	-49	+disjointig_2	4006225	4011568	5343	
[2026-02-20 17:57:04] DEBUG: *	15	+disjointig_2	4011568	4392623	381055	
[2026-02-20 17:57:04] DEBUG:  	27	+disjointig_2	4392623	4396327	3704	
[2026-02-20 17:57:04] DEBUG: *	-16	+disjointig_2	4396327	4568825	172498	
[2026-02-20 17:57:04] DEBUG:  	49	+disjointig_2	4568825	4574074	5249	
[2026-02-20 17:57:04] DEBUG: *	19	+disjointig_2	4574074	4926288	352214	
[2026-02-20 17:57:04] DEBUG:  	25	+disjointig_2	4926288	4928238	1950	
[2026-02-20 17:57:04] DEBUG:  	26	+disjointig_2	4928238	4930882	2644	
[2026-02-20 17:57:04] DEBUG: *	47	+disjointig_2	4930882	5016073	85191	
[2026-02-20 17:57:04] DEBUG:  	36	+disjointig_3	37654	47091	9437	
[2026-02-20 17:57:04] DEBUG: *	37	+disjointig_3	47091	48919	1828	
[2026-02-20 17:57:04] DEBUG:  	-38	+disjointig_3	48919	49994	1075	
[2026-02-20 17:57:04] DEBUG:  	-36	+disjointig_3	49994	59303	9309	
[2026-02-20 17:57:04] DEBUG:  	-35	+disjointig_3	59303	61722	2419	
[2026-02-20 17:57:04] DEBUG: *	-50	+disjointig_3	61722	145636	83914	
[2026-02-20 17:57:04] DEBUG:  	-38	+disjointig_3	145636	146645	1009	
[2026-02-20 17:57:04] DEBUG:  	-36	+disjointig_3	146645	156083	9438	
[2026-02-20 17:57:04] DEBUG:  	-35	+disjointig_3	156083	158502	2419	
[2026-02-20 17:57:04] DEBUG:  	39	+disjointig_4	2	581	579	
[2026-02-20 17:57:04] DEBUG:  	51	+disjointig_4	581	3904	3323	
[2026-02-20 17:57:04] DEBUG:  	40	+disjointig_4	3904	4729	825	
[2026-02-20 17:57:04] DEBUG:  	41	+disjointig_4	4729	5238	509	
[2026-02-20 17:57:04] DEBUG:  	39	+disjointig_4	5238	5747	509	
[2026-02-20 17:57:04] DEBUG:  	51	+disjointig_4	5747	9058	3311	
[2026-02-20 17:57:04] DEBUG:  	41	+disjointig_4	9058	9572	514	
[2026-02-20 17:57:04] DEBUG:  	39	+disjointig_4	9572	10087	515	
[2026-02-20 17:57:04] DEBUG:  	51	+disjointig_4	10087	13410	3323	
[2026-02-20 17:57:04] DEBUG:  	40	+disjointig_4	13410	14675	1265	
[2026-02-20 17:57:04] DEBUG:  	39	+disjointig_4	14675	15254	579	
[2026-02-20 17:57:04] DEBUG:  	51	+disjointig_4	15254	18577	3323	
[2026-02-20 17:57:04] DEBUG:  	40	+disjointig_4	18577	19403	826	
[2026-02-20 17:57:04] DEBUG:  	41	+disjointig_4	19403	19912	509	
[2026-02-20 17:57:04] DEBUG:  	39	+disjointig_4	19912	20421	509	
[2026-02-20 17:57:04] DEBUG:  	51	+disjointig_4	20421	23726	3305	
[2026-02-20 17:57:04] DEBUG:  	40	+disjointig_4	23726	24552	826	
[2026-02-20 17:57:04] DEBUG:  	41	+disjointig_4	24552	25397	845	
[2026-02-20 17:57:04] DEBUG: *	42	+disjointig_4	25397	26230	833	
[2026-02-20 17:57:04] DEBUG: Total edges: 51
[2026-02-20 17:57:04] INFO: Parsing reads
[2026-02-20 17:57:04] DEBUG: Building positional index
[2026-02-20 17:57:04] DEBUG: Total sequence: 152950422 bp
[2026-02-20 17:57:04] DEBUG: Building positional index
[2026-02-20 17:57:04] DEBUG: Total sequence: 5278834 bp
[2026-02-20 17:57:04] INFO: Aligning reads to the graph
[2026-02-20 17:57:04] DEBUG: Mean k-mer frequency: 1.03784
[2026-02-20 17:57:04] DEBUG: Repetitive k-mer frequency: 103
[2026-02-20 17:57:04] DEBUG: Filtered 0 repetitive k-mers (0)
[2026-02-20 17:57:04] DEBUG: Sorting k-mer index
[2026-02-20 17:57:04] DEBUG: Selected k-mers: 924211
[2026-02-20 17:57:04] DEBUG: K-mer index size: 959180
[2026-02-20 17:57:04] DEBUG: Mean k-mer frequency: 1.03784
[2026-02-20 17:57:04] DEBUG: Minimizer rate: 5.50349
[2026-02-20 17:57:09] DEBUG: Total reads : 18890
[2026-02-20 17:57:09] DEBUG: Read with aligned parts : 18703
[2026-02-20 17:57:09] DEBUG: Aligned in one piece : 18615
[2026-02-20 17:57:09] INFO: Aligned read sequence: 139587000 / 141363106 (0.987436)
[2026-02-20 17:57:09] INFO: Median overlap divergence: 0.00289738
[2026-02-20 17:57:09] DEBUG: Sequence divergence distribution: 

    |*                   |                                                                               
    |*                   |                                                                               
    |*                   |                                                                               
    |*                   |                                                                               
    |*                   |                                                                               
    |*                   |                                                                               
    |*                   |                                                                               
    |*                   |                                                                               
    |*                   |                                                                               
    |*                   |                                                                               
    |*                   |                                                                               
    |*                   |                                                                               
    |*                   |                                                                               
    |*                   |                                                                               
    |*                   |                                                                               
    |**                  |                                                                               
    |**                  |                                                                               
    |**                  |                                                                               
    |***                 |                                                                               
    |************************* ***   *   *    *       *   *  *  **            *                 *     *  
    ----------------------------------------------------------------------------------------------------
    0%        5%        10%       15%       20%       25%       30%       35%       40%       45%       

    Q25 = 0.0015, Q50 = 0.0029, Q75 = 0.0059

[2026-02-20 17:57:09] INFO: Mean edge coverage: 26
[2026-02-20 17:57:09] DEBUG: 4	len:2682	cov:46	mult:1.76923
[2026-02-20 17:57:09] DEBUG: -4	len:2682	cov:46	mult:1.76923
[2026-02-20 17:57:09] DEBUG: 5	len:998743	cov:22	mult:0.846154
[2026-02-20 17:57:09] DEBUG: -5	len:998743	cov:22	mult:0.846154
[2026-02-20 17:57:09] DEBUG: 6	len:444776	cov:22	mult:0.846154
[2026-02-20 17:57:09] DEBUG: -6	len:444776	cov:22	mult:0.846154
[2026-02-20 17:57:09] DEBUG: 11	len:36064	cov:34	mult:1.30769
[2026-02-20 17:57:09] DEBUG: -11	len:36064	cov:34	mult:1.30769
[2026-02-20 17:57:09] DEBUG: 12	len:90567	cov:35	mult:1.34615
[2026-02-20 17:57:09] DEBUG: -12	len:90567	cov:35	mult:1.34615
[2026-02-20 17:57:09] DEBUG: 13	len:364523	cov:28	mult:1.07692
[2026-02-20 17:57:09] DEBUG: -13	len:364523	cov:28	mult:1.07692
[2026-02-20 17:57:09] DEBUG: 14	len:43144	cov:36	mult:1.38462
[2026-02-20 17:57:09] DEBUG: -14	len:43144	cov:36	mult:1.38462
[2026-02-20 17:57:09] DEBUG: 15	len:381055	cov:34	mult:1.30769
[2026-02-20 17:57:09] DEBUG: -15	len:381055	cov:34	mult:1.30769
[2026-02-20 17:57:09] DEBUG: 16	len:172498	cov:33	mult:1.26923
[2026-02-20 17:57:09] DEBUG: -16	len:172498	cov:33	mult:1.26923
[2026-02-20 17:57:09] DEBUG: 18	len:1516	cov:56	mult:2.15385
[2026-02-20 17:57:09] DEBUG: -18	len:1516	cov:56	mult:2.15385
[2026-02-20 17:57:09] DEBUG: 19	len:352214	cov:27	mult:1.03846
[2026-02-20 17:57:09] DEBUG: -19	len:352214	cov:27	mult:1.03846
[2026-02-20 17:57:09] DEBUG: 20	len:526327	cov:23	mult:0.884615
[2026-02-20 17:57:09] DEBUG: -20	len:526327	cov:23	mult:0.884615
[2026-02-20 17:57:09] DEBUG: 21	len:204284	cov:28	mult:1.07692
[2026-02-20 17:57:09] DEBUG: -21	len:204284	cov:28	mult:1.07692
[2026-02-20 17:57:09] DEBUG: 22	len:698618	cov:24	mult:0.923077
[2026-02-20 17:57:09] DEBUG: -22	len:698618	cov:24	mult:0.923077
[2026-02-20 17:57:09] DEBUG: 23	len:93496	cov:33	mult:1.26923
[2026-02-20 17:57:09] DEBUG: -23	len:93496	cov:33	mult:1.26923
[2026-02-20 17:57:09] DEBUG: 24	len:1643	cov:54	mult:2.07692
[2026-02-20 17:57:09] DEBUG: -24	len:1643	cov:54	mult:2.07692
[2026-02-20 17:57:09] DEBUG: 25	len:1948	cov:91	mult:3.5
[2026-02-20 17:57:09] DEBUG: -25	len:1948	cov:91	mult:3.5
[2026-02-20 17:57:09] DEBUG: 26	len:2644	cov:61	mult:2.34615
[2026-02-20 17:57:09] DEBUG: -26	len:2644	cov:61	mult:2.34615
[2026-02-20 17:57:09] DEBUG: 27	len:3697	cov:63	mult:2.42308
[2026-02-20 17:57:09] DEBUG: -27	len:3697	cov:63	mult:2.42308
[2026-02-20 17:57:09] DEBUG: 28	len:13239	cov:22	mult:0.846154
[2026-02-20 17:57:09] DEBUG: -28	len:13239	cov:22	mult:0.846154
[2026-02-20 17:57:09] DEBUG: 29	len:2263	cov:64	mult:2.46154
[2026-02-20 17:57:09] DEBUG: -29	len:2263	cov:64	mult:2.46154
[2026-02-20 17:57:09] DEBUG: 30	len:161435	cov:30	mult:1.15385
[2026-02-20 17:57:09] DEBUG: -30	len:161435	cov:30	mult:1.15385
[2026-02-20 17:57:09] DEBUG: 35	len:2419	cov:19	mult:0.730769
[2026-02-20 17:57:09] DEBUG: -35	len:2419	cov:19	mult:0.730769
[2026-02-20 17:57:09] DEBUG: 36	len:9394	cov:19	mult:0.730769
[2026-02-20 17:57:09] DEBUG: -36	len:9394	cov:19	mult:0.730769
[2026-02-20 17:57:09] DEBUG: 37	len:1828	cov:7	mult:0.269231
[2026-02-20 17:57:09] DEBUG: -37	len:1828	cov:7	mult:0.269231
[2026-02-20 17:57:09] DEBUG: 38	len:1042	cov:18	mult:0.692308
[2026-02-20 17:57:09] DEBUG: -38	len:1042	cov:18	mult:0.692308
[2026-02-20 17:57:09] DEBUG: 39	len:538	cov:615	mult:23.6538
[2026-02-20 17:57:09] DEBUG: -39	len:538	cov:615	mult:23.6538
[2026-02-20 17:57:09] DEBUG: 40	len:935	cov:665	mult:25.5769
[2026-02-20 17:57:09] DEBUG: -40	len:935	cov:665	mult:25.5769
[2026-02-20 17:57:09] DEBUG: 41	len:594	cov:166	mult:6.38462
[2026-02-20 17:57:09] DEBUG: -41	len:594	cov:166	mult:6.38462
[2026-02-20 17:57:09] DEBUG: 42	len:833	cov:2	mult:0.0769231
[2026-02-20 17:57:09] DEBUG: -42	len:833	cov:2	mult:0.0769231
[2026-02-20 17:57:09] DEBUG: 45	len:125234	cov:15	mult:0.576923
[2026-02-20 17:57:09] DEBUG: -45	len:125234	cov:15	mult:0.576923
[2026-02-20 17:57:09] DEBUG: 46	len:19222	cov:15	mult:0.576923
[2026-02-20 17:57:09] DEBUG: -46	len:19222	cov:15	mult:0.576923
[2026-02-20 17:57:09] DEBUG: 47	len:85191	cov:29	mult:1.11538
[2026-02-20 17:57:09] DEBUG: -47	len:85191	cov:29	mult:1.11538
[2026-02-20 17:57:09] DEBUG: 48	len:245258	cov:27	mult:1.03846
[2026-02-20 17:57:09] DEBUG: -48	len:245258	cov:27	mult:1.03846
[2026-02-20 17:57:09] DEBUG: 49	len:5347	cov:216	mult:8.30769
[2026-02-20 17:57:09] DEBUG: -49	len:5347	cov:216	mult:8.30769
[2026-02-20 17:57:09] DEBUG: 50	len:83914	cov:17	mult:0.653846
[2026-02-20 17:57:09] DEBUG: -50	len:83914	cov:17	mult:0.653846
[2026-02-20 17:57:09] DEBUG: 51	len:3317	cov:709	mult:27.2692
[2026-02-20 17:57:09] DEBUG: -51	len:3317	cov:709	mult:27.2692
[2026-02-20 17:57:09] DEBUG: Unique coverage threshold 57
[2026-02-20 17:57:09] INFO: Simplifying the graph
[2026-02-20 17:57:09] DEBUG: Read coverage cutoff: 3
[2026-02-20 17:57:09] DEBUG: [SIMPL] Removed 0 paths with low coverage
[2026-02-20 17:57:09] DEBUG: Bubble-loop: {50,83914,17} {36,9394,19}
[2026-02-20 17:57:09] DEBUG: 	Internal: {35,2419,19}
[2026-02-20 17:57:09] DEBUG: [SIMPL] Masked 1 heterozygous loops
[2026-02-20 17:57:09] DEBUG: [SIMPL] Masked 0 simple bubbles
[2026-02-20 17:57:09] DEBUG: [SIMPL] Masked 0 roundabouts
[2026-02-20 17:57:09] DEBUG: [SIMPL] Masked 0 superbubbles
[2026-02-20 17:57:09] DEBUG: Finding repeats
[2026-02-20 17:57:09] DEBUG: Read coverage cutoff: 3
[2026-02-20 17:57:09] DEBUG: Low-coverage: 42 2
[2026-02-20 17:57:09] DEBUG: Short-loop: 35
[2026-02-20 17:57:09] DEBUG: Haplo-edge: 35
[2026-02-20 17:57:09] DEBUG: Short-loop: 39
[2026-02-20 17:57:09] DEBUG: Short-loop: 40
[2026-02-20 17:57:09] DEBUG: Short-loop: 41
[2026-02-20 17:57:09] DEBUG: Short-loop: 42
[2026-02-20 17:57:09] DEBUG: Short-loop: 51
[2026-02-20 17:57:09] DEBUG: Repeat detection iteration 1
[2026-02-20 17:57:09] DEBUG: Starting 38 aln:19
[2026-02-20 17:57:09] DEBUG: 	      50	num:8	flank:8306	span:237
[2026-02-20 17:57:09] DEBUG: 	      -37	num:7	flank:1719	span:-15
[2026-02-20 17:57:09] DEBUG: Mult: 38	1042	18	 (0,1)
[2026-02-20 17:57:09] DEBUG: Starting 18 aln:63
[2026-02-20 17:57:09] DEBUG: 	      22	num:20	flank:10232	span:12
[2026-02-20 17:57:09] DEBUG: 	      23	num:31	flank:9614	span:9
[2026-02-20 17:57:09] DEBUG: Mult: 18	1516	56	 (0,1)
[2026-02-20 17:57:09] DEBUG: Starting -24 aln:61
[2026-02-20 17:57:09] DEBUG: 	      -13	num:20	flank:9420	span:5
[2026-02-20 17:57:09] DEBUG: 	      -22	num:28	flank:12896	span:5
[2026-02-20 17:57:09] DEBUG: Mult: 24	1643	54	 (1,0)
[2026-02-20 17:57:09] DEBUG: Starting 25 aln:101
[2026-02-20 17:57:09] DEBUG: 	      26	num:51	flank:8559	span:4
[2026-02-20 17:57:09] DEBUG: 	      -6	num:23	flank:9548	span:15
[2026-02-20 17:57:09] DEBUG: Starting -25 aln:101
[2026-02-20 17:57:09] DEBUG: 	      -22	num:23	flank:11251	span:1644
[2026-02-20 17:57:09] DEBUG: 	      -13	num:15	flank:7781	span:1644
[2026-02-20 17:57:09] DEBUG: 	      -19	num:31	flank:8486	span:13
[2026-02-20 17:57:09] DEBUG: Mult: 25	1948	91	 (1,1)
[2026-02-20 17:57:09] DEBUG: Starting 29 aln:75
[2026-02-20 17:57:09] DEBUG: 	      -21	num:39	flank:17473	span:21
[2026-02-20 17:57:09] DEBUG: 	      -30	num:19	flank:6920	span:24
[2026-02-20 17:57:09] DEBUG: Starting -29 aln:75
[2026-02-20 17:57:09] DEBUG: 	      30	num:36	flank:15226	span:2
[2026-02-20 17:57:09] DEBUG: 	      -28	num:20	flank:7752	span:14
[2026-02-20 17:57:09] DEBUG: Mult: 29	2263	64	 (1,1)
[2026-02-20 17:57:09] DEBUG: Starting 26 aln:70
[2026-02-20 17:57:09] DEBUG: 	      47	num:30	flank:10179	span:10
[2026-02-20 17:57:09] DEBUG: 	      28	num:20	flank:10787	span:13
[2026-02-20 17:57:09] DEBUG: Starting -26 aln:70
[2026-02-20 17:57:09] DEBUG: 	      -19	num:18	flank:6597	span:1944
[2026-02-20 17:57:09] DEBUG: 	      -13	num:11	flank:5840	span:3585
[2026-02-20 17:57:09] DEBUG: Mult: 26	2644	61	 (1,1)
[2026-02-20 17:57:09] DEBUG: Starting 4 aln:56
[2026-02-20 17:57:09] DEBUG: 	      45	num:17	flank:10743	span:14
[2026-02-20 17:57:09] DEBUG: 	      6	num:20	flank:15183	span:15
[2026-02-20 17:57:09] DEBUG: Starting -4 aln:56
[2026-02-20 17:57:09] DEBUG: 	      5	num:29	flank:12517	span:1
[2026-02-20 17:57:09] DEBUG: 	      -46	num:14	flank:8072	span:5
[2026-02-20 17:57:09] DEBUG: Mult: 4	2682	46	 (1,1)
[2026-02-20 17:57:09] DEBUG: Starting 27 aln:76
[2026-02-20 17:57:09] DEBUG: 	      -16	num:21	flank:14190	span:11
[2026-02-20 17:57:09] DEBUG: 	      -20	num:16	flank:10024	span:25
[2026-02-20 17:57:09] DEBUG: 	      -23	num:17	flank:11529	span:16
[2026-02-20 17:57:09] DEBUG: Starting -27 aln:76
[2026-02-20 17:57:09] DEBUG: 	      -15	num:16	flank:12882	span:4
[2026-02-20 17:57:09] DEBUG: 	      -14	num:18	flank:11526	span:14
[2026-02-20 17:57:09] DEBUG: 	      -5	num:16	flank:9468	span:4
[2026-02-20 17:57:09] DEBUG: Mult: 27	3697	63	 (1,1)
[2026-02-20 17:57:09] DEBUG: Starting 49 aln:298
[2026-02-20 17:57:09] DEBUG: 	      -11	num:32	flank:7563	span:12
[2026-02-20 17:57:09] DEBUG: 	      21	num:21	flank:20004	span:10
[2026-02-20 17:57:09] DEBUG: 	      22	num:16	flank:10232	span:1522
[2026-02-20 17:57:09] DEBUG: 	      19	num:30	flank:11286	span:9
[2026-02-20 17:57:09] DEBUG: 	      20	num:24	flank:19583	span:10
[2026-02-20 17:57:09] DEBUG: 	      23	num:23	flank:8097	span:1498
[2026-02-20 17:57:09] DEBUG: 	      -12	num:30	flank:14114	span:16
[2026-02-20 17:57:09] DEBUG: Starting -49 aln:298
[2026-02-20 17:57:09] DEBUG: 	      14	num:30	flank:12899	span:5
[2026-02-20 17:57:09] DEBUG: 	      16	num:33	flank:12277	span:1
[2026-02-20 17:57:09] DEBUG: 	      13	num:24	flank:14155	span:1
[2026-02-20 17:57:09] DEBUG: 	      -48	num:24	flank:9319	span:10
[2026-02-20 17:57:09] DEBUG: 	      15	num:29	flank:13386	span:5
[2026-02-20 17:57:09] DEBUG: 	      11	num:15	flank:17286	span:1
[2026-02-20 17:57:09] DEBUG: 	      12	num:35	flank:8751	span:5
[2026-02-20 17:57:09] DEBUG: Mult: 49	5347	216	 (1,1)
[2026-02-20 17:57:09] DEBUG: Starting 36 aln:31
[2026-02-20 17:57:09] DEBUG: 	      50	num:8	flank:8306	span:870
[2026-02-20 17:57:09] DEBUG: 	      37	num:2	flank:3310	span:11
[2026-02-20 17:57:09] DEBUG: 	      -37	num:4	flank:1719	span:731
[2026-02-20 17:57:09] DEBUG: Mult: 36	9394	19	 (0,1)
[2026-02-20 17:57:09] DEBUG: Repeat detection iteration 2
[2026-02-20 17:57:09] DEBUG: Writing Dot
[2026-02-20 17:57:09] DEBUG: Writing FASTA
[2026-02-20 17:57:09] DEBUG: Writing Gfa
[2026-02-20 17:57:09] DEBUG: 	Connection -5	6	17
[2026-02-20 17:57:09] DEBUG: 	Connection 46	45	7
[2026-02-20 17:57:09] DEBUG: 	Connection 5	-20	12
[2026-02-20 17:57:09] DEBUG: 	Connection 14	-23	7
[2026-02-20 17:57:09] DEBUG: 	Connection 15	-16	9
[2026-02-20 17:57:09] DEBUG: 	Connection 28	-30	13
[2026-02-20 17:57:09] DEBUG: 	Connection -30	-21	26
[2026-02-20 17:57:09] DEBUG: [SIMPL] Resolved 7 simple repeats
[2026-02-20 17:57:09] DEBUG: [SIMPL] == Iteration 1 ==
[2026-02-20 17:57:09] DEBUG: Splitting nodes
[2026-02-20 17:57:09] DEBUG: [SIMPL] Split 2 nodes
[2026-02-20 17:57:09] DEBUG: [SIMPL] Disconnected 0 minor paths
[2026-02-20 17:57:09] DEBUG: [SIMPL] Clipped 0 short and 0 long tips
[2026-02-20 17:57:09] DEBUG: [SIMPL] Masked 0 heterozygous loops
[2026-02-20 17:57:09] DEBUG: [SIMPL] Masked 0 simple bubbles
[2026-02-20 17:57:09] DEBUG: [SIMPL] Masked 0 roundabouts
[2026-02-20 17:57:09] DEBUG: [SIMPL] Masked 0 superbubbles
[2026-02-20 17:57:09] DEBUG: Finding repeats
[2026-02-20 17:57:09] DEBUG: Read coverage cutoff: 3
[2026-02-20 17:57:09] DEBUG: Low-coverage: 42 2
[2026-02-20 17:57:09] DEBUG: Short-loop: 39
[2026-02-20 17:57:09] DEBUG: Short-loop: 51 -> 40
[2026-02-20 17:57:09] DEBUG: Short-loop: 41
[2026-02-20 17:57:09] DEBUG: Short-loop: 42
[2026-02-20 17:57:09] DEBUG: Repeat detection iteration 1
[2026-02-20 17:57:09] DEBUG: Starting 38 aln:19
[2026-02-20 17:57:09] DEBUG: 	      50	num:8	flank:8306	span:237
[2026-02-20 17:57:09] DEBUG: 	      -37	num:7	flank:1719	span:-15
[2026-02-20 17:57:09] DEBUG: Mult: 38	1042	18	 (0,1)
[2026-02-20 17:57:09] DEBUG: Starting 18 aln:63
[2026-02-20 17:57:09] DEBUG: 	      22	num:20	flank:10232	span:12
[2026-02-20 17:57:09] DEBUG: 	      23	num:31	flank:9614	span:9
[2026-02-20 17:57:09] DEBUG: Mult: 18	1516	56	 (0,1)
[2026-02-20 17:57:09] DEBUG: Starting -24 aln:61
[2026-02-20 17:57:09] DEBUG: 	      -13	num:20	flank:9420	span:5
[2026-02-20 17:57:09] DEBUG: 	      -22	num:28	flank:12896	span:5
[2026-02-20 17:57:09] DEBUG: Mult: 24	1643	54	 (1,0)
[2026-02-20 17:57:09] DEBUG: Starting 25 aln:101
[2026-02-20 17:57:09] DEBUG: 	      26	num:51	flank:8559	span:4
[2026-02-20 17:57:09] DEBUG: 	      -6	num:23	flank:9548	span:15
[2026-02-20 17:57:09] DEBUG: Starting -25 aln:101
[2026-02-20 17:57:09] DEBUG: 	      -22	num:23	flank:11251	span:1644
[2026-02-20 17:57:09] DEBUG: 	      -13	num:15	flank:7781	span:1644
[2026-02-20 17:57:09] DEBUG: 	      -19	num:31	flank:8486	span:13
[2026-02-20 17:57:09] DEBUG: Mult: 25	1948	91	 (1,1)
[2026-02-20 17:57:09] DEBUG: Starting 26 aln:70
[2026-02-20 17:57:09] DEBUG: 	      47	num:30	flank:10179	span:10
[2026-02-20 17:57:09] DEBUG: 	      28	num:20	flank:10787	span:13
[2026-02-20 17:57:09] DEBUG: Starting -26 aln:70
[2026-02-20 17:57:09] DEBUG: 	      -19	num:18	flank:6597	span:1944
[2026-02-20 17:57:09] DEBUG: 	      -13	num:11	flank:5840	span:3585
[2026-02-20 17:57:09] DEBUG: Mult: 26	2644	61	 (1,1)
[2026-02-20 17:57:09] DEBUG: Starting 49 aln:298
[2026-02-20 17:57:09] DEBUG: 	      -11	num:32	flank:7563	span:12
[2026-02-20 17:57:09] DEBUG: 	      21	num:21	flank:20004	span:10
[2026-02-20 17:57:09] DEBUG: 	      22	num:16	flank:10232	span:1522
[2026-02-20 17:57:09] DEBUG: 	      19	num:30	flank:11286	span:9
[2026-02-20 17:57:09] DEBUG: 	      20	num:24	flank:19583	span:10
[2026-02-20 17:57:09] DEBUG: 	      23	num:23	flank:8097	span:1498
[2026-02-20 17:57:09] DEBUG: 	      -12	num:30	flank:14114	span:16
[2026-02-20 17:57:09] DEBUG: Starting -49 aln:298
[2026-02-20 17:57:09] DEBUG: 	      14	num:30	flank:12899	span:5
[2026-02-20 17:57:09] DEBUG: 	      16	num:33	flank:12277	span:1
[2026-02-20 17:57:09] DEBUG: 	      13	num:24	flank:14155	span:1
[2026-02-20 17:57:09] DEBUG: 	      -48	num:24	flank:9319	span:10
[2026-02-20 17:57:09] DEBUG: 	      15	num:29	flank:13386	span:5
[2026-02-20 17:57:09] DEBUG: 	      11	num:15	flank:17286	span:1
[2026-02-20 17:57:09] DEBUG: 	      12	num:35	flank:8751	span:5
[2026-02-20 17:57:09] DEBUG: Mult: 49	5347	216	 (1,1)
[2026-02-20 17:57:09] DEBUG: Starting 36 aln:31
[2026-02-20 17:57:09] DEBUG: 	      50	num:8	flank:8306	span:870
[2026-02-20 17:57:09] DEBUG: 	      37	num:2	flank:3310	span:11
[2026-02-20 17:57:09] DEBUG: 	      -37	num:4	flank:1719	span:731
[2026-02-20 17:57:09] DEBUG: Mult: 50 -> 35 -> 36	95727	17	 (0,1)
[2026-02-20 17:57:09] DEBUG: Repeat detection iteration 2
[2026-02-20 17:57:09] DEBUG: Total unique edges: 30
[2026-02-20 17:57:09] DEBUG: 	Connection -11	21	5	1
[2026-02-20 17:57:09] DEBUG: 	Connection 13	28	6	1
[2026-02-20 17:57:09] DEBUG: 	Connection -20	13	10	1
[2026-02-20 17:57:09] DEBUG: 	Connection 19	47	12	1
[2026-02-20 17:57:09] DEBUG: 	Connection -23	12	10	1
[2026-02-20 17:57:09] DEBUG: 	Connection -15	-12	18	1
[2026-02-20 17:57:09] DEBUG: 	Connection -16	19	14	1
[2026-02-20 17:57:09] DEBUG: 	Connection -22	-48	7	1
[2026-02-20 17:57:09] DEBUG: 	Connection 22	-6	16	1
[2026-02-20 17:57:09] DEBUG: 	Connection -14	-11	13	1
[2026-02-20 17:57:09] DEBUG: [SIMPL] Resolved repeats: 10
[2026-02-20 17:57:09] DEBUG: RR links: 222
[2026-02-20 17:57:09] DEBUG: Unresolved: 0
[2026-02-20 17:57:09] DEBUG: Removed 0 simple and 0 double chimeric junctions
[2026-02-20 17:57:09] DEBUG: [SIMPL] == Iteration 2 ==
[2026-02-20 17:57:09] DEBUG: Splitting nodes
[2026-02-20 17:57:09] DEBUG: [SIMPL] Split 0 nodes
[2026-02-20 17:57:09] DEBUG: [SIMPL] Disconnected 0 minor paths
[2026-02-20 17:57:09] DEBUG: [SIMPL] Clipped 0 short and 0 long tips
[2026-02-20 17:57:09] DEBUG: [SIMPL] Masked 0 heterozygous loops
[2026-02-20 17:57:09] DEBUG: [SIMPL] Masked 0 simple bubbles
[2026-02-20 17:57:09] DEBUG: [SIMPL] Masked 0 roundabouts
[2026-02-20 17:57:09] DEBUG: [SIMPL] Masked 0 superbubbles
[2026-02-20 17:57:09] DEBUG: Finding repeats
[2026-02-20 17:57:09] DEBUG: Read coverage cutoff: 3
[2026-02-20 17:57:09] DEBUG: Low-coverage: 42 2
[2026-02-20 17:57:09] DEBUG: Short-loop: 39
[2026-02-20 17:57:09] DEBUG: Short-loop: 51 -> 40
[2026-02-20 17:57:09] DEBUG: Short-loop: 41
[2026-02-20 17:57:09] DEBUG: Short-loop: 42
[2026-02-20 17:57:09] DEBUG: Repeat detection iteration 1
[2026-02-20 17:57:09] DEBUG: Starting 38 aln:19
[2026-02-20 17:57:09] DEBUG: 	      50	num:8	flank:8306	span:237
[2026-02-20 17:57:09] DEBUG: 	      -37	num:7	flank:1719	span:-15
[2026-02-20 17:57:09] DEBUG: Mult: 38	1042	18	 (0,1)
[2026-02-20 17:57:09] DEBUG: Starting 36 aln:31
[2026-02-20 17:57:09] DEBUG: 	      50	num:8	flank:8306	span:870
[2026-02-20 17:57:09] DEBUG: 	      37	num:2	flank:3310	span:11
[2026-02-20 17:57:09] DEBUG: 	      -37	num:4	flank:1719	span:731
[2026-02-20 17:57:09] DEBUG: Mult: 50 -> 35 -> 36	95727	17	 (0,1)
[2026-02-20 17:57:09] DEBUG: Repeat detection iteration 2
[2026-02-20 17:57:09] DEBUG: Total unique edges: 37
[2026-02-20 17:57:09] DEBUG: [SIMPL] Resolved repeats: 0
[2026-02-20 17:57:09] DEBUG: RR links: 0
[2026-02-20 17:57:09] DEBUG: Unresolved: 0
[2026-02-20 17:57:09] DEBUG: Removed 0 simple and 0 double chimeric junctions
[2026-02-20 17:57:09] DEBUG: [SIMPL] Simplified 0 forks
[2026-02-20 17:57:09] DEBUG: [SIMPL] Collapsed 0 haplotypes
[2026-02-20 17:57:09] DEBUG: [SIMPL] Resolved 0 simple repeats
[2026-02-20 17:57:09] DEBUG: Read coverage cutoff: 3
[2026-02-20 17:57:09] DEBUG: [SIMPL] Removed 0 paths with low coverage
[2026-02-20 17:57:09] DEBUG: Finding repeats
[2026-02-20 17:57:09] DEBUG: Read coverage cutoff: 3
[2026-02-20 17:57:09] DEBUG: Low-coverage: 42 2
[2026-02-20 17:57:09] DEBUG: Short-loop: 39
[2026-02-20 17:57:09] DEBUG: Short-loop: 51 -> 40
[2026-02-20 17:57:09] DEBUG: Short-loop: 41
[2026-02-20 17:57:09] DEBUG: Short-loop: 42
[2026-02-20 17:57:09] DEBUG: Repeat detection iteration 1
[2026-02-20 17:57:09] DEBUG: Starting 38 aln:19
[2026-02-20 17:57:09] DEBUG: 	      50	num:8	flank:8306	span:237
[2026-02-20 17:57:09] DEBUG: 	      -37	num:7	flank:1719	span:-15
[2026-02-20 17:57:09] DEBUG: Mult: 38	1042	18	 (0,1)
[2026-02-20 17:57:09] DEBUG: Starting 36 aln:31
[2026-02-20 17:57:09] DEBUG: 	      50	num:8	flank:8306	span:870
[2026-02-20 17:57:09] DEBUG: 	      37	num:2	flank:3310	span:11
[2026-02-20 17:57:09] DEBUG: 	      -37	num:4	flank:1719	span:731
[2026-02-20 17:57:09] DEBUG: Mult: 50 -> 35 -> 36	95727	17	 (0,1)
[2026-02-20 17:57:09] DEBUG: Repeat detection iteration 2
[2026-02-20 17:57:09] DEBUG: Fixed: 50 -> 35 -> 36	95727	17
[2026-02-20 17:57:09] DEBUG: Writing Dot
[2026-02-20 17:57:09] DEBUG: Writing FASTA
[2026-02-20 17:57:09] DEBUG: Peak RAM usage: 0 Gb
-----------End assembly log------------
[2026-02-20 17:57:09] root: INFO: >>>STAGE: contigger
[2026-02-20 17:57:09] root: INFO: Generating contigs
[2026-02-20 17:57:09] root: DEBUG: -----Begin contigger analyser log------
[2026-02-20 17:57:09] root: DEBUG: Running: flye-modules contigger --graph-edges /scratch/ky/characterization/results/barcode34/assembly/20-repeat/repeat_graph_edges.fasta --reads /scratch/ky/characterization/FASTQ/SQK-RBK114-96_barcode34.fastq --out-dir /scratch/ky/characterization/results/barcode34/assembly/30-contigger --config /data/softs/Miniforge3-25.11.0-0/envs/flye-2.9.6/lib/python3.12/site-packages/flye/config/bin_cfg/asm_nano_hq.cfg --repeat-graph /scratch/ky/characterization/results/barcode34/assembly/20-repeat/repeat_graph_dump --graph-aln /scratch/ky/characterization/results/barcode34/assembly/20-repeat/read_alignment_dump --log /scratch/ky/characterization/results/barcode34/assembly/flye.log --threads 16 --min-ovlp 2000
[2026-02-20 17:57:09] DEBUG: Build date: May  4 2025 23:18:25
[2026-02-20 17:57:09] DEBUG: Total RAM: 251 Gb
[2026-02-20 17:57:09] DEBUG: Available RAM: 246 Gb
[2026-02-20 17:57:09] DEBUG: Total CPUs: 32
[2026-02-20 17:57:09] DEBUG: Loading /data/softs/Miniforge3-25.11.0-0/envs/flye-2.9.6/lib/python3.12/site-packages/flye/config/bin_cfg/asm_nano_hq.cfg
[2026-02-20 17:57:09] DEBUG: Loading /data/softs/Miniforge3-25.11.0-0/envs/flye-2.9.6/lib/python3.12/site-packages/flye/config/bin_cfg/asm_defaults.cfg
[2026-02-20 17:57:09] DEBUG: 	big_genome_threshold=29000000
[2026-02-20 17:57:09] DEBUG: 	meta_read_filter_kmer_freq=100
[2026-02-20 17:57:09] DEBUG: 	chain_large_gap_penalty=2
[2026-02-20 17:57:09] DEBUG: 	chain_small_gap_penalty=0.5
[2026-02-20 17:57:09] DEBUG: 	chain_gap_jump_threshold=100
[2026-02-20 17:57:09] DEBUG: 	max_jump_gap=500
[2026-02-20 17:57:09] DEBUG: 	max_coverage_drop_rate=5
[2026-02-20 17:57:09] DEBUG: 	max_extensions_drop_rate=5
[2026-02-20 17:57:09] DEBUG: 	chimera_window=100
[2026-02-20 17:57:09] DEBUG: 	chimera_overhang=1000
[2026-02-20 17:57:09] DEBUG: 	min_reads_in_disjointig=4
[2026-02-20 17:57:09] DEBUG: 	max_inner_reads=10
[2026-02-20 17:57:09] DEBUG: 	max_inner_fraction=0.25
[2026-02-20 17:57:09] DEBUG: 	aggressive_dup_filter=1
[2026-02-20 17:57:09] DEBUG: 	max_separation=500
[2026-02-20 17:57:09] DEBUG: 	unique_edge_length=50000
[2026-02-20 17:57:09] DEBUG: 	min_repeat_res_support=0.51
[2026-02-20 17:57:09] DEBUG: 	out_paths_ratio=5
[2026-02-20 17:57:09] DEBUG: 	graph_cov_drop_rate=5
[2026-02-20 17:57:09] DEBUG: 	coverage_estimate_window=100
[2026-02-20 17:57:09] DEBUG: 	max_bubble_length=50000
[2026-02-20 17:57:09] DEBUG: 	loop_coverage_rate=1.5
[2026-02-20 17:57:09] DEBUG: 	repeat_edge_cov_mult=1.75
[2026-02-20 17:57:09] DEBUG: 	weak_detach_rate=5
[2026-02-20 17:57:09] DEBUG: 	tip_coverage_rate=2
[2026-02-20 17:57:09] DEBUG: 	tip_length_rate=2
[2026-02-20 17:57:09] DEBUG: 	output_gfa_before_rr=1
[2026-02-20 17:57:09] DEBUG: 	remove_alt_edges=0
[2026-02-20 17:57:09] DEBUG: 	low_cutoff_warning=0
[2026-02-20 17:57:09] DEBUG: 	kmer_size=17
[2026-02-20 17:57:09] DEBUG: 	use_minimizers=1
[2026-02-20 17:57:09] DEBUG: 	minimizer_window=10
[2026-02-20 17:57:09] DEBUG: 	reads_base_alignment=1
[2026-02-20 17:57:09] DEBUG: 	meta_read_top_kmer_rate=0.75
[2026-02-20 17:57:09] DEBUG: 	maximum_jump=1500
[2026-02-20 17:57:09] DEBUG: 	maximum_overhang=1500
[2026-02-20 17:57:09] DEBUG: 	repeat_kmer_rate=100
[2026-02-20 17:57:09] DEBUG: 	assemble_ovlp_divergence=0.03
[2026-02-20 17:57:09] DEBUG: 	assemble_divergence_relative=1
[2026-02-20 17:57:09] DEBUG: 	repeat_graph_ovlp_divergence=0.03
[2026-02-20 17:57:09] DEBUG: 	read_align_ovlp_divergence=0.10
[2026-02-20 17:57:09] DEBUG: 	hpc_scoring_on=1
[2026-02-20 17:57:09] DEBUG: 	add_unassembled_reads=0
[2026-02-20 17:57:09] DEBUG: 	extend_contigs_with_repeats=0
[2026-02-20 17:57:09] DEBUG: 	min_read_cov_cutoff=3
[2026-02-20 17:57:09] DEBUG: 	short_tip_length=20000
[2026-02-20 17:57:09] DEBUG: 	long_tip_length=100000
[2026-02-20 17:57:09] DEBUG: Running with k-mer size: 17
[2026-02-20 17:57:09] DEBUG: Selected minimum overlap 2000
[2026-02-20 17:57:09] INFO: Reading sequences
[2026-02-20 17:57:10] DEBUG: Building positional index
[2026-02-20 17:57:10] DEBUG: Total sequence: 152950422 bp
[2026-02-20 17:57:10] DEBUG: Flipped 0
[2026-02-20 17:57:10] DEBUG: UPath 1: 54 -> -20 -> -61 -> 13 -> -60 -> 28 -> 57 -> -30 -> 58 -> -21 -> -59 -> 11 -> 68 -> 14 -> 55 -> -23 -> -63 -> 12 -> -64 -> 15 -> 56 -> -16 -> -65 -> 19 -> 62 -> 47 -> 48 -> 66 -> 22 -> -67 -> -6 -> -52 -> 5
[2026-02-20 17:57:10] DEBUG: UPath 2: 50 -> 35 -> 36
[2026-02-20 17:57:10] DEBUG: UPath 3: 37
[2026-02-20 17:57:10] DEBUG: UPath 4: 38
[2026-02-20 17:57:10] DEBUG: UPath 5: 39
[2026-02-20 17:57:10] DEBUG: UPath 6: 51 -> 40
[2026-02-20 17:57:10] DEBUG: UPath 7: 41
[2026-02-20 17:57:10] DEBUG: UPath 8: 42
[2026-02-20 17:57:10] DEBUG: UPath 9: 46 -> 53 -> 45
[2026-02-20 17:57:10] DEBUG: Final graph contains 9 egdes
[2026-02-20 17:57:10] DEBUG: Extending contigs into repeats
[2026-02-20 17:57:10] DEBUG: Covered 1 repetitive contigs
[2026-02-20 17:57:10] INFO: Generated 8 contigs
[2026-02-20 17:57:10] DEBUG: Writing FASTA
[2026-02-20 17:57:10] DEBUG: Generating scaffold connections
[2026-02-20 17:57:10] INFO: Added 0 scaffold connections
[2026-02-20 17:57:10] DEBUG: Writing Dot
[2026-02-20 17:57:10] DEBUG: Writing FASTA
[2026-02-20 17:57:10] DEBUG: Writing Gfa
[2026-02-20 17:57:10] DEBUG: Peak RAM usage: 0 Gb
-----------End assembly log------------
[2026-02-20 17:57:10] root: INFO: >>>STAGE: polishing
[2026-02-20 17:57:10] root: INFO: Polishing genome (1/1)
[2026-02-20 17:57:10] root: INFO: Running minimap2
[2026-02-20 17:57:15] root: INFO: Separating alignment into bubbles
[2026-02-20 17:57:42] root: DEBUG: Generated 363666 bubbles
[2026-02-20 17:57:42] root: DEBUG: Split 2 long bubbles
[2026-02-20 17:57:42] root: DEBUG: Skipped 2 empty bubbles
[2026-02-20 17:57:42] root: DEBUG: Skipped 0 bubbles with long branches
[2026-02-20 17:57:42] root: INFO: Alignment error rate: 0.007904
[2026-02-20 17:57:42] root: INFO: Correcting bubbles
[2026-02-20 17:57:52] root: DEBUG: Mean contig coverage: 30, selected threshold: 3
[2026-02-20 17:57:52] root: DEBUG: Filtered 1 contigs of total length 1383
[2026-02-20 17:57:52] root: DEBUG: Generating polished GFA
[2026-02-20 17:57:55] root: DEBUG: 1 sequences remained unpolished
[2026-02-20 17:57:55] root: INFO: >>>STAGE: finalize
[2026-02-20 17:57:55] root: DEBUG: ---Output dir contents:----
[2026-02-20 17:57:55] root: DEBUG: assembly/
[2026-02-20 17:57:55] root: DEBUG:     54.0 K      flye.log
[2026-02-20 17:57:55] root: DEBUG:     92.0 B      params.json
[2026-02-20 17:57:55] root: DEBUG:     1.0 K       assembly_graph.gv
[2026-02-20 17:57:55] root: DEBUG:     4.0 M       assembly_graph.gfa
[2026-02-20 17:57:55] root: DEBUG:     5.0 M       assembly.fasta
[2026-02-20 17:57:55] root: DEBUG:     00-assembly/
[2026-02-20 17:57:55] root: DEBUG:         5.0 M       draft_assembly.fasta
[2026-02-20 17:57:55] root: DEBUG:         130.0 B     draft_assembly.fasta.fai
[2026-02-20 17:57:55] root: DEBUG:     10-consensus/
[2026-02-20 17:57:55] root: DEBUG:         967.0 B     minimap.stderr
[2026-02-20 17:57:55] root: DEBUG:         29.0 K      minimap.bam.csi
[2026-02-20 17:57:55] root: DEBUG:         5.0 M       consensus.fasta
[2026-02-20 17:57:55] root: DEBUG:     20-repeat/
[2026-02-20 17:57:55] root: DEBUG:         5.0 K       graph_before_rr.gv
[2026-02-20 17:57:55] root: DEBUG:         5.0 M       graph_before_rr.fasta
[2026-02-20 17:57:55] root: DEBUG:         4.0 M       graph_before_rr.gfa
[2026-02-20 17:57:55] root: DEBUG:         5.0 K       graph_after_rr.gv
[2026-02-20 17:57:55] root: DEBUG:         12.0 K      repeat_graph_dump
[2026-02-20 17:57:55] root: DEBUG:         5.0 M       read_alignment_dump
[2026-02-20 17:57:55] root: DEBUG:         5.0 M       repeat_graph_edges.fasta
[2026-02-20 17:57:55] root: DEBUG:     30-contigger/
[2026-02-20 17:57:55] root: DEBUG:         5.0 M       contigs.fasta
[2026-02-20 17:57:55] root: DEBUG:         341.0 B     contigs_stats.txt
[2026-02-20 17:57:55] root: DEBUG:         0.0 B       scaffolds_links.txt
[2026-02-20 17:57:55] root: DEBUG:         1.0 K       graph_final.gv
[2026-02-20 17:57:55] root: DEBUG:         5.0 M       graph_final.fasta
[2026-02-20 17:57:55] root: DEBUG:         4.0 M       graph_final.gfa
[2026-02-20 17:57:55] root: DEBUG:         222.0 B     contigs.fasta.fai
[2026-02-20 17:57:55] root: DEBUG:     40-polishing/
[2026-02-20 17:57:55] root: DEBUG:         923.0 B     minimap.stderr
[2026-02-20 17:57:55] root: DEBUG:         29.0 K      minimap_1.bam.csi
[2026-02-20 17:57:55] root: DEBUG:         166.0 B     contigs_stats.txt
[2026-02-20 17:57:55] root: DEBUG:         1.0 M       base_coverage.bed.gz
[2026-02-20 17:57:55] root: DEBUG:         5.0 M       filtered_contigs.fasta
[2026-02-20 17:57:55] root: DEBUG:         150.0 B     filtered_stats.txt
[2026-02-20 17:57:55] root: DEBUG:         194.0 B     filtered_contigs.fasta.fai
[2026-02-20 17:57:55] root: DEBUG:         191.0 B     edges_aln.bam.csi
[2026-02-20 17:57:55] root: DEBUG:         4.0 M       polished_edges.gfa
[2026-02-20 17:57:55] root: DEBUG: --------------------------
[2026-02-20 17:57:55] root: INFO: Assembly statistics:

	Total length:	5234537
	Fragments:	7
	Fragments N50:	4984637
	Largest frg:	4984637
	Scaffolds:	0
	Mean coverage:	30

[2026-02-20 17:57:55] root: INFO: Final assembly: /scratch/ky/characterization/results/barcode34/assembly/assembly.fasta
