[2026-02-20 18:05:24] root: INFO: Starting Flye 2.9.6-b1802
[2026-02-20 18:05:24] root: DEBUG: Cmd: /data/softs/Miniforge3-25.11.0-0/envs/flye-2.9.6/bin/flye --meta --nano-hq /scratch/ky/characterization/FASTQ/SQK-RBK114-96_barcode36.fastq -o /scratch/ky/characterization/results/barcode36/assembly/ -t 16
[2026-02-20 18:05:24] root: DEBUG: Python version: 3.12.12 | packaged by conda-forge | (main, Jan 26 2026, 23:51:32) [GCC 14.3.0]
[2026-02-20 18:05:24] root: INFO: >>>STAGE: configure
[2026-02-20 18:05:24] root: INFO: Configuring run
[2026-02-20 18:05:25] root: INFO: Total read length: 444587204
[2026-02-20 18:05:25] root: INFO: Reads N50/N90: 11773 / 2992
[2026-02-20 18:05:25] root: INFO: Minimum overlap set to 3000
[2026-02-20 18:05:25] root: INFO: >>>STAGE: assembly
[2026-02-20 18:05:25] root: INFO: Assembling disjointigs
[2026-02-20 18:05:25] root: DEBUG: -----Begin assembly log------
[2026-02-20 18:05:25] root: DEBUG: Running: flye-modules assemble --reads /scratch/ky/characterization/FASTQ/SQK-RBK114-96_barcode36.fastq --out-asm /scratch/ky/characterization/results/barcode36/assembly/00-assembly/draft_assembly.fasta --config /data/softs/Miniforge3-25.11.0-0/envs/flye-2.9.6/lib/python3.12/site-packages/flye/config/bin_cfg/asm_nano_hq.cfg --log /scratch/ky/characterization/results/barcode36/assembly/flye.log --threads 16 --meta --min-ovlp 3000
[2026-02-20 18:05:25] DEBUG: Build date: May  4 2025 23:17:52
[2026-02-20 18:05:25] DEBUG: Total RAM: 251 Gb
[2026-02-20 18:05:25] DEBUG: Available RAM: 247 Gb
[2026-02-20 18:05:25] DEBUG: Total CPUs: 32
[2026-02-20 18:05:25] DEBUG: Loading /data/softs/Miniforge3-25.11.0-0/envs/flye-2.9.6/lib/python3.12/site-packages/flye/config/bin_cfg/asm_nano_hq.cfg
[2026-02-20 18:05:25] DEBUG: Loading /data/softs/Miniforge3-25.11.0-0/envs/flye-2.9.6/lib/python3.12/site-packages/flye/config/bin_cfg/asm_defaults.cfg
[2026-02-20 18:05:25] DEBUG: 	big_genome_threshold=29000000
[2026-02-20 18:05:25] DEBUG: 	meta_read_filter_kmer_freq=100
[2026-02-20 18:05:25] DEBUG: 	chain_large_gap_penalty=2
[2026-02-20 18:05:25] DEBUG: 	chain_small_gap_penalty=0.5
[2026-02-20 18:05:25] DEBUG: 	chain_gap_jump_threshold=100
[2026-02-20 18:05:25] DEBUG: 	max_jump_gap=500
[2026-02-20 18:05:25] DEBUG: 	max_coverage_drop_rate=5
[2026-02-20 18:05:25] DEBUG: 	max_extensions_drop_rate=5
[2026-02-20 18:05:25] DEBUG: 	chimera_window=100
[2026-02-20 18:05:25] DEBUG: 	chimera_overhang=1000
[2026-02-20 18:05:25] DEBUG: 	min_reads_in_disjointig=4
[2026-02-20 18:05:25] DEBUG: 	max_inner_reads=10
[2026-02-20 18:05:25] DEBUG: 	max_inner_fraction=0.25
[2026-02-20 18:05:25] DEBUG: 	aggressive_dup_filter=1
[2026-02-20 18:05:25] DEBUG: 	max_separation=500
[2026-02-20 18:05:25] DEBUG: 	unique_edge_length=50000
[2026-02-20 18:05:25] DEBUG: 	min_repeat_res_support=0.51
[2026-02-20 18:05:25] DEBUG: 	out_paths_ratio=5
[2026-02-20 18:05:25] DEBUG: 	graph_cov_drop_rate=5
[2026-02-20 18:05:25] DEBUG: 	coverage_estimate_window=100
[2026-02-20 18:05:25] DEBUG: 	max_bubble_length=50000
[2026-02-20 18:05:25] DEBUG: 	loop_coverage_rate=1.5
[2026-02-20 18:05:25] DEBUG: 	repeat_edge_cov_mult=1.75
[2026-02-20 18:05:25] DEBUG: 	weak_detach_rate=5
[2026-02-20 18:05:25] DEBUG: 	tip_coverage_rate=2
[2026-02-20 18:05:25] DEBUG: 	tip_length_rate=2
[2026-02-20 18:05:25] DEBUG: 	output_gfa_before_rr=1
[2026-02-20 18:05:25] DEBUG: 	remove_alt_edges=0
[2026-02-20 18:05:25] DEBUG: 	low_cutoff_warning=0
[2026-02-20 18:05:25] DEBUG: 	kmer_size=17
[2026-02-20 18:05:25] DEBUG: 	use_minimizers=1
[2026-02-20 18:05:25] DEBUG: 	minimizer_window=10
[2026-02-20 18:05:25] DEBUG: 	reads_base_alignment=1
[2026-02-20 18:05:25] DEBUG: 	meta_read_top_kmer_rate=0.75
[2026-02-20 18:05:25] DEBUG: 	maximum_jump=1500
[2026-02-20 18:05:25] DEBUG: 	maximum_overhang=1500
[2026-02-20 18:05:25] DEBUG: 	repeat_kmer_rate=100
[2026-02-20 18:05:25] DEBUG: 	assemble_ovlp_divergence=0.03
[2026-02-20 18:05:25] DEBUG: 	assemble_divergence_relative=1
[2026-02-20 18:05:25] DEBUG: 	repeat_graph_ovlp_divergence=0.03
[2026-02-20 18:05:25] DEBUG: 	read_align_ovlp_divergence=0.10
[2026-02-20 18:05:25] DEBUG: 	hpc_scoring_on=1
[2026-02-20 18:05:25] DEBUG: 	add_unassembled_reads=0
[2026-02-20 18:05:25] DEBUG: 	extend_contigs_with_repeats=0
[2026-02-20 18:05:25] DEBUG: 	min_read_cov_cutoff=3
[2026-02-20 18:05:25] DEBUG: 	short_tip_length=20000
[2026-02-20 18:05:25] DEBUG: 	long_tip_length=100000
[2026-02-20 18:05:25] DEBUG: Running with k-mer size: 17
[2026-02-20 18:05:25] DEBUG: Running with minimum overlap 3000
[2026-02-20 18:05:25] DEBUG: Metagenome mode: Y
[2026-02-20 18:05:25] DEBUG: Short mode: N
[2026-02-20 18:05:25] INFO: Reading sequences
[2026-02-20 18:05:26] DEBUG: Building positional index
[2026-02-20 18:05:26] DEBUG: Total sequence: 399963871 bp
[2026-02-20 18:05:26] INFO: Building minimizer index
[2026-02-20 18:05:26] INFO: Pre-calculating index storage
[2026-02-20 18:05:28] DEBUG: Mean k-mer frequency: 17.4567
[2026-02-20 18:05:28] DEBUG: Repetitive k-mer frequency: 1745
[2026-02-20 18:05:28] DEBUG: Filtered 260122 repetitive k-mers (0.00358657)
[2026-02-20 18:05:29] INFO: Filling index
[2026-02-20 18:05:31] DEBUG: Sorting k-mer index
[2026-02-20 18:05:31] DEBUG: Selected k-mers: 4154559
[2026-02-20 18:05:31] DEBUG: K-mer index size: 72266541
[2026-02-20 18:05:31] DEBUG: Mean k-mer frequency: 17.3945
[2026-02-20 18:05:31] DEBUG: Minimizer rate: 5.53456
[2026-02-20 18:05:31] DEBUG: Peak RAM usage: 0 Gb
[2026-02-20 18:05:31] DEBUG: Estimating k-mer identity bias
[2026-02-20 18:05:36] DEBUG: Initial divergence estimate : 0.00639606
[2026-02-20 18:05:36] DEBUG: Relative threshold: Y
[2026-02-20 18:05:36] DEBUG: Max divergence threshold set to 0.0363961
[2026-02-20 18:05:36] INFO: Extending reads
[2026-02-20 18:05:36] DEBUG: Estimating overlap coverage
[2026-02-20 18:06:36] INFO: Overlap-based coverage: 74
[2026-02-20 18:06:36] INFO: Median overlap divergence: 0.00679299
[2026-02-20 18:06:36] DEBUG: Sequence divergence distribution: 

    |**     |                                                                                            
    |**     |                                                                                            
    |**     |                                                                                            
    |**     |                                                                                            
    |**     |                                                                                            
    |**     |                                                                                            
    |**     |                                                                                            
    |**     |                                                                                            
    |**     |                                                                                            
    |**     |                                                                                            
    |**     |                                                                                            
    |**     |                                                                                            
    |***    |                                                                                            
    |***    |                                                                                            
    |***    |                                                                                            
    |***    |                                                                                            
    |****   |                                                                                            
    |*****  |                                                                                            
    |****** |                                                                                            
    |**************** **** * *  *                  *                                                     
    ----------------------------------------------------------------------------------------------------
    0%        5%        10%       15%       20%       25%       30%       35%       40%       45%       

    Q25 = 0.0043, Q50 = 0.0068, Q75 = 0.012

[2026-02-20 18:07:01] DEBUG: Assembled disjointig 1
	With 639 reads
	Start read: +e7582a0f-5e91-464b-868b-63311d682cb6
	At position: 635
	leftTip: 0 rightTip: 0
	Suspicious: 1
	Short ext: 1
	Mean extensions: 54
	Avg overlap len: 27986
	Min overlap len: 1564
	Inner reads: 0
	Length: 5020794
[2026-02-20 18:07:01] DEBUG: Inner: 73252 covered: 73612 total: 79612
[2026-02-20 18:07:01] DEBUG: Discarded disjointig with 620 reads and 613 inner overlaps
[2026-02-20 18:07:01] DEBUG: Discarded disjointig with 631 reads and 629 inner overlaps
[2026-02-20 18:07:01] DEBUG: Discarded disjointig with 618 reads and 611 inner overlaps
[2026-02-20 18:07:01] DEBUG: Discarded disjointig with 636 reads and 634 inner overlaps
[2026-02-20 18:07:01] DEBUG: Discarded disjointig with 624 reads and 617 inner overlaps
[2026-02-20 18:07:01] DEBUG: Discarded disjointig with 630 reads and 628 inner overlaps
[2026-02-20 18:07:01] DEBUG: Discarded disjointig with 632 reads and 630 inner overlaps
[2026-02-20 18:07:01] DEBUG: Discarded disjointig with 625 reads and 618 inner overlaps
[2026-02-20 18:07:01] DEBUG: Discarded disjointig with 633 reads and 631 inner overlaps
[2026-02-20 18:07:01] DEBUG: Discarded disjointig with 636 reads and 634 inner overlaps
[2026-02-20 18:07:01] DEBUG: Discarded disjointig with 621 reads and 614 inner overlaps
[2026-02-20 18:07:01] DEBUG: Discarded disjointig with 635 reads and 633 inner overlaps
[2026-02-20 18:07:01] DEBUG: Discarded disjointig with 622 reads and 615 inner overlaps
[2026-02-20 18:07:02] DEBUG: Discarded disjointig with 632 reads and 629 inner overlaps
[2026-02-20 18:07:02] DEBUG: Discarded disjointig with 632 reads and 630 inner overlaps
[2026-02-20 18:07:03] DEBUG: Assembled disjointig 2
	With 27 reads
	Start read: +4bc8d7d9-6f67-45e7-80ab-fb3fc917822f
	At position: 22
	leftTip: 1 rightTip: 0
	Suspicious: 1
	Short ext: 0
	Mean extensions: 48
	Avg overlap len: 29541
	Min overlap len: 11258
	Inner reads: 0
	Length: 210703
[2026-02-20 18:07:03] DEBUG: Inner: 75028 covered: 75440 total: 79612
[2026-02-20 18:07:03] DEBUG: Discarded disjointig with 20 reads and 18 inner overlaps
[2026-02-20 18:07:03] DEBUG: Discarded disjointig with 10 reads and 8 inner overlaps
[2026-02-20 18:07:03] DEBUG: Discarded disjointig with 22 reads and 20 inner overlaps
[2026-02-20 18:07:03] DEBUG: Discarded disjointig with 15 reads and 13 inner overlaps
[2026-02-20 18:07:03] DEBUG: Discarded disjointig with 16 reads and 14 inner overlaps
[2026-02-20 18:07:03] DEBUG: Discarded disjointig with 15 reads and 13 inner overlaps
[2026-02-20 18:07:03] DEBUG: Discarded disjointig with 21 reads and 19 inner overlaps
[2026-02-20 18:07:03] DEBUG: Discarded disjointig with 23 reads and 21 inner overlaps
[2026-02-20 18:07:03] DEBUG: Discarded disjointig with 19 reads and 17 inner overlaps
[2026-02-20 18:07:07] DEBUG: Assembled disjointig 3
	With 15 reads
	Start read: +62d6619c-045b-4a42-a7db-ab46c5702c31
	At position: 6
	leftTip: 0 rightTip: 0
	Suspicious: 2
	Short ext: 2
	Mean extensions: 172
	Avg overlap len: 3630
	Min overlap len: 2947
	Inner reads: 0
	Length: 27973
[2026-02-20 18:07:07] DEBUG: Inner: 77130 covered: 77542 total: 79612
[2026-02-20 18:07:07] DEBUG: Discarded disjointig with 24 reads and 22 inner overlaps
[2026-02-20 18:07:07] DEBUG: Discarded disjointig with 20 reads and 18 inner overlaps
[2026-02-20 18:07:07] DEBUG: Discarded disjointig with 15 reads and 13 inner overlaps
[2026-02-20 18:07:07] DEBUG: Discarded disjointig with 19 reads and 17 inner overlaps
[2026-02-20 18:07:07] DEBUG: Discarded disjointig with 19 reads and 17 inner overlaps
[2026-02-20 18:07:07] DEBUG: Discarded disjointig with 24 reads and 22 inner overlaps
[2026-02-20 18:07:07] DEBUG: Discarded disjointig with 17 reads and 15 inner overlaps
[2026-02-20 18:07:07] DEBUG: Discarded disjointig with 25 reads and 23 inner overlaps
[2026-02-20 18:07:07] DEBUG: Discarded disjointig with 14 reads and 12 inner overlaps
[2026-02-20 18:07:07] DEBUG: Discarded disjointig with 14 reads and 12 inner overlaps
[2026-02-20 18:07:07] DEBUG: Discarded disjointig with 12 reads and 10 inner overlaps
[2026-02-20 18:07:07] DEBUG: Discarded disjointig with 14 reads and 12 inner overlaps
[2026-02-20 18:07:07] DEBUG: Discarded disjointig with 19 reads and 17 inner overlaps
[2026-02-20 18:07:07] DEBUG: Discarded disjointig with 16 reads and 14 inner overlaps
[2026-02-20 18:07:08] DEBUG: Discarded disjointig with 16 reads and 13 inner overlaps
[2026-02-20 18:07:09] DEBUG: Assembled disjointig 4
	With 9 reads
	Start read: +f0276775-d842-4e61-b109-4121702f4979
	At position: 4
	leftTip: 0 rightTip: 0
	Suspicious: 0
	Short ext: 0
	Mean extensions: 56
	Avg overlap len: 22405
	Min overlap len: 3150
	Inner reads: 0
	Length: 69799
[2026-02-20 18:07:09] DEBUG: Inner: 77222 covered: 78102 total: 79612
[2026-02-20 18:07:16] INFO: Assembled 4 disjointigs
[2026-02-20 18:07:16] INFO: Generating sequence
[2026-02-20 18:07:16] DEBUG: Building positional index
[2026-02-20 18:07:16] DEBUG: Total sequence: 5329443 bp
[2026-02-20 18:07:17] DEBUG: Mean k-mer frequency: 1.06507
[2026-02-20 18:07:17] DEBUG: Repetitive k-mer frequency: 106
[2026-02-20 18:07:17] DEBUG: Filtered 383 repetitive k-mers (0.000395618)
[2026-02-20 18:07:17] DEBUG: Sorting k-mer index
[2026-02-20 18:07:17] DEBUG: Selected k-mers: 908958
[2026-02-20 18:07:17] DEBUG: K-mer index size: 967723
[2026-02-20 18:07:17] DEBUG: Mean k-mer frequency: 1.06465
[2026-02-20 18:07:17] DEBUG: Minimizer rate: 5.5072
[2026-02-20 18:07:17] INFO: Filtering contained disjointigs
[2026-02-20 18:07:18] DEBUG: Computing transitive closure for overlaps
[2026-02-20 18:07:18] DEBUG: Found 8 overlaps
[2026-02-20 18:07:18] DEBUG: Left 8 overlaps after filtering
[2026-02-20 18:07:18] INFO: Contained seqs: 0
[2026-02-20 18:07:18] DEBUG: Writing FASTA
[2026-02-20 18:07:18] DEBUG: Peak RAM usage: 1 Gb
-----------End assembly log------------
[2026-02-20 18:07:18] root: DEBUG: Disjointigs length: 5329443, N50: 5020969
[2026-02-20 18:07:18] root: INFO: >>>STAGE: consensus
[2026-02-20 18:07:18] root: INFO: Running Minimap2
[2026-02-20 18:07:34] root: INFO: Computing consensus
[2026-02-20 18:08:11] root: INFO: Alignment error rate: 0.011628
[2026-02-20 18:08:11] root: INFO: >>>STAGE: repeat
[2026-02-20 18:08:11] root: INFO: Building and resolving repeat graph
[2026-02-20 18:08:11] root: DEBUG: -----Begin repeat analyser log------
[2026-02-20 18:08:11] root: DEBUG: Running: flye-modules repeat --disjointigs /scratch/ky/characterization/results/barcode36/assembly/10-consensus/consensus.fasta --reads /scratch/ky/characterization/FASTQ/SQK-RBK114-96_barcode36.fastq --out-dir /scratch/ky/characterization/results/barcode36/assembly/20-repeat --config /data/softs/Miniforge3-25.11.0-0/envs/flye-2.9.6/lib/python3.12/site-packages/flye/config/bin_cfg/asm_nano_hq.cfg --log /scratch/ky/characterization/results/barcode36/assembly/flye.log --threads 16 --meta --min-ovlp 3000
[2026-02-20 18:08:11] DEBUG: Build date: May  4 2025 23:18:08
[2026-02-20 18:08:11] DEBUG: Total RAM: 251 Gb
[2026-02-20 18:08:11] DEBUG: Available RAM: 248 Gb
[2026-02-20 18:08:11] DEBUG: Total CPUs: 32
[2026-02-20 18:08:11] DEBUG: Loading /data/softs/Miniforge3-25.11.0-0/envs/flye-2.9.6/lib/python3.12/site-packages/flye/config/bin_cfg/asm_nano_hq.cfg
[2026-02-20 18:08:11] DEBUG: Loading /data/softs/Miniforge3-25.11.0-0/envs/flye-2.9.6/lib/python3.12/site-packages/flye/config/bin_cfg/asm_defaults.cfg
[2026-02-20 18:08:11] DEBUG: 	big_genome_threshold=29000000
[2026-02-20 18:08:11] DEBUG: 	meta_read_filter_kmer_freq=100
[2026-02-20 18:08:11] DEBUG: 	chain_large_gap_penalty=2
[2026-02-20 18:08:11] DEBUG: 	chain_small_gap_penalty=0.5
[2026-02-20 18:08:11] DEBUG: 	chain_gap_jump_threshold=100
[2026-02-20 18:08:11] DEBUG: 	max_jump_gap=500
[2026-02-20 18:08:11] DEBUG: 	max_coverage_drop_rate=5
[2026-02-20 18:08:11] DEBUG: 	max_extensions_drop_rate=5
[2026-02-20 18:08:11] DEBUG: 	chimera_window=100
[2026-02-20 18:08:11] DEBUG: 	chimera_overhang=1000
[2026-02-20 18:08:11] DEBUG: 	min_reads_in_disjointig=4
[2026-02-20 18:08:11] DEBUG: 	max_inner_reads=10
[2026-02-20 18:08:11] DEBUG: 	max_inner_fraction=0.25
[2026-02-20 18:08:11] DEBUG: 	aggressive_dup_filter=1
[2026-02-20 18:08:11] DEBUG: 	max_separation=500
[2026-02-20 18:08:11] DEBUG: 	unique_edge_length=50000
[2026-02-20 18:08:11] DEBUG: 	min_repeat_res_support=0.51
[2026-02-20 18:08:11] DEBUG: 	out_paths_ratio=5
[2026-02-20 18:08:11] DEBUG: 	graph_cov_drop_rate=5
[2026-02-20 18:08:11] DEBUG: 	coverage_estimate_window=100
[2026-02-20 18:08:11] DEBUG: 	max_bubble_length=50000
[2026-02-20 18:08:11] DEBUG: 	loop_coverage_rate=1.5
[2026-02-20 18:08:11] DEBUG: 	repeat_edge_cov_mult=1.75
[2026-02-20 18:08:11] DEBUG: 	weak_detach_rate=5
[2026-02-20 18:08:11] DEBUG: 	tip_coverage_rate=2
[2026-02-20 18:08:11] DEBUG: 	tip_length_rate=2
[2026-02-20 18:08:11] DEBUG: 	output_gfa_before_rr=1
[2026-02-20 18:08:11] DEBUG: 	remove_alt_edges=0
[2026-02-20 18:08:11] DEBUG: 	low_cutoff_warning=0
[2026-02-20 18:08:11] DEBUG: 	kmer_size=17
[2026-02-20 18:08:11] DEBUG: 	use_minimizers=1
[2026-02-20 18:08:11] DEBUG: 	minimizer_window=10
[2026-02-20 18:08:11] DEBUG: 	reads_base_alignment=1
[2026-02-20 18:08:11] DEBUG: 	meta_read_top_kmer_rate=0.75
[2026-02-20 18:08:11] DEBUG: 	maximum_jump=1500
[2026-02-20 18:08:11] DEBUG: 	maximum_overhang=1500
[2026-02-20 18:08:11] DEBUG: 	repeat_kmer_rate=100
[2026-02-20 18:08:11] DEBUG: 	assemble_ovlp_divergence=0.03
[2026-02-20 18:08:11] DEBUG: 	assemble_divergence_relative=1
[2026-02-20 18:08:11] DEBUG: 	repeat_graph_ovlp_divergence=0.03
[2026-02-20 18:08:11] DEBUG: 	read_align_ovlp_divergence=0.10
[2026-02-20 18:08:11] DEBUG: 	hpc_scoring_on=1
[2026-02-20 18:08:11] DEBUG: 	add_unassembled_reads=0
[2026-02-20 18:08:11] DEBUG: 	extend_contigs_with_repeats=0
[2026-02-20 18:08:11] DEBUG: 	min_read_cov_cutoff=3
[2026-02-20 18:08:11] DEBUG: 	short_tip_length=20000
[2026-02-20 18:08:11] DEBUG: 	long_tip_length=100000
[2026-02-20 18:08:11] DEBUG: Running with k-mer size: 17
[2026-02-20 18:08:11] DEBUG: Selected minimum overlap 3000
[2026-02-20 18:08:11] DEBUG: Metagenome mode: Y
[2026-02-20 18:08:11] INFO: Parsing disjointigs
[2026-02-20 18:08:11] DEBUG: Building positional index
[2026-02-20 18:08:11] DEBUG: Total sequence: 5329470 bp
[2026-02-20 18:08:11] INFO: Building repeat graph
[2026-02-20 18:08:11] DEBUG: Mean k-mer frequency: 1.0681
[2026-02-20 18:08:11] DEBUG: Repetitive k-mer frequency: 106
[2026-02-20 18:08:11] DEBUG: Filtered 318 repetitive k-mers (0.000328466)
[2026-02-20 18:08:11] DEBUG: Sorting k-mer index
[2026-02-20 18:08:11] DEBUG: Selected k-mers: 906412
[2026-02-20 18:08:11] DEBUG: K-mer index size: 967820
[2026-02-20 18:08:11] DEBUG: Mean k-mer frequency: 1.06775
[2026-02-20 18:08:11] DEBUG: Minimizer rate: 5.50667
[2026-02-20 18:08:13] DEBUG: Computing transitive closure for overlaps
[2026-02-20 18:08:13] DEBUG: Found 296 overlaps
[2026-02-20 18:08:13] DEBUG: Left 124 overlaps after filtering
[2026-02-20 18:08:13] INFO: Median overlap divergence: 0.0348045
[2026-02-20 18:08:13] DEBUG: Sequence divergence distribution: 

    |*     |                                                                                             
    |*     |                                                                                             
    |*     |                                                                                             
    |*     |                                                                                             
    |*     |                                                                                             
    |**    |                                                                                             
    |**    |                                                                                             
    |**    |                                                                                             
    |**    |                                                                                             
    |**    |                                                                                             
    |**    |                                                                                             
    |**    |                                                                                             
    |**   *|                                              *                                              
    |**   *|                                              *                                              
    |**   *|                                              *                                              
    |**   *|           * *        **    *              *  *                                              
    |**   *|           * *        **    *              *  *                                              
    |*** *** *    *    * *        **    *              * ***                                             
    |*** *** *    *    * *        **    *              * ***                                             
    |*** *** *    *    * *        **    *              * ***                                             
    ----------------------------------------------------------------------------------------------------
    0%        5%        10%       15%       20%       25%       30%       35%       40%       45%       

    Q25 = 0.0086, Q50 = 0.035, Q75 = 0.15

[2026-02-20 18:08:13] DEBUG: Computing gluepoints
[2026-02-20 18:08:13] DEBUG: Added 0 gluepoint projections
[2026-02-20 18:08:13] DEBUG: Created 122 gluepoints
[2026-02-20 18:08:13] DEBUG: Artificial loops removed: 0 left, 0 right, 2 both
[2026-02-20 18:08:13] DEBUG: Initializing edges
[2026-02-20 18:08:13] DEBUG: Edges length checksum: 7679943417
[2026-02-20 18:08:13] DEBUG: Filtered 0 singleton segments
[2026-02-20 18:08:13] DEBUG: Removed 0 simple and 0 double chimeric junctions
[2026-02-20 18:08:13] DEBUG: Collapsed 7 edges
[2026-02-20 18:08:13] DEBUG: *	32	+disjointig_1	42596	139095	96499	
[2026-02-20 18:08:13] DEBUG:  	4	+disjointig_1	139095	141047	1952	
[2026-02-20 18:08:13] DEBUG:  	6	+disjointig_1	141047	142690	1643	
[2026-02-20 18:08:13] DEBUG: *	8	+disjointig_1	142690	841309	698619	
[2026-02-20 18:08:13] DEBUG:  	10	+disjointig_1	841309	842824	1515	
[2026-02-20 18:08:13] DEBUG:  	33	+disjointig_1	842824	848164	5340	
[2026-02-20 18:08:13] DEBUG: *	18	+disjointig_1	848164	1176887	328723	
[2026-02-20 18:08:13] DEBUG:  	-5	+disjointig_1	1176887	1179530	2643	
[2026-02-20 18:08:13] DEBUG:  	4	+disjointig_1	1179530	1181479	1949	
[2026-02-20 18:08:13] DEBUG: *	7	+disjointig_1	1181479	1533695	352216	
[2026-02-20 18:08:13] DEBUG:  	33	+disjointig_1	1533695	1539106	5411	
[2026-02-20 18:08:13] DEBUG: *	19	+disjointig_1	1539106	1711462	172356	
[2026-02-20 18:08:13] DEBUG:  	22	+disjointig_1	1711462	1715146	3684	
[2026-02-20 18:08:13] DEBUG: *	-21	+disjointig_1	1715146	2095424	380278	
[2026-02-20 18:08:13] DEBUG:  	-33	+disjointig_1	2095424	2100767	5343	
[2026-02-20 18:08:13] DEBUG: *	13	+disjointig_1	2100767	2191514	90747	
[2026-02-20 18:08:13] DEBUG:  	-33	+disjointig_1	2191514	2196760	5246	
[2026-02-20 18:08:13] DEBUG:  	-10	+disjointig_1	2196760	2198277	1517	
[2026-02-20 18:08:13] DEBUG: *	11	+disjointig_1	2198277	2291793	93516	
[2026-02-20 18:08:13] DEBUG:  	22	+disjointig_1	2291793	2295477	3684	
[2026-02-20 18:08:13] DEBUG: *	-20	+disjointig_1	2295477	2338621	43144	
[2026-02-20 18:08:13] DEBUG:  	-33	+disjointig_1	2338621	2343960	5339	
[2026-02-20 18:08:13] DEBUG: *	14	+disjointig_1	2343960	2380024	36064	
[2026-02-20 18:08:13] DEBUG:  	-33	+disjointig_1	2380024	2385346	5322	
[2026-02-20 18:08:13] DEBUG: *	15	+disjointig_1	2385346	2769542	384196	
[2026-02-20 18:08:13] DEBUG:  	-5	+disjointig_1	2769542	2772185	2643	
[2026-02-20 18:08:13] DEBUG:  	4	+disjointig_1	2772185	2774133	1948	
[2026-02-20 18:08:13] DEBUG:  	6	+disjointig_1	2774133	2775775	1642	
[2026-02-20 18:08:13] DEBUG: *	9	+disjointig_1	2775775	3140460	364685	
[2026-02-20 18:08:13] DEBUG:  	-33	+disjointig_1	3140460	3145706	5246	
[2026-02-20 18:08:13] DEBUG: *	34	+disjointig_1	3145706	3671805	526099	
[2026-02-20 18:08:13] DEBUG:  	22	+disjointig_1	3671805	3675489	3684	
[2026-02-20 18:08:13] DEBUG: *	31	+disjointig_1	3675489	5021750	1346261	
[2026-02-20 18:08:13] DEBUG: *	26	+disjointig_2	0	10722	10722	
[2026-02-20 18:08:13] DEBUG: *	35	+disjointig_2	10722	157926	147204	
[2026-02-20 18:08:13] DEBUG:  	36	+disjointig_3	6978	27631	20653	
[2026-02-20 18:08:13] DEBUG: Total edges: 36
[2026-02-20 18:08:13] INFO: Parsing reads
[2026-02-20 18:08:14] DEBUG: Building positional index
[2026-02-20 18:08:14] DEBUG: Total sequence: 444587204 bp
[2026-02-20 18:08:14] DEBUG: Building positional index
[2026-02-20 18:08:14] DEBUG: Total sequence: 5157733 bp
[2026-02-20 18:08:14] INFO: Aligning reads to the graph
[2026-02-20 18:08:14] DEBUG: Mean k-mer frequency: 1.03417
[2026-02-20 18:08:14] DEBUG: Repetitive k-mer frequency: 103
[2026-02-20 18:08:14] DEBUG: Filtered 318 repetitive k-mers (0.000339455)
[2026-02-20 18:08:14] DEBUG: Sorting k-mer index
[2026-02-20 18:08:14] DEBUG: Selected k-mers: 905842
[2026-02-20 18:08:14] DEBUG: K-mer index size: 936478
[2026-02-20 18:08:14] DEBUG: Mean k-mer frequency: 1.03382
[2026-02-20 18:08:14] DEBUG: Minimizer rate: 5.50759
[2026-02-20 18:08:28] DEBUG: Total reads : 39806
[2026-02-20 18:08:28] DEBUG: Read with aligned parts : 39435
[2026-02-20 18:08:28] DEBUG: Aligned in one piece : 39250
[2026-02-20 18:08:28] INFO: Aligned read sequence: 395818390 / 399963871 (0.989635)
[2026-02-20 18:08:28] INFO: Median overlap divergence: 0.00281811
[2026-02-20 18:08:28] DEBUG: Sequence divergence distribution: 

    |*                   |                                                                               
    |*                   |                                                                               
    |*                   |                                                                               
    |*                   |                                                                               
    |*                   |                                                                               
    |*                   |                                                                               
    |*                   |                                                                               
    |*                   |                                                                               
    |*                   |                                                                               
    |*                   |                                                                               
    |*                   |                                                                               
    |*                   |                                                                               
    |*                   |                                                                               
    |*                   |                                                                               
    |*                   |                                                                               
    |**                  |                                                                               
    |**                  |                                                                               
    |**                  |                                                                               
    |***                 |                                                                               
    |********************************   *    * **  *                                         *    *      
    ----------------------------------------------------------------------------------------------------
    0%        5%        10%       15%       20%       25%       30%       35%       40%       45%       

    Q25 = 0.0015, Q50 = 0.0028, Q75 = 0.0055

[2026-02-20 18:08:29] INFO: Mean edge coverage: 76
[2026-02-20 18:08:29] DEBUG: 4	len:1949	cov:255	mult:3.35526
[2026-02-20 18:08:29] DEBUG: -4	len:1949	cov:255	mult:3.35526
[2026-02-20 18:08:29] DEBUG: 5	len:2643	cov:177	mult:2.32895
[2026-02-20 18:08:29] DEBUG: -5	len:2643	cov:177	mult:2.32895
[2026-02-20 18:08:29] DEBUG: 6	len:1642	cov:177	mult:2.32895
[2026-02-20 18:08:29] DEBUG: -6	len:1642	cov:177	mult:2.32895
[2026-02-20 18:08:29] DEBUG: 7	len:352216	cov:84	mult:1.10526
[2026-02-20 18:08:29] DEBUG: -7	len:352216	cov:84	mult:1.10526
[2026-02-20 18:08:29] DEBUG: 8	len:698619	cov:70	mult:0.921053
[2026-02-20 18:08:29] DEBUG: -8	len:698619	cov:70	mult:0.921053
[2026-02-20 18:08:29] DEBUG: 9	len:364685	cov:79	mult:1.03947
[2026-02-20 18:08:29] DEBUG: -9	len:364685	cov:79	mult:1.03947
[2026-02-20 18:08:29] DEBUG: 10	len:1516	cov:168	mult:2.21053
[2026-02-20 18:08:29] DEBUG: -10	len:1516	cov:168	mult:2.21053
[2026-02-20 18:08:29] DEBUG: 11	len:93516	cov:91	mult:1.19737
[2026-02-20 18:08:29] DEBUG: -11	len:93516	cov:91	mult:1.19737
[2026-02-20 18:08:29] DEBUG: 13	len:90747	cov:97	mult:1.27632
[2026-02-20 18:08:29] DEBUG: -13	len:90747	cov:97	mult:1.27632
[2026-02-20 18:08:29] DEBUG: 14	len:36064	cov:75	mult:0.986842
[2026-02-20 18:08:29] DEBUG: -14	len:36064	cov:75	mult:0.986842
[2026-02-20 18:08:29] DEBUG: 15	len:384196	cov:90	mult:1.18421
[2026-02-20 18:08:29] DEBUG: -15	len:384196	cov:90	mult:1.18421
[2026-02-20 18:08:29] DEBUG: 18	len:328723	cov:76	mult:1
[2026-02-20 18:08:29] DEBUG: -18	len:328723	cov:76	mult:1
[2026-02-20 18:08:29] DEBUG: 19	len:172356	cov:91	mult:1.19737
[2026-02-20 18:08:29] DEBUG: -19	len:172356	cov:91	mult:1.19737
[2026-02-20 18:08:29] DEBUG: 20	len:43144	cov:87	mult:1.14474
[2026-02-20 18:08:29] DEBUG: -20	len:43144	cov:87	mult:1.14474
[2026-02-20 18:08:29] DEBUG: 21	len:380278	cov:95	mult:1.25
[2026-02-20 18:08:29] DEBUG: -21	len:380278	cov:95	mult:1.25
[2026-02-20 18:08:29] DEBUG: 22	len:3684	cov:215	mult:2.82895
[2026-02-20 18:08:29] DEBUG: -22	len:3684	cov:215	mult:2.82895
[2026-02-20 18:08:29] DEBUG: 26	len:10722	cov:1	mult:0.0131579
[2026-02-20 18:08:29] DEBUG: -26	len:10722	cov:1	mult:0.0131579
[2026-02-20 18:08:29] DEBUG: 31	len:1346261	cov:64	mult:0.842105
[2026-02-20 18:08:29] DEBUG: -31	len:1346261	cov:64	mult:0.842105
[2026-02-20 18:08:29] DEBUG: 32	len:96499	cov:63	mult:0.828947
[2026-02-20 18:08:29] DEBUG: -32	len:96499	cov:63	mult:0.828947
[2026-02-20 18:08:29] DEBUG: 33	len:5321	cov:619	mult:8.14474
[2026-02-20 18:08:29] DEBUG: -33	len:5321	cov:619	mult:8.14474
[2026-02-20 18:08:29] DEBUG: 34	len:526099	cov:74	mult:0.973684
[2026-02-20 18:08:29] DEBUG: -34	len:526099	cov:74	mult:0.973684
[2026-02-20 18:08:29] DEBUG: 35	len:147204	cov:65	mult:0.855263
[2026-02-20 18:08:29] DEBUG: -35	len:147204	cov:65	mult:0.855263
[2026-02-20 18:08:29] DEBUG: 36	len:10326	cov:481	mult:6.32895
[2026-02-20 18:08:29] DEBUG: -36	len:10326	cov:481	mult:6.32895
[2026-02-20 18:08:29] DEBUG: Unique coverage threshold 159
[2026-02-20 18:08:29] INFO: Simplifying the graph
[2026-02-20 18:08:29] DEBUG: Read coverage cutoff: 3
[2026-02-20 18:08:29] DEBUG: [SIMPL] Removed 0 paths with low coverage
[2026-02-20 18:08:29] DEBUG: [SIMPL] Masked 0 heterozygous loops
[2026-02-20 18:08:29] DEBUG: [SIMPL] Masked 0 simple bubbles
[2026-02-20 18:08:29] DEBUG: [SIMPL] Masked 0 roundabouts
[2026-02-20 18:08:29] DEBUG: [SIMPL] Masked 0 superbubbles
[2026-02-20 18:08:29] DEBUG: Finding repeats
[2026-02-20 18:08:29] DEBUG: Read coverage cutoff: 3
[2026-02-20 18:08:29] DEBUG: Low-coverage: 26 1
[2026-02-20 18:08:29] DEBUG: Repeat detection iteration 1
[2026-02-20 18:08:29] DEBUG: Starting -10 aln:182
[2026-02-20 18:08:29] DEBUG: 	      -8	num:70	flank:13134	span:17
[2026-02-20 18:08:29] DEBUG: 	      11	num:90	flank:14883	span:1
[2026-02-20 18:08:29] DEBUG: Mult: 10	1516	168	 (1,0)
[2026-02-20 18:08:29] DEBUG: Starting 6 aln:186
[2026-02-20 18:08:29] DEBUG: 	      9	num:101	flank:13183	span:8
[2026-02-20 18:08:29] DEBUG: 	      8	num:75	flank:18744	span:11
[2026-02-20 18:08:29] DEBUG: Mult: 6	1642	177	 (0,1)
[2026-02-20 18:08:29] DEBUG: Starting 4 aln:279
[2026-02-20 18:08:29] DEBUG: 	      9	num:85	flank:12382	span:1633
[2026-02-20 18:08:29] DEBUG: 	      7	num:83	flank:19643	span:8
[2026-02-20 18:08:29] DEBUG: 	      8	num:64	flank:17117	span:1636
[2026-02-20 18:08:29] DEBUG: Starting -4 aln:279
[2026-02-20 18:08:29] DEBUG: 	      5	num:158	flank:18507	span:1
[2026-02-20 18:08:29] DEBUG: 	      -32	num:70	flank:15358	span:15
[2026-02-20 18:08:29] DEBUG: Mult: 4	1949	255	 (1,1)
[2026-02-20 18:08:29] DEBUG: Starting 5 aln:196
[2026-02-20 18:08:29] DEBUG: 	      -18	num:84	flank:15853	span:23
[2026-02-20 18:08:29] DEBUG: 	      -15	num:72	flank:13005	span:18
[2026-02-20 18:08:29] DEBUG: Starting -5 aln:196
[2026-02-20 18:08:29] DEBUG: 	      9	num:60	flank:12382	span:3572
[2026-02-20 18:08:29] DEBUG: 	      7	num:67	flank:18507	span:1938
[2026-02-20 18:08:29] DEBUG: Mult: 5	2643	177	 (1,1)
[2026-02-20 18:08:29] DEBUG: Starting 22 aln:275
[2026-02-20 18:08:29] DEBUG: 	      31	num:50	flank:18387	span:5
[2026-02-20 18:08:29] DEBUG: 	      -21	num:68	flank:15048	span:9
[2026-02-20 18:08:29] DEBUG: 	      -20	num:68	flank:18161	span:16
[2026-02-20 18:08:29] DEBUG: Starting -22 aln:275
[2026-02-20 18:08:29] DEBUG: 	      -34	num:50	flank:18677	span:15
[2026-02-20 18:08:29] DEBUG: 	      -19	num:76	flank:14706	span:14
[2026-02-20 18:08:29] DEBUG: 	      -11	num:79	flank:17591	span:4
[2026-02-20 18:08:29] DEBUG: Mult: 22	3684	215	 (1,1)
[2026-02-20 18:08:29] DEBUG: Starting 33 aln:841
[2026-02-20 18:08:29] DEBUG: 	      21	num:95	flank:34144	span:13
[2026-02-20 18:08:29] DEBUG: 	      19	num:82	flank:17723	span:9
[2026-02-20 18:08:29] DEBUG: 	      -14	num:76	flank:13794	span:10
[2026-02-20 18:08:29] DEBUG: 	      18	num:78	flank:19735	span:12
[2026-02-20 18:08:29] DEBUG: 	      -9	num:61	flank:20212	span:15
[2026-02-20 18:08:29] DEBUG: 	      -13	num:91	flank:21640	span:16
[2026-02-20 18:08:29] DEBUG: 	      20	num:78	flank:15711	span:13
[2026-02-20 18:08:29] DEBUG: Starting -33 aln:841
[2026-02-20 18:08:29] DEBUG: 	      -8	num:62	flank:12974	span:1520
[2026-02-20 18:08:29] DEBUG: 	      -7	num:84	flank:21289	span:2
[2026-02-20 18:08:29] DEBUG: 	      13	num:93	flank:28793	span:5
[2026-02-20 18:08:29] DEBUG: 	      15	num:78	flank:15044	span:1
[2026-02-20 18:08:29] DEBUG: 	      34	num:62	flank:25456	span:1
[2026-02-20 18:08:29] DEBUG: 	      11	num:74	flank:14883	span:1499
[2026-02-20 18:08:29] DEBUG: 	      14	num:69	flank:14557	span:1
[2026-02-20 18:08:29] DEBUG: Mult: 33	5321	619	 (1,1)
[2026-02-20 18:08:29] DEBUG: Repeat detection iteration 2
[2026-02-20 18:08:29] DEBUG: Writing Dot
[2026-02-20 18:08:29] DEBUG: Writing FASTA
[2026-02-20 18:08:29] DEBUG: Writing Gfa
[2026-02-20 18:08:29] DEBUG: 	Connection 11	-20	39
[2026-02-20 18:08:29] DEBUG: 	Connection 19	-21	49
[2026-02-20 18:08:29] DEBUG: 	Connection 34	31	28
[2026-02-20 18:08:29] DEBUG: [SIMPL] Resolved 3 simple repeats
[2026-02-20 18:08:29] DEBUG: [SIMPL] == Iteration 1 ==
[2026-02-20 18:08:29] DEBUG: Splitting nodes
[2026-02-20 18:08:29] DEBUG: [SIMPL] Split 0 nodes
[2026-02-20 18:08:29] DEBUG: [SIMPL] Disconnected 0 minor paths
[2026-02-20 18:08:29] DEBUG: Tip -26 len:10722 cov:1
[2026-02-20 18:08:29] DEBUG: [SIMPL] Clipped 1 short and 0 long tips
[2026-02-20 18:08:29] DEBUG: [SIMPL] Masked 0 heterozygous loops
[2026-02-20 18:08:29] DEBUG: [SIMPL] Masked 0 simple bubbles
[2026-02-20 18:08:29] DEBUG: [SIMPL] Masked 0 roundabouts
[2026-02-20 18:08:29] DEBUG: [SIMPL] Masked 0 superbubbles
[2026-02-20 18:08:29] DEBUG: Finding repeats
[2026-02-20 18:08:29] DEBUG: Read coverage cutoff: 3
[2026-02-20 18:08:29] DEBUG: Low-coverage: 26 1
[2026-02-20 18:08:29] DEBUG: Repeat detection iteration 1
[2026-02-20 18:08:29] DEBUG: Starting -10 aln:182
[2026-02-20 18:08:29] DEBUG: 	      -8	num:70	flank:13134	span:17
[2026-02-20 18:08:29] DEBUG: 	      11	num:90	flank:14883	span:1
[2026-02-20 18:08:29] DEBUG: Mult: 10	1516	168	 (1,0)
[2026-02-20 18:08:29] DEBUG: Starting 6 aln:186
[2026-02-20 18:08:29] DEBUG: 	      9	num:101	flank:13183	span:8
[2026-02-20 18:08:29] DEBUG: 	      8	num:75	flank:18744	span:11
[2026-02-20 18:08:29] DEBUG: Mult: 6	1642	177	 (0,1)
[2026-02-20 18:08:29] DEBUG: Starting 4 aln:279
[2026-02-20 18:08:29] DEBUG: 	      9	num:85	flank:12382	span:1633
[2026-02-20 18:08:29] DEBUG: 	      7	num:83	flank:19643	span:8
[2026-02-20 18:08:29] DEBUG: 	      8	num:64	flank:17117	span:1636
[2026-02-20 18:08:29] DEBUG: Starting -4 aln:279
[2026-02-20 18:08:29] DEBUG: 	      5	num:158	flank:18507	span:1
[2026-02-20 18:08:29] DEBUG: 	      -32	num:70	flank:15358	span:15
[2026-02-20 18:08:29] DEBUG: Mult: 4	1949	255	 (1,1)
[2026-02-20 18:08:29] DEBUG: Starting 5 aln:196
[2026-02-20 18:08:29] DEBUG: 	      -18	num:84	flank:15853	span:23
[2026-02-20 18:08:29] DEBUG: 	      -15	num:72	flank:13005	span:18
[2026-02-20 18:08:29] DEBUG: Starting -5 aln:196
[2026-02-20 18:08:29] DEBUG: 	      9	num:60	flank:12382	span:3572
[2026-02-20 18:08:29] DEBUG: 	      7	num:67	flank:18507	span:1938
[2026-02-20 18:08:29] DEBUG: Mult: 5	2643	177	 (1,1)
[2026-02-20 18:08:29] DEBUG: Starting 33 aln:841
[2026-02-20 18:08:29] DEBUG: 	      21	num:95	flank:34144	span:13
[2026-02-20 18:08:29] DEBUG: 	      19	num:82	flank:17723	span:9
[2026-02-20 18:08:29] DEBUG: 	      -14	num:76	flank:13794	span:10
[2026-02-20 18:08:29] DEBUG: 	      18	num:78	flank:19735	span:12
[2026-02-20 18:08:29] DEBUG: 	      -9	num:61	flank:20212	span:15
[2026-02-20 18:08:29] DEBUG: 	      -13	num:91	flank:21640	span:16
[2026-02-20 18:08:29] DEBUG: 	      20	num:78	flank:15711	span:13
[2026-02-20 18:08:29] DEBUG: Starting -33 aln:841
[2026-02-20 18:08:29] DEBUG: 	      -8	num:62	flank:12974	span:1520
[2026-02-20 18:08:29] DEBUG: 	      -7	num:84	flank:21289	span:2
[2026-02-20 18:08:29] DEBUG: 	      13	num:93	flank:28793	span:5
[2026-02-20 18:08:29] DEBUG: 	      15	num:78	flank:15044	span:1
[2026-02-20 18:08:29] DEBUG: 	      34	num:62	flank:25456	span:1
[2026-02-20 18:08:29] DEBUG: 	      11	num:74	flank:14883	span:1499
[2026-02-20 18:08:29] DEBUG: 	      14	num:69	flank:14557	span:1
[2026-02-20 18:08:29] DEBUG: Mult: 33	5321	619	 (1,1)
[2026-02-20 18:08:29] DEBUG: Repeat detection iteration 2
[2026-02-20 18:08:29] DEBUG: Total unique edges: 20
[2026-02-20 18:08:29] DEBUG: 	Connection -34	-9	25	1
[2026-02-20 18:08:29] DEBUG: 	Connection -21	13	43	1
[2026-02-20 18:08:29] DEBUG: 	Connection -18	-8	35	1
[2026-02-20 18:08:29] DEBUG: 	Connection 15	9	43	1
[2026-02-20 18:08:29] DEBUG: 	Connection -20	14	35	1
[2026-02-20 18:08:29] DEBUG: 	Connection 13	11	37	1
[2026-02-20 18:08:29] DEBUG: 	Connection -8	-32	55	1
[2026-02-20 18:08:29] DEBUG: 	Connection 18	7	52	1
[2026-02-20 18:08:29] DEBUG: 	Connection 14	15	42	1
[2026-02-20 18:08:29] DEBUG: 	Connection 7	19	35	1
[2026-02-20 18:08:29] DEBUG: [SIMPL] Resolved repeats: 10
[2026-02-20 18:08:29] DEBUG: RR links: 804
[2026-02-20 18:08:29] DEBUG: Unresolved: 0
[2026-02-20 18:08:29] DEBUG: Removed 0 simple and 0 double chimeric junctions
[2026-02-20 18:08:29] DEBUG: [SIMPL] == Iteration 2 ==
[2026-02-20 18:08:29] DEBUG: Splitting nodes
[2026-02-20 18:08:29] DEBUG: [SIMPL] Split 0 nodes
[2026-02-20 18:08:29] DEBUG: [SIMPL] Disconnected 0 minor paths
[2026-02-20 18:08:29] DEBUG: [SIMPL] Clipped 0 short and 0 long tips
[2026-02-20 18:08:29] DEBUG: [SIMPL] Masked 0 heterozygous loops
[2026-02-20 18:08:29] DEBUG: [SIMPL] Masked 0 simple bubbles
[2026-02-20 18:08:29] DEBUG: [SIMPL] Masked 0 roundabouts
[2026-02-20 18:08:29] DEBUG: [SIMPL] Masked 0 superbubbles
[2026-02-20 18:08:29] DEBUG: Finding repeats
[2026-02-20 18:08:29] DEBUG: Read coverage cutoff: 3
[2026-02-20 18:08:29] DEBUG: Low-coverage: 26 1
[2026-02-20 18:08:29] DEBUG: Repeat detection iteration 1
[2026-02-20 18:08:29] DEBUG: Repeat detection iteration 2
[2026-02-20 18:08:29] DEBUG: Total unique edges: 29
[2026-02-20 18:08:29] DEBUG: [SIMPL] Resolved repeats: 0
[2026-02-20 18:08:29] DEBUG: RR links: 0
[2026-02-20 18:08:29] DEBUG: Unresolved: 0
[2026-02-20 18:08:29] DEBUG: Removed 0 simple and 0 double chimeric junctions
[2026-02-20 18:08:29] DEBUG: [SIMPL] Simplified 0 forks
[2026-02-20 18:08:29] DEBUG: [SIMPL] Collapsed 0 haplotypes
[2026-02-20 18:08:29] DEBUG: [SIMPL] Resolved 0 simple repeats
[2026-02-20 18:08:29] DEBUG: Read coverage cutoff: 3
[2026-02-20 18:08:29] DEBUG: [SIMPL] Removed 1 paths with low coverage
[2026-02-20 18:08:29] DEBUG: Finding repeats
[2026-02-20 18:08:29] DEBUG: Read coverage cutoff: 3
[2026-02-20 18:08:29] DEBUG: Repeat detection iteration 1
[2026-02-20 18:08:29] DEBUG: Repeat detection iteration 2
[2026-02-20 18:08:29] DEBUG: Writing Dot
[2026-02-20 18:08:29] DEBUG: Writing FASTA
[2026-02-20 18:08:29] DEBUG: Peak RAM usage: 0 Gb
-----------End assembly log------------
[2026-02-20 18:08:29] root: INFO: >>>STAGE: contigger
[2026-02-20 18:08:29] root: INFO: Generating contigs
[2026-02-20 18:08:29] root: DEBUG: -----Begin contigger analyser log------
[2026-02-20 18:08:29] root: DEBUG: Running: flye-modules contigger --graph-edges /scratch/ky/characterization/results/barcode36/assembly/20-repeat/repeat_graph_edges.fasta --reads /scratch/ky/characterization/FASTQ/SQK-RBK114-96_barcode36.fastq --out-dir /scratch/ky/characterization/results/barcode36/assembly/30-contigger --config /data/softs/Miniforge3-25.11.0-0/envs/flye-2.9.6/lib/python3.12/site-packages/flye/config/bin_cfg/asm_nano_hq.cfg --repeat-graph /scratch/ky/characterization/results/barcode36/assembly/20-repeat/repeat_graph_dump --graph-aln /scratch/ky/characterization/results/barcode36/assembly/20-repeat/read_alignment_dump --log /scratch/ky/characterization/results/barcode36/assembly/flye.log --threads 16 --min-ovlp 3000
[2026-02-20 18:08:29] DEBUG: Build date: May  4 2025 23:18:25
[2026-02-20 18:08:29] DEBUG: Total RAM: 251 Gb
[2026-02-20 18:08:29] DEBUG: Available RAM: 248 Gb
[2026-02-20 18:08:29] DEBUG: Total CPUs: 32
[2026-02-20 18:08:29] DEBUG: Loading /data/softs/Miniforge3-25.11.0-0/envs/flye-2.9.6/lib/python3.12/site-packages/flye/config/bin_cfg/asm_nano_hq.cfg
[2026-02-20 18:08:29] DEBUG: Loading /data/softs/Miniforge3-25.11.0-0/envs/flye-2.9.6/lib/python3.12/site-packages/flye/config/bin_cfg/asm_defaults.cfg
[2026-02-20 18:08:29] DEBUG: 	big_genome_threshold=29000000
[2026-02-20 18:08:29] DEBUG: 	meta_read_filter_kmer_freq=100
[2026-02-20 18:08:29] DEBUG: 	chain_large_gap_penalty=2
[2026-02-20 18:08:29] DEBUG: 	chain_small_gap_penalty=0.5
[2026-02-20 18:08:29] DEBUG: 	chain_gap_jump_threshold=100
[2026-02-20 18:08:29] DEBUG: 	max_jump_gap=500
[2026-02-20 18:08:29] DEBUG: 	max_coverage_drop_rate=5
[2026-02-20 18:08:29] DEBUG: 	max_extensions_drop_rate=5
[2026-02-20 18:08:29] DEBUG: 	chimera_window=100
[2026-02-20 18:08:29] DEBUG: 	chimera_overhang=1000
[2026-02-20 18:08:29] DEBUG: 	min_reads_in_disjointig=4
[2026-02-20 18:08:29] DEBUG: 	max_inner_reads=10
[2026-02-20 18:08:29] DEBUG: 	max_inner_fraction=0.25
[2026-02-20 18:08:29] DEBUG: 	aggressive_dup_filter=1
[2026-02-20 18:08:29] DEBUG: 	max_separation=500
[2026-02-20 18:08:29] DEBUG: 	unique_edge_length=50000
[2026-02-20 18:08:29] DEBUG: 	min_repeat_res_support=0.51
[2026-02-20 18:08:29] DEBUG: 	out_paths_ratio=5
[2026-02-20 18:08:29] DEBUG: 	graph_cov_drop_rate=5
[2026-02-20 18:08:29] DEBUG: 	coverage_estimate_window=100
[2026-02-20 18:08:29] DEBUG: 	max_bubble_length=50000
[2026-02-20 18:08:29] DEBUG: 	loop_coverage_rate=1.5
[2026-02-20 18:08:29] DEBUG: 	repeat_edge_cov_mult=1.75
[2026-02-20 18:08:29] DEBUG: 	weak_detach_rate=5
[2026-02-20 18:08:29] DEBUG: 	tip_coverage_rate=2
[2026-02-20 18:08:29] DEBUG: 	tip_length_rate=2
[2026-02-20 18:08:29] DEBUG: 	output_gfa_before_rr=1
[2026-02-20 18:08:29] DEBUG: 	remove_alt_edges=0
[2026-02-20 18:08:29] DEBUG: 	low_cutoff_warning=0
[2026-02-20 18:08:29] DEBUG: 	kmer_size=17
[2026-02-20 18:08:29] DEBUG: 	use_minimizers=1
[2026-02-20 18:08:29] DEBUG: 	minimizer_window=10
[2026-02-20 18:08:29] DEBUG: 	reads_base_alignment=1
[2026-02-20 18:08:29] DEBUG: 	meta_read_top_kmer_rate=0.75
[2026-02-20 18:08:29] DEBUG: 	maximum_jump=1500
[2026-02-20 18:08:29] DEBUG: 	maximum_overhang=1500
[2026-02-20 18:08:29] DEBUG: 	repeat_kmer_rate=100
[2026-02-20 18:08:29] DEBUG: 	assemble_ovlp_divergence=0.03
[2026-02-20 18:08:29] DEBUG: 	assemble_divergence_relative=1
[2026-02-20 18:08:29] DEBUG: 	repeat_graph_ovlp_divergence=0.03
[2026-02-20 18:08:29] DEBUG: 	read_align_ovlp_divergence=0.10
[2026-02-20 18:08:29] DEBUG: 	hpc_scoring_on=1
[2026-02-20 18:08:29] DEBUG: 	add_unassembled_reads=0
[2026-02-20 18:08:29] DEBUG: 	extend_contigs_with_repeats=0
[2026-02-20 18:08:29] DEBUG: 	min_read_cov_cutoff=3
[2026-02-20 18:08:29] DEBUG: 	short_tip_length=20000
[2026-02-20 18:08:29] DEBUG: 	long_tip_length=100000
[2026-02-20 18:08:29] DEBUG: Running with k-mer size: 17
[2026-02-20 18:08:29] DEBUG: Selected minimum overlap 3000
[2026-02-20 18:08:29] INFO: Reading sequences
[2026-02-20 18:08:30] DEBUG: Building positional index
[2026-02-20 18:08:30] DEBUG: Total sequence: 444587204 bp
[2026-02-20 18:08:30] DEBUG: Flipped 0
[2026-02-20 18:08:30] DEBUG: UPath 1: -49 -> 19 -> 38 -> -21 -> 41 -> 13 -> -45 -> 11 -> 37 -> -20 -> 44 -> 14 -> -48 -> 15 -> 43 -> 9 -> -40 -> 34 -> 39 -> 31 -> 32 -> 46 -> 8 -> 42 -> 18 -> 47 -> 7
[2026-02-20 18:08:30] DEBUG: UPath 2: 35
[2026-02-20 18:08:30] DEBUG: UPath 3: 36
[2026-02-20 18:08:30] DEBUG: Final graph contains 3 egdes
[2026-02-20 18:08:30] DEBUG: Extending contigs into repeats
[2026-02-20 18:08:30] DEBUG: Covered 0 repetitive contigs
[2026-02-20 18:08:30] INFO: Generated 3 contigs
[2026-02-20 18:08:30] DEBUG: Writing FASTA
[2026-02-20 18:08:30] DEBUG: Generating scaffold connections
[2026-02-20 18:08:30] INFO: Added 0 scaffold connections
[2026-02-20 18:08:30] DEBUG: Writing Dot
[2026-02-20 18:08:30] DEBUG: Writing FASTA
[2026-02-20 18:08:30] DEBUG: Writing Gfa
[2026-02-20 18:08:30] DEBUG: Peak RAM usage: 0 Gb
-----------End assembly log------------
[2026-02-20 18:08:30] root: INFO: >>>STAGE: polishing
[2026-02-20 18:08:30] root: INFO: Polishing genome (1/1)
[2026-02-20 18:08:30] root: INFO: Running minimap2
[2026-02-20 18:08:46] root: INFO: Separating alignment into bubbles
[2026-02-20 18:10:02] root: DEBUG: Generated 357032 bubbles
[2026-02-20 18:10:02] root: DEBUG: Split 3 long bubbles
[2026-02-20 18:10:02] root: DEBUG: Skipped 1 empty bubbles
[2026-02-20 18:10:02] root: DEBUG: Skipped 1 bubbles with long branches
[2026-02-20 18:10:02] root: INFO: Alignment error rate: 0.007109
[2026-02-20 18:10:02] root: INFO: Correcting bubbles
[2026-02-20 18:10:17] root: DEBUG: Mean contig coverage: 88, selected threshold: 3
[2026-02-20 18:10:17] root: DEBUG: Filtered 0 contigs of total length 0
[2026-02-20 18:10:17] root: DEBUG: Generating polished GFA
[2026-02-20 18:10:19] root: DEBUG: 0 sequences remained unpolished
[2026-02-20 18:10:19] root: INFO: >>>STAGE: finalize
[2026-02-20 18:10:19] root: DEBUG: ---Output dir contents:----
[2026-02-20 18:10:19] root: DEBUG: assembly/
[2026-02-20 18:10:19] root: DEBUG:     46.0 K      flye.log
[2026-02-20 18:10:19] root: DEBUG:     92.0 B      params.json
[2026-02-20 18:10:19] root: DEBUG:     423.0 B     assembly_graph.gv
[2026-02-20 18:10:19] root: DEBUG:     4.0 M       assembly_graph.gfa
[2026-02-20 18:10:19] root: DEBUG:     4.0 M       assembly.fasta
[2026-02-20 18:10:19] root: DEBUG:     00-assembly/
[2026-02-20 18:10:19] root: DEBUG:         5.0 M       draft_assembly.fasta
[2026-02-20 18:10:19] root: DEBUG:         130.0 B     draft_assembly.fasta.fai
[2026-02-20 18:10:19] root: DEBUG:     10-consensus/
[2026-02-20 18:10:19] root: DEBUG:         970.0 B     minimap.stderr
[2026-02-20 18:10:19] root: DEBUG:         90.0 K      minimap.bam.csi
[2026-02-20 18:10:19] root: DEBUG:         5.0 M       consensus.fasta
[2026-02-20 18:10:19] root: DEBUG:     20-repeat/
[2026-02-20 18:10:19] root: DEBUG:         3.0 K       graph_before_rr.gv
[2026-02-20 18:10:19] root: DEBUG:         4.0 M       graph_before_rr.fasta
[2026-02-20 18:10:19] root: DEBUG:         4.0 M       graph_before_rr.gfa
[2026-02-20 18:10:19] root: DEBUG:         3.0 K       graph_after_rr.gv
[2026-02-20 18:10:19] root: DEBUG:         6.0 K       repeat_graph_dump
[2026-02-20 18:10:19] root: DEBUG:         11.0 M      read_alignment_dump
[2026-02-20 18:10:19] root: DEBUG:         5.0 M       repeat_graph_edges.fasta
[2026-02-20 18:10:19] root: DEBUG:     30-contigger/
[2026-02-20 18:10:19] root: DEBUG:         4.0 M       contigs.fasta
[2026-02-20 18:10:19] root: DEBUG:         180.0 B     contigs_stats.txt
[2026-02-20 18:10:19] root: DEBUG:         0.0 B       scaffolds_links.txt
[2026-02-20 18:10:19] root: DEBUG:         423.0 B     graph_final.gv
[2026-02-20 18:10:19] root: DEBUG:         4.0 M       graph_final.fasta
[2026-02-20 18:10:19] root: DEBUG:         4.0 M       graph_final.gfa
[2026-02-20 18:10:19] root: DEBUG:         85.0 B      contigs.fasta.fai
[2026-02-20 18:10:19] root: DEBUG:     40-polishing/
[2026-02-20 18:10:19] root: DEBUG:         923.0 B     minimap.stderr
[2026-02-20 18:10:19] root: DEBUG:         88.0 K      minimap_1.bam.csi
[2026-02-20 18:10:19] root: DEBUG:         84.0 B      contigs_stats.txt
[2026-02-20 18:10:19] root: DEBUG:         1.0 M       base_coverage.bed.gz
[2026-02-20 18:10:19] root: DEBUG:         4.0 M       filtered_contigs.fasta
[2026-02-20 18:10:19] root: DEBUG:         84.0 B      filtered_stats.txt
[2026-02-20 18:10:19] root: DEBUG:         85.0 B      filtered_contigs.fasta.fai
[2026-02-20 18:10:19] root: DEBUG:         131.0 B     edges_aln.bam.csi
[2026-02-20 18:10:19] root: DEBUG:         4.0 M       polished_edges.gfa
[2026-02-20 18:10:19] root: DEBUG: --------------------------
[2026-02-20 18:10:19] root: INFO: Assembly statistics:

	Total length:	5137565
	Fragments:	3
	Fragments N50:	4980101
	Largest frg:	4980101
	Scaffolds:	0
	Mean coverage:	88

[2026-02-20 18:10:19] root: INFO: Final assembly: /scratch/ky/characterization/results/barcode36/assembly/assembly.fasta
