[2026-02-20 16:41:26] root: INFO: Starting Flye 2.9.6-b1802
[2026-02-20 16:41:26] root: DEBUG: Cmd: /data/softs/Miniforge3-25.11.0-0/envs/flye-2.9.6/bin/flye --meta --nano-hq /scratch/ky/characterization/FASTQ/SQK-RBK114-96_barcode09.fastq -o /scratch/ky/characterization/results/barcode09/assembly/ -t 16
[2026-02-20 16:41:26] root: DEBUG: Python version: 3.12.12 | packaged by conda-forge | (main, Jan 26 2026, 23:51:32) [GCC 14.3.0]
[2026-02-20 16:41:26] root: INFO: >>>STAGE: configure
[2026-02-20 16:41:26] root: INFO: Configuring run
[2026-02-20 16:41:26] root: INFO: Total read length: 3177337
[2026-02-20 16:41:26] root: INFO: Reads N50/N90: 1355 / 131
[2026-02-20 16:41:26] root: INFO: Minimum overlap set to 1000
[2026-02-20 16:41:26] root: INFO: >>>STAGE: assembly
[2026-02-20 16:41:26] root: INFO: Assembling disjointigs
[2026-02-20 16:41:26] root: DEBUG: -----Begin assembly log------
[2026-02-20 16:41:26] root: DEBUG: Running: flye-modules assemble --reads /scratch/ky/characterization/FASTQ/SQK-RBK114-96_barcode09.fastq --out-asm /scratch/ky/characterization/results/barcode09/assembly/00-assembly/draft_assembly.fasta --config /data/softs/Miniforge3-25.11.0-0/envs/flye-2.9.6/lib/python3.12/site-packages/flye/config/bin_cfg/asm_nano_hq.cfg --log /scratch/ky/characterization/results/barcode09/assembly/flye.log --threads 16 --meta --min-ovlp 1000
[2026-02-20 16:41:26] DEBUG: Build date: May  4 2025 23:17:52
[2026-02-20 16:41:26] DEBUG: Total RAM: 251 Gb
[2026-02-20 16:41:26] DEBUG: Available RAM: 247 Gb
[2026-02-20 16:41:26] DEBUG: Total CPUs: 32
[2026-02-20 16:41:26] DEBUG: Loading /data/softs/Miniforge3-25.11.0-0/envs/flye-2.9.6/lib/python3.12/site-packages/flye/config/bin_cfg/asm_nano_hq.cfg
[2026-02-20 16:41:26] DEBUG: Loading /data/softs/Miniforge3-25.11.0-0/envs/flye-2.9.6/lib/python3.12/site-packages/flye/config/bin_cfg/asm_defaults.cfg
[2026-02-20 16:41:26] DEBUG: 	big_genome_threshold=29000000
[2026-02-20 16:41:26] DEBUG: 	meta_read_filter_kmer_freq=100
[2026-02-20 16:41:26] DEBUG: 	chain_large_gap_penalty=2
[2026-02-20 16:41:26] DEBUG: 	chain_small_gap_penalty=0.5
[2026-02-20 16:41:26] DEBUG: 	chain_gap_jump_threshold=100
[2026-02-20 16:41:26] DEBUG: 	max_jump_gap=500
[2026-02-20 16:41:26] DEBUG: 	max_coverage_drop_rate=5
[2026-02-20 16:41:26] DEBUG: 	max_extensions_drop_rate=5
[2026-02-20 16:41:26] DEBUG: 	chimera_window=100
[2026-02-20 16:41:26] DEBUG: 	chimera_overhang=1000
[2026-02-20 16:41:26] DEBUG: 	min_reads_in_disjointig=4
[2026-02-20 16:41:26] DEBUG: 	max_inner_reads=10
[2026-02-20 16:41:26] DEBUG: 	max_inner_fraction=0.25
[2026-02-20 16:41:26] DEBUG: 	aggressive_dup_filter=1
[2026-02-20 16:41:26] DEBUG: 	max_separation=500
[2026-02-20 16:41:26] DEBUG: 	unique_edge_length=50000
[2026-02-20 16:41:26] DEBUG: 	min_repeat_res_support=0.51
[2026-02-20 16:41:26] DEBUG: 	out_paths_ratio=5
[2026-02-20 16:41:26] DEBUG: 	graph_cov_drop_rate=5
[2026-02-20 16:41:26] DEBUG: 	coverage_estimate_window=100
[2026-02-20 16:41:26] DEBUG: 	max_bubble_length=50000
[2026-02-20 16:41:26] DEBUG: 	loop_coverage_rate=1.5
[2026-02-20 16:41:26] DEBUG: 	repeat_edge_cov_mult=1.75
[2026-02-20 16:41:26] DEBUG: 	weak_detach_rate=5
[2026-02-20 16:41:26] DEBUG: 	tip_coverage_rate=2
[2026-02-20 16:41:26] DEBUG: 	tip_length_rate=2
[2026-02-20 16:41:26] DEBUG: 	output_gfa_before_rr=1
[2026-02-20 16:41:26] DEBUG: 	remove_alt_edges=0
[2026-02-20 16:41:26] DEBUG: 	low_cutoff_warning=0
[2026-02-20 16:41:26] DEBUG: 	kmer_size=17
[2026-02-20 16:41:26] DEBUG: 	use_minimizers=1
[2026-02-20 16:41:26] DEBUG: 	minimizer_window=10
[2026-02-20 16:41:26] DEBUG: 	reads_base_alignment=1
[2026-02-20 16:41:26] DEBUG: 	meta_read_top_kmer_rate=0.75
[2026-02-20 16:41:26] DEBUG: 	maximum_jump=1500
[2026-02-20 16:41:26] DEBUG: 	maximum_overhang=1500
[2026-02-20 16:41:26] DEBUG: 	repeat_kmer_rate=100
[2026-02-20 16:41:26] DEBUG: 	assemble_ovlp_divergence=0.03
[2026-02-20 16:41:26] DEBUG: 	assemble_divergence_relative=1
[2026-02-20 16:41:26] DEBUG: 	repeat_graph_ovlp_divergence=0.03
[2026-02-20 16:41:26] DEBUG: 	read_align_ovlp_divergence=0.10
[2026-02-20 16:41:26] DEBUG: 	hpc_scoring_on=1
[2026-02-20 16:41:26] DEBUG: 	add_unassembled_reads=0
[2026-02-20 16:41:26] DEBUG: 	extend_contigs_with_repeats=0
[2026-02-20 16:41:26] DEBUG: 	min_read_cov_cutoff=3
[2026-02-20 16:41:26] DEBUG: 	short_tip_length=20000
[2026-02-20 16:41:26] DEBUG: 	long_tip_length=100000
[2026-02-20 16:41:26] DEBUG: Running with k-mer size: 17
[2026-02-20 16:41:26] DEBUG: Running with minimum overlap 1000
[2026-02-20 16:41:26] DEBUG: Metagenome mode: Y
[2026-02-20 16:41:26] DEBUG: Short mode: N
[2026-02-20 16:41:26] INFO: Reading sequences
[2026-02-20 16:41:26] DEBUG: Building positional index
[2026-02-20 16:41:26] DEBUG: Total sequence: 1894599 bp
[2026-02-20 16:41:26] INFO: Building minimizer index
[2026-02-20 16:41:26] INFO: Pre-calculating index storage
[2026-02-20 16:41:26] DEBUG: Mean k-mer frequency: 1.38722
[2026-02-20 16:41:26] DEBUG: Repetitive k-mer frequency: 138
[2026-02-20 16:41:26] DEBUG: Filtered 41835 repetitive k-mers (0.135383)
[2026-02-20 16:41:26] INFO: Filling index
[2026-02-20 16:41:26] DEBUG: Sorting k-mer index
[2026-02-20 16:41:26] DEBUG: Selected k-mers: 222751
[2026-02-20 16:41:26] DEBUG: K-mer index size: 267177
[2026-02-20 16:41:26] DEBUG: Mean k-mer frequency: 1.19944
[2026-02-20 16:41:26] DEBUG: Minimizer rate: 7.09118
[2026-02-20 16:41:26] DEBUG: Peak RAM usage: 0 Gb
[2026-02-20 16:41:26] DEBUG: Estimating k-mer identity bias
[2026-02-20 16:41:26] DEBUG: Initial divergence estimate : 0.00878735
[2026-02-20 16:41:26] DEBUG: Relative threshold: Y
[2026-02-20 16:41:26] DEBUG: Max divergence threshold set to 0.0387873
[2026-02-20 16:41:26] INFO: Extending reads
[2026-02-20 16:41:26] DEBUG: Estimating overlap coverage
[2026-02-20 16:41:27] INFO: Overlap-based coverage: 1
[2026-02-20 16:41:27] INFO: Median overlap divergence: 0.00906002
[2026-02-20 16:41:27] DEBUG: Sequence divergence distribution: 

    |*      |                                                                                            
    |*      |                                                                                            
    |*      |                                                                                            
    |*      |                                                                                            
    |*      |                                                                                            
    |*      |                                                                                            
    |**     |                                                                                            
    |**     |                                                                                            
    |**     |                                                                                            
    |**     |                                                                                            
    |**     |                                                                                            
    |***    |                                                                                            
    |***    |                                                                                            
    |***    |                                                                                            
    |***    |                                                                                            
    |***    |                                                                                            
    |****   |                                                                                            
    |****** |                                                                                            
    |*******| *                                                                                          
    |************* *    * ** *    *  *  *    *                                                           
    ----------------------------------------------------------------------------------------------------
    0%        5%        10%       15%       20%       25%       30%       35%       40%       45%       

    Q25 = 0.004, Q50 = 0.0091, Q75 = 0.021

[2026-02-20 16:41:27] DEBUG: Assembled disjointig 1
	With 1 reads
	Start read: +07c32a97-1631-430b-a582-a20f23129ad0
	At position: 1
	leftTip: 1 rightTip: 1
	Suspicious: 0
	Short ext: 0
	Mean extensions: 0
	Avg overlap len: 0
	Min overlap len: 0
	Inner reads: 0
	Length: 2279
[2026-02-20 16:41:27] DEBUG: Inner: 4 covered: 79 total: 1384
[2026-02-20 16:41:27] DEBUG: Assembled disjointig 2
	With 3 reads
	Start read: +3ec228fb-8eaf-421f-91b5-39714babef2f
	At position: 2
	leftTip: 1 rightTip: 1
	Suspicious: 2
	Short ext: 0
	Mean extensions: 1
	Avg overlap len: 2373
	Min overlap len: 2373
	Inner reads: 0
	Length: 8732
[2026-02-20 16:41:27] DEBUG: Inner: 26 covered: 224 total: 1384
[2026-02-20 16:41:27] DEBUG: Assembled disjointig 3
	With 1 reads
	Start read: +6ff49089-51f8-4b54-81bb-b90fb4f00b4e
	At position: 1
	leftTip: 1 rightTip: 1
	Suspicious: 0
	Short ext: 0
	Mean extensions: 0
	Avg overlap len: 0
	Min overlap len: 0
	Inner reads: 0
	Length: 2545
[2026-02-20 16:41:27] DEBUG: Inner: 32 covered: 334 total: 1384
[2026-02-20 16:41:27] DEBUG: Assembled disjointig 4
	With 2 reads
	Start read: +de44274a-55ee-4ec0-bbab-1bab0098fae3
	At position: 1
	leftTip: 1 rightTip: 1
	Suspicious: 1
	Short ext: 0
	Mean extensions: 0
	Avg overlap len: 1887
	Min overlap len: 1887
	Inner reads: 0
	Length: 4178
[2026-02-20 16:41:27] DEBUG: Inner: 38 covered: 374 total: 1384
[2026-02-20 16:41:27] DEBUG: Assembled disjointig 5
	With 2 reads
	Start read: +b7ec9b14-3cf2-4642-916d-6512620fbe98
	At position: 2
	leftTip: 1 rightTip: 1
	Suspicious: 1
	Short ext: 0
	Mean extensions: 0
	Avg overlap len: 2687
	Min overlap len: 2687
	Inner reads: 0
	Length: 6622
[2026-02-20 16:41:27] DEBUG: Inner: 42 covered: 471 total: 1384
[2026-02-20 16:41:27] DEBUG: Assembled disjointig 6
	With 1 reads
	Start read: +821fc5c4-b1cd-4ae7-ac0e-c2841566576f
	At position: 1
	leftTip: 1 rightTip: 1
	Suspicious: 0
	Short ext: 0
	Mean extensions: 0
	Avg overlap len: 0
	Min overlap len: 0
	Inner reads: 0
	Length: 2507
[2026-02-20 16:41:27] DEBUG: Inner: 46 covered: 486 total: 1384
[2026-02-20 16:41:27] DEBUG: Assembled disjointig 7
	With 1 reads
	Start read: +c20ad2c3-7b1f-4fd8-bdca-719f3ac842a1
	At position: 1
	leftTip: 1 rightTip: 1
	Suspicious: 0
	Short ext: 0
	Mean extensions: 0
	Avg overlap len: 0
	Min overlap len: 0
	Inner reads: 0
	Length: 2227
[2026-02-20 16:41:27] DEBUG: Inner: 50 covered: 536 total: 1384
[2026-02-20 16:41:27] DEBUG: Assembled disjointig 8
	With 1 reads
	Start read: +cd43fd52-3727-48da-8626-f6c4a04bcb95
	At position: 1
	leftTip: 1 rightTip: 1
	Suspicious: 0
	Short ext: 0
	Mean extensions: 0
	Avg overlap len: 0
	Min overlap len: 0
	Inner reads: 0
	Length: 2725
[2026-02-20 16:41:27] DEBUG: Inner: 54 covered: 617 total: 1384
[2026-02-20 16:41:27] DEBUG: Assembled disjointig 9
	With 2 reads
	Start read: +7b58d2fc-8759-4414-a5eb-5ec87113a1bd
	At position: 1
	leftTip: 1 rightTip: 1
	Suspicious: 1
	Short ext: 0
	Mean extensions: 0
	Avg overlap len: 2560
	Min overlap len: 2560
	Inner reads: 0
	Length: 8792
[2026-02-20 16:41:27] DEBUG: Inner: 58 covered: 640 total: 1384
[2026-02-20 16:41:27] DEBUG: Assembled disjointig 10
	With 1 reads
	Start read: +daad9af9-6962-497e-a2a5-2ae6388a2c3d
	At position: 1
	leftTip: 1 rightTip: 1
	Suspicious: 0
	Short ext: 0
	Mean extensions: 0
	Avg overlap len: 0
	Min overlap len: 0
	Inner reads: 0
	Length: 3730
[2026-02-20 16:41:27] DEBUG: Inner: 64 covered: 654 total: 1384
[2026-02-20 16:41:27] DEBUG: Assembled disjointig 11
	With 1 reads
	Start read: +ea7f1d07-2ee7-411c-acce-2d9e83430d99
	At position: 1
	leftTip: 1 rightTip: 1
	Suspicious: 0
	Short ext: 0
	Mean extensions: 0
	Avg overlap len: 0
	Min overlap len: 0
	Inner reads: 0
	Length: 2338
[2026-02-20 16:41:27] DEBUG: Inner: 68 covered: 687 total: 1384
[2026-02-20 16:41:27] DEBUG: Assembled disjointig 12
	With 2 reads
	Start read: +0001c253-0375-49a7-aecf-20f8ce5f14c8
	At position: 1
	leftTip: 1 rightTip: 1
	Suspicious: 1
	Short ext: 0
	Mean extensions: 0
	Avg overlap len: 2055
	Min overlap len: 2055
	Inner reads: 0
	Length: 6332
[2026-02-20 16:41:27] DEBUG: Inner: 72 covered: 702 total: 1384
[2026-02-20 16:41:27] DEBUG: Assembled disjointig 13
	With 1 reads
	Start read: +7b3bc8b3-bf1c-4564-9664-bedba4426db2
	At position: 1
	leftTip: 1 rightTip: 1
	Suspicious: 0
	Short ext: 0
	Mean extensions: 0
	Avg overlap len: 0
	Min overlap len: 0
	Inner reads: 0
	Length: 2922
[2026-02-20 16:41:27] DEBUG: Inner: 76 covered: 744 total: 1384
[2026-02-20 16:41:27] DEBUG: Assembled disjointig 14
	With 1 reads
	Start read: +bdec774c-0482-4e47-bbda-2e102cad856e
	At position: 1
	leftTip: 1 rightTip: 1
	Suspicious: 0
	Short ext: 0
	Mean extensions: 0
	Avg overlap len: 0
	Min overlap len: 0
	Inner reads: 0
	Length: 3067
[2026-02-20 16:41:27] DEBUG: Inner: 82 covered: 874 total: 1384
[2026-02-20 16:41:27] DEBUG: Assembled disjointig 15
	With 1 reads
	Start read: +73a1a844-6776-452f-aba2-95243b513183
	At position: 1
	leftTip: 1 rightTip: 1
	Suspicious: 0
	Short ext: 0
	Mean extensions: 0
	Avg overlap len: 0
	Min overlap len: 0
	Inner reads: 0
	Length: 2619
[2026-02-20 16:41:27] DEBUG: Inner: 86 covered: 897 total: 1384
[2026-02-20 16:41:27] DEBUG: Assembled disjointig 16
	With 1 reads
	Start read: +eff8c5c0-ee6e-4fbb-a0c9-6eac1fb0bf9f
	At position: 1
	leftTip: 1 rightTip: 1
	Suspicious: 0
	Short ext: 0
	Mean extensions: 0
	Avg overlap len: 0
	Min overlap len: 0
	Inner reads: 0
	Length: 2342
[2026-02-20 16:41:27] DEBUG: Inner: 90 covered: 1035 total: 1384
[2026-02-20 16:41:27] DEBUG: Assembled disjointig 17
	With 1 reads
	Start read: +5d78d247-4bfa-4c33-a20d-2169ba607791
	At position: 1
	leftTip: 1 rightTip: 1
	Suspicious: 0
	Short ext: 0
	Mean extensions: 0
	Avg overlap len: 0
	Min overlap len: 0
	Inner reads: 0
	Length: 2315
[2026-02-20 16:41:27] DEBUG: Inner: 94 covered: 1080 total: 1384
[2026-02-20 16:41:27] DEBUG: Assembled disjointig 18
	With 1 reads
	Start read: +f46189d4-3e70-45cf-b642-5c51260a6e1b
	At position: 1
	leftTip: 1 rightTip: 1
	Suspicious: 0
	Short ext: 0
	Mean extensions: 0
	Avg overlap len: 0
	Min overlap len: 0
	Inner reads: 0
	Length: 2471
[2026-02-20 16:41:27] DEBUG: Inner: 98 covered: 1104 total: 1384
[2026-02-20 16:41:27] DEBUG: Assembled disjointig 19
	With 2 reads
	Start read: +7ce1e2f3-3e26-4d63-9587-f1d8f8f77cc0
	At position: 1
	leftTip: 1 rightTip: 1
	Suspicious: 1
	Short ext: 0
	Mean extensions: 0
	Avg overlap len: 2860
	Min overlap len: 2860
	Inner reads: 0
	Length: 11293
[2026-02-20 16:41:27] DEBUG: Inner: 106 covered: 1124 total: 1384
[2026-02-20 16:41:27] DEBUG: Assembled disjointig 20
	With 1 reads
	Start read: +a270074b-8ca9-4462-8d1e-93bc91632b75
	At position: 1
	leftTip: 1 rightTip: 1
	Suspicious: 0
	Short ext: 0
	Mean extensions: 0
	Avg overlap len: 0
	Min overlap len: 0
	Inner reads: 0
	Length: 2767
[2026-02-20 16:41:27] DEBUG: Inner: 110 covered: 1145 total: 1384
[2026-02-20 16:41:27] DEBUG: Assembled disjointig 21
	With 2 reads
	Start read: +f938b2d5-68c2-4d2e-a979-eb5ded00e7b1
	At position: 1
	leftTip: 1 rightTip: 1
	Suspicious: 1
	Short ext: 0
	Mean extensions: 1
	Avg overlap len: 2240
	Min overlap len: 2240
	Inner reads: 0
	Length: 6093
[2026-02-20 16:41:27] DEBUG: Inner: 126 covered: 1169 total: 1384
[2026-02-20 16:41:27] DEBUG: Assembled disjointig 22
	With 1 reads
	Start read: +b16aa784-d5e5-4d3d-a704-84395ca11d47
	At position: 1
	leftTip: 1 rightTip: 1
	Suspicious: 0
	Short ext: 0
	Mean extensions: 0
	Avg overlap len: 0
	Min overlap len: 0
	Inner reads: 0
	Length: 2369
[2026-02-20 16:41:27] DEBUG: Inner: 130 covered: 1275 total: 1384
[2026-02-20 16:41:27] DEBUG: Assembled disjointig 23
	With 2 reads
	Start read: +8d260820-13ba-4cb9-b381-0ce44f909e76
	At position: 2
	leftTip: 1 rightTip: 1
	Suspicious: 1
	Short ext: 0
	Mean extensions: 0
	Avg overlap len: 1987
	Min overlap len: 1987
	Inner reads: 0
	Length: 6258
[2026-02-20 16:41:27] DEBUG: Inner: 134 covered: 1292 total: 1384
[2026-02-20 16:41:27] DEBUG: Assembled disjointig 24
	With 1 reads
	Start read: +49957a7d-e150-4a80-9532-ed0934ae123c
	At position: 1
	leftTip: 1 rightTip: 1
	Suspicious: 0
	Short ext: 0
	Mean extensions: 0
	Avg overlap len: 0
	Min overlap len: 0
	Inner reads: 0
	Length: 2253
[2026-02-20 16:41:27] DEBUG: Inner: 138 covered: 1384 total: 1384
[2026-02-20 16:41:27] DEBUG: Assembled disjointig 25
	With 2 reads
	Start read: +334e2fc6-cec2-4f34-a856-f00ba5d27593
	At position: 2
	leftTip: 1 rightTip: 1
	Suspicious: 1
	Short ext: 0
	Mean extensions: 0
	Avg overlap len: 4885
	Min overlap len: 4885
	Inner reads: 0
	Length: 8787
[2026-02-20 16:41:27] DEBUG: Inner: 144 covered: 1384 total: 1384
[2026-02-20 16:41:27] INFO: Assembled 25 disjointigs
[2026-02-20 16:41:27] INFO: Generating sequence
[2026-02-20 16:41:27] DEBUG: Building positional index
[2026-02-20 16:41:27] DEBUG: Total sequence: 108496 bp
[2026-02-20 16:41:27] DEBUG: Mean k-mer frequency: 1.01216
[2026-02-20 16:41:27] DEBUG: Repetitive k-mer frequency: 101
[2026-02-20 16:41:27] DEBUG: Filtered 0 repetitive k-mers (0)
[2026-02-20 16:41:27] DEBUG: Sorting k-mer index
[2026-02-20 16:41:27] DEBUG: Selected k-mers: 19325
[2026-02-20 16:41:27] DEBUG: K-mer index size: 19561
[2026-02-20 16:41:27] DEBUG: Mean k-mer frequency: 1.01221
[2026-02-20 16:41:27] DEBUG: Minimizer rate: 5.54655
[2026-02-20 16:41:27] INFO: Filtering contained disjointigs
[2026-02-20 16:41:27] DEBUG: Computing transitive closure for overlaps
[2026-02-20 16:41:27] DEBUG: Found 0 overlaps
[2026-02-20 16:41:27] DEBUG: Left 0 overlaps after filtering
[2026-02-20 16:41:27] INFO: Contained seqs: 0
[2026-02-20 16:41:27] DEBUG: Writing FASTA
[2026-02-20 16:41:27] DEBUG: Peak RAM usage: 0 Gb
-----------End assembly log------------
[2026-02-20 16:41:27] root: DEBUG: Disjointigs length: 108496, N50: 6258
[2026-02-20 16:41:27] root: INFO: >>>STAGE: consensus
[2026-02-20 16:41:27] root: INFO: Running Minimap2
[2026-02-20 16:41:28] root: INFO: Computing consensus
[2026-02-20 16:41:28] root: INFO: Alignment error rate: 0.007809
[2026-02-20 16:41:28] root: INFO: >>>STAGE: repeat
[2026-02-20 16:41:28] root: INFO: Building and resolving repeat graph
[2026-02-20 16:41:28] root: DEBUG: -----Begin repeat analyser log------
[2026-02-20 16:41:28] root: DEBUG: Running: flye-modules repeat --disjointigs /scratch/ky/characterization/results/barcode09/assembly/10-consensus/consensus.fasta --reads /scratch/ky/characterization/FASTQ/SQK-RBK114-96_barcode09.fastq --out-dir /scratch/ky/characterization/results/barcode09/assembly/20-repeat --config /data/softs/Miniforge3-25.11.0-0/envs/flye-2.9.6/lib/python3.12/site-packages/flye/config/bin_cfg/asm_nano_hq.cfg --log /scratch/ky/characterization/results/barcode09/assembly/flye.log --threads 16 --meta --min-ovlp 1000
[2026-02-20 16:41:28] DEBUG: Build date: May  4 2025 23:18:08
[2026-02-20 16:41:28] DEBUG: Total RAM: 251 Gb
[2026-02-20 16:41:28] DEBUG: Available RAM: 247 Gb
[2026-02-20 16:41:28] DEBUG: Total CPUs: 32
[2026-02-20 16:41:28] DEBUG: Loading /data/softs/Miniforge3-25.11.0-0/envs/flye-2.9.6/lib/python3.12/site-packages/flye/config/bin_cfg/asm_nano_hq.cfg
[2026-02-20 16:41:28] DEBUG: Loading /data/softs/Miniforge3-25.11.0-0/envs/flye-2.9.6/lib/python3.12/site-packages/flye/config/bin_cfg/asm_defaults.cfg
[2026-02-20 16:41:28] DEBUG: 	big_genome_threshold=29000000
[2026-02-20 16:41:28] DEBUG: 	meta_read_filter_kmer_freq=100
[2026-02-20 16:41:28] DEBUG: 	chain_large_gap_penalty=2
[2026-02-20 16:41:28] DEBUG: 	chain_small_gap_penalty=0.5
[2026-02-20 16:41:28] DEBUG: 	chain_gap_jump_threshold=100
[2026-02-20 16:41:28] DEBUG: 	max_jump_gap=500
[2026-02-20 16:41:28] DEBUG: 	max_coverage_drop_rate=5
[2026-02-20 16:41:28] DEBUG: 	max_extensions_drop_rate=5
[2026-02-20 16:41:28] DEBUG: 	chimera_window=100
[2026-02-20 16:41:28] DEBUG: 	chimera_overhang=1000
[2026-02-20 16:41:28] DEBUG: 	min_reads_in_disjointig=4
[2026-02-20 16:41:28] DEBUG: 	max_inner_reads=10
[2026-02-20 16:41:28] DEBUG: 	max_inner_fraction=0.25
[2026-02-20 16:41:28] DEBUG: 	aggressive_dup_filter=1
[2026-02-20 16:41:28] DEBUG: 	max_separation=500
[2026-02-20 16:41:28] DEBUG: 	unique_edge_length=50000
[2026-02-20 16:41:28] DEBUG: 	min_repeat_res_support=0.51
[2026-02-20 16:41:28] DEBUG: 	out_paths_ratio=5
[2026-02-20 16:41:28] DEBUG: 	graph_cov_drop_rate=5
[2026-02-20 16:41:28] DEBUG: 	coverage_estimate_window=100
[2026-02-20 16:41:28] DEBUG: 	max_bubble_length=50000
[2026-02-20 16:41:28] DEBUG: 	loop_coverage_rate=1.5
[2026-02-20 16:41:28] DEBUG: 	repeat_edge_cov_mult=1.75
[2026-02-20 16:41:28] DEBUG: 	weak_detach_rate=5
[2026-02-20 16:41:28] DEBUG: 	tip_coverage_rate=2
[2026-02-20 16:41:28] DEBUG: 	tip_length_rate=2
[2026-02-20 16:41:28] DEBUG: 	output_gfa_before_rr=1
[2026-02-20 16:41:28] DEBUG: 	remove_alt_edges=0
[2026-02-20 16:41:28] DEBUG: 	low_cutoff_warning=0
[2026-02-20 16:41:28] DEBUG: 	kmer_size=17
[2026-02-20 16:41:28] DEBUG: 	use_minimizers=1
[2026-02-20 16:41:28] DEBUG: 	minimizer_window=10
[2026-02-20 16:41:28] DEBUG: 	reads_base_alignment=1
[2026-02-20 16:41:28] DEBUG: 	meta_read_top_kmer_rate=0.75
[2026-02-20 16:41:28] DEBUG: 	maximum_jump=1500
[2026-02-20 16:41:28] DEBUG: 	maximum_overhang=1500
[2026-02-20 16:41:28] DEBUG: 	repeat_kmer_rate=100
[2026-02-20 16:41:28] DEBUG: 	assemble_ovlp_divergence=0.03
[2026-02-20 16:41:28] DEBUG: 	assemble_divergence_relative=1
[2026-02-20 16:41:28] DEBUG: 	repeat_graph_ovlp_divergence=0.03
[2026-02-20 16:41:28] DEBUG: 	read_align_ovlp_divergence=0.10
[2026-02-20 16:41:28] DEBUG: 	hpc_scoring_on=1
[2026-02-20 16:41:28] DEBUG: 	add_unassembled_reads=0
[2026-02-20 16:41:28] DEBUG: 	extend_contigs_with_repeats=0
[2026-02-20 16:41:28] DEBUG: 	min_read_cov_cutoff=3
[2026-02-20 16:41:28] DEBUG: 	short_tip_length=20000
[2026-02-20 16:41:28] DEBUG: 	long_tip_length=100000
[2026-02-20 16:41:28] DEBUG: Running with k-mer size: 17
[2026-02-20 16:41:28] DEBUG: Selected minimum overlap 1000
[2026-02-20 16:41:28] DEBUG: Metagenome mode: Y
[2026-02-20 16:41:28] INFO: Parsing disjointigs
[2026-02-20 16:41:28] DEBUG: Building positional index
[2026-02-20 16:41:28] DEBUG: Total sequence: 108484 bp
[2026-02-20 16:41:28] INFO: Building repeat graph
[2026-02-20 16:41:28] DEBUG: Mean k-mer frequency: 1.01212
[2026-02-20 16:41:28] DEBUG: Repetitive k-mer frequency: 101
[2026-02-20 16:41:28] DEBUG: Filtered 0 repetitive k-mers (0)
[2026-02-20 16:41:28] DEBUG: Sorting k-mer index
[2026-02-20 16:41:28] DEBUG: Selected k-mers: 19299
[2026-02-20 16:41:28] DEBUG: K-mer index size: 19534
[2026-02-20 16:41:28] DEBUG: Mean k-mer frequency: 1.01218
[2026-02-20 16:41:28] DEBUG: Minimizer rate: 5.5536
[2026-02-20 16:41:28] DEBUG: Computing transitive closure for overlaps
[2026-02-20 16:41:28] DEBUG: Found 0 overlaps
[2026-02-20 16:41:28] DEBUG: Left 0 overlaps after filtering
[2026-02-20 16:41:28] INFO: Median overlap divergence: 0
[2026-02-20 16:41:28] DEBUG: Sequence divergence distribution: 

    |      |                                                                                             
    |      |                                                                                             
    |      |                                                                                             
    |      |                                                                                             
    |      |                                                                                             
    |      |                                                                                             
    |      |                                                                                             
    |      |                                                                                             
    |      |                                                                                             
    |      |                                                                                             
    |      |                                                                                             
    |      |                                                                                             
    |      |                                                                                             
    |      |                                                                                             
    |      |                                                                                             
    |      |                                                                                             
    |      |                                                                                             
    |      |                                                                                             
    |      |                                                                                             
    |      |                                                                                             
    ----------------------------------------------------------------------------------------------------
    0%        5%        10%       15%       20%       25%       30%       35%       40%       45%       

    Q25 = 0, Q50 = 0, Q75 = 0

[2026-02-20 16:41:28] DEBUG: Computing gluepoints
[2026-02-20 16:41:28] DEBUG: Added 0 gluepoint projections
[2026-02-20 16:41:28] DEBUG: Created 100 gluepoints
[2026-02-20 16:41:28] DEBUG: Artificial loops removed: 0 left, 0 right, 0 both
[2026-02-20 16:41:28] DEBUG: Initializing edges
[2026-02-20 16:41:28] DEBUG: Edges length checksum: 644453439
[2026-02-20 16:41:28] DEBUG: Filtered 0 singleton segments
[2026-02-20 16:41:28] DEBUG: Removed 0 simple and 0 double chimeric junctions
[2026-02-20 16:41:28] DEBUG: Collapsed 0 edges
[2026-02-20 16:41:28] DEBUG: *	1	+disjointig_1	0	2280	2280	
[2026-02-20 16:41:28] DEBUG: *	2	+disjointig_10	0	3726	3726	
[2026-02-20 16:41:28] DEBUG: *	3	+disjointig_11	0	2338	2338	
[2026-02-20 16:41:28] DEBUG: *	4	+disjointig_12	0	6332	6332	
[2026-02-20 16:41:28] DEBUG: *	5	+disjointig_13	0	2908	2908	
[2026-02-20 16:41:28] DEBUG: *	6	+disjointig_14	0	3065	3065	
[2026-02-20 16:41:28] DEBUG: *	7	+disjointig_15	0	2627	2627	
[2026-02-20 16:41:28] DEBUG: *	8	+disjointig_16	0	2349	2349	
[2026-02-20 16:41:28] DEBUG: *	9	+disjointig_17	0	2312	2312	
[2026-02-20 16:41:28] DEBUG: *	10	+disjointig_18	0	2470	2470	
[2026-02-20 16:41:28] DEBUG: *	11	+disjointig_19	0	11294	11294	
[2026-02-20 16:41:28] DEBUG: *	12	+disjointig_2	0	8590	8590	
[2026-02-20 16:41:28] DEBUG: *	13	+disjointig_20	0	2772	2772	
[2026-02-20 16:41:28] DEBUG: *	14	+disjointig_21	0	6057	6057	
[2026-02-20 16:41:28] DEBUG: *	15	+disjointig_22	0	2361	2361	
[2026-02-20 16:41:28] DEBUG: *	16	+disjointig_23	0	6260	6260	
[2026-02-20 16:41:28] DEBUG: *	17	+disjointig_24	0	2259	2259	
[2026-02-20 16:41:28] DEBUG: *	18	+disjointig_25	0	8839	8839	
[2026-02-20 16:41:28] DEBUG: *	19	+disjointig_3	0	2544	2544	
[2026-02-20 16:41:28] DEBUG: *	20	+disjointig_4	0	4175	4175	
[2026-02-20 16:41:28] DEBUG: *	21	+disjointig_5	0	6615	6615	
[2026-02-20 16:41:28] DEBUG: *	22	+disjointig_6	0	2501	2501	
[2026-02-20 16:41:28] DEBUG: *	23	+disjointig_7	0	2222	2222	
[2026-02-20 16:41:28] DEBUG: *	24	+disjointig_8	0	2725	2725	
[2026-02-20 16:41:28] DEBUG: *	25	+disjointig_9	0	8838	8838	
[2026-02-20 16:41:28] DEBUG: Total edges: 25
[2026-02-20 16:41:28] INFO: Parsing reads
[2026-02-20 16:41:28] DEBUG: Building positional index
[2026-02-20 16:41:28] DEBUG: Total sequence: 3177337 bp
[2026-02-20 16:41:28] DEBUG: Building positional index
[2026-02-20 16:41:28] DEBUG: Total sequence: 108459 bp
[2026-02-20 16:41:28] INFO: Aligning reads to the graph
[2026-02-20 16:41:28] DEBUG: Mean k-mer frequency: 1.01212
[2026-02-20 16:41:28] DEBUG: Repetitive k-mer frequency: 101
[2026-02-20 16:41:28] DEBUG: Filtered 0 repetitive k-mers (0)
[2026-02-20 16:41:28] DEBUG: Sorting k-mer index
[2026-02-20 16:41:28] DEBUG: Selected k-mers: 19299
[2026-02-20 16:41:28] DEBUG: K-mer index size: 19534
[2026-02-20 16:41:28] DEBUG: Mean k-mer frequency: 1.01218
[2026-02-20 16:41:28] DEBUG: Minimizer rate: 5.55232
[2026-02-20 16:41:28] DEBUG: Total reads : 692
[2026-02-20 16:41:28] DEBUG: Read with aligned parts : 78
[2026-02-20 16:41:28] DEBUG: Aligned in one piece : 78
[2026-02-20 16:41:28] INFO: Aligned read sequence: 214966 / 1894599 (0.113463)
[2026-02-20 16:41:28] INFO: Median overlap divergence: 0.00434273
[2026-02-20 16:41:28] DEBUG: Sequence divergence distribution: 

    |*                   |                                                                               
    |*                   |                                                                               
    |*                   |                                                                               
    |*                   |                                                                               
    |*                   |                                                                               
    |*                   |                                                                               
    |*                   |                                                                               
    |*                   |                                                                               
    |*                   |                                                                               
    |*                   |                                                                               
    |*                   |                                                                               
    |* *                 |                                                                               
    |* *                 |                                                                               
    |* *                 |                                                                               
    |* *                 |                                                                               
    |***                 |                                                                               
    |***                 |                                                                               
    |***                 |                                                                               
    |*****               |                                                                               
    |******  * *         |                                                                               
    ----------------------------------------------------------------------------------------------------
    0%        5%        10%       15%       20%       25%       30%       35%       40%       45%       

    Q25 = 0.0019, Q50 = 0.0043, Q75 = 0.012

[2026-02-20 16:41:28] INFO: Mean edge coverage: 1
[2026-02-20 16:41:28] DEBUG: 1	len:2280	cov:1	mult:1
[2026-02-20 16:41:28] DEBUG: -1	len:2280	cov:1	mult:1
[2026-02-20 16:41:28] DEBUG: 2	len:3726	cov:3	mult:3
[2026-02-20 16:41:28] DEBUG: -2	len:3726	cov:3	mult:3
[2026-02-20 16:41:28] DEBUG: 3	len:2338	cov:1	mult:1
[2026-02-20 16:41:28] DEBUG: -3	len:2338	cov:1	mult:1
[2026-02-20 16:41:28] DEBUG: 4	len:6332	cov:1	mult:1
[2026-02-20 16:41:28] DEBUG: -4	len:6332	cov:1	mult:1
[2026-02-20 16:41:28] DEBUG: 5	len:2908	cov:1	mult:1
[2026-02-20 16:41:28] DEBUG: -5	len:2908	cov:1	mult:1
[2026-02-20 16:41:28] DEBUG: 6	len:3065	cov:2	mult:2
[2026-02-20 16:41:28] DEBUG: -6	len:3065	cov:2	mult:2
[2026-02-20 16:41:28] DEBUG: 7	len:2627	cov:2	mult:2
[2026-02-20 16:41:28] DEBUG: -7	len:2627	cov:2	mult:2
[2026-02-20 16:41:28] DEBUG: 8	len:2349	cov:2	mult:2
[2026-02-20 16:41:28] DEBUG: -8	len:2349	cov:2	mult:2
[2026-02-20 16:41:28] DEBUG: 9	len:2312	cov:2	mult:2
[2026-02-20 16:41:28] DEBUG: -9	len:2312	cov:2	mult:2
[2026-02-20 16:41:28] DEBUG: 10	len:2470	cov:2	mult:2
[2026-02-20 16:41:28] DEBUG: -10	len:2470	cov:2	mult:2
[2026-02-20 16:41:28] DEBUG: 11	len:11294	cov:1	mult:1
[2026-02-20 16:41:28] DEBUG: -11	len:11294	cov:1	mult:1
[2026-02-20 16:41:28] DEBUG: 12	len:8590	cov:2	mult:2
[2026-02-20 16:41:28] DEBUG: -12	len:8590	cov:2	mult:2
[2026-02-20 16:41:28] DEBUG: 13	len:2772	cov:2	mult:2
[2026-02-20 16:41:28] DEBUG: -13	len:2772	cov:2	mult:2
[2026-02-20 16:41:28] DEBUG: 14	len:6057	cov:2	mult:2
[2026-02-20 16:41:28] DEBUG: -14	len:6057	cov:2	mult:2
[2026-02-20 16:41:28] DEBUG: 15	len:2361	cov:2	mult:2
[2026-02-20 16:41:28] DEBUG: -15	len:2361	cov:2	mult:2
[2026-02-20 16:41:28] DEBUG: 16	len:6260	cov:1	mult:1
[2026-02-20 16:41:28] DEBUG: -16	len:6260	cov:1	mult:1
[2026-02-20 16:41:28] DEBUG: 17	len:2259	cov:2	mult:2
[2026-02-20 16:41:28] DEBUG: -17	len:2259	cov:2	mult:2
[2026-02-20 16:41:28] DEBUG: 18	len:8839	cov:2	mult:2
[2026-02-20 16:41:28] DEBUG: -18	len:8839	cov:2	mult:2
[2026-02-20 16:41:28] DEBUG: 19	len:2544	cov:2	mult:2
[2026-02-20 16:41:28] DEBUG: -19	len:2544	cov:2	mult:2
[2026-02-20 16:41:28] DEBUG: 20	len:4175	cov:2	mult:2
[2026-02-20 16:41:28] DEBUG: -20	len:4175	cov:2	mult:2
[2026-02-20 16:41:28] DEBUG: 21	len:6615	cov:2	mult:2
[2026-02-20 16:41:28] DEBUG: -21	len:6615	cov:2	mult:2
[2026-02-20 16:41:28] DEBUG: 22	len:2501	cov:2	mult:2
[2026-02-20 16:41:28] DEBUG: -22	len:2501	cov:2	mult:2
[2026-02-20 16:41:28] DEBUG: 23	len:2222	cov:2	mult:2
[2026-02-20 16:41:28] DEBUG: -23	len:2222	cov:2	mult:2
[2026-02-20 16:41:28] DEBUG: 24	len:2725	cov:2	mult:2
[2026-02-20 16:41:28] DEBUG: -24	len:2725	cov:2	mult:2
[2026-02-20 16:41:28] DEBUG: 25	len:8838	cov:1	mult:1
[2026-02-20 16:41:28] DEBUG: -25	len:8838	cov:1	mult:1
[2026-02-20 16:41:28] DEBUG: Unique coverage threshold 1
[2026-02-20 16:41:28] INFO: Simplifying the graph
[2026-02-20 16:41:28] DEBUG: Read coverage cutoff: 3
[2026-02-20 16:41:28] DEBUG: [SIMPL] Removed 24 paths with low coverage
[2026-02-20 16:41:28] DEBUG: [SIMPL] Masked 0 heterozygous loops
[2026-02-20 16:41:28] DEBUG: [SIMPL] Masked 0 simple bubbles
[2026-02-20 16:41:28] DEBUG: [SIMPL] Masked 0 roundabouts
[2026-02-20 16:41:28] DEBUG: [SIMPL] Masked 0 superbubbles
[2026-02-20 16:41:28] DEBUG: Finding repeats
[2026-02-20 16:41:28] DEBUG: Read coverage cutoff: 3
[2026-02-20 16:41:28] DEBUG: Repeat detection iteration 1
[2026-02-20 16:41:28] DEBUG: Repeat detection iteration 2
[2026-02-20 16:41:28] DEBUG: Writing Dot
[2026-02-20 16:41:28] DEBUG: Writing FASTA
[2026-02-20 16:41:28] DEBUG: Writing Gfa
[2026-02-20 16:41:28] DEBUG: [SIMPL] Resolved 0 simple repeats
[2026-02-20 16:41:28] DEBUG: [SIMPL] == Iteration 1 ==
[2026-02-20 16:41:28] DEBUG: Splitting nodes
[2026-02-20 16:41:28] DEBUG: [SIMPL] Split 0 nodes
[2026-02-20 16:41:28] DEBUG: [SIMPL] Disconnected 0 minor paths
[2026-02-20 16:41:28] DEBUG: [SIMPL] Clipped 0 short and 0 long tips
[2026-02-20 16:41:28] DEBUG: [SIMPL] Masked 0 heterozygous loops
[2026-02-20 16:41:28] DEBUG: [SIMPL] Masked 0 simple bubbles
[2026-02-20 16:41:28] DEBUG: [SIMPL] Masked 0 roundabouts
[2026-02-20 16:41:28] DEBUG: [SIMPL] Masked 0 superbubbles
[2026-02-20 16:41:28] DEBUG: Finding repeats
[2026-02-20 16:41:28] DEBUG: Read coverage cutoff: 3
[2026-02-20 16:41:28] DEBUG: Repeat detection iteration 1
[2026-02-20 16:41:28] DEBUG: Repeat detection iteration 2
[2026-02-20 16:41:28] DEBUG: Total unique edges: 1
[2026-02-20 16:41:28] DEBUG: [SIMPL] Resolved repeats: 0
[2026-02-20 16:41:28] DEBUG: RR links: 0
[2026-02-20 16:41:28] DEBUG: Unresolved: 0
[2026-02-20 16:41:28] DEBUG: Removed 0 simple and 0 double chimeric junctions
[2026-02-20 16:41:28] DEBUG: [SIMPL] Simplified 0 forks
[2026-02-20 16:41:28] DEBUG: [SIMPL] Collapsed 0 haplotypes
[2026-02-20 16:41:28] DEBUG: [SIMPL] Resolved 0 simple repeats
[2026-02-20 16:41:28] DEBUG: Read coverage cutoff: 3
[2026-02-20 16:41:28] DEBUG: [SIMPL] Removed 0 paths with low coverage
[2026-02-20 16:41:28] DEBUG: Finding repeats
[2026-02-20 16:41:28] DEBUG: Read coverage cutoff: 3
[2026-02-20 16:41:28] DEBUG: Repeat detection iteration 1
[2026-02-20 16:41:28] DEBUG: Repeat detection iteration 2
[2026-02-20 16:41:28] DEBUG: Writing Dot
[2026-02-20 16:41:28] DEBUG: Writing FASTA
[2026-02-20 16:41:28] DEBUG: Peak RAM usage: 0 Gb
-----------End assembly log------------
[2026-02-20 16:41:28] root: INFO: >>>STAGE: contigger
[2026-02-20 16:41:28] root: INFO: Generating contigs
[2026-02-20 16:41:28] root: DEBUG: -----Begin contigger analyser log------
[2026-02-20 16:41:28] root: DEBUG: Running: flye-modules contigger --graph-edges /scratch/ky/characterization/results/barcode09/assembly/20-repeat/repeat_graph_edges.fasta --reads /scratch/ky/characterization/FASTQ/SQK-RBK114-96_barcode09.fastq --out-dir /scratch/ky/characterization/results/barcode09/assembly/30-contigger --config /data/softs/Miniforge3-25.11.0-0/envs/flye-2.9.6/lib/python3.12/site-packages/flye/config/bin_cfg/asm_nano_hq.cfg --repeat-graph /scratch/ky/characterization/results/barcode09/assembly/20-repeat/repeat_graph_dump --graph-aln /scratch/ky/characterization/results/barcode09/assembly/20-repeat/read_alignment_dump --log /scratch/ky/characterization/results/barcode09/assembly/flye.log --threads 16 --min-ovlp 1000
[2026-02-20 16:41:28] DEBUG: Build date: May  4 2025 23:18:25
[2026-02-20 16:41:28] DEBUG: Total RAM: 251 Gb
[2026-02-20 16:41:28] DEBUG: Available RAM: 247 Gb
[2026-02-20 16:41:28] DEBUG: Total CPUs: 32
[2026-02-20 16:41:28] DEBUG: Loading /data/softs/Miniforge3-25.11.0-0/envs/flye-2.9.6/lib/python3.12/site-packages/flye/config/bin_cfg/asm_nano_hq.cfg
[2026-02-20 16:41:28] DEBUG: Loading /data/softs/Miniforge3-25.11.0-0/envs/flye-2.9.6/lib/python3.12/site-packages/flye/config/bin_cfg/asm_defaults.cfg
[2026-02-20 16:41:28] DEBUG: 	big_genome_threshold=29000000
[2026-02-20 16:41:28] DEBUG: 	meta_read_filter_kmer_freq=100
[2026-02-20 16:41:28] DEBUG: 	chain_large_gap_penalty=2
[2026-02-20 16:41:28] DEBUG: 	chain_small_gap_penalty=0.5
[2026-02-20 16:41:28] DEBUG: 	chain_gap_jump_threshold=100
[2026-02-20 16:41:28] DEBUG: 	max_jump_gap=500
[2026-02-20 16:41:28] DEBUG: 	max_coverage_drop_rate=5
[2026-02-20 16:41:28] DEBUG: 	max_extensions_drop_rate=5
[2026-02-20 16:41:28] DEBUG: 	chimera_window=100
[2026-02-20 16:41:28] DEBUG: 	chimera_overhang=1000
[2026-02-20 16:41:28] DEBUG: 	min_reads_in_disjointig=4
[2026-02-20 16:41:28] DEBUG: 	max_inner_reads=10
[2026-02-20 16:41:28] DEBUG: 	max_inner_fraction=0.25
[2026-02-20 16:41:28] DEBUG: 	aggressive_dup_filter=1
[2026-02-20 16:41:28] DEBUG: 	max_separation=500
[2026-02-20 16:41:28] DEBUG: 	unique_edge_length=50000
[2026-02-20 16:41:28] DEBUG: 	min_repeat_res_support=0.51
[2026-02-20 16:41:28] DEBUG: 	out_paths_ratio=5
[2026-02-20 16:41:28] DEBUG: 	graph_cov_drop_rate=5
[2026-02-20 16:41:28] DEBUG: 	coverage_estimate_window=100
[2026-02-20 16:41:28] DEBUG: 	max_bubble_length=50000
[2026-02-20 16:41:28] DEBUG: 	loop_coverage_rate=1.5
[2026-02-20 16:41:28] DEBUG: 	repeat_edge_cov_mult=1.75
[2026-02-20 16:41:28] DEBUG: 	weak_detach_rate=5
[2026-02-20 16:41:28] DEBUG: 	tip_coverage_rate=2
[2026-02-20 16:41:28] DEBUG: 	tip_length_rate=2
[2026-02-20 16:41:28] DEBUG: 	output_gfa_before_rr=1
[2026-02-20 16:41:28] DEBUG: 	remove_alt_edges=0
[2026-02-20 16:41:28] DEBUG: 	low_cutoff_warning=0
[2026-02-20 16:41:28] DEBUG: 	kmer_size=17
[2026-02-20 16:41:28] DEBUG: 	use_minimizers=1
[2026-02-20 16:41:28] DEBUG: 	minimizer_window=10
[2026-02-20 16:41:28] DEBUG: 	reads_base_alignment=1
[2026-02-20 16:41:28] DEBUG: 	meta_read_top_kmer_rate=0.75
[2026-02-20 16:41:28] DEBUG: 	maximum_jump=1500
[2026-02-20 16:41:28] DEBUG: 	maximum_overhang=1500
[2026-02-20 16:41:28] DEBUG: 	repeat_kmer_rate=100
[2026-02-20 16:41:28] DEBUG: 	assemble_ovlp_divergence=0.03
[2026-02-20 16:41:28] DEBUG: 	assemble_divergence_relative=1
[2026-02-20 16:41:28] DEBUG: 	repeat_graph_ovlp_divergence=0.03
[2026-02-20 16:41:28] DEBUG: 	read_align_ovlp_divergence=0.10
[2026-02-20 16:41:28] DEBUG: 	hpc_scoring_on=1
[2026-02-20 16:41:28] DEBUG: 	add_unassembled_reads=0
[2026-02-20 16:41:28] DEBUG: 	extend_contigs_with_repeats=0
[2026-02-20 16:41:28] DEBUG: 	min_read_cov_cutoff=3
[2026-02-20 16:41:28] DEBUG: 	short_tip_length=20000
[2026-02-20 16:41:28] DEBUG: 	long_tip_length=100000
[2026-02-20 16:41:28] DEBUG: Running with k-mer size: 17
[2026-02-20 16:41:28] DEBUG: Selected minimum overlap 1000
[2026-02-20 16:41:28] INFO: Reading sequences
[2026-02-20 16:41:28] DEBUG: Building positional index
[2026-02-20 16:41:28] DEBUG: Total sequence: 3177337 bp
[2026-02-20 16:41:28] DEBUG: Flipped 0
[2026-02-20 16:41:28] DEBUG: UPath 1: 2
[2026-02-20 16:41:28] DEBUG: Final graph contains 1 egdes
[2026-02-20 16:41:28] DEBUG: Extending contigs into repeats
[2026-02-20 16:41:28] DEBUG: Covered 0 repetitive contigs
[2026-02-20 16:41:28] INFO: Generated 1 contigs
[2026-02-20 16:41:28] DEBUG: Writing FASTA
[2026-02-20 16:41:28] DEBUG: Generating scaffold connections
[2026-02-20 16:41:28] INFO: Added 0 scaffold connections
[2026-02-20 16:41:28] DEBUG: Writing Dot
[2026-02-20 16:41:28] DEBUG: Writing FASTA
[2026-02-20 16:41:28] DEBUG: Writing Gfa
[2026-02-20 16:41:28] DEBUG: Peak RAM usage: 0 Gb
-----------End assembly log------------
[2026-02-20 16:41:28] root: INFO: >>>STAGE: polishing
[2026-02-20 16:41:28] root: INFO: Polishing genome (1/1)
[2026-02-20 16:41:28] root: INFO: Running minimap2
[2026-02-20 16:41:28] root: INFO: Separating alignment into bubbles
[2026-02-20 16:41:28] root: DEBUG: Generated 233 bubbles
[2026-02-20 16:41:28] root: DEBUG: Split 0 long bubbles
[2026-02-20 16:41:28] root: DEBUG: Skipped 0 empty bubbles
[2026-02-20 16:41:28] root: DEBUG: Skipped 0 bubbles with long branches
[2026-02-20 16:41:28] root: INFO: Alignment error rate: 0.038113
[2026-02-20 16:41:28] root: INFO: Correcting bubbles
[2026-02-20 16:41:28] root: DEBUG: Mean contig coverage: 3, selected threshold: 3
[2026-02-20 16:41:28] root: DEBUG: Filtered 0 contigs of total length 0
[2026-02-20 16:41:28] root: DEBUG: Generating polished GFA
[2026-02-20 16:41:29] root: DEBUG: 0 sequences remained unpolished
[2026-02-20 16:41:29] root: INFO: >>>STAGE: finalize
[2026-02-20 16:41:29] root: DEBUG: ---Output dir contents:----
[2026-02-20 16:41:29] root: DEBUG: assembly/
[2026-02-20 16:41:29] root: DEBUG:     41.0 K      flye.log
[2026-02-20 16:41:29] root: DEBUG:     92.0 B      params.json
[2026-02-20 16:41:29] root: DEBUG:     365.0 B     assembly_graph.gv
[2026-02-20 16:41:29] root: DEBUG:     3.0 K       assembly_graph.gfa
[2026-02-20 16:41:29] root: DEBUG:     3.0 K       assembly.fasta
[2026-02-20 16:41:29] root: DEBUG:     00-assembly/
[2026-02-20 16:41:29] root: DEBUG:         107.0 K     draft_assembly.fasta
[2026-02-20 16:41:29] root: DEBUG:         764.0 B     draft_assembly.fasta.fai
[2026-02-20 16:41:29] root: DEBUG:     10-consensus/
[2026-02-20 16:41:29] root: DEBUG:         964.0 B     minimap.stderr
[2026-02-20 16:41:29] root: DEBUG:         415.0 B     minimap.bam.csi
[2026-02-20 16:41:29] root: DEBUG:         108.0 K     consensus.fasta
[2026-02-20 16:41:29] root: DEBUG:     20-repeat/
[2026-02-20 16:41:29] root: DEBUG:         365.0 B     graph_before_rr.gv
[2026-02-20 16:41:29] root: DEBUG:         3.0 K       graph_before_rr.fasta
[2026-02-20 16:41:29] root: DEBUG:         3.0 K       graph_before_rr.gfa
[2026-02-20 16:41:29] root: DEBUG:         365.0 B     graph_after_rr.gv
[2026-02-20 16:41:29] root: DEBUG:         167.0 B     repeat_graph_dump
[2026-02-20 16:41:29] root: DEBUG:         20.0 K      read_alignment_dump
[2026-02-20 16:41:29] root: DEBUG:         108.0 K     repeat_graph_edges.fasta
[2026-02-20 16:41:29] root: DEBUG:     30-contigger/
[2026-02-20 16:41:29] root: DEBUG:         3.0 K       contigs.fasta
[2026-02-20 16:41:29] root: DEBUG:         108.0 B     contigs_stats.txt
[2026-02-20 16:41:29] root: DEBUG:         0.0 B       scaffolds_links.txt
[2026-02-20 16:41:29] root: DEBUG:         365.0 B     graph_final.gv
[2026-02-20 16:41:29] root: DEBUG:         3.0 K       graph_final.fasta
[2026-02-20 16:41:29] root: DEBUG:         3.0 K       graph_final.gfa
[2026-02-20 16:41:29] root: DEBUG:         23.0 B      contigs.fasta.fai
[2026-02-20 16:41:29] root: DEBUG:     40-polishing/
[2026-02-20 16:41:29] root: DEBUG:         918.0 B     minimap.stderr
[2026-02-20 16:41:29] root: DEBUG:         89.0 B      minimap_1.bam.csi
[2026-02-20 16:41:29] root: DEBUG:         42.0 B      contigs_stats.txt
[2026-02-20 16:41:29] root: DEBUG:         1.0 K       base_coverage.bed.gz
[2026-02-20 16:41:29] root: DEBUG:         3.0 K       filtered_contigs.fasta
[2026-02-20 16:41:29] root: DEBUG:         42.0 B      filtered_stats.txt
[2026-02-20 16:41:29] root: DEBUG:         23.0 B      filtered_contigs.fasta.fai
[2026-02-20 16:41:29] root: DEBUG:         89.0 B      edges_aln.bam.csi
[2026-02-20 16:41:29] root: DEBUG:         3.0 K       polished_edges.gfa
[2026-02-20 16:41:29] root: DEBUG: --------------------------
[2026-02-20 16:41:29] root: INFO: Assembly statistics:

	Total length:	3726
	Fragments:	1
	Fragments N50:	3726
	Largest frg:	3726
	Scaffolds:	0
	Mean coverage:	3

[2026-02-20 16:41:29] root: INFO: Final assembly: /scratch/ky/characterization/results/barcode09/assembly/assembly.fasta
