#                                                                               --- full sequence --- -------------- this domain -------------   hmm coord   ali coord   env coord
# target name           accession   tlen query name           accession   qlen   E-value  score  bias   #  of  c-Evalue  i-Evalue  score  bias  from    to  from    to  from    to  acc description of target
#   ------------------- ---------- ----- -------------------- ---------- ----- --------- ------ ----- --- --- --------- --------- ------ ----- ----- ----- ----- ----- ----- ----- ---- ---------------------
contig_11:8919-9404|-   -            162 1502854at2           -            192   1.7e-06   22.4   0.2   1   2   0.00034     0.016    9.4   0.0     9    34     7    31     4    37 0.81 contig_11_11 # 8919 # 9404 # -1 # ID=14_11;partial=00;start_type=GTG;rbs_motif=AGGAGG;rbs_spacer=5-10bp;gc_cont=0.350
contig_11:8919-9404|-   -            162 1502854at2           -            192   1.7e-06   22.4   0.2   2   2    0.0001    0.0048   11.1   0.0   106   155   110   158    92   161 0.82 contig_11_11 # 8919 # 9404 # -1 # ID=14_11;partial=00;start_type=GTG;rbs_motif=AGGAGG;rbs_spacer=5-10bp;gc_cont=0.350
contig_13:3619-4224|-   -            202 1502854at2           -            192   2.6e-05   18.5   1.2   1   2    0.0093      0.43    4.8   0.0     6    28     3    25     1    32 0.81 contig_13_5 # 3619 # 4224 # -1 # ID=15_5;partial=00;start_type=ATG;rbs_motif=AGGAGG;rbs_spacer=5-10bp;gc_cont=0.356
contig_13:3619-4224|-   -            202 1502854at2           -            192   2.6e-05   18.5   1.2   2   2   3.3e-05    0.0015   12.8   0.2    99   185   112   195    86   199 0.79 contig_13_5 # 3619 # 4224 # -1 # ID=15_5;partial=00;start_type=ATG;rbs_motif=AGGAGG;rbs_spacer=5-10bp;gc_cont=0.356
contig_25:5023-5886|-   -            288 1502854at2           -            192   0.00025   15.3   0.2   1   2       2.4   1.1e+02   -3.1   0.0   164   178   192   206   179   216 0.71 contig_25_10 # 5023 # 5886 # -1 # ID=26_10;partial=00;start_type=TTG;rbs_motif=None;rbs_spacer=None;gc_cont=0.373
contig_25:5023-5886|-   -            288 1502854at2           -            192   0.00025   15.3   0.2   2   2   1.3e-05   0.00059   14.1   0.0     5    27   233   255   230   268 0.86 contig_25_10 # 5023 # 5886 # -1 # ID=26_10;partial=00;start_type=TTG;rbs_motif=None;rbs_spacer=None;gc_cont=0.373
contig_28:17292-17693|+ -            134 1502854at2           -            192    0.0004   14.6   0.0   1   1   1.3e-05   0.00058   14.1   0.0     5    27    33    55    30    64 0.84 contig_28_20 # 17292 # 17693 # 1 # ID=36_20;partial=00;start_type=ATG;rbs_motif=GGAG/GAGG;rbs_spacer=5-10bp;gc_cont=0.341
contig_33:717-3602|-    -            962 1502854at2           -            192   0.00056   14.2   4.1   1   3    0.0013     0.062    7.5   0.0     5    23    30    48    27    70 0.83 contig_33_3 # 717 # 3602 # -1 # ID=28_3;partial=00;start_type=GTG;rbs_motif=None;rbs_spacer=None;gc_cont=0.405
contig_33:717-3602|-    -            962 1502854at2           -            192   0.00056   14.2   4.1   2   3       4.7   2.2e+02   -4.1   0.4    55    94   362   403   359   405 0.70 contig_33_3 # 717 # 3602 # -1 # ID=28_3;partial=00;start_type=GTG;rbs_motif=None;rbs_spacer=None;gc_cont=0.405
contig_33:717-3602|-    -            962 1502854at2           -            192   0.00056   14.2   4.1   3   3    0.0014     0.062    7.5   0.1     6    29   637   660   635   681 0.86 contig_33_3 # 717 # 3602 # -1 # ID=28_3;partial=00;start_type=GTG;rbs_motif=None;rbs_spacer=None;gc_cont=0.405
contig_11:8127-8768|-   -            214 1502854at2           -            192    0.0012   13.0   0.0   1   2    0.0015     0.068    7.4   0.0     7    28    13    34    10    43 0.82 contig_11_10 # 8127 # 8768 # -1 # ID=14_10;partial=00;start_type=ATG;rbs_motif=AGGAG/GGAGG;rbs_spacer=11-12bp;gc_cont=0.358
contig_11:8127-8768|-   -            214 1502854at2           -            192    0.0012   13.0   0.0   2   2      0.02       0.9    3.7   0.0   114   141   130   160    71   186 0.75 contig_11_10 # 8127 # 8768 # -1 # ID=14_10;partial=00;start_type=ATG;rbs_motif=AGGAG/GGAGG;rbs_spacer=11-12bp;gc_cont=0.358
contig_28:8368-9120|-   -            251 1502854at2           -            192    0.0016   12.7   0.0   1   1   5.7e-05    0.0026   12.0   0.0     5    27    32    54    29    64 0.87 contig_28_9 # 8368 # 9120 # -1 # ID=36_9;partial=00;start_type=ATG;rbs_motif=GGA/GAG/AGG;rbs_spacer=5-10bp;gc_cont=0.363
contig_31:2698-5028|-   -            777 1502854at2           -            192    0.0018   12.5   0.6   1   2      0.86        39   -1.6   0.2    70    97   102   129    96   160 0.77 contig_31_5 # 2698 # 5028 # -1 # ID=21_5;partial=00;start_type=ATG;rbs_motif=GGAGG;rbs_spacer=3-4bp;gc_cont=0.392
contig_31:2698-5028|-   -            777 1502854at2           -            192    0.0018   12.5   0.6   2   2   0.00016    0.0072   10.5   0.0     5    29   348   372   344   382 0.82 contig_31_5 # 2698 # 5028 # -1 # ID=21_5;partial=00;start_type=ATG;rbs_motif=GGAGG;rbs_spacer=3-4bp;gc_cont=0.392
contig_33:12602-14317|- -            572 1502854at2           -            192     0.002   12.3   0.0   1   1   9.2e-05    0.0042   11.3   0.0     6    29   359   382   356   392 0.79 contig_33_17 # 12602 # 14317 # -1 # ID=28_17;partial=00;start_type=ATG;rbs_motif=GGAGG;rbs_spacer=5-10bp;gc_cont=0.374
#
# Program:         hmmsearch
# Version:         3.4 (Aug 2023)
# Pipeline mode:   SEARCH
# Query file:      /scratch/ky/characterization/busco_downloads/lineages/bacteria_odb10/hmms/1502854at2.hmm
# Target file:     /scratch/ky/characterization/results/barcode05/polishing/busco_out/busco_barcode05/barcode05.fasta/prodigal_output/predicted_genes/predicted.faa
# Option settings: hmmsearch --domtblout /scratch/ky/characterization/results/barcode05/polishing/busco_out/busco_barcode05/barcode05.fasta/run_bacteria_odb10/hmmer_output/1502854at2.out --cpu 1 /scratch/ky/characterization/busco_downloads/lineages/bacteria_odb10/hmms/1502854at2.hmm /scratch/ky/characterization/results/barcode05/polishing/busco_out/busco_barcode05/barcode05.fasta/prodigal_output/predicted_genes/predicted.faa 
# Current dir:     /scratch/ky/characterization
# Date:            Thu Mar 12 12:04:07 2026
# [ok]
