[2026-02-20 16:40:16] root: INFO: Starting Flye 2.9.6-b1802
[2026-02-20 16:40:16] root: DEBUG: Cmd: /data/softs/Miniforge3-25.11.0-0/envs/flye-2.9.6/bin/flye --meta --nano-hq /scratch/ky/characterization/FASTQ/SQK-RBK114-96_barcode04.fastq -o /scratch/ky/characterization/results/barcode04/assembly/ -t 16
[2026-02-20 16:40:16] root: DEBUG: Python version: 3.12.12 | packaged by conda-forge | (main, Jan 26 2026, 23:51:32) [GCC 14.3.0]
[2026-02-20 16:40:16] root: INFO: >>>STAGE: configure
[2026-02-20 16:40:16] root: INFO: Configuring run
[2026-02-20 16:40:16] root: INFO: Total read length: 113741
[2026-02-20 16:40:16] root: INFO: Reads N50/N90: 125 / 56
[2026-02-20 16:40:16] root: INFO: Minimum overlap set to 1000
[2026-02-20 16:40:16] root: INFO: >>>STAGE: assembly
[2026-02-20 16:40:16] root: INFO: Assembling disjointigs
[2026-02-20 16:40:16] root: DEBUG: -----Begin assembly log------
[2026-02-20 16:40:16] root: DEBUG: Running: flye-modules assemble --reads /scratch/ky/characterization/FASTQ/SQK-RBK114-96_barcode04.fastq --out-asm /scratch/ky/characterization/results/barcode04/assembly/00-assembly/draft_assembly.fasta --config /data/softs/Miniforge3-25.11.0-0/envs/flye-2.9.6/lib/python3.12/site-packages/flye/config/bin_cfg/asm_nano_hq.cfg --log /scratch/ky/characterization/results/barcode04/assembly/flye.log --threads 16 --meta --min-ovlp 1000
[2026-02-20 16:40:16] DEBUG: Build date: May  4 2025 23:17:52
[2026-02-20 16:40:16] DEBUG: Total RAM: 251 Gb
[2026-02-20 16:40:16] DEBUG: Available RAM: 247 Gb
[2026-02-20 16:40:16] DEBUG: Total CPUs: 32
[2026-02-20 16:40:16] DEBUG: Loading /data/softs/Miniforge3-25.11.0-0/envs/flye-2.9.6/lib/python3.12/site-packages/flye/config/bin_cfg/asm_nano_hq.cfg
[2026-02-20 16:40:16] DEBUG: Loading /data/softs/Miniforge3-25.11.0-0/envs/flye-2.9.6/lib/python3.12/site-packages/flye/config/bin_cfg/asm_defaults.cfg
[2026-02-20 16:40:16] DEBUG: 	big_genome_threshold=29000000
[2026-02-20 16:40:16] DEBUG: 	meta_read_filter_kmer_freq=100
[2026-02-20 16:40:16] DEBUG: 	chain_large_gap_penalty=2
[2026-02-20 16:40:16] DEBUG: 	chain_small_gap_penalty=0.5
[2026-02-20 16:40:16] DEBUG: 	chain_gap_jump_threshold=100
[2026-02-20 16:40:16] DEBUG: 	max_jump_gap=500
[2026-02-20 16:40:16] DEBUG: 	max_coverage_drop_rate=5
[2026-02-20 16:40:16] DEBUG: 	max_extensions_drop_rate=5
[2026-02-20 16:40:16] DEBUG: 	chimera_window=100
[2026-02-20 16:40:16] DEBUG: 	chimera_overhang=1000
[2026-02-20 16:40:16] DEBUG: 	min_reads_in_disjointig=4
[2026-02-20 16:40:16] DEBUG: 	max_inner_reads=10
[2026-02-20 16:40:16] DEBUG: 	max_inner_fraction=0.25
[2026-02-20 16:40:16] DEBUG: 	aggressive_dup_filter=1
[2026-02-20 16:40:16] DEBUG: 	max_separation=500
[2026-02-20 16:40:16] DEBUG: 	unique_edge_length=50000
[2026-02-20 16:40:16] DEBUG: 	min_repeat_res_support=0.51
[2026-02-20 16:40:16] DEBUG: 	out_paths_ratio=5
[2026-02-20 16:40:16] DEBUG: 	graph_cov_drop_rate=5
[2026-02-20 16:40:16] DEBUG: 	coverage_estimate_window=100
[2026-02-20 16:40:16] DEBUG: 	max_bubble_length=50000
[2026-02-20 16:40:16] DEBUG: 	loop_coverage_rate=1.5
[2026-02-20 16:40:16] DEBUG: 	repeat_edge_cov_mult=1.75
[2026-02-20 16:40:16] DEBUG: 	weak_detach_rate=5
[2026-02-20 16:40:16] DEBUG: 	tip_coverage_rate=2
[2026-02-20 16:40:16] DEBUG: 	tip_length_rate=2
[2026-02-20 16:40:16] DEBUG: 	output_gfa_before_rr=1
[2026-02-20 16:40:16] DEBUG: 	remove_alt_edges=0
[2026-02-20 16:40:16] DEBUG: 	low_cutoff_warning=0
[2026-02-20 16:40:16] DEBUG: 	kmer_size=17
[2026-02-20 16:40:16] DEBUG: 	use_minimizers=1
[2026-02-20 16:40:16] DEBUG: 	minimizer_window=10
[2026-02-20 16:40:16] DEBUG: 	reads_base_alignment=1
[2026-02-20 16:40:16] DEBUG: 	meta_read_top_kmer_rate=0.75
[2026-02-20 16:40:16] DEBUG: 	maximum_jump=1500
[2026-02-20 16:40:16] DEBUG: 	maximum_overhang=1500
[2026-02-20 16:40:16] DEBUG: 	repeat_kmer_rate=100
[2026-02-20 16:40:16] DEBUG: 	assemble_ovlp_divergence=0.03
[2026-02-20 16:40:16] DEBUG: 	assemble_divergence_relative=1
[2026-02-20 16:40:16] DEBUG: 	repeat_graph_ovlp_divergence=0.03
[2026-02-20 16:40:16] DEBUG: 	read_align_ovlp_divergence=0.10
[2026-02-20 16:40:16] DEBUG: 	hpc_scoring_on=1
[2026-02-20 16:40:16] DEBUG: 	add_unassembled_reads=0
[2026-02-20 16:40:16] DEBUG: 	extend_contigs_with_repeats=0
[2026-02-20 16:40:16] DEBUG: 	min_read_cov_cutoff=3
[2026-02-20 16:40:16] DEBUG: 	short_tip_length=20000
[2026-02-20 16:40:16] DEBUG: 	long_tip_length=100000
[2026-02-20 16:40:16] DEBUG: Running with k-mer size: 17
[2026-02-20 16:40:16] DEBUG: Running with minimum overlap 1000
[2026-02-20 16:40:16] DEBUG: Metagenome mode: Y
[2026-02-20 16:40:16] DEBUG: Short mode: N
[2026-02-20 16:40:16] INFO: Reading sequences
[2026-02-20 16:40:16] DEBUG: Building positional index
[2026-02-20 16:40:16] DEBUG: Total sequence: 42215 bp
[2026-02-20 16:40:16] INFO: Building minimizer index
[2026-02-20 16:40:16] INFO: Pre-calculating index storage
[2026-02-20 16:40:16] DEBUG: Mean k-mer frequency: 1.15925
[2026-02-20 16:40:16] DEBUG: Repetitive k-mer frequency: 115
[2026-02-20 16:40:16] DEBUG: Filtered 304 repetitive k-mers (0.0413887)
[2026-02-20 16:40:16] INFO: Filling index
[2026-02-20 16:40:16] DEBUG: Sorting k-mer index
[2026-02-20 16:40:16] DEBUG: Selected k-mers: 6334
[2026-02-20 16:40:16] DEBUG: K-mer index size: 7041
[2026-02-20 16:40:16] DEBUG: Mean k-mer frequency: 1.11162
[2026-02-20 16:40:16] DEBUG: Minimizer rate: 5.9956
[2026-02-20 16:40:16] DEBUG: Peak RAM usage: 0 Gb
[2026-02-20 16:40:16] DEBUG: Estimating k-mer identity bias
[2026-02-20 16:40:16] DEBUG: Initial divergence estimate : 0.00452489
[2026-02-20 16:40:16] DEBUG: Relative threshold: Y
[2026-02-20 16:40:16] DEBUG: Max divergence threshold set to 0.0345249
[2026-02-20 16:40:16] INFO: Extending reads
[2026-02-20 16:40:16] DEBUG: Estimating overlap coverage
[2026-02-20 16:40:16] INFO: Overlap-based coverage: 1
[2026-02-20 16:40:16] INFO: Median overlap divergence: 0.00452489
[2026-02-20 16:40:16] DEBUG: Sequence divergence distribution: 

    |*     |                                                                                             
    |*     |                                                                                             
    |*     |                                                                                             
    |*     |                                                                                             
    |*     |                                                                                             
    |*     |                                                                                             
    |*     |                                                                                             
    |*     |                                                                                             
    |*     |                                                                                             
    |*     |                                                                                             
    |*     |                                                                                             
    |*     |                                                                                             
    |*     |                                                                                             
    |*     |                                                                                             
    |*     |                                                                                             
    |*     |                                                                                             
    |*     |                                                                                             
    |*     |                                                                                             
    |*     |                                                                                             
    |*     |                                                                                             
    ----------------------------------------------------------------------------------------------------
    0%        5%        10%       15%       20%       25%       30%       35%       40%       45%       

    Q25 = 0.0045, Q50 = 0.0045, Q75 = 0.0045

[2026-02-20 16:40:16] DEBUG: Assembled disjointig 1
	With 1 reads
	Start read: +aeeb73af-72e7-449f-b371-d4b626eafb74
	At position: 1
	leftTip: 1 rightTip: 1
	Suspicious: 0
	Short ext: 0
	Mean extensions: 0
	Avg overlap len: 0
	Min overlap len: 0
	Inner reads: 0
	Length: 3955
[2026-02-20 16:40:16] DEBUG: Inner: 4 covered: 22 total: 22
[2026-02-20 16:40:16] INFO: Assembled 1 disjointigs
[2026-02-20 16:40:16] INFO: Generating sequence
[2026-02-20 16:40:16] DEBUG: Building positional index
[2026-02-20 16:40:16] DEBUG: Total sequence: 3955 bp
[2026-02-20 16:40:16] DEBUG: Mean k-mer frequency: 0.998613
[2026-02-20 16:40:16] DEBUG: Repetitive k-mer frequency: 99
[2026-02-20 16:40:16] DEBUG: Filtered 0 repetitive k-mers (0)
[2026-02-20 16:40:16] DEBUG: Sorting k-mer index
[2026-02-20 16:40:16] DEBUG: Selected k-mers: 720
[2026-02-20 16:40:16] DEBUG: K-mer index size: 720
[2026-02-20 16:40:16] DEBUG: Mean k-mer frequency: 1
[2026-02-20 16:40:16] DEBUG: Minimizer rate: 5.49306
[2026-02-20 16:40:16] INFO: Filtering contained disjointigs
[2026-02-20 16:40:16] DEBUG: Computing transitive closure for overlaps
[2026-02-20 16:40:16] DEBUG: Found 0 overlaps
[2026-02-20 16:40:16] DEBUG: Left 0 overlaps after filtering
[2026-02-20 16:40:16] INFO: Contained seqs: 0
[2026-02-20 16:40:16] DEBUG: Writing FASTA
[2026-02-20 16:40:16] DEBUG: Peak RAM usage: 0 Gb
-----------End assembly log------------
[2026-02-20 16:40:16] root: DEBUG: Disjointigs length: 3955, N50: 3955
[2026-02-20 16:40:16] root: INFO: >>>STAGE: consensus
[2026-02-20 16:40:16] root: INFO: Running Minimap2
[2026-02-20 16:40:16] root: INFO: Computing consensus
[2026-02-20 16:40:16] root: INFO: Alignment error rate: 0.001692
[2026-02-20 16:40:16] root: INFO: >>>STAGE: repeat
[2026-02-20 16:40:16] root: INFO: Building and resolving repeat graph
[2026-02-20 16:40:16] root: DEBUG: -----Begin repeat analyser log------
[2026-02-20 16:40:16] root: DEBUG: Running: flye-modules repeat --disjointigs /scratch/ky/characterization/results/barcode04/assembly/10-consensus/consensus.fasta --reads /scratch/ky/characterization/FASTQ/SQK-RBK114-96_barcode04.fastq --out-dir /scratch/ky/characterization/results/barcode04/assembly/20-repeat --config /data/softs/Miniforge3-25.11.0-0/envs/flye-2.9.6/lib/python3.12/site-packages/flye/config/bin_cfg/asm_nano_hq.cfg --log /scratch/ky/characterization/results/barcode04/assembly/flye.log --threads 16 --meta --min-ovlp 1000
[2026-02-20 16:40:16] DEBUG: Build date: May  4 2025 23:18:08
[2026-02-20 16:40:16] DEBUG: Total RAM: 251 Gb
[2026-02-20 16:40:16] DEBUG: Available RAM: 247 Gb
[2026-02-20 16:40:16] DEBUG: Total CPUs: 32
[2026-02-20 16:40:16] DEBUG: Loading /data/softs/Miniforge3-25.11.0-0/envs/flye-2.9.6/lib/python3.12/site-packages/flye/config/bin_cfg/asm_nano_hq.cfg
[2026-02-20 16:40:16] DEBUG: Loading /data/softs/Miniforge3-25.11.0-0/envs/flye-2.9.6/lib/python3.12/site-packages/flye/config/bin_cfg/asm_defaults.cfg
[2026-02-20 16:40:16] DEBUG: 	big_genome_threshold=29000000
[2026-02-20 16:40:16] DEBUG: 	meta_read_filter_kmer_freq=100
[2026-02-20 16:40:16] DEBUG: 	chain_large_gap_penalty=2
[2026-02-20 16:40:16] DEBUG: 	chain_small_gap_penalty=0.5
[2026-02-20 16:40:16] DEBUG: 	chain_gap_jump_threshold=100
[2026-02-20 16:40:16] DEBUG: 	max_jump_gap=500
[2026-02-20 16:40:16] DEBUG: 	max_coverage_drop_rate=5
[2026-02-20 16:40:16] DEBUG: 	max_extensions_drop_rate=5
[2026-02-20 16:40:16] DEBUG: 	chimera_window=100
[2026-02-20 16:40:16] DEBUG: 	chimera_overhang=1000
[2026-02-20 16:40:16] DEBUG: 	min_reads_in_disjointig=4
[2026-02-20 16:40:16] DEBUG: 	max_inner_reads=10
[2026-02-20 16:40:16] DEBUG: 	max_inner_fraction=0.25
[2026-02-20 16:40:16] DEBUG: 	aggressive_dup_filter=1
[2026-02-20 16:40:16] DEBUG: 	max_separation=500
[2026-02-20 16:40:16] DEBUG: 	unique_edge_length=50000
[2026-02-20 16:40:16] DEBUG: 	min_repeat_res_support=0.51
[2026-02-20 16:40:16] DEBUG: 	out_paths_ratio=5
[2026-02-20 16:40:16] DEBUG: 	graph_cov_drop_rate=5
[2026-02-20 16:40:16] DEBUG: 	coverage_estimate_window=100
[2026-02-20 16:40:16] DEBUG: 	max_bubble_length=50000
[2026-02-20 16:40:16] DEBUG: 	loop_coverage_rate=1.5
[2026-02-20 16:40:16] DEBUG: 	repeat_edge_cov_mult=1.75
[2026-02-20 16:40:16] DEBUG: 	weak_detach_rate=5
[2026-02-20 16:40:16] DEBUG: 	tip_coverage_rate=2
[2026-02-20 16:40:16] DEBUG: 	tip_length_rate=2
[2026-02-20 16:40:16] DEBUG: 	output_gfa_before_rr=1
[2026-02-20 16:40:16] DEBUG: 	remove_alt_edges=0
[2026-02-20 16:40:16] DEBUG: 	low_cutoff_warning=0
[2026-02-20 16:40:16] DEBUG: 	kmer_size=17
[2026-02-20 16:40:16] DEBUG: 	use_minimizers=1
[2026-02-20 16:40:16] DEBUG: 	minimizer_window=10
[2026-02-20 16:40:16] DEBUG: 	reads_base_alignment=1
[2026-02-20 16:40:16] DEBUG: 	meta_read_top_kmer_rate=0.75
[2026-02-20 16:40:16] DEBUG: 	maximum_jump=1500
[2026-02-20 16:40:16] DEBUG: 	maximum_overhang=1500
[2026-02-20 16:40:16] DEBUG: 	repeat_kmer_rate=100
[2026-02-20 16:40:16] DEBUG: 	assemble_ovlp_divergence=0.03
[2026-02-20 16:40:16] DEBUG: 	assemble_divergence_relative=1
[2026-02-20 16:40:16] DEBUG: 	repeat_graph_ovlp_divergence=0.03
[2026-02-20 16:40:16] DEBUG: 	read_align_ovlp_divergence=0.10
[2026-02-20 16:40:16] DEBUG: 	hpc_scoring_on=1
[2026-02-20 16:40:16] DEBUG: 	add_unassembled_reads=0
[2026-02-20 16:40:16] DEBUG: 	extend_contigs_with_repeats=0
[2026-02-20 16:40:16] DEBUG: 	min_read_cov_cutoff=3
[2026-02-20 16:40:16] DEBUG: 	short_tip_length=20000
[2026-02-20 16:40:16] DEBUG: 	long_tip_length=100000
[2026-02-20 16:40:16] DEBUG: Running with k-mer size: 17
[2026-02-20 16:40:16] DEBUG: Selected minimum overlap 1000
[2026-02-20 16:40:16] DEBUG: Metagenome mode: Y
[2026-02-20 16:40:16] INFO: Parsing disjointigs
[2026-02-20 16:40:16] DEBUG: Building positional index
[2026-02-20 16:40:16] DEBUG: Total sequence: 3958 bp
[2026-02-20 16:40:16] INFO: Building repeat graph
[2026-02-20 16:40:16] DEBUG: Mean k-mer frequency: 0.998607
[2026-02-20 16:40:16] DEBUG: Repetitive k-mer frequency: 99
[2026-02-20 16:40:16] DEBUG: Filtered 0 repetitive k-mers (0)
[2026-02-20 16:40:16] DEBUG: Sorting k-mer index
[2026-02-20 16:40:16] DEBUG: Selected k-mers: 717
[2026-02-20 16:40:16] DEBUG: K-mer index size: 717
[2026-02-20 16:40:16] DEBUG: Mean k-mer frequency: 1
[2026-02-20 16:40:16] DEBUG: Minimizer rate: 5.52022
[2026-02-20 16:40:16] DEBUG: Computing transitive closure for overlaps
[2026-02-20 16:40:16] DEBUG: Found 0 overlaps
[2026-02-20 16:40:16] DEBUG: Left 0 overlaps after filtering
[2026-02-20 16:40:16] INFO: Median overlap divergence: 0
[2026-02-20 16:40:16] DEBUG: Sequence divergence distribution: 

    |      |                                                                                             
    |      |                                                                                             
    |      |                                                                                             
    |      |                                                                                             
    |      |                                                                                             
    |      |                                                                                             
    |      |                                                                                             
    |      |                                                                                             
    |      |                                                                                             
    |      |                                                                                             
    |      |                                                                                             
    |      |                                                                                             
    |      |                                                                                             
    |      |                                                                                             
    |      |                                                                                             
    |      |                                                                                             
    |      |                                                                                             
    |      |                                                                                             
    |      |                                                                                             
    |      |                                                                                             
    ----------------------------------------------------------------------------------------------------
    0%        5%        10%       15%       20%       25%       30%       35%       40%       45%       

    Q25 = 0, Q50 = 0, Q75 = 0

[2026-02-20 16:40:16] DEBUG: Computing gluepoints
[2026-02-20 16:40:16] DEBUG: Added 0 gluepoint projections
[2026-02-20 16:40:16] DEBUG: Created 4 gluepoints
[2026-02-20 16:40:16] DEBUG: Artificial loops removed: 0 left, 0 right, 0 both
[2026-02-20 16:40:16] DEBUG: Initializing edges
[2026-02-20 16:40:16] DEBUG: Edges length checksum: 15657849
[2026-02-20 16:40:16] DEBUG: Filtered 0 singleton segments
[2026-02-20 16:40:16] DEBUG: Removed 0 simple and 0 double chimeric junctions
[2026-02-20 16:40:16] DEBUG: Collapsed 0 edges
[2026-02-20 16:40:16] DEBUG: *	1	+disjointig_1	0	3957	3957	
[2026-02-20 16:40:16] DEBUG: Total edges: 1
[2026-02-20 16:40:16] INFO: Parsing reads
[2026-02-20 16:40:16] DEBUG: Building positional index
[2026-02-20 16:40:16] DEBUG: Total sequence: 113741 bp
[2026-02-20 16:40:16] DEBUG: Building positional index
[2026-02-20 16:40:16] DEBUG: Total sequence: 3957 bp
[2026-02-20 16:40:16] INFO: Aligning reads to the graph
[2026-02-20 16:40:16] DEBUG: Mean k-mer frequency: 0.998607
[2026-02-20 16:40:16] DEBUG: Repetitive k-mer frequency: 99
[2026-02-20 16:40:16] DEBUG: Filtered 0 repetitive k-mers (0)
[2026-02-20 16:40:16] DEBUG: Sorting k-mer index
[2026-02-20 16:40:16] DEBUG: Selected k-mers: 717
[2026-02-20 16:40:16] DEBUG: K-mer index size: 717
[2026-02-20 16:40:16] DEBUG: Mean k-mer frequency: 1
[2026-02-20 16:40:16] DEBUG: Minimizer rate: 5.51883
[2026-02-20 16:40:16] DEBUG: Total reads : 11
[2026-02-20 16:40:16] DEBUG: Read with aligned parts : 2
[2026-02-20 16:40:16] DEBUG: Aligned in one piece : 2
[2026-02-20 16:40:16] INFO: Aligned read sequence: 7869 / 42215 (0.186403)
[2026-02-20 16:40:16] INFO: Median overlap divergence: 0.00375658
[2026-02-20 16:40:16] DEBUG: Sequence divergence distribution: 

    |*                   |                                                                               
    |*                   |                                                                               
    |*                   |                                                                               
    |*                   |                                                                               
    |*                   |                                                                               
    |*                   |                                                                               
    |*                   |                                                                               
    |*                   |                                                                               
    |*                   |                                                                               
    |*                   |                                                                               
    |*                   |                                                                               
    |*                   |                                                                               
    |*                   |                                                                               
    |*                   |                                                                               
    |*                   |                                                                               
    |*                   |                                                                               
    |*                   |                                                                               
    |*                   |                                                                               
    |*                   |                                                                               
    |*                   |                                                                               
    ----------------------------------------------------------------------------------------------------
    0%        5%        10%       15%       20%       25%       30%       35%       40%       45%       

    Q25 = 0.0015, Q50 = 0.0038, Q75 = 0.0038

[2026-02-20 16:40:16] INFO: Mean edge coverage: 1
[2026-02-20 16:40:16] DEBUG: 1	len:3957	cov:2	mult:2
[2026-02-20 16:40:16] DEBUG: -1	len:3957	cov:2	mult:2
[2026-02-20 16:40:16] DEBUG: Unique coverage threshold 2
[2026-02-20 16:40:16] INFO: Simplifying the graph
[2026-02-20 16:40:16] DEBUG: Read coverage cutoff: 3
[2026-02-20 16:40:16] DEBUG: [SIMPL] Removed 1 paths with low coverage
[2026-02-20 16:40:16] DEBUG: [SIMPL] Masked 0 heterozygous loops
[2026-02-20 16:40:16] DEBUG: [SIMPL] Masked 0 simple bubbles
[2026-02-20 16:40:16] DEBUG: [SIMPL] Masked 0 roundabouts
[2026-02-20 16:40:16] DEBUG: [SIMPL] Masked 0 superbubbles
[2026-02-20 16:40:16] DEBUG: Finding repeats
[2026-02-20 16:40:16] DEBUG: Read coverage cutoff: 3
[2026-02-20 16:40:16] DEBUG: Repeat detection iteration 1
[2026-02-20 16:40:16] DEBUG: Repeat detection iteration 2
[2026-02-20 16:40:16] DEBUG: Writing Dot
[2026-02-20 16:40:16] DEBUG: Writing FASTA
[2026-02-20 16:40:16] DEBUG: Writing Gfa
[2026-02-20 16:40:16] DEBUG: [SIMPL] Resolved 0 simple repeats
[2026-02-20 16:40:16] DEBUG: [SIMPL] == Iteration 1 ==
[2026-02-20 16:40:16] DEBUG: Splitting nodes
[2026-02-20 16:40:16] DEBUG: [SIMPL] Split 0 nodes
[2026-02-20 16:40:16] DEBUG: [SIMPL] Disconnected 0 minor paths
[2026-02-20 16:40:16] DEBUG: [SIMPL] Clipped 0 short and 0 long tips
[2026-02-20 16:40:16] DEBUG: [SIMPL] Masked 0 heterozygous loops
[2026-02-20 16:40:16] DEBUG: [SIMPL] Masked 0 simple bubbles
[2026-02-20 16:40:16] DEBUG: [SIMPL] Masked 0 roundabouts
[2026-02-20 16:40:16] DEBUG: [SIMPL] Masked 0 superbubbles
[2026-02-20 16:40:16] DEBUG: Finding repeats
[2026-02-20 16:40:16] DEBUG: Read coverage cutoff: 3
[2026-02-20 16:40:16] DEBUG: Repeat detection iteration 1
[2026-02-20 16:40:16] DEBUG: Repeat detection iteration 2
[2026-02-20 16:40:16] DEBUG: Total unique edges: 0
[2026-02-20 16:40:16] DEBUG: [SIMPL] Resolved repeats: 0
[2026-02-20 16:40:16] DEBUG: RR links: 0
[2026-02-20 16:40:16] DEBUG: Unresolved: 0
[2026-02-20 16:40:16] DEBUG: Removed 0 simple and 0 double chimeric junctions
[2026-02-20 16:40:16] DEBUG: [SIMPL] Simplified 0 forks
[2026-02-20 16:40:16] DEBUG: [SIMPL] Collapsed 0 haplotypes
[2026-02-20 16:40:16] DEBUG: [SIMPL] Resolved 0 simple repeats
[2026-02-20 16:40:16] DEBUG: Read coverage cutoff: 3
[2026-02-20 16:40:16] DEBUG: [SIMPL] Removed 0 paths with low coverage
[2026-02-20 16:40:16] DEBUG: Finding repeats
[2026-02-20 16:40:16] DEBUG: Read coverage cutoff: 3
[2026-02-20 16:40:16] DEBUG: Repeat detection iteration 1
[2026-02-20 16:40:16] DEBUG: Repeat detection iteration 2
[2026-02-20 16:40:16] DEBUG: Writing Dot
[2026-02-20 16:40:16] DEBUG: Writing FASTA
[2026-02-20 16:40:16] DEBUG: Peak RAM usage: 0 Gb
-----------End assembly log------------
[2026-02-20 16:40:16] root: INFO: >>>STAGE: contigger
[2026-02-20 16:40:16] root: INFO: Generating contigs
[2026-02-20 16:40:16] root: DEBUG: -----Begin contigger analyser log------
[2026-02-20 16:40:16] root: DEBUG: Running: flye-modules contigger --graph-edges /scratch/ky/characterization/results/barcode04/assembly/20-repeat/repeat_graph_edges.fasta --reads /scratch/ky/characterization/FASTQ/SQK-RBK114-96_barcode04.fastq --out-dir /scratch/ky/characterization/results/barcode04/assembly/30-contigger --config /data/softs/Miniforge3-25.11.0-0/envs/flye-2.9.6/lib/python3.12/site-packages/flye/config/bin_cfg/asm_nano_hq.cfg --repeat-graph /scratch/ky/characterization/results/barcode04/assembly/20-repeat/repeat_graph_dump --graph-aln /scratch/ky/characterization/results/barcode04/assembly/20-repeat/read_alignment_dump --log /scratch/ky/characterization/results/barcode04/assembly/flye.log --threads 16 --min-ovlp 1000
[2026-02-20 16:40:16] DEBUG: Build date: May  4 2025 23:18:25
[2026-02-20 16:40:16] DEBUG: Total RAM: 251 Gb
[2026-02-20 16:40:16] DEBUG: Available RAM: 247 Gb
[2026-02-20 16:40:16] DEBUG: Total CPUs: 32
[2026-02-20 16:40:16] DEBUG: Loading /data/softs/Miniforge3-25.11.0-0/envs/flye-2.9.6/lib/python3.12/site-packages/flye/config/bin_cfg/asm_nano_hq.cfg
[2026-02-20 16:40:16] DEBUG: Loading /data/softs/Miniforge3-25.11.0-0/envs/flye-2.9.6/lib/python3.12/site-packages/flye/config/bin_cfg/asm_defaults.cfg
[2026-02-20 16:40:16] DEBUG: 	big_genome_threshold=29000000
[2026-02-20 16:40:16] DEBUG: 	meta_read_filter_kmer_freq=100
[2026-02-20 16:40:16] DEBUG: 	chain_large_gap_penalty=2
[2026-02-20 16:40:16] DEBUG: 	chain_small_gap_penalty=0.5
[2026-02-20 16:40:16] DEBUG: 	chain_gap_jump_threshold=100
[2026-02-20 16:40:16] DEBUG: 	max_jump_gap=500
[2026-02-20 16:40:16] DEBUG: 	max_coverage_drop_rate=5
[2026-02-20 16:40:16] DEBUG: 	max_extensions_drop_rate=5
[2026-02-20 16:40:16] DEBUG: 	chimera_window=100
[2026-02-20 16:40:16] DEBUG: 	chimera_overhang=1000
[2026-02-20 16:40:16] DEBUG: 	min_reads_in_disjointig=4
[2026-02-20 16:40:16] DEBUG: 	max_inner_reads=10
[2026-02-20 16:40:16] DEBUG: 	max_inner_fraction=0.25
[2026-02-20 16:40:16] DEBUG: 	aggressive_dup_filter=1
[2026-02-20 16:40:16] DEBUG: 	max_separation=500
[2026-02-20 16:40:16] DEBUG: 	unique_edge_length=50000
[2026-02-20 16:40:16] DEBUG: 	min_repeat_res_support=0.51
[2026-02-20 16:40:16] DEBUG: 	out_paths_ratio=5
[2026-02-20 16:40:16] DEBUG: 	graph_cov_drop_rate=5
[2026-02-20 16:40:16] DEBUG: 	coverage_estimate_window=100
[2026-02-20 16:40:16] DEBUG: 	max_bubble_length=50000
[2026-02-20 16:40:16] DEBUG: 	loop_coverage_rate=1.5
[2026-02-20 16:40:16] DEBUG: 	repeat_edge_cov_mult=1.75
[2026-02-20 16:40:16] DEBUG: 	weak_detach_rate=5
[2026-02-20 16:40:16] DEBUG: 	tip_coverage_rate=2
[2026-02-20 16:40:16] DEBUG: 	tip_length_rate=2
[2026-02-20 16:40:16] DEBUG: 	output_gfa_before_rr=1
[2026-02-20 16:40:16] DEBUG: 	remove_alt_edges=0
[2026-02-20 16:40:16] DEBUG: 	low_cutoff_warning=0
[2026-02-20 16:40:16] DEBUG: 	kmer_size=17
[2026-02-20 16:40:16] DEBUG: 	use_minimizers=1
[2026-02-20 16:40:16] DEBUG: 	minimizer_window=10
[2026-02-20 16:40:16] DEBUG: 	reads_base_alignment=1
[2026-02-20 16:40:16] DEBUG: 	meta_read_top_kmer_rate=0.75
[2026-02-20 16:40:16] DEBUG: 	maximum_jump=1500
[2026-02-20 16:40:16] DEBUG: 	maximum_overhang=1500
[2026-02-20 16:40:16] DEBUG: 	repeat_kmer_rate=100
[2026-02-20 16:40:16] DEBUG: 	assemble_ovlp_divergence=0.03
[2026-02-20 16:40:16] DEBUG: 	assemble_divergence_relative=1
[2026-02-20 16:40:16] DEBUG: 	repeat_graph_ovlp_divergence=0.03
[2026-02-20 16:40:16] DEBUG: 	read_align_ovlp_divergence=0.10
[2026-02-20 16:40:16] DEBUG: 	hpc_scoring_on=1
[2026-02-20 16:40:16] DEBUG: 	add_unassembled_reads=0
[2026-02-20 16:40:16] DEBUG: 	extend_contigs_with_repeats=0
[2026-02-20 16:40:16] DEBUG: 	min_read_cov_cutoff=3
[2026-02-20 16:40:16] DEBUG: 	short_tip_length=20000
[2026-02-20 16:40:16] DEBUG: 	long_tip_length=100000
[2026-02-20 16:40:16] DEBUG: Running with k-mer size: 17
[2026-02-20 16:40:16] DEBUG: Selected minimum overlap 1000
[2026-02-20 16:40:16] INFO: Reading sequences
[2026-02-20 16:40:16] DEBUG: Building positional index
[2026-02-20 16:40:16] DEBUG: Total sequence: 113741 bp
[2026-02-20 16:40:16] DEBUG: Flipped 0
[2026-02-20 16:40:16] DEBUG: Final graph contains 0 egdes
[2026-02-20 16:40:16] DEBUG: Extending contigs into repeats
[2026-02-20 16:40:16] DEBUG: Covered 0 repetitive contigs
[2026-02-20 16:40:16] INFO: Generated 0 contigs
[2026-02-20 16:40:16] DEBUG: Writing FASTA
[2026-02-20 16:40:16] DEBUG: Generating scaffold connections
[2026-02-20 16:40:16] INFO: Added 0 scaffold connections
[2026-02-20 16:40:16] DEBUG: Writing Dot
[2026-02-20 16:40:16] DEBUG: Writing FASTA
[2026-02-20 16:40:16] DEBUG: Writing Gfa
[2026-02-20 16:40:16] DEBUG: Peak RAM usage: 0 Gb
-----------End assembly log------------
[2026-02-20 16:40:16] root: ERROR: No contigs were assembled - pipeline stopped
[2026-02-20 16:40:16] root: ERROR: Pipeline aborted
