[2026-02-20 17:13:52] root: INFO: Starting Flye 2.9.6-b1802
[2026-02-20 17:13:52] root: DEBUG: Cmd: /data/softs/Miniforge3-25.11.0-0/envs/flye-2.9.6/bin/flye --meta --nano-hq /scratch/ky/characterization/FASTQ/SQK-RBK114-96_barcode27.fastq -o /scratch/ky/characterization/results/barcode27/assembly/ -t 16
[2026-02-20 17:13:52] root: DEBUG: Python version: 3.12.12 | packaged by conda-forge | (main, Jan 26 2026, 23:51:32) [GCC 14.3.0]
[2026-02-20 17:13:52] root: INFO: >>>STAGE: configure
[2026-02-20 17:13:52] root: INFO: Configuring run
[2026-02-20 17:13:55] root: INFO: Total read length: 839530137
[2026-02-20 17:13:55] root: INFO: Reads N50/N90: 8781 / 2279
[2026-02-20 17:13:55] root: INFO: Minimum overlap set to 2000
[2026-02-20 17:13:55] root: INFO: >>>STAGE: assembly
[2026-02-20 17:13:55] root: INFO: Assembling disjointigs
[2026-02-20 17:13:55] root: DEBUG: -----Begin assembly log------
[2026-02-20 17:13:55] root: DEBUG: Running: flye-modules assemble --reads /scratch/ky/characterization/FASTQ/SQK-RBK114-96_barcode27.fastq --out-asm /scratch/ky/characterization/results/barcode27/assembly/00-assembly/draft_assembly.fasta --config /data/softs/Miniforge3-25.11.0-0/envs/flye-2.9.6/lib/python3.12/site-packages/flye/config/bin_cfg/asm_nano_hq.cfg --log /scratch/ky/characterization/results/barcode27/assembly/flye.log --threads 16 --meta --min-ovlp 2000
[2026-02-20 17:13:55] DEBUG: Build date: May  4 2025 23:17:52
[2026-02-20 17:13:55] DEBUG: Total RAM: 251 Gb
[2026-02-20 17:13:55] DEBUG: Available RAM: 247 Gb
[2026-02-20 17:13:55] DEBUG: Total CPUs: 32
[2026-02-20 17:13:55] DEBUG: Loading /data/softs/Miniforge3-25.11.0-0/envs/flye-2.9.6/lib/python3.12/site-packages/flye/config/bin_cfg/asm_nano_hq.cfg
[2026-02-20 17:13:55] DEBUG: Loading /data/softs/Miniforge3-25.11.0-0/envs/flye-2.9.6/lib/python3.12/site-packages/flye/config/bin_cfg/asm_defaults.cfg
[2026-02-20 17:13:55] DEBUG: 	big_genome_threshold=29000000
[2026-02-20 17:13:55] DEBUG: 	meta_read_filter_kmer_freq=100
[2026-02-20 17:13:55] DEBUG: 	chain_large_gap_penalty=2
[2026-02-20 17:13:55] DEBUG: 	chain_small_gap_penalty=0.5
[2026-02-20 17:13:55] DEBUG: 	chain_gap_jump_threshold=100
[2026-02-20 17:13:55] DEBUG: 	max_jump_gap=500
[2026-02-20 17:13:55] DEBUG: 	max_coverage_drop_rate=5
[2026-02-20 17:13:55] DEBUG: 	max_extensions_drop_rate=5
[2026-02-20 17:13:55] DEBUG: 	chimera_window=100
[2026-02-20 17:13:55] DEBUG: 	chimera_overhang=1000
[2026-02-20 17:13:55] DEBUG: 	min_reads_in_disjointig=4
[2026-02-20 17:13:55] DEBUG: 	max_inner_reads=10
[2026-02-20 17:13:55] DEBUG: 	max_inner_fraction=0.25
[2026-02-20 17:13:55] DEBUG: 	aggressive_dup_filter=1
[2026-02-20 17:13:55] DEBUG: 	max_separation=500
[2026-02-20 17:13:55] DEBUG: 	unique_edge_length=50000
[2026-02-20 17:13:55] DEBUG: 	min_repeat_res_support=0.51
[2026-02-20 17:13:55] DEBUG: 	out_paths_ratio=5
[2026-02-20 17:13:55] DEBUG: 	graph_cov_drop_rate=5
[2026-02-20 17:13:55] DEBUG: 	coverage_estimate_window=100
[2026-02-20 17:13:55] DEBUG: 	max_bubble_length=50000
[2026-02-20 17:13:55] DEBUG: 	loop_coverage_rate=1.5
[2026-02-20 17:13:55] DEBUG: 	repeat_edge_cov_mult=1.75
[2026-02-20 17:13:55] DEBUG: 	weak_detach_rate=5
[2026-02-20 17:13:55] DEBUG: 	tip_coverage_rate=2
[2026-02-20 17:13:55] DEBUG: 	tip_length_rate=2
[2026-02-20 17:13:55] DEBUG: 	output_gfa_before_rr=1
[2026-02-20 17:13:55] DEBUG: 	remove_alt_edges=0
[2026-02-20 17:13:55] DEBUG: 	low_cutoff_warning=0
[2026-02-20 17:13:55] DEBUG: 	kmer_size=17
[2026-02-20 17:13:55] DEBUG: 	use_minimizers=1
[2026-02-20 17:13:55] DEBUG: 	minimizer_window=10
[2026-02-20 17:13:55] DEBUG: 	reads_base_alignment=1
[2026-02-20 17:13:55] DEBUG: 	meta_read_top_kmer_rate=0.75
[2026-02-20 17:13:55] DEBUG: 	maximum_jump=1500
[2026-02-20 17:13:55] DEBUG: 	maximum_overhang=1500
[2026-02-20 17:13:55] DEBUG: 	repeat_kmer_rate=100
[2026-02-20 17:13:55] DEBUG: 	assemble_ovlp_divergence=0.03
[2026-02-20 17:13:55] DEBUG: 	assemble_divergence_relative=1
[2026-02-20 17:13:55] DEBUG: 	repeat_graph_ovlp_divergence=0.03
[2026-02-20 17:13:55] DEBUG: 	read_align_ovlp_divergence=0.10
[2026-02-20 17:13:55] DEBUG: 	hpc_scoring_on=1
[2026-02-20 17:13:55] DEBUG: 	add_unassembled_reads=0
[2026-02-20 17:13:55] DEBUG: 	extend_contigs_with_repeats=0
[2026-02-20 17:13:55] DEBUG: 	min_read_cov_cutoff=3
[2026-02-20 17:13:55] DEBUG: 	short_tip_length=20000
[2026-02-20 17:13:55] DEBUG: 	long_tip_length=100000
[2026-02-20 17:13:55] DEBUG: Running with k-mer size: 17
[2026-02-20 17:13:55] DEBUG: Running with minimum overlap 2000
[2026-02-20 17:13:55] DEBUG: Metagenome mode: Y
[2026-02-20 17:13:55] DEBUG: Short mode: N
[2026-02-20 17:13:55] INFO: Reading sequences
[2026-02-20 17:13:57] DEBUG: Building positional index
[2026-02-20 17:13:57] DEBUG: Total sequence: 769752438 bp
[2026-02-20 17:13:57] INFO: Building minimizer index
[2026-02-20 17:13:57] INFO: Pre-calculating index storage
[2026-02-20 17:14:01] DEBUG: Mean k-mer frequency: 18.7851
[2026-02-20 17:14:01] DEBUG: Repetitive k-mer frequency: 1878
[2026-02-20 17:14:01] DEBUG: Filtered 433614 repetitive k-mers (0.00310746)
[2026-02-20 17:14:02] INFO: Filling index
[2026-02-20 17:14:06] DEBUG: Sorting k-mer index
[2026-02-20 17:14:07] DEBUG: Selected k-mers: 7428123
[2026-02-20 17:14:07] DEBUG: K-mer index size: 139106153
[2026-02-20 17:14:07] DEBUG: Mean k-mer frequency: 18.727
[2026-02-20 17:14:07] DEBUG: Minimizer rate: 5.53356
[2026-02-20 17:14:07] DEBUG: Peak RAM usage: 1 Gb
[2026-02-20 17:14:07] DEBUG: Estimating k-mer identity bias
[2026-02-20 17:14:12] DEBUG: Initial divergence estimate : 0.00743134
[2026-02-20 17:14:12] DEBUG: Relative threshold: Y
[2026-02-20 17:14:12] DEBUG: Max divergence threshold set to 0.0374313
[2026-02-20 17:14:12] INFO: Extending reads
[2026-02-20 17:14:12] DEBUG: Estimating overlap coverage
[2026-02-20 17:15:28] INFO: Overlap-based coverage: 147
[2026-02-20 17:15:28] INFO: Median overlap divergence: 0.00729354
[2026-02-20 17:15:28] DEBUG: Sequence divergence distribution: 

    |*      |                                                                                            
    |**     |                                                                                            
    |**     |                                                                                            
    |**     |                                                                                            
    |**     |                                                                                            
    |**     |                                                                                            
    |**     |                                                                                            
    |**     |                                                                                            
    |**     |                                                                                            
    |**     |                                                                                            
    |**     |                                                                                            
    |***    |                                                                                            
    |***    |                                                                                            
    |***    |                                                                                            
    |***    |                                                                                            
    |***    |                                                                                            
    |****   |                                                                                            
    |*****  |                                                                                            
    |****** *                                                                                            
    |**************** ******                                                                             
    ----------------------------------------------------------------------------------------------------
    0%        5%        10%       15%       20%       25%       30%       35%       40%       45%       

    Q25 = 0.0042, Q50 = 0.0073, Q75 = 0.013

[2026-02-20 17:16:14] DEBUG: Assembled disjointig 1
	With 722 reads
	Start read: +8f3c5ab3-d3eb-4d10-ab28-4e06c124f937
	At position: 718
	leftTip: 0 rightTip: 0
	Suspicious: 0
	Short ext: 0
	Mean extensions: 98
	Avg overlap len: 25662
	Min overlap len: 8784
	Inner reads: 0
	Length: 4917806
[2026-02-20 17:16:14] DEBUG: Inner: 204304 covered: 204542 total: 212172
[2026-02-20 17:16:14] DEBUG: Discarded disjointig with 725 reads and 722 inner overlaps
[2026-02-20 17:16:14] DEBUG: Discarded disjointig with 722 reads and 720 inner overlaps
[2026-02-20 17:16:14] DEBUG: Discarded disjointig with 722 reads and 720 inner overlaps
[2026-02-20 17:16:14] DEBUG: Discarded disjointig with 728 reads and 726 inner overlaps
[2026-02-20 17:16:14] DEBUG: Discarded disjointig with 726 reads and 724 inner overlaps
[2026-02-20 17:16:14] DEBUG: Discarded disjointig with 721 reads and 719 inner overlaps
[2026-02-20 17:16:14] DEBUG: Discarded disjointig with 726 reads and 724 inner overlaps
[2026-02-20 17:16:14] DEBUG: Discarded disjointig with 711 reads and 709 inner overlaps
[2026-02-20 17:16:14] DEBUG: Discarded disjointig with 721 reads and 719 inner overlaps
[2026-02-20 17:16:14] DEBUG: Discarded disjointig with 262 reads and 260 inner overlaps
[2026-02-20 17:16:14] DEBUG: Discarded disjointig with 724 reads and 722 inner overlaps
[2026-02-20 17:16:15] DEBUG: Discarded disjointig with 585 reads and 583 inner overlaps
[2026-02-20 17:16:15] DEBUG: Discarded disjointig with 269 reads and 267 inner overlaps
[2026-02-20 17:16:15] DEBUG: Discarded disjointig with 304 reads and 302 inner overlaps
[2026-02-20 17:16:15] DEBUG: Discarded disjointig with 386 reads and 384 inner overlaps
[2026-02-20 17:16:15] DEBUG: Assembled disjointig 2
	With 18 reads
	Start read: +c09031aa-7c07-4218-a593-c4caec915abf
	At position: 14
	leftTip: 0 rightTip: 0
	Suspicious: 0
	Short ext: 0
	Mean extensions: 40
	Avg overlap len: 17791
	Min overlap len: 2236
	Inner reads: 0
	Length: 127169
[2026-02-20 17:16:15] DEBUG: Inner: 205744 covered: 206100 total: 212172
[2026-02-20 17:16:15] DEBUG: Discarded disjointig with 9 reads and 7 inner overlaps
[2026-02-20 17:16:15] DEBUG: Discarded disjointig with 13 reads and 11 inner overlaps
[2026-02-20 17:16:15] DEBUG: Discarded disjointig with 13 reads and 11 inner overlaps
[2026-02-20 17:16:15] DEBUG: Discarded disjointig with 11 reads and 9 inner overlaps
[2026-02-20 17:16:15] DEBUG: Discarded disjointig with 13 reads and 11 inner overlaps
[2026-02-20 17:16:15] DEBUG: Discarded disjointig with 15 reads and 13 inner overlaps
[2026-02-20 17:16:15] DEBUG: Discarded disjointig with 10 reads and 8 inner overlaps
[2026-02-20 17:16:15] DEBUG: Discarded disjointig with 7 reads and 5 inner overlaps
[2026-02-20 17:16:15] DEBUG: Discarded disjointig with 14 reads and 12 inner overlaps
[2026-02-20 17:16:15] DEBUG: Discarded disjointig with 17 reads and 15 inner overlaps
[2026-02-20 17:16:15] DEBUG: Discarded disjointig with 13 reads and 11 inner overlaps
[2026-02-20 17:16:15] DEBUG: Discarded disjointig with 19 reads and 17 inner overlaps
[2026-02-20 17:16:15] DEBUG: Discarded disjointig with 13 reads and 11 inner overlaps
[2026-02-20 17:16:15] DEBUG: Assembled disjointig 3
	With 2 reads
	Start read: +f96db454-d41f-4e59-8d57-dfe0afba40a4
	At position: 1
	leftTip: 1 rightTip: 1
	Suspicious: 1
	Short ext: 1
	Mean extensions: 1
	Avg overlap len: 1409
	Min overlap len: 1409
	Inner reads: 0
	Length: 15977
[2026-02-20 17:16:15] DEBUG: Inner: 205754 covered: 206192 total: 212172
[2026-02-20 17:16:16] DEBUG: Assembled disjointig 4
	With 9 reads
	Start read: +ad16cfa5-d418-44ee-baeb-1a004a2eef08
	At position: 4
	leftTip: 1 rightTip: 0
	Suspicious: 2
	Short ext: 0
	Mean extensions: 2
	Avg overlap len: 9077
	Min overlap len: 2177
	Inner reads: 0
	Length: 81179
[2026-02-20 17:16:16] DEBUG: Inner: 205838 covered: 206394 total: 212172
[2026-02-20 17:16:20] DEBUG: Assembled disjointig 5
	With 3 reads
	Start read: +edea9730-0b40-4916-bd53-b984924aefa3
	At position: 3
	leftTip: 0 rightTip: 1
	Suspicious: 1
	Short ext: 0
	Mean extensions: 3
	Avg overlap len: 5356
	Min overlap len: 2790
	Inner reads: 0
	Length: 21314
[2026-02-20 17:16:20] DEBUG: Inner: 205854 covered: 207642 total: 212172
[2026-02-20 17:16:32] INFO: Assembled 5 disjointigs
[2026-02-20 17:16:32] INFO: Generating sequence
[2026-02-20 17:16:32] DEBUG: Building positional index
[2026-02-20 17:16:32] DEBUG: Total sequence: 5163442 bp
[2026-02-20 17:16:33] DEBUG: Mean k-mer frequency: 1.04685
[2026-02-20 17:16:33] DEBUG: Repetitive k-mer frequency: 104
[2026-02-20 17:16:33] DEBUG: Filtered 0 repetitive k-mers (0)
[2026-02-20 17:16:33] DEBUG: Sorting k-mer index
[2026-02-20 17:16:33] DEBUG: Selected k-mers: 896116
[2026-02-20 17:16:33] DEBUG: K-mer index size: 938096
[2026-02-20 17:16:33] DEBUG: Mean k-mer frequency: 1.04685
[2026-02-20 17:16:33] DEBUG: Minimizer rate: 5.50417
[2026-02-20 17:16:33] INFO: Filtering contained disjointigs
[2026-02-20 17:16:34] DEBUG: Computing transitive closure for overlaps
[2026-02-20 17:16:34] DEBUG: Found 8 overlaps
[2026-02-20 17:16:34] DEBUG: Left 8 overlaps after filtering
[2026-02-20 17:16:34] INFO: Contained seqs: 0
[2026-02-20 17:16:34] DEBUG: Writing FASTA
[2026-02-20 17:16:34] DEBUG: Peak RAM usage: 1 Gb
-----------End assembly log------------
[2026-02-20 17:16:34] root: DEBUG: Disjointigs length: 5163442, N50: 4917771
[2026-02-20 17:16:34] root: INFO: >>>STAGE: consensus
[2026-02-20 17:16:34] root: INFO: Running Minimap2
[2026-02-20 17:17:02] root: INFO: Computing consensus
[2026-02-20 17:18:55] root: INFO: Alignment error rate: 0.012417
[2026-02-20 17:18:55] root: INFO: >>>STAGE: repeat
[2026-02-20 17:18:55] root: INFO: Building and resolving repeat graph
[2026-02-20 17:18:55] root: DEBUG: -----Begin repeat analyser log------
[2026-02-20 17:18:55] root: DEBUG: Running: flye-modules repeat --disjointigs /scratch/ky/characterization/results/barcode27/assembly/10-consensus/consensus.fasta --reads /scratch/ky/characterization/FASTQ/SQK-RBK114-96_barcode27.fastq --out-dir /scratch/ky/characterization/results/barcode27/assembly/20-repeat --config /data/softs/Miniforge3-25.11.0-0/envs/flye-2.9.6/lib/python3.12/site-packages/flye/config/bin_cfg/asm_nano_hq.cfg --log /scratch/ky/characterization/results/barcode27/assembly/flye.log --threads 16 --meta --min-ovlp 2000
[2026-02-20 17:18:55] DEBUG: Build date: May  4 2025 23:18:08
[2026-02-20 17:18:55] DEBUG: Total RAM: 251 Gb
[2026-02-20 17:18:55] DEBUG: Available RAM: 247 Gb
[2026-02-20 17:18:55] DEBUG: Total CPUs: 32
[2026-02-20 17:18:55] DEBUG: Loading /data/softs/Miniforge3-25.11.0-0/envs/flye-2.9.6/lib/python3.12/site-packages/flye/config/bin_cfg/asm_nano_hq.cfg
[2026-02-20 17:18:55] DEBUG: Loading /data/softs/Miniforge3-25.11.0-0/envs/flye-2.9.6/lib/python3.12/site-packages/flye/config/bin_cfg/asm_defaults.cfg
[2026-02-20 17:18:55] DEBUG: 	big_genome_threshold=29000000
[2026-02-20 17:18:55] DEBUG: 	meta_read_filter_kmer_freq=100
[2026-02-20 17:18:55] DEBUG: 	chain_large_gap_penalty=2
[2026-02-20 17:18:55] DEBUG: 	chain_small_gap_penalty=0.5
[2026-02-20 17:18:55] DEBUG: 	chain_gap_jump_threshold=100
[2026-02-20 17:18:55] DEBUG: 	max_jump_gap=500
[2026-02-20 17:18:55] DEBUG: 	max_coverage_drop_rate=5
[2026-02-20 17:18:55] DEBUG: 	max_extensions_drop_rate=5
[2026-02-20 17:18:55] DEBUG: 	chimera_window=100
[2026-02-20 17:18:55] DEBUG: 	chimera_overhang=1000
[2026-02-20 17:18:55] DEBUG: 	min_reads_in_disjointig=4
[2026-02-20 17:18:55] DEBUG: 	max_inner_reads=10
[2026-02-20 17:18:55] DEBUG: 	max_inner_fraction=0.25
[2026-02-20 17:18:55] DEBUG: 	aggressive_dup_filter=1
[2026-02-20 17:18:55] DEBUG: 	max_separation=500
[2026-02-20 17:18:55] DEBUG: 	unique_edge_length=50000
[2026-02-20 17:18:55] DEBUG: 	min_repeat_res_support=0.51
[2026-02-20 17:18:55] DEBUG: 	out_paths_ratio=5
[2026-02-20 17:18:55] DEBUG: 	graph_cov_drop_rate=5
[2026-02-20 17:18:55] DEBUG: 	coverage_estimate_window=100
[2026-02-20 17:18:55] DEBUG: 	max_bubble_length=50000
[2026-02-20 17:18:55] DEBUG: 	loop_coverage_rate=1.5
[2026-02-20 17:18:55] DEBUG: 	repeat_edge_cov_mult=1.75
[2026-02-20 17:18:55] DEBUG: 	weak_detach_rate=5
[2026-02-20 17:18:55] DEBUG: 	tip_coverage_rate=2
[2026-02-20 17:18:55] DEBUG: 	tip_length_rate=2
[2026-02-20 17:18:55] DEBUG: 	output_gfa_before_rr=1
[2026-02-20 17:18:55] DEBUG: 	remove_alt_edges=0
[2026-02-20 17:18:55] DEBUG: 	low_cutoff_warning=0
[2026-02-20 17:18:55] DEBUG: 	kmer_size=17
[2026-02-20 17:18:55] DEBUG: 	use_minimizers=1
[2026-02-20 17:18:55] DEBUG: 	minimizer_window=10
[2026-02-20 17:18:55] DEBUG: 	reads_base_alignment=1
[2026-02-20 17:18:55] DEBUG: 	meta_read_top_kmer_rate=0.75
[2026-02-20 17:18:55] DEBUG: 	maximum_jump=1500
[2026-02-20 17:18:55] DEBUG: 	maximum_overhang=1500
[2026-02-20 17:18:55] DEBUG: 	repeat_kmer_rate=100
[2026-02-20 17:18:55] DEBUG: 	assemble_ovlp_divergence=0.03
[2026-02-20 17:18:55] DEBUG: 	assemble_divergence_relative=1
[2026-02-20 17:18:55] DEBUG: 	repeat_graph_ovlp_divergence=0.03
[2026-02-20 17:18:55] DEBUG: 	read_align_ovlp_divergence=0.10
[2026-02-20 17:18:55] DEBUG: 	hpc_scoring_on=1
[2026-02-20 17:18:55] DEBUG: 	add_unassembled_reads=0
[2026-02-20 17:18:55] DEBUG: 	extend_contigs_with_repeats=0
[2026-02-20 17:18:55] DEBUG: 	min_read_cov_cutoff=3
[2026-02-20 17:18:55] DEBUG: 	short_tip_length=20000
[2026-02-20 17:18:55] DEBUG: 	long_tip_length=100000
[2026-02-20 17:18:55] DEBUG: Running with k-mer size: 17
[2026-02-20 17:18:55] DEBUG: Selected minimum overlap 2000
[2026-02-20 17:18:55] DEBUG: Metagenome mode: Y
[2026-02-20 17:18:55] INFO: Parsing disjointigs
[2026-02-20 17:18:55] DEBUG: Building positional index
[2026-02-20 17:18:55] DEBUG: Total sequence: 5158065 bp
[2026-02-20 17:18:55] INFO: Building repeat graph
[2026-02-20 17:18:55] DEBUG: Mean k-mer frequency: 1.04743
[2026-02-20 17:18:55] DEBUG: Repetitive k-mer frequency: 104
[2026-02-20 17:18:55] DEBUG: Filtered 0 repetitive k-mers (0)
[2026-02-20 17:18:55] DEBUG: Sorting k-mer index
[2026-02-20 17:18:55] DEBUG: Selected k-mers: 894817
[2026-02-20 17:18:55] DEBUG: K-mer index size: 937259
[2026-02-20 17:18:55] DEBUG: Mean k-mer frequency: 1.04743
[2026-02-20 17:18:55] DEBUG: Minimizer rate: 5.50335
[2026-02-20 17:18:56] DEBUG: Computing transitive closure for overlaps
[2026-02-20 17:18:56] DEBUG: Found 392 overlaps
[2026-02-20 17:18:56] DEBUG: Left 160 overlaps after filtering
[2026-02-20 17:18:56] INFO: Median overlap divergence: 0.0279316
[2026-02-20 17:18:56] DEBUG: Sequence divergence distribution: 

    | *    |                                                                                             
    | *    |                                                                                             
    | *    |                                                                                             
    | *    |                                                                                             
    | *    |                                                                                             
    | *    |                                                                                             
    | *    |                                                                                             
    | *    |                                                                                             
    | *    |                                                                                             
    | *    |                                                                                             
    | *    |                                                                                             
    | *    |                                                                                             
    | *    |                                                                                             
    |**    |                                           *                                                 
    |**    |                                           *                                                 
    |**  * *      *   *                             *  *                                                 
    |**  * *      *   *                             *  *                                                 
    |*******      *   *                         * ***  * *               *                               
    |*******      *   *                         * ***  * *               *                               
    |*******      *   *                         * ***  * *               *                               
    ----------------------------------------------------------------------------------------------------
    0%        5%        10%       15%       20%       25%       30%       35%       40%       45%       

    Q25 = 0.0069, Q50 = 0.028, Q75 = 0.23

[2026-02-20 17:18:56] DEBUG: Computing gluepoints
[2026-02-20 17:18:56] DEBUG: Added 1 gluepoint projections
[2026-02-20 17:18:56] DEBUG: Added 0 gluepoint projections
[2026-02-20 17:18:56] DEBUG: Created 142 gluepoints
[2026-02-20 17:18:56] DEBUG: Artificial loops removed: 8 left, 8 right, 4 both
[2026-02-20 17:18:56] DEBUG: Initializing edges
[2026-02-20 17:18:56] DEBUG: Edges length checksum: 6084918650
[2026-02-20 17:18:56] DEBUG: Filtered 0 singleton segments
[2026-02-20 17:18:56] DEBUG: Removed 0 simple and 0 double chimeric junctions
[2026-02-20 17:18:56] DEBUG: Collapsed 6 edges
[2026-02-20 17:18:56] DEBUG:  	30	+disjointig_1	7152	12110	4958	
[2026-02-20 17:18:56] DEBUG: *	-31	+disjointig_1	12110	737279	725169	
[2026-02-20 17:18:56] DEBUG:  	30	+disjointig_1	737279	742525	5246	
[2026-02-20 17:18:56] DEBUG: *	11	+disjointig_1	742525	1323202	580677	
[2026-02-20 17:18:56] DEBUG:  	-30	+disjointig_1	1323202	1328550	5348	
[2026-02-20 17:18:56] DEBUG: *	3	+disjointig_1	1328550	1415006	86456	
[2026-02-20 17:18:56] DEBUG:  	-30	+disjointig_1	1415006	1420446	5440	
[2026-02-20 17:18:56] DEBUG: *	6	+disjointig_1	1420446	1506646	86200	
[2026-02-20 17:18:56] DEBUG:  	15	+disjointig_1	1506646	1510298	3652	
[2026-02-20 17:18:56] DEBUG: *	-13	+disjointig_1	1510298	1554588	44290	
[2026-02-20 17:18:56] DEBUG:  	-30	+disjointig_1	1554588	1559936	5348	
[2026-02-20 17:18:56] DEBUG: *	4	+disjointig_1	1559936	1595878	35942	
[2026-02-20 17:18:56] DEBUG:  	-30	+disjointig_1	1595878	1601143	5265	
[2026-02-20 17:18:56] DEBUG: *	8	+disjointig_1	1601143	2004569	403426	
[2026-02-20 17:18:56] DEBUG:  	17	+disjointig_1	2004569	2006626	2057	
[2026-02-20 17:18:56] DEBUG: *	-14	+disjointig_1	2006626	2338227	331601	
[2026-02-20 17:18:56] DEBUG:  	-30	+disjointig_1	2338227	2343481	5254	
[2026-02-20 17:18:56] DEBUG: *	7	+disjointig_1	2343481	2778133	434652	
[2026-02-20 17:18:56] DEBUG:  	15	+disjointig_1	2778133	2781797	3664	
[2026-02-20 17:18:56] DEBUG: *	16	+disjointig_1	2781797	3749808	968011	
[2026-02-20 17:18:56] DEBUG:  	17	+disjointig_1	3749808	3751868	2060	
[2026-02-20 17:18:56] DEBUG: *	-18	+disjointig_1	3751868	4233429	481561	
[2026-02-20 17:18:56] DEBUG:  	17	+disjointig_1	4233429	4235489	2060	
[2026-02-20 17:18:56] DEBUG: *	29	+disjointig_1	4235489	4868926	633437	
[2026-02-20 17:18:56] DEBUG:  	30	+disjointig_1	4868926	4874401	5475	
[2026-02-20 17:18:56] DEBUG: *	32	+disjointig_2	41674	127110	85436	
[2026-02-20 17:18:56] DEBUG: *	21	+disjointig_3	0	15987	15987	
[2026-02-20 17:18:56] DEBUG: *	33	+disjointig_4	0	51925	51925	
[2026-02-20 17:18:56] DEBUG:  	24	+disjointig_4	51925	54091	2166	
[2026-02-20 17:18:56] DEBUG:  	34	+disjointig_4	54091	63140	9049	
[2026-02-20 17:18:56] DEBUG:  	27	+disjointig_4	63140	66495	3355	
[2026-02-20 17:18:56] DEBUG:  	-34	+disjointig_4	66495	74632	8137	
[2026-02-20 17:18:56] DEBUG:  	-24	+disjointig_4	74632	76994	2362	
[2026-02-20 17:18:56] DEBUG:  	34	+disjointig_5	3064	12127	9063	
[2026-02-20 17:18:56] DEBUG:  	27	+disjointig_5	12127	15940	3813	
[2026-02-20 17:18:56] DEBUG: *	28	+disjointig_5	15940	18731	2791	
[2026-02-20 17:18:56] DEBUG: Total edges: 34
[2026-02-20 17:18:56] INFO: Parsing reads
[2026-02-20 17:18:59] DEBUG: Building positional index
[2026-02-20 17:18:59] DEBUG: Total sequence: 839530137 bp
[2026-02-20 17:18:59] DEBUG: Building positional index
[2026-02-20 17:18:59] DEBUG: Total sequence: 5061333 bp
[2026-02-20 17:18:59] INFO: Aligning reads to the graph
[2026-02-20 17:18:59] DEBUG: Mean k-mer frequency: 1.02878
[2026-02-20 17:18:59] DEBUG: Repetitive k-mer frequency: 102
[2026-02-20 17:18:59] DEBUG: Filtered 0 repetitive k-mers (0)
[2026-02-20 17:18:59] DEBUG: Sorting k-mer index
[2026-02-20 17:18:59] DEBUG: Selected k-mers: 893857
[2026-02-20 17:18:59] DEBUG: K-mer index size: 919581
[2026-02-20 17:18:59] DEBUG: Mean k-mer frequency: 1.02878
[2026-02-20 17:18:59] DEBUG: Minimizer rate: 5.50396
[2026-02-20 17:19:21] DEBUG: Total reads : 106086
[2026-02-20 17:19:21] DEBUG: Read with aligned parts : 105116
[2026-02-20 17:19:21] DEBUG: Aligned in one piece : 104861
[2026-02-20 17:19:21] INFO: Aligned read sequence: 761539957 / 769752438 (0.989331)
[2026-02-20 17:19:21] INFO: Median overlap divergence: 0.00310558
[2026-02-20 17:19:21] DEBUG: Sequence divergence distribution: 

    |*                   |                                                                               
    |*                   |                                                                               
    |*                   |                                                                               
    |*                   |                                                                               
    |*                   |                                                                               
    |*                   |                                                                               
    |*                   |                                                                               
    |*                   |                                                                               
    |*                   |                                                                               
    |*                   |                                                                               
    |*                   |                                                                               
    |*                   |                                                                               
    |*                   |                                                                               
    |*                   |                                                                               
    |**                  |                                                                               
    |**                  |                                                                               
    |**                  |                                                                               
    |**                  |                                                                               
    |***                 |                                                                               
    |*********************************** *  ** * *     *      *  *    *                                  
    ----------------------------------------------------------------------------------------------------
    0%        5%        10%       15%       20%       25%       30%       35%       40%       45%       

    Q25 = 0.0017, Q50 = 0.0031, Q75 = 0.0061

[2026-02-20 17:19:21] INFO: Mean edge coverage: 150
[2026-02-20 17:19:21] DEBUG: 3	len:86456	cov:159	mult:1.06
[2026-02-20 17:19:21] DEBUG: -3	len:86456	cov:159	mult:1.06
[2026-02-20 17:19:21] DEBUG: 4	len:35942	cov:146	mult:0.973333
[2026-02-20 17:19:21] DEBUG: -4	len:35942	cov:146	mult:0.973333
[2026-02-20 17:19:21] DEBUG: 6	len:86200	cov:174	mult:1.16
[2026-02-20 17:19:21] DEBUG: -6	len:86200	cov:174	mult:1.16
[2026-02-20 17:19:21] DEBUG: 7	len:434652	cov:153	mult:1.02
[2026-02-20 17:19:21] DEBUG: -7	len:434652	cov:153	mult:1.02
[2026-02-20 17:19:21] DEBUG: 8	len:403426	cov:169	mult:1.12667
[2026-02-20 17:19:21] DEBUG: -8	len:403426	cov:169	mult:1.12667
[2026-02-20 17:19:21] DEBUG: 11	len:580677	cov:174	mult:1.16
[2026-02-20 17:19:21] DEBUG: -11	len:580677	cov:174	mult:1.16
[2026-02-20 17:19:21] DEBUG: 13	len:44290	cov:145	mult:0.966667
[2026-02-20 17:19:21] DEBUG: -13	len:44290	cov:145	mult:0.966667
[2026-02-20 17:19:21] DEBUG: 14	len:331601	cov:154	mult:1.02667
[2026-02-20 17:19:21] DEBUG: -14	len:331601	cov:154	mult:1.02667
[2026-02-20 17:19:21] DEBUG: 15	len:3658	cov:242	mult:1.61333
[2026-02-20 17:19:21] DEBUG: -15	len:3658	cov:242	mult:1.61333
[2026-02-20 17:19:21] DEBUG: 16	len:968011	cov:147	mult:0.98
[2026-02-20 17:19:21] DEBUG: -16	len:968011	cov:147	mult:0.98
[2026-02-20 17:19:21] DEBUG: 17	len:2059	cov:459	mult:3.06
[2026-02-20 17:19:21] DEBUG: -17	len:2059	cov:459	mult:3.06
[2026-02-20 17:19:21] DEBUG: 18	len:481561	cov:144	mult:0.96
[2026-02-20 17:19:21] DEBUG: -18	len:481561	cov:144	mult:0.96
[2026-02-20 17:19:21] DEBUG: 21	len:15987	cov:2	mult:0.0133333
[2026-02-20 17:19:21] DEBUG: -21	len:15987	cov:2	mult:0.0133333
[2026-02-20 17:19:21] DEBUG: 24	len:2264	cov:6	mult:0.04
[2026-02-20 17:19:21] DEBUG: -24	len:2264	cov:6	mult:0.04
[2026-02-20 17:19:21] DEBUG: 27	len:3584	cov:3	mult:0.02
[2026-02-20 17:19:21] DEBUG: -27	len:3584	cov:3	mult:0.02
[2026-02-20 17:19:21] DEBUG: 28	len:2791	cov:6	mult:0.04
[2026-02-20 17:19:21] DEBUG: -28	len:2791	cov:6	mult:0.04
[2026-02-20 17:19:21] DEBUG: 29	len:633437	cov:147	mult:0.98
[2026-02-20 17:19:21] DEBUG: -29	len:633437	cov:147	mult:0.98
[2026-02-20 17:19:21] DEBUG: 30	len:5291	cov:1084	mult:7.22667
[2026-02-20 17:19:21] DEBUG: -30	len:5291	cov:1084	mult:7.22667
[2026-02-20 17:19:21] DEBUG: 31	len:725169	cov:155	mult:1.03333
[2026-02-20 17:19:21] DEBUG: -31	len:725169	cov:155	mult:1.03333
[2026-02-20 17:19:21] DEBUG: 32	len:85436	cov:62	mult:0.413333
[2026-02-20 17:19:21] DEBUG: -32	len:85436	cov:62	mult:0.413333
[2026-02-20 17:19:21] DEBUG: 33	len:51925	cov:6	mult:0.04
[2026-02-20 17:19:21] DEBUG: -33	len:51925	cov:6	mult:0.04
[2026-02-20 17:19:21] DEBUG: 34	len:8749	cov:6	mult:0.04
[2026-02-20 17:19:21] DEBUG: -34	len:8749	cov:6	mult:0.04
[2026-02-20 17:19:21] DEBUG: Unique coverage threshold 295
[2026-02-20 17:19:21] INFO: Simplifying the graph
[2026-02-20 17:19:21] DEBUG: Read coverage cutoff: 3
[2026-02-20 17:19:21] DEBUG: [SIMPL] Removed 1 paths with low coverage
[2026-02-20 17:19:21] DEBUG: Bubble-loop: {33,51925,6} {34,8749,6}
[2026-02-20 17:19:21] DEBUG: 	Internal: {24,2264,6}
[2026-02-20 17:19:21] DEBUG: [SIMPL] Masked 1 heterozygous loops
[2026-02-20 17:19:21] DEBUG: [SIMPL] Masked 0 simple bubbles
[2026-02-20 17:19:21] DEBUG: [SIMPL] Masked 0 roundabouts
[2026-02-20 17:19:21] DEBUG: [SIMPL] Masked 0 superbubbles
[2026-02-20 17:19:21] DEBUG: Finding repeats
[2026-02-20 17:19:21] DEBUG: Read coverage cutoff: 3
[2026-02-20 17:19:21] DEBUG: Short-loop: 24
[2026-02-20 17:19:21] DEBUG: Haplo-edge: 24
[2026-02-20 17:19:21] DEBUG: Repeat detection iteration 1
[2026-02-20 17:19:21] DEBUG: Starting 17 aln:531
[2026-02-20 17:19:21] DEBUG: 	      -14	num:147	flank:12969	span:10
[2026-02-20 17:19:21] DEBUG: 	      29	num:130	flank:13199	span:4
[2026-02-20 17:19:21] DEBUG: 	      -18	num:121	flank:19044	span:18
[2026-02-20 17:19:21] DEBUG: Starting -17 aln:531
[2026-02-20 17:19:21] DEBUG: 	      -16	num:133	flank:21101	span:10
[2026-02-20 17:19:21] DEBUG: 	      -8	num:141	flank:15034	span:8
[2026-02-20 17:19:21] DEBUG: 	      18	num:145	flank:15277	span:1
[2026-02-20 17:19:21] DEBUG: Mult: 17	2059	459	 (1,1)
[2026-02-20 17:19:21] DEBUG: Starting 15 aln:307
[2026-02-20 17:19:21] DEBUG: 	      -13	num:94	flank:15159	span:19
[2026-02-20 17:19:21] DEBUG: 	      16	num:97	flank:10797	span:9
[2026-02-20 17:19:21] DEBUG: Starting -15 aln:307
[2026-02-20 17:19:21] DEBUG: 	      -6	num:124	flank:15824	span:10
[2026-02-20 17:19:21] DEBUG: 	      -7	num:100	flank:11297	span:11
[2026-02-20 17:19:21] DEBUG: Mult: 15	3658	242	 (1,1)
[2026-02-20 17:19:21] DEBUG: Starting 30 aln:1527
[2026-02-20 17:19:21] DEBUG: 	      -4	num:113	flank:12729	span:-44
[2026-02-20 17:19:21] DEBUG: 	      -11	num:140	flank:13225	span:19
[2026-02-20 17:19:21] DEBUG: 	      -31	num:135	flank:12675	span:18
[2026-02-20 17:19:21] DEBUG: 	      14	num:137	flank:13365	span:2
[2026-02-20 17:19:21] DEBUG: 	      13	num:132	flank:12012	span:12
[2026-02-20 17:19:21] DEBUG: 	      -3	num:148	flank:17326	span:19
[2026-02-20 17:19:21] DEBUG: 	      11	num:156	flank:16518	span:1
[2026-02-20 17:19:21] DEBUG: Starting -30 aln:1527
[2026-02-20 17:19:21] DEBUG: 	      4	num:115	flank:12889	span:0
[2026-02-20 17:19:21] DEBUG: 	      -29	num:129	flank:17253	span:5
[2026-02-20 17:19:21] DEBUG: 	      31	num:148	flank:14456	span:0
[2026-02-20 17:19:21] DEBUG: 	      7	num:130	flank:14591	span:1
[2026-02-20 17:19:21] DEBUG: 	      3	num:124	flank:14599	span:2
[2026-02-20 17:19:21] DEBUG: 	      6	num:161	flank:15713	span:-40
[2026-02-20 17:19:21] DEBUG: 	      8	num:137	flank:12445	span:-2
[2026-02-20 17:19:21] DEBUG: Mult: 30	5291	1084	 (1,1)
[2026-02-20 17:19:21] DEBUG: Repeat detection iteration 2
[2026-02-20 17:19:21] DEBUG: Writing Dot
[2026-02-20 17:19:21] DEBUG: Writing FASTA
[2026-02-20 17:19:21] DEBUG: Writing Gfa
[2026-02-20 17:19:21] DEBUG: 	Connection 6	-13	59
[2026-02-20 17:19:21] DEBUG: 	Connection 7	16	49
[2026-02-20 17:19:21] DEBUG: 	Connection 8	-14	99
[2026-02-20 17:19:21] DEBUG: 	Connection 16	-18	88
[2026-02-20 17:19:21] DEBUG: 	Connection -18	29	99
[2026-02-20 17:19:21] DEBUG: [SIMPL] Resolved 5 simple repeats
[2026-02-20 17:19:21] DEBUG: [SIMPL] == Iteration 1 ==
[2026-02-20 17:19:21] DEBUG: Splitting nodes
[2026-02-20 17:19:21] DEBUG: [SIMPL] Split 1 nodes
[2026-02-20 17:19:21] DEBUG: [SIMPL] Disconnected 0 minor paths
[2026-02-20 17:19:21] DEBUG: Tip 28 len:2791 cov:6
[2026-02-20 17:19:21] DEBUG: [SIMPL] Clipped 1 short and 0 long tips
[2026-02-20 17:19:21] DEBUG: [SIMPL] Masked 0 heterozygous loops
[2026-02-20 17:19:21] DEBUG: [SIMPL] Masked 0 simple bubbles
[2026-02-20 17:19:21] DEBUG: [SIMPL] Masked 0 roundabouts
[2026-02-20 17:19:21] DEBUG: [SIMPL] Masked 0 superbubbles
[2026-02-20 17:19:21] DEBUG: Finding repeats
[2026-02-20 17:19:21] DEBUG: Read coverage cutoff: 3
[2026-02-20 17:19:21] DEBUG: Repeat detection iteration 1
[2026-02-20 17:19:21] DEBUG: Starting 30 aln:1527
[2026-02-20 17:19:21] DEBUG: 	      -4	num:113	flank:12729	span:-44
[2026-02-20 17:19:21] DEBUG: 	      -11	num:140	flank:13225	span:19
[2026-02-20 17:19:21] DEBUG: 	      -31	num:135	flank:12675	span:18
[2026-02-20 17:19:21] DEBUG: 	      14	num:137	flank:13365	span:2
[2026-02-20 17:19:21] DEBUG: 	      13	num:132	flank:12012	span:12
[2026-02-20 17:19:21] DEBUG: 	      -3	num:148	flank:17326	span:19
[2026-02-20 17:19:21] DEBUG: 	      11	num:156	flank:16518	span:1
[2026-02-20 17:19:21] DEBUG: Starting -30 aln:1527
[2026-02-20 17:19:21] DEBUG: 	      4	num:115	flank:12889	span:0
[2026-02-20 17:19:21] DEBUG: 	      -29	num:129	flank:17253	span:5
[2026-02-20 17:19:21] DEBUG: 	      31	num:148	flank:14456	span:0
[2026-02-20 17:19:21] DEBUG: 	      7	num:130	flank:14591	span:1
[2026-02-20 17:19:21] DEBUG: 	      3	num:124	flank:14599	span:2
[2026-02-20 17:19:21] DEBUG: 	      6	num:161	flank:15713	span:-40
[2026-02-20 17:19:21] DEBUG: 	      8	num:137	flank:12445	span:-2
[2026-02-20 17:19:21] DEBUG: Mult: 30	5291	1084	 (1,1)
[2026-02-20 17:19:21] DEBUG: Repeat detection iteration 2
[2026-02-20 17:19:21] DEBUG: Total unique edges: 25
[2026-02-20 17:19:21] DEBUG: 	Connection -27	-34	2	0.8
[2026-02-20 17:19:21] DEBUG: 	Connection 29	-31	55	1
[2026-02-20 17:19:21] DEBUG: 	Connection -6	-3	58	1
[2026-02-20 17:19:21] DEBUG: 	Connection -7	14	49	1
[2026-02-20 17:19:21] DEBUG: 	Connection -11	31	66	1
[2026-02-20 17:19:21] DEBUG: 	Connection 4	8	51	1
[2026-02-20 17:19:21] DEBUG: 	Connection -3	-11	49	1
[2026-02-20 17:19:21] DEBUG: 	Connection -13	4	50	1
[2026-02-20 17:19:21] DEBUG: [SIMPL] Resolved repeats: 8
[2026-02-20 17:19:21] DEBUG: RR links: 762
[2026-02-20 17:19:21] DEBUG: Unresolved: 0
[2026-02-20 17:19:21] DEBUG: Removed 0 simple and 0 double chimeric junctions
[2026-02-20 17:19:22] DEBUG: [SIMPL] == Iteration 2 ==
[2026-02-20 17:19:22] DEBUG: Splitting nodes
[2026-02-20 17:19:22] DEBUG: [SIMPL] Split 0 nodes
[2026-02-20 17:19:22] DEBUG: [SIMPL] Disconnected 0 minor paths
[2026-02-20 17:19:22] DEBUG: [SIMPL] Clipped 0 short and 0 long tips
[2026-02-20 17:19:22] DEBUG: [SIMPL] Masked 0 heterozygous loops
[2026-02-20 17:19:22] DEBUG: [SIMPL] Masked 0 simple bubbles
[2026-02-20 17:19:22] DEBUG: [SIMPL] Masked 0 roundabouts
[2026-02-20 17:19:22] DEBUG: [SIMPL] Masked 0 superbubbles
[2026-02-20 17:19:22] DEBUG: Finding repeats
[2026-02-20 17:19:22] DEBUG: Read coverage cutoff: 3
[2026-02-20 17:19:22] DEBUG: Repeat detection iteration 1
[2026-02-20 17:19:22] DEBUG: Repeat detection iteration 2
[2026-02-20 17:19:22] DEBUG: Total unique edges: 30
[2026-02-20 17:19:22] DEBUG: [SIMPL] Resolved repeats: 0
[2026-02-20 17:19:22] DEBUG: RR links: 0
[2026-02-20 17:19:22] DEBUG: Unresolved: 0
[2026-02-20 17:19:22] DEBUG: Removed 0 simple and 0 double chimeric junctions
[2026-02-20 17:19:22] DEBUG: [SIMPL] Simplified 0 forks
[2026-02-20 17:19:22] DEBUG: [SIMPL] Collapsed 0 haplotypes
[2026-02-20 17:19:22] DEBUG: [SIMPL] Resolved 0 simple repeats
[2026-02-20 17:19:22] DEBUG: Read coverage cutoff: 3
[2026-02-20 17:19:22] DEBUG: [SIMPL] Removed 0 paths with low coverage
[2026-02-20 17:19:22] DEBUG: Finding repeats
[2026-02-20 17:19:22] DEBUG: Read coverage cutoff: 3
[2026-02-20 17:19:22] DEBUG: Repeat detection iteration 1
[2026-02-20 17:19:22] DEBUG: Repeat detection iteration 2
[2026-02-20 17:19:22] DEBUG: Writing Dot
[2026-02-20 17:19:22] DEBUG: Writing FASTA
[2026-02-20 17:19:22] DEBUG: Peak RAM usage: 0 Gb
-----------End assembly log------------
[2026-02-20 17:19:22] root: INFO: >>>STAGE: contigger
[2026-02-20 17:19:22] root: INFO: Generating contigs
[2026-02-20 17:19:22] root: DEBUG: -----Begin contigger analyser log------
[2026-02-20 17:19:22] root: DEBUG: Running: flye-modules contigger --graph-edges /scratch/ky/characterization/results/barcode27/assembly/20-repeat/repeat_graph_edges.fasta --reads /scratch/ky/characterization/FASTQ/SQK-RBK114-96_barcode27.fastq --out-dir /scratch/ky/characterization/results/barcode27/assembly/30-contigger --config /data/softs/Miniforge3-25.11.0-0/envs/flye-2.9.6/lib/python3.12/site-packages/flye/config/bin_cfg/asm_nano_hq.cfg --repeat-graph /scratch/ky/characterization/results/barcode27/assembly/20-repeat/repeat_graph_dump --graph-aln /scratch/ky/characterization/results/barcode27/assembly/20-repeat/read_alignment_dump --log /scratch/ky/characterization/results/barcode27/assembly/flye.log --threads 16 --min-ovlp 2000
[2026-02-20 17:19:22] DEBUG: Build date: May  4 2025 23:18:25
[2026-02-20 17:19:22] DEBUG: Total RAM: 251 Gb
[2026-02-20 17:19:22] DEBUG: Available RAM: 247 Gb
[2026-02-20 17:19:22] DEBUG: Total CPUs: 32
[2026-02-20 17:19:22] DEBUG: Loading /data/softs/Miniforge3-25.11.0-0/envs/flye-2.9.6/lib/python3.12/site-packages/flye/config/bin_cfg/asm_nano_hq.cfg
[2026-02-20 17:19:22] DEBUG: Loading /data/softs/Miniforge3-25.11.0-0/envs/flye-2.9.6/lib/python3.12/site-packages/flye/config/bin_cfg/asm_defaults.cfg
[2026-02-20 17:19:22] DEBUG: 	big_genome_threshold=29000000
[2026-02-20 17:19:22] DEBUG: 	meta_read_filter_kmer_freq=100
[2026-02-20 17:19:22] DEBUG: 	chain_large_gap_penalty=2
[2026-02-20 17:19:22] DEBUG: 	chain_small_gap_penalty=0.5
[2026-02-20 17:19:22] DEBUG: 	chain_gap_jump_threshold=100
[2026-02-20 17:19:22] DEBUG: 	max_jump_gap=500
[2026-02-20 17:19:22] DEBUG: 	max_coverage_drop_rate=5
[2026-02-20 17:19:22] DEBUG: 	max_extensions_drop_rate=5
[2026-02-20 17:19:22] DEBUG: 	chimera_window=100
[2026-02-20 17:19:22] DEBUG: 	chimera_overhang=1000
[2026-02-20 17:19:22] DEBUG: 	min_reads_in_disjointig=4
[2026-02-20 17:19:22] DEBUG: 	max_inner_reads=10
[2026-02-20 17:19:22] DEBUG: 	max_inner_fraction=0.25
[2026-02-20 17:19:22] DEBUG: 	aggressive_dup_filter=1
[2026-02-20 17:19:22] DEBUG: 	max_separation=500
[2026-02-20 17:19:22] DEBUG: 	unique_edge_length=50000
[2026-02-20 17:19:22] DEBUG: 	min_repeat_res_support=0.51
[2026-02-20 17:19:22] DEBUG: 	out_paths_ratio=5
[2026-02-20 17:19:22] DEBUG: 	graph_cov_drop_rate=5
[2026-02-20 17:19:22] DEBUG: 	coverage_estimate_window=100
[2026-02-20 17:19:22] DEBUG: 	max_bubble_length=50000
[2026-02-20 17:19:22] DEBUG: 	loop_coverage_rate=1.5
[2026-02-20 17:19:22] DEBUG: 	repeat_edge_cov_mult=1.75
[2026-02-20 17:19:22] DEBUG: 	weak_detach_rate=5
[2026-02-20 17:19:22] DEBUG: 	tip_coverage_rate=2
[2026-02-20 17:19:22] DEBUG: 	tip_length_rate=2
[2026-02-20 17:19:22] DEBUG: 	output_gfa_before_rr=1
[2026-02-20 17:19:22] DEBUG: 	remove_alt_edges=0
[2026-02-20 17:19:22] DEBUG: 	low_cutoff_warning=0
[2026-02-20 17:19:22] DEBUG: 	kmer_size=17
[2026-02-20 17:19:22] DEBUG: 	use_minimizers=1
[2026-02-20 17:19:22] DEBUG: 	minimizer_window=10
[2026-02-20 17:19:22] DEBUG: 	reads_base_alignment=1
[2026-02-20 17:19:22] DEBUG: 	meta_read_top_kmer_rate=0.75
[2026-02-20 17:19:22] DEBUG: 	maximum_jump=1500
[2026-02-20 17:19:22] DEBUG: 	maximum_overhang=1500
[2026-02-20 17:19:22] DEBUG: 	repeat_kmer_rate=100
[2026-02-20 17:19:22] DEBUG: 	assemble_ovlp_divergence=0.03
[2026-02-20 17:19:22] DEBUG: 	assemble_divergence_relative=1
[2026-02-20 17:19:22] DEBUG: 	repeat_graph_ovlp_divergence=0.03
[2026-02-20 17:19:22] DEBUG: 	read_align_ovlp_divergence=0.10
[2026-02-20 17:19:22] DEBUG: 	hpc_scoring_on=1
[2026-02-20 17:19:22] DEBUG: 	add_unassembled_reads=0
[2026-02-20 17:19:22] DEBUG: 	extend_contigs_with_repeats=0
[2026-02-20 17:19:22] DEBUG: 	min_read_cov_cutoff=3
[2026-02-20 17:19:22] DEBUG: 	short_tip_length=20000
[2026-02-20 17:19:22] DEBUG: 	long_tip_length=100000
[2026-02-20 17:19:22] DEBUG: Running with k-mer size: 17
[2026-02-20 17:19:22] DEBUG: Selected minimum overlap 2000
[2026-02-20 17:19:22] INFO: Reading sequences
[2026-02-20 17:19:24] DEBUG: Building positional index
[2026-02-20 17:19:24] DEBUG: Total sequence: 839530137 bp
[2026-02-20 17:19:25] DEBUG: Flipped 0
[2026-02-20 17:19:25] DEBUG: UPath 1: -42 -> 6 -> 35 -> -13 -> 47 -> 4 -> -45 -> 8 -> 37 -> -14 -> -43 -> 7 -> 36 -> 16 -> 38 -> -18 -> 39 -> 29 -> 41 -> -31 -> -44 -> 11 -> 46 -> 3
[2026-02-20 17:19:25] DEBUG: UPath 2: 33 -> 24 -> 34 -> 27
[2026-02-20 17:19:25] DEBUG: UPath 3: 28
[2026-02-20 17:19:25] DEBUG: UPath 4: 32
[2026-02-20 17:19:25] DEBUG: Final graph contains 4 egdes
[2026-02-20 17:19:25] DEBUG: Extending contigs into repeats
[2026-02-20 17:19:25] DEBUG: Covered 0 repetitive contigs
[2026-02-20 17:19:25] INFO: Generated 4 contigs
[2026-02-20 17:19:25] DEBUG: Writing FASTA
[2026-02-20 17:19:25] DEBUG: Generating scaffold connections
[2026-02-20 17:19:25] INFO: Added 0 scaffold connections
[2026-02-20 17:19:25] DEBUG: Writing Dot
[2026-02-20 17:19:25] DEBUG: Writing FASTA
[2026-02-20 17:19:25] DEBUG: Writing Gfa
[2026-02-20 17:19:25] DEBUG: Peak RAM usage: 0 Gb
-----------End assembly log------------
[2026-02-20 17:19:25] root: INFO: >>>STAGE: polishing
[2026-02-20 17:19:25] root: INFO: Polishing genome (1/1)
[2026-02-20 17:19:25] root: INFO: Running minimap2
[2026-02-20 17:19:52] root: INFO: Separating alignment into bubbles
[2026-02-20 17:22:32] root: DEBUG: Generated 349158 bubbles
[2026-02-20 17:22:32] root: DEBUG: Split 0 long bubbles
[2026-02-20 17:22:32] root: DEBUG: Skipped 0 empty bubbles
[2026-02-20 17:22:32] root: DEBUG: Skipped 0 bubbles with long branches
[2026-02-20 17:22:32] root: INFO: Alignment error rate: 0.007505
[2026-02-20 17:22:32] root: INFO: Correcting bubbles
[2026-02-20 17:22:46] root: DEBUG: Mean contig coverage: 168, selected threshold: 3
[2026-02-20 17:22:46] root: DEBUG: Filtered 0 contigs of total length 0
[2026-02-20 17:22:46] root: DEBUG: Generating polished GFA
[2026-02-20 17:22:49] root: DEBUG: 0 sequences remained unpolished
[2026-02-20 17:22:49] root: INFO: >>>STAGE: finalize
[2026-02-20 17:22:49] root: DEBUG: ---Output dir contents:----
[2026-02-20 17:22:49] root: DEBUG: assembly/
[2026-02-20 17:22:49] root: DEBUG:     43.0 K      flye.log
[2026-02-20 17:22:49] root: DEBUG:     92.0 B      params.json
[2026-02-20 17:22:49] root: DEBUG:     888.0 B     assembly_graph.gv
[2026-02-20 17:22:49] root: DEBUG:     4.0 M       assembly_graph.gfa
[2026-02-20 17:22:49] root: DEBUG:     4.0 M       assembly.fasta
[2026-02-20 17:22:49] root: DEBUG:     00-assembly/
[2026-02-20 17:22:49] root: DEBUG:         4.0 M       draft_assembly.fasta
[2026-02-20 17:22:49] root: DEBUG:         163.0 B     draft_assembly.fasta.fai
[2026-02-20 17:22:49] root: DEBUG:     10-consensus/
[2026-02-20 17:22:49] root: DEBUG:         971.0 B     minimap.stderr
[2026-02-20 17:22:49] root: DEBUG:         151.0 K     minimap.bam.csi
[2026-02-20 17:22:49] root: DEBUG:         5.0 M       consensus.fasta
[2026-02-20 17:22:49] root: DEBUG:     20-repeat/
[2026-02-20 17:22:49] root: DEBUG:         2.0 K       graph_before_rr.gv
[2026-02-20 17:22:49] root: DEBUG:         4.0 M       graph_before_rr.fasta
[2026-02-20 17:22:49] root: DEBUG:         4.0 M       graph_before_rr.gfa
[2026-02-20 17:22:49] root: DEBUG:         3.0 K       graph_after_rr.gv
[2026-02-20 17:22:49] root: DEBUG:         6.0 K       repeat_graph_dump
[2026-02-20 17:22:49] root: DEBUG:         30.0 M      read_alignment_dump
[2026-02-20 17:22:49] root: DEBUG:         4.0 M       repeat_graph_edges.fasta
[2026-02-20 17:22:49] root: DEBUG:     30-contigger/
[2026-02-20 17:22:49] root: DEBUG:         4.0 M       contigs.fasta
[2026-02-20 17:22:49] root: DEBUG:         209.0 B     contigs_stats.txt
[2026-02-20 17:22:49] root: DEBUG:         0.0 B       scaffolds_links.txt
[2026-02-20 17:22:49] root: DEBUG:         888.0 B     graph_final.gv
[2026-02-20 17:22:49] root: DEBUG:         4.0 M       graph_final.fasta
[2026-02-20 17:22:49] root: DEBUG:         4.0 M       graph_final.gfa
[2026-02-20 17:22:49] root: DEBUG:         112.0 B     contigs.fasta.fai
[2026-02-20 17:22:49] root: DEBUG:     40-polishing/
[2026-02-20 17:22:49] root: DEBUG:         923.0 B     minimap.stderr
[2026-02-20 17:22:49] root: DEBUG:         149.0 K     minimap_1.bam.csi
[2026-02-20 17:22:49] root: DEBUG:         98.0 B      contigs_stats.txt
[2026-02-20 17:22:49] root: DEBUG:         1.0 M       base_coverage.bed.gz
[2026-02-20 17:22:49] root: DEBUG:         4.0 M       filtered_contigs.fasta
[2026-02-20 17:22:49] root: DEBUG:         98.0 B      filtered_stats.txt
[2026-02-20 17:22:49] root: DEBUG:         112.0 B     filtered_contigs.fasta.fai
[2026-02-20 17:22:49] root: DEBUG:         148.0 B     edges_aln.bam.csi
[2026-02-20 17:22:49] root: DEBUG:         4.0 M       polished_edges.gfa
[2026-02-20 17:22:49] root: DEBUG: --------------------------
[2026-02-20 17:22:49] root: INFO: Assembly statistics:

	Total length:	5017121
	Fragments:	4
	Fragments N50:	4862357
	Largest frg:	4862357
	Scaffolds:	0
	Mean coverage:	168

[2026-02-20 17:22:49] root: INFO: Final assembly: /scratch/ky/characterization/results/barcode27/assembly/assembly.fasta
