#                                                                            --- full sequence --- -------------- this domain -------------   hmm coord   ali coord   env coord
# target name        accession   tlen query name           accession   qlen   E-value  score  bias   #  of  c-Evalue  i-Evalue  score  bias  from    to  from    to  from    to  acc description of target
#------------------- ---------- ----- -------------------- ---------- ----- --------- ------ ----- --- --- --------- --------- ------ ----- ----- ----- ----- ----- ----- ----- ---- ---------------------
contig_10:1-2538|-   -            846 1074831at2           -            386    0.0033   10.6   0.0   1   5   2.4e-05    0.0033   10.6   0.0    16    50    20    54     3    71 0.79 contig_10_1 # 1 # 2538 # -1 # ID=2_1;partial=10;start_type=ATG;rbs_motif=GGA/GAG/AGG;rbs_spacer=5-10bp;gc_cont=0.405
contig_10:1-2538|-   -            846 1074831at2           -            386    0.0033   10.6   0.0   2   5       1.1   1.5e+02   -4.7  12.7   108   242   156   282    99   300 0.63 contig_10_1 # 1 # 2538 # -1 # ID=2_1;partial=10;start_type=ATG;rbs_motif=GGA/GAG/AGG;rbs_spacer=5-10bp;gc_cont=0.405
contig_10:1-2538|-   -            846 1074831at2           -            386    0.0033   10.6   0.0   3   5         2   2.8e+02   -7.1  26.8   127   249   290   408   272   414 0.78 contig_10_1 # 1 # 2538 # -1 # ID=2_1;partial=10;start_type=ATG;rbs_motif=GGA/GAG/AGG;rbs_spacer=5-10bp;gc_cont=0.405
contig_10:1-2538|-   -            846 1074831at2           -            386    0.0033   10.6   0.0   4   5         2   2.8e+02   -8.7  32.0   121   245   383   507   379   564 0.60 contig_10_1 # 1 # 2538 # -1 # ID=2_1;partial=10;start_type=ATG;rbs_motif=GGA/GAG/AGG;rbs_spacer=5-10bp;gc_cont=0.405
contig_10:1-2538|-   -            846 1074831at2           -            386    0.0033   10.6   0.0   5   5         2   2.8e+02   -7.9  29.9   103   252   651   799   641   828 0.73 contig_10_1 # 1 # 2538 # -1 # ID=2_1;partial=10;start_type=ATG;rbs_motif=GGA/GAG/AGG;rbs_spacer=5-10bp;gc_cont=0.405
contig_6:4189-5850|+ -            554 1074831at2           -            386     0.021    8.0   6.5   1   4      0.22        31   -2.5   0.1    27    38    39    50    37    53 0.83 contig_6_4 # 4189 # 5850 # 1 # ID=11_4;partial=00;start_type=GTG;rbs_motif=AGGAG;rbs_spacer=5-10bp;gc_cont=0.425
contig_6:4189-5850|+ -            554 1074831at2           -            386     0.021    8.0   6.5   2   4      0.19        26   -2.2   0.0   290   315   163   188   159   191 0.79 contig_6_4 # 4189 # 5850 # 1 # ID=11_4;partial=00;start_type=GTG;rbs_motif=AGGAG;rbs_spacer=5-10bp;gc_cont=0.425
contig_6:4189-5850|+ -            554 1074831at2           -            386     0.021    8.0   6.5   3   4    0.0012      0.17    5.0   2.7   122   175   248   301   221   312 0.81 contig_6_4 # 4189 # 5850 # 1 # ID=11_4;partial=00;start_type=GTG;rbs_motif=AGGAG;rbs_spacer=5-10bp;gc_cont=0.425
contig_6:4189-5850|+ -            554 1074831at2           -            386     0.021    8.0   6.5   4   4     0.009       1.2    2.1   0.0   280   315   435   470   431   499 0.77 contig_6_4 # 4189 # 5850 # 1 # ID=11_4;partial=00;start_type=GTG;rbs_motif=AGGAG;rbs_spacer=5-10bp;gc_cont=0.425
#
# Program:         hmmsearch
# Version:         3.4 (Aug 2023)
# Pipeline mode:   SEARCH
# Query file:      /scratch/ky/characterization/busco_downloads/lineages/bacteria_odb10/hmms/1074831at2.hmm
# Target file:     /scratch/ky/characterization/results/barcode04/polishing/busco_out/busco_barcode04/barcode01.fasta/prodigal_output/predicted_genes/predicted.faa
# Option settings: hmmsearch --domtblout /scratch/ky/characterization/results/barcode04/polishing/busco_out/busco_barcode04/barcode01.fasta/run_bacteria_odb10/hmmer_output/1074831at2.out --cpu 1 /scratch/ky/characterization/busco_downloads/lineages/bacteria_odb10/hmms/1074831at2.hmm /scratch/ky/characterization/results/barcode04/polishing/busco_out/busco_barcode04/barcode01.fasta/prodigal_output/predicted_genes/predicted.faa 
# Current dir:     /scratch/ky/characterization
# Date:            Thu Mar 12 12:03:51 2026
# [ok]
