#                                                                               --- full sequence --- -------------- this domain -------------   hmm coord   ali coord   env coord
# target name           accession   tlen query name           accession   qlen   E-value  score  bias   #  of  c-Evalue  i-Evalue  score  bias  from    to  from    to  from    to  acc description of target
#   ------------------- ---------- ----- -------------------- ---------- ----- --------- ------ ----- --- --- --------- --------- ------ ----- ----- ----- ----- ----- ----- ----- ---- ---------------------
contig_61:16132-17508|- -            459 984717at2            -            224   4.4e-17   58.1   1.5   1   3      0.89   2.8e+02   -3.4   0.1    17    42    60    86    59    93 0.68 contig_61_25 # 16132 # 17508 # -1 # ID=43_25;partial=00;start_type=ATG;rbs_motif=GGAG/GAGG;rbs_spacer=5-10bp;gc_cont=0.374
contig_61:16132-17508|- -            459 984717at2            -            224   4.4e-17   58.1   1.5   2   3       0.7   2.2e+02   -3.0   0.1   141   155   190   204   162   215 0.54 contig_61_25 # 16132 # 17508 # -1 # ID=43_25;partial=00;start_type=ATG;rbs_motif=GGAG/GAGG;rbs_spacer=5-10bp;gc_cont=0.374
contig_61:16132-17508|- -            459 984717at2            -            224   4.4e-17   58.1   1.5   3   3   1.4e-19   4.4e-17   58.1   1.5     3   117   224   354   222   377 0.75 contig_61_25 # 16132 # 17508 # -1 # ID=43_25;partial=00;start_type=ATG;rbs_motif=GGAG/GAGG;rbs_spacer=5-10bp;gc_cont=0.374
contig_61:7493-8593|-   -            367 984717at2            -            224    0.0005   15.4   0.1   1   3   1.6e-06    0.0005   15.4   0.1     3    20     6    23     4    28 0.89 contig_61_15 # 7493 # 8593 # -1 # ID=43_15;partial=00;start_type=ATG;rbs_motif=AGGAG;rbs_spacer=5-10bp;gc_cont=0.370
contig_61:7493-8593|-   -            367 984717at2            -            224    0.0005   15.4   0.1   2   3      0.34   1.1e+02   -2.0   0.0    72   108    96   126    71   162 0.66 contig_61_15 # 7493 # 8593 # -1 # ID=43_15;partial=00;start_type=ATG;rbs_motif=AGGAG;rbs_spacer=5-10bp;gc_cont=0.370
contig_61:7493-8593|-   -            367 984717at2            -            224    0.0005   15.4   0.1   3   3      0.41   1.3e+02   -2.3   0.1    88    99   230   241   186   259 0.52 contig_61_15 # 7493 # 8593 # -1 # ID=43_15;partial=00;start_type=ATG;rbs_motif=AGGAG;rbs_spacer=5-10bp;gc_cont=0.370
contig_27:16045-16761|- -            239 984717at2            -            224    0.0085   11.4   0.0   1   1   4.7e-05     0.015   10.6   0.0     1    43    23    71    23    97 0.77 contig_27_16 # 16045 # 16761 # -1 # ID=11_16;partial=00;start_type=GTG;rbs_motif=None;rbs_spacer=None;gc_cont=0.367
#
# Program:         hmmsearch
# Version:         3.4 (Aug 2023)
# Pipeline mode:   SEARCH
# Query file:      /scratch/ky/characterization/busco_downloads/lineages/bacteria_odb10/hmms/984717at2.hmm
# Target file:     /scratch/ky/characterization/results/barcode02/polishing/busco_out/busco_barcode02/barcode02.fasta/prodigal_output/predicted_genes/predicted.faa
# Option settings: hmmsearch --domtblout /scratch/ky/characterization/results/barcode02/polishing/busco_out/busco_barcode02/barcode02.fasta/run_bacteria_odb10/hmmer_output/984717at2.out --cpu 1 /scratch/ky/characterization/busco_downloads/lineages/bacteria_odb10/hmms/984717at2.hmm /scratch/ky/characterization/results/barcode02/polishing/busco_out/busco_barcode02/barcode02.fasta/prodigal_output/predicted_genes/predicted.faa 
# Current dir:     /scratch/ky/characterization
# Date:            Thu Mar 12 12:03:31 2026
# [ok]
