#                                                                               --- full sequence --- -------------- this domain -------------   hmm coord   ali coord   env coord
# target name           accession   tlen query name           accession   qlen   E-value  score  bias   #  of  c-Evalue  i-Evalue  score  bias  from    to  from    to  from    to  acc description of target
#   ------------------- ---------- ----- -------------------- ---------- ----- --------- ------ ----- --- --- --------- --------- ------ ----- ----- ----- ----- ----- ----- ----- ---- ---------------------
contig_45:1762-2367|+   -            202 1502854at2           -            192   6.1e-05   18.5   1.2   1   2     0.012      0.99    4.8   0.0     6    28     3    25     1    32 0.81 contig_45_3 # 1762 # 2367 # 1 # ID=33_3;partial=00;start_type=ATG;rbs_motif=AGGAGG;rbs_spacer=5-10bp;gc_cont=0.358
contig_45:1762-2367|+   -            202 1502854at2           -            192   6.1e-05   18.5   1.2   2   2   4.3e-05    0.0035   12.8   0.2    99   185   112   195    86   199 0.79 contig_45_3 # 1762 # 2367 # 1 # ID=33_3;partial=00;start_type=ATG;rbs_motif=AGGAGG;rbs_spacer=5-10bp;gc_cont=0.358
contig_30:1433-1990|+   -            186 1502854at2           -            192   0.00015   17.2   0.0   1   1   3.5e-06   0.00028   16.3   0.0     4    31    12    39    10    47 0.83 contig_30_4 # 1433 # 1990 # 1 # ID=48_4;partial=00;start_type=ATG;rbs_motif=AGGAG/GGAGG;rbs_spacer=11-12bp;gc_cont=0.409
contig_30:7071-7835|+   -            255 1502854at2           -            192    0.0014   14.1   0.0   1   1   4.4e-05    0.0035   12.7   0.0     6    29    42    65    39    75 0.79 contig_30_9 # 7071 # 7835 # 1 # ID=48_9;partial=00;start_type=GTG;rbs_motif=GGA/GAG/AGG;rbs_spacer=5-10bp;gc_cont=0.399
contig_56:10315-10989|- -            225 1502854at2           -            192    0.0027   13.1   0.0   1   1   6.4e-05    0.0051   12.2   0.0     5    25    30    50    27    56 0.87 contig_56_14 # 10315 # 10989 # -1 # ID=45_14;partial=00;start_type=GTG;rbs_motif=GGAGG;rbs_spacer=5-10bp;gc_cont=0.401
contig_44:1-972|-       -            324 1502854at2           -            192    0.0033   12.8   0.1   1   2   0.00014     0.011   11.2   0.0     5    27    29    51    27    57 0.87 contig_44_1 # 1 # 972 # -1 # ID=41_1;partial=10;start_type=ATG;rbs_motif=AGGA;rbs_spacer=5-10bp;gc_cont=0.387
contig_44:1-972|-       -            324 1502854at2           -            192    0.0033   12.8   0.1   2   2       2.2   1.8e+02   -2.6   0.0    51    87   185   221   183   225 0.76 contig_44_1 # 1 # 972 # -1 # ID=41_1;partial=10;start_type=ATG;rbs_motif=AGGA;rbs_spacer=5-10bp;gc_cont=0.387
contig_17:21604-22569|+ -            322 1502854at2           -            192    0.0034   12.8   0.1   1   2   0.00012    0.0096   11.3   0.1     5    28    41    64    38    75 0.86 contig_17_23 # 21604 # 22569 # 1 # ID=21_23;partial=00;start_type=ATG;rbs_motif=AGGAG/GGAGG;rbs_spacer=11-12bp;gc_cont=0.389
contig_17:21604-22569|+ -            322 1502854at2           -            192    0.0034   12.8   0.1   2   2       1.9   1.5e+02   -2.4   0.0    47    60   202   215   201   216 0.88 contig_17_23 # 21604 # 22569 # 1 # ID=21_23;partial=00;start_type=ATG;rbs_motif=AGGAG/GGAGG;rbs_spacer=11-12bp;gc_cont=0.389
contig_27:16045-16761|- -            239 1502854at2           -            192    0.0035   12.7   0.0   1   1   7.1e-05    0.0057   12.1   0.0     5    27    20    42    17    52 0.87 contig_27_16 # 16045 # 16761 # -1 # ID=11_16;partial=00;start_type=GTG;rbs_motif=None;rbs_spacer=None;gc_cont=0.367
contig_25:80-718|-      -            213 1502854at2           -            192     0.005   12.2   0.1   1   1   0.00014     0.011   11.1   0.1     5    32     5    32     1    38 0.82 contig_25_1 # 80 # 718 # -1 # ID=26_1;partial=00;start_type=ATG;rbs_motif=GGA/GAG/AGG;rbs_spacer=5-10bp;gc_cont=0.346
contig_57:37606-37980|+ -            125 1502854at2           -            192    0.0061   12.0   0.7   1   2      0.24        19    0.6   0.1   143   182    12    52     7    58 0.65 contig_57_48 # 37606 # 37980 # 1 # ID=27_48;partial=00;start_type=GTG;rbs_motif=3Base/5BMM;rbs_spacer=13-15bp;gc_cont=0.357
contig_57:37606-37980|+ -            125 1502854at2           -            192    0.0061   12.0   0.7   2   2   0.00034     0.027    9.9   0.0     9    29    60    80    54    89 0.85 contig_57_48 # 37606 # 37980 # 1 # ID=27_48;partial=00;start_type=GTG;rbs_motif=3Base/5BMM;rbs_spacer=13-15bp;gc_cont=0.357
contig_54:2325-3074|+   -            250 1502854at2           -            192    0.0073   11.7   0.0   1   1   0.00019     0.015   10.7   0.0     7    27    33    53    29    69 0.82 contig_54_4 # 2325 # 3074 # 1 # ID=13_4;partial=00;start_type=TTG;rbs_motif=AGGAG;rbs_spacer=5-10bp;gc_cont=0.388
contig_49:11669-12481|- -            271 1502854at2           -            192      0.01   11.3   0.1   1   1   0.00021     0.016   10.6   0.1     5    25    28    48    25    60 0.88 contig_49_17 # 11669 # 12481 # -1 # ID=18_17;partial=00;start_type=ATG;rbs_motif=GGAGG;rbs_spacer=5-10bp;gc_cont=0.376
contig_61:16132-17508|- -            459 1502854at2           -            192      0.21    7.0   5.1   1   3      0.32        26    0.1   0.3   103   187   124   211   116   216 0.66 contig_61_25 # 16132 # 17508 # -1 # ID=43_25;partial=00;start_type=ATG;rbs_motif=GGAG/GAGG;rbs_spacer=5-10bp;gc_cont=0.374
contig_61:16132-17508|- -            459 1502854at2           -            192      0.21    7.0   5.1   2   3    0.0015      0.12    7.8   0.1     8    43   222   257   215   264 0.89 contig_61_25 # 16132 # 17508 # -1 # ID=43_25;partial=00;start_type=ATG;rbs_motif=GGAG/GAGG;rbs_spacer=5-10bp;gc_cont=0.374
contig_61:16132-17508|- -            459 1502854at2           -            192      0.21    7.0   5.1   3   3       1.5   1.2e+02   -2.0   0.1   142   175   280   312   273   329 0.61 contig_61_25 # 16132 # 17508 # -1 # ID=43_25;partial=00;start_type=ATG;rbs_motif=GGAG/GAGG;rbs_spacer=5-10bp;gc_cont=0.374
#
# Program:         hmmsearch
# Version:         3.4 (Aug 2023)
# Pipeline mode:   SEARCH
# Query file:      /scratch/ky/characterization/busco_downloads/lineages/bacteria_odb10/hmms/1502854at2.hmm
# Target file:     /scratch/ky/characterization/results/barcode03/polishing/busco_out/busco_barcode03/barcode02.fasta/prodigal_output/predicted_genes/predicted.faa
# Option settings: hmmsearch --domtblout /scratch/ky/characterization/results/barcode03/polishing/busco_out/busco_barcode03/barcode02.fasta/run_bacteria_odb10/hmmer_output/1502854at2.out --cpu 1 /scratch/ky/characterization/busco_downloads/lineages/bacteria_odb10/hmms/1502854at2.hmm /scratch/ky/characterization/results/barcode03/polishing/busco_out/busco_barcode03/barcode02.fasta/prodigal_output/predicted_genes/predicted.faa 
# Current dir:     /scratch/ky/characterization
# Date:            Thu Mar 12 12:03:45 2026
# [ok]
