[2026-02-20 16:41:52] root: INFO: Starting Flye 2.9.6-b1802
[2026-02-20 16:41:52] root: DEBUG: Cmd: /data/softs/Miniforge3-25.11.0-0/envs/flye-2.9.6/bin/flye --meta --nano-hq /scratch/ky/characterization/FASTQ/SQK-RBK114-96_barcode12.fastq -o /scratch/ky/characterization/results/barcode12/assembly/ -t 16
[2026-02-20 16:41:52] root: DEBUG: Python version: 3.12.12 | packaged by conda-forge | (main, Jan 26 2026, 23:51:32) [GCC 14.3.0]
[2026-02-20 16:41:52] root: INFO: >>>STAGE: configure
[2026-02-20 16:41:52] root: INFO: Configuring run
[2026-02-20 16:41:52] root: INFO: Total read length: 4001110
[2026-02-20 16:41:52] root: INFO: Reads N50/N90: 2781 / 281
[2026-02-20 16:41:52] root: INFO: Minimum overlap set to 1000
[2026-02-20 16:41:52] root: INFO: >>>STAGE: assembly
[2026-02-20 16:41:52] root: INFO: Assembling disjointigs
[2026-02-20 16:41:52] root: DEBUG: -----Begin assembly log------
[2026-02-20 16:41:52] root: DEBUG: Running: flye-modules assemble --reads /scratch/ky/characterization/FASTQ/SQK-RBK114-96_barcode12.fastq --out-asm /scratch/ky/characterization/results/barcode12/assembly/00-assembly/draft_assembly.fasta --config /data/softs/Miniforge3-25.11.0-0/envs/flye-2.9.6/lib/python3.12/site-packages/flye/config/bin_cfg/asm_nano_hq.cfg --log /scratch/ky/characterization/results/barcode12/assembly/flye.log --threads 16 --meta --min-ovlp 1000
[2026-02-20 16:41:52] DEBUG: Build date: May  4 2025 23:17:52
[2026-02-20 16:41:52] DEBUG: Total RAM: 251 Gb
[2026-02-20 16:41:52] DEBUG: Available RAM: 247 Gb
[2026-02-20 16:41:52] DEBUG: Total CPUs: 32
[2026-02-20 16:41:52] DEBUG: Loading /data/softs/Miniforge3-25.11.0-0/envs/flye-2.9.6/lib/python3.12/site-packages/flye/config/bin_cfg/asm_nano_hq.cfg
[2026-02-20 16:41:52] DEBUG: Loading /data/softs/Miniforge3-25.11.0-0/envs/flye-2.9.6/lib/python3.12/site-packages/flye/config/bin_cfg/asm_defaults.cfg
[2026-02-20 16:41:52] DEBUG: 	big_genome_threshold=29000000
[2026-02-20 16:41:52] DEBUG: 	meta_read_filter_kmer_freq=100
[2026-02-20 16:41:52] DEBUG: 	chain_large_gap_penalty=2
[2026-02-20 16:41:52] DEBUG: 	chain_small_gap_penalty=0.5
[2026-02-20 16:41:52] DEBUG: 	chain_gap_jump_threshold=100
[2026-02-20 16:41:52] DEBUG: 	max_jump_gap=500
[2026-02-20 16:41:52] DEBUG: 	max_coverage_drop_rate=5
[2026-02-20 16:41:52] DEBUG: 	max_extensions_drop_rate=5
[2026-02-20 16:41:52] DEBUG: 	chimera_window=100
[2026-02-20 16:41:52] DEBUG: 	chimera_overhang=1000
[2026-02-20 16:41:52] DEBUG: 	min_reads_in_disjointig=4
[2026-02-20 16:41:52] DEBUG: 	max_inner_reads=10
[2026-02-20 16:41:52] DEBUG: 	max_inner_fraction=0.25
[2026-02-20 16:41:52] DEBUG: 	aggressive_dup_filter=1
[2026-02-20 16:41:52] DEBUG: 	max_separation=500
[2026-02-20 16:41:52] DEBUG: 	unique_edge_length=50000
[2026-02-20 16:41:52] DEBUG: 	min_repeat_res_support=0.51
[2026-02-20 16:41:52] DEBUG: 	out_paths_ratio=5
[2026-02-20 16:41:52] DEBUG: 	graph_cov_drop_rate=5
[2026-02-20 16:41:52] DEBUG: 	coverage_estimate_window=100
[2026-02-20 16:41:52] DEBUG: 	max_bubble_length=50000
[2026-02-20 16:41:52] DEBUG: 	loop_coverage_rate=1.5
[2026-02-20 16:41:52] DEBUG: 	repeat_edge_cov_mult=1.75
[2026-02-20 16:41:52] DEBUG: 	weak_detach_rate=5
[2026-02-20 16:41:52] DEBUG: 	tip_coverage_rate=2
[2026-02-20 16:41:52] DEBUG: 	tip_length_rate=2
[2026-02-20 16:41:52] DEBUG: 	output_gfa_before_rr=1
[2026-02-20 16:41:52] DEBUG: 	remove_alt_edges=0
[2026-02-20 16:41:52] DEBUG: 	low_cutoff_warning=0
[2026-02-20 16:41:52] DEBUG: 	kmer_size=17
[2026-02-20 16:41:52] DEBUG: 	use_minimizers=1
[2026-02-20 16:41:52] DEBUG: 	minimizer_window=10
[2026-02-20 16:41:52] DEBUG: 	reads_base_alignment=1
[2026-02-20 16:41:52] DEBUG: 	meta_read_top_kmer_rate=0.75
[2026-02-20 16:41:52] DEBUG: 	maximum_jump=1500
[2026-02-20 16:41:52] DEBUG: 	maximum_overhang=1500
[2026-02-20 16:41:52] DEBUG: 	repeat_kmer_rate=100
[2026-02-20 16:41:52] DEBUG: 	assemble_ovlp_divergence=0.03
[2026-02-20 16:41:52] DEBUG: 	assemble_divergence_relative=1
[2026-02-20 16:41:52] DEBUG: 	repeat_graph_ovlp_divergence=0.03
[2026-02-20 16:41:52] DEBUG: 	read_align_ovlp_divergence=0.10
[2026-02-20 16:41:52] DEBUG: 	hpc_scoring_on=1
[2026-02-20 16:41:52] DEBUG: 	add_unassembled_reads=0
[2026-02-20 16:41:52] DEBUG: 	extend_contigs_with_repeats=0
[2026-02-20 16:41:52] DEBUG: 	min_read_cov_cutoff=3
[2026-02-20 16:41:52] DEBUG: 	short_tip_length=20000
[2026-02-20 16:41:52] DEBUG: 	long_tip_length=100000
[2026-02-20 16:41:52] DEBUG: Running with k-mer size: 17
[2026-02-20 16:41:52] DEBUG: Running with minimum overlap 1000
[2026-02-20 16:41:52] DEBUG: Metagenome mode: Y
[2026-02-20 16:41:52] DEBUG: Short mode: N
[2026-02-20 16:41:52] INFO: Reading sequences
[2026-02-20 16:41:52] DEBUG: Building positional index
[2026-02-20 16:41:52] DEBUG: Total sequence: 2813146 bp
[2026-02-20 16:41:52] INFO: Building minimizer index
[2026-02-20 16:41:52] INFO: Pre-calculating index storage
[2026-02-20 16:41:52] DEBUG: Mean k-mer frequency: 1.29104
[2026-02-20 16:41:52] DEBUG: Repetitive k-mer frequency: 129
[2026-02-20 16:41:52] DEBUG: Filtered 1042 repetitive k-mers (0.00204901)
[2026-02-20 16:41:52] INFO: Filling index
[2026-02-20 16:41:52] DEBUG: Sorting k-mer index
[2026-02-20 16:41:52] DEBUG: Selected k-mers: 393893
[2026-02-20 16:41:52] DEBUG: K-mer index size: 507497
[2026-02-20 16:41:52] DEBUG: Mean k-mer frequency: 1.28841
[2026-02-20 16:41:52] DEBUG: Minimizer rate: 5.54318
[2026-02-20 16:41:52] DEBUG: Peak RAM usage: 0 Gb
[2026-02-20 16:41:52] DEBUG: Estimating k-mer identity bias
[2026-02-20 16:41:52] DEBUG: Initial divergence estimate : 0.00820419
[2026-02-20 16:41:52] DEBUG: Relative threshold: Y
[2026-02-20 16:41:52] DEBUG: Max divergence threshold set to 0.0382042
[2026-02-20 16:41:52] INFO: Extending reads
[2026-02-20 16:41:52] DEBUG: Estimating overlap coverage
[2026-02-20 16:41:53] INFO: Overlap-based coverage: 1
[2026-02-20 16:41:53] INFO: Median overlap divergence: 0.00759734
[2026-02-20 16:41:53] DEBUG: Sequence divergence distribution: 

    |*      |                                                                                            
    |*      |                                                                                            
    |**     |                                                                                            
    |**     |                                                                                            
    |**     |                                                                                            
    |**     |                                                                                            
    |**     |                                                                                            
    |**     |                                                                                            
    |**     |                                                                                            
    |**     |                                                                                            
    |**     |                                                                                            
    |***    |                                                                                            
    |***    |                                                                                            
    |***    |                                                                                            
    |***    |                                                                                            
    |***    |                                                                                            
    |****   |                                                                                            
    |**** * |                                                                                            
    |****** **                                                                                           
    |************** * ** **   *            **                     **                                     
    ----------------------------------------------------------------------------------------------------
    0%        5%        10%       15%       20%       25%       30%       35%       40%       45%       

    Q25 = 0.0037, Q50 = 0.0076, Q75 = 0.015

[2026-02-20 16:41:53] DEBUG: Assembled disjointig 1
	With 1 reads
	Start read: +f1c1410c-6362-4ef5-a245-466e07b78ef8
	At position: 1
	leftTip: 1 rightTip: 1
	Suspicious: 0
	Short ext: 0
	Mean extensions: 0
	Avg overlap len: 0
	Min overlap len: 0
	Inner reads: 0
	Length: 2960
[2026-02-20 16:41:53] DEBUG: Inner: 6 covered: 69 total: 1598
[2026-02-20 16:41:53] DEBUG: Assembled disjointig 2
	With 2 reads
	Start read: +54033626-a29c-4a26-8357-7ecaff2f9d3f
	At position: 1
	leftTip: 1 rightTip: 1
	Suspicious: 1
	Short ext: 0
	Mean extensions: 0
	Avg overlap len: 2059
	Min overlap len: 2059
	Inner reads: 0
	Length: 5163
[2026-02-20 16:41:53] DEBUG: Inner: 12 covered: 92 total: 1598
[2026-02-20 16:41:53] DEBUG: Assembled disjointig 3
	With 1 reads
	Start read: +90e40119-e069-4ca8-8485-275e80e72d75
	At position: 1
	leftTip: 1 rightTip: 1
	Suspicious: 0
	Short ext: 0
	Mean extensions: 0
	Avg overlap len: 0
	Min overlap len: 0
	Inner reads: 0
	Length: 2616
[2026-02-20 16:41:53] DEBUG: Inner: 16 covered: 111 total: 1598
[2026-02-20 16:41:53] DEBUG: Assembled disjointig 4
	With 1 reads
	Start read: +96779654-8bed-4c9e-9858-4e5d76582f98
	At position: 1
	leftTip: 1 rightTip: 1
	Suspicious: 0
	Short ext: 0
	Mean extensions: 0
	Avg overlap len: 0
	Min overlap len: 0
	Inner reads: 0
	Length: 3149
[2026-02-20 16:41:53] DEBUG: Inner: 20 covered: 134 total: 1598
[2026-02-20 16:41:53] DEBUG: Assembled disjointig 5
	With 2 reads
	Start read: +272addb6-fe3c-4fcc-a5b2-60e001685807
	At position: 2
	leftTip: 1 rightTip: 1
	Suspicious: 1
	Short ext: 0
	Mean extensions: 0
	Avg overlap len: 1559
	Min overlap len: 1559
	Inner reads: 0
	Length: 9027
[2026-02-20 16:41:53] DEBUG: Inner: 26 covered: 159 total: 1598
[2026-02-20 16:41:53] DEBUG: Assembled disjointig 6
	With 2 reads
	Start read: +35e88dee-620d-4466-9525-54ddb3328e49
	At position: 1
	leftTip: 1 rightTip: 1
	Suspicious: 1
	Short ext: 0
	Mean extensions: 0
	Avg overlap len: 5413
	Min overlap len: 5413
	Inner reads: 0
	Length: 10629
[2026-02-20 16:41:53] DEBUG: Inner: 32 covered: 188 total: 1598
[2026-02-20 16:41:53] DEBUG: Assembled disjointig 7
	With 3 reads
	Start read: +fc173605-7792-459e-9b02-c2dc21d0cf36
	At position: 1
	leftTip: 1 rightTip: 1
	Suspicious: 1
	Short ext: 0
	Mean extensions: 1
	Avg overlap len: 6026
	Min overlap len: 4368
	Inner reads: 0
	Length: 17482
[2026-02-20 16:41:53] DEBUG: Inner: 50 covered: 216 total: 1598
[2026-02-20 16:41:53] DEBUG: Assembled disjointig 8
	With 2 reads
	Start read: +41b93b37-495a-4f94-ba7b-7e42c53d1982
	At position: 1
	leftTip: 1 rightTip: 1
	Suspicious: 1
	Short ext: 0
	Mean extensions: 0
	Avg overlap len: 1794
	Min overlap len: 1794
	Inner reads: 0
	Length: 5827
[2026-02-20 16:41:53] DEBUG: Inner: 56 covered: 238 total: 1598
[2026-02-20 16:41:53] DEBUG: Assembled disjointig 9
	With 2 reads
	Start read: +3d09d960-932d-4f4c-b005-1e8137936f63
	At position: 1
	leftTip: 1 rightTip: 1
	Suspicious: 1
	Short ext: 0
	Mean extensions: 0
	Avg overlap len: 2719
	Min overlap len: 2719
	Inner reads: 0
	Length: 8448
[2026-02-20 16:41:53] DEBUG: Inner: 64 covered: 289 total: 1598
[2026-02-20 16:41:53] DEBUG: Assembled disjointig 10
	With 1 reads
	Start read: +ec8c9433-cf25-47d9-8c9c-ce3165077f53
	At position: 1
	leftTip: 1 rightTip: 1
	Suspicious: 0
	Short ext: 0
	Mean extensions: 0
	Avg overlap len: 0
	Min overlap len: 0
	Inner reads: 0
	Length: 3143
[2026-02-20 16:41:53] DEBUG: Inner: 68 covered: 300 total: 1598
[2026-02-20 16:41:53] DEBUG: Assembled disjointig 11
	With 1 reads
	Start read: +33c00caa-76d8-4483-ad2e-2a553ac31da1
	At position: 1
	leftTip: 1 rightTip: 1
	Suspicious: 0
	Short ext: 0
	Mean extensions: 0
	Avg overlap len: 0
	Min overlap len: 0
	Inner reads: 0
	Length: 3550
[2026-02-20 16:41:53] DEBUG: Inner: 72 covered: 355 total: 1598
[2026-02-20 16:41:53] DEBUG: Assembled disjointig 12
	With 1 reads
	Start read: +1a53615e-5c06-429c-9e57-19368191bde3
	At position: 1
	leftTip: 1 rightTip: 1
	Suspicious: 0
	Short ext: 0
	Mean extensions: 0
	Avg overlap len: 0
	Min overlap len: 0
	Inner reads: 0
	Length: 2492
[2026-02-20 16:41:53] DEBUG: Inner: 76 covered: 380 total: 1598
[2026-02-20 16:41:53] DEBUG: Assembled disjointig 13
	With 2 reads
	Start read: +b5bab08c-ee24-4760-8004-012a5c6e26db
	At position: 1
	leftTip: 1 rightTip: 1
	Suspicious: 1
	Short ext: 0
	Mean extensions: 0
	Avg overlap len: 2370
	Min overlap len: 2370
	Inner reads: 0
	Length: 3897
[2026-02-20 16:41:53] DEBUG: Inner: 80 covered: 418 total: 1598
[2026-02-20 16:41:53] DEBUG: Assembled disjointig 14
	With 2 reads
	Start read: +ae7d1a5e-0609-49ef-9a75-412875d7fb19
	At position: 2
	leftTip: 1 rightTip: 1
	Suspicious: 1
	Short ext: 0
	Mean extensions: 0
	Avg overlap len: 1691
	Min overlap len: 1691
	Inner reads: 0
	Length: 5949
[2026-02-20 16:41:53] DEBUG: Inner: 86 covered: 434 total: 1598
[2026-02-20 16:41:53] DEBUG: Assembled disjointig 15
	With 2 reads
	Start read: +36f01cac-9522-436b-b657-fff830b497db
	At position: 1
	leftTip: 1 rightTip: 1
	Suspicious: 1
	Short ext: 0
	Mean extensions: 0
	Avg overlap len: 3343
	Min overlap len: 3343
	Inner reads: 0
	Length: 8616
[2026-02-20 16:41:53] DEBUG: Inner: 96 covered: 464 total: 1598
[2026-02-20 16:41:53] DEBUG: Assembled disjointig 16
	With 2 reads
	Start read: +2b63b198-e363-4936-bf47-4db673176b18
	At position: 2
	leftTip: 1 rightTip: 1
	Suspicious: 1
	Short ext: 0
	Mean extensions: 0
	Avg overlap len: 2405
	Min overlap len: 2405
	Inner reads: 0
	Length: 5750
[2026-02-20 16:41:53] DEBUG: Inner: 102 covered: 529 total: 1598
[2026-02-20 16:41:53] DEBUG: Assembled disjointig 17
	With 2 reads
	Start read: +fc432cd7-63c9-4ad2-8622-f8f5b6a93e58
	At position: 1
	leftTip: 1 rightTip: 1
	Suspicious: 1
	Short ext: 0
	Mean extensions: 1
	Avg overlap len: 6145
	Min overlap len: 6145
	Inner reads: 0
	Length: 8634
[2026-02-20 16:41:53] DEBUG: Inner: 108 covered: 558 total: 1598
[2026-02-20 16:41:53] DEBUG: Assembled disjointig 18
	With 1 reads
	Start read: +86a3ff8f-cb57-45ac-b899-96306c575a2e
	At position: 1
	leftTip: 1 rightTip: 1
	Suspicious: 0
	Short ext: 0
	Mean extensions: 0
	Avg overlap len: 0
	Min overlap len: 0
	Inner reads: 0
	Length: 2452
[2026-02-20 16:41:53] DEBUG: Inner: 110 covered: 568 total: 1598
[2026-02-20 16:41:53] DEBUG: Assembled disjointig 19
	With 2 reads
	Start read: +0d48f563-2990-475a-983e-53e1f0c8e0d6
	At position: 1
	leftTip: 1 rightTip: 1
	Suspicious: 1
	Short ext: 0
	Mean extensions: 0
	Avg overlap len: 4022
	Min overlap len: 4022
	Inner reads: 0
	Length: 18716
[2026-02-20 16:41:53] DEBUG: Inner: 116 covered: 580 total: 1598
[2026-02-20 16:41:53] DEBUG: Assembled disjointig 20
	With 6 reads
	Start read: +0ccc1a70-3b54-4f3a-b8d4-d93f2a0fa17a
	At position: 4
	leftTip: 1 rightTip: 1
	Suspicious: 4
	Short ext: 0
	Mean extensions: 1
	Avg overlap len: 3209
	Min overlap len: 1019
	Inner reads: 0
	Length: 38686
[2026-02-20 16:41:53] DEBUG: Inner: 132 covered: 601 total: 1598
[2026-02-20 16:41:53] DEBUG: Assembled disjointig 21
	With 4 reads
	Start read: +9849a29f-a095-493d-8ca0-f8ada9bad7cc
	At position: 1
	leftTip: 1 rightTip: 1
	Suspicious: 2
	Short ext: 0
	Mean extensions: 1
	Avg overlap len: 3118
	Min overlap len: 1571
	Inner reads: 0
	Length: 13735
[2026-02-20 16:41:53] DEBUG: Inner: 144 covered: 610 total: 1598
[2026-02-20 16:41:53] DEBUG: Assembled disjointig 22
	With 2 reads
	Start read: +45b3ffe1-91eb-4b5a-828f-006227a73808
	At position: 2
	leftTip: 1 rightTip: 1
	Suspicious: 1
	Short ext: 0
	Mean extensions: 0
	Avg overlap len: 5014
	Min overlap len: 5014
	Inner reads: 0
	Length: 9468
[2026-02-20 16:41:53] DEBUG: Inner: 148 covered: 650 total: 1598
[2026-02-20 16:41:53] DEBUG: Assembled disjointig 23
	With 2 reads
	Start read: +ce34110d-478e-4323-b837-0e96193d2c1e
	At position: 1
	leftTip: 1 rightTip: 1
	Suspicious: 1
	Short ext: 0
	Mean extensions: 0
	Avg overlap len: 2193
	Min overlap len: 2193
	Inner reads: 0
	Length: 19341
[2026-02-20 16:41:53] DEBUG: Inner: 158 covered: 672 total: 1598
[2026-02-20 16:41:53] DEBUG: Assembled disjointig 24
	With 2 reads
	Start read: +81b1190c-cb36-4320-a568-993f7c33b4ec
	At position: 1
	leftTip: 1 rightTip: 1
	Suspicious: 1
	Short ext: 0
	Mean extensions: 1
	Avg overlap len: 3060
	Min overlap len: 3060
	Inner reads: 0
	Length: 18235
[2026-02-20 16:41:53] DEBUG: Inner: 168 covered: 690 total: 1598
[2026-02-20 16:41:53] DEBUG: Assembled disjointig 25
	With 1 reads
	Start read: +0813fcab-8a5d-477e-8361-fdcdff4e47a5
	At position: 1
	leftTip: 1 rightTip: 1
	Suspicious: 0
	Short ext: 0
	Mean extensions: 0
	Avg overlap len: 0
	Min overlap len: 0
	Inner reads: 0
	Length: 2422
[2026-02-20 16:41:53] DEBUG: Inner: 172 covered: 744 total: 1598
[2026-02-20 16:41:53] DEBUG: Assembled disjointig 26
	With 2 reads
	Start read: +84f54314-01a0-4749-852d-fbf9e00bccf3
	At position: 1
	leftTip: 1 rightTip: 1
	Suspicious: 1
	Short ext: 0
	Mean extensions: 0
	Avg overlap len: 2402
	Min overlap len: 2402
	Inner reads: 0
	Length: 4901
[2026-02-20 16:41:53] DEBUG: Inner: 178 covered: 762 total: 1598
[2026-02-20 16:41:53] DEBUG: Assembled disjointig 27
	With 2 reads
	Start read: +399ffe87-8046-4a82-8cfa-f78ce9a48f5c
	At position: 2
	leftTip: 1 rightTip: 1
	Suspicious: 1
	Short ext: 0
	Mean extensions: 0
	Avg overlap len: 2604
	Min overlap len: 2604
	Inner reads: 0
	Length: 9074
[2026-02-20 16:41:53] DEBUG: Inner: 186 covered: 778 total: 1598
[2026-02-20 16:41:53] DEBUG: Assembled disjointig 28
	With 5 reads
	Start read: +cd19359b-4d16-4416-a0b6-a9595970b696
	At position: 3
	leftTip: 1 rightTip: 0
	Suspicious: 3
	Short ext: 0
	Mean extensions: 1
	Avg overlap len: 2490
	Min overlap len: 1829
	Inner reads: 0
	Length: 35505
[2026-02-20 16:41:53] DEBUG: Inner: 198 covered: 789 total: 1598
[2026-02-20 16:41:53] DEBUG: Assembled disjointig 29
	With 1 reads
	Start read: +d246a338-16a7-43d8-9c27-5014804a373b
	At position: 1
	leftTip: 1 rightTip: 1
	Suspicious: 0
	Short ext: 0
	Mean extensions: 0
	Avg overlap len: 0
	Min overlap len: 0
	Inner reads: 0
	Length: 5700
[2026-02-20 16:41:53] DEBUG: Inner: 212 covered: 804 total: 1598
[2026-02-20 16:41:53] DEBUG: Assembled disjointig 30
	With 2 reads
	Start read: +891cd5e7-7935-496a-a1c0-1f7bf2788b66
	At position: 1
	leftTip: 1 rightTip: 1
	Suspicious: 1
	Short ext: 0
	Mean extensions: 1
	Avg overlap len: 2951
	Min overlap len: 2951
	Inner reads: 0
	Length: 4611
[2026-02-20 16:41:53] DEBUG: Inner: 216 covered: 809 total: 1598
[2026-02-20 16:41:53] DEBUG: Assembled disjointig 31
	With 2 reads
	Start read: +e5591bf0-b407-4802-97eb-22d4bbabd105
	At position: 1
	leftTip: 1 rightTip: 1
	Suspicious: 1
	Short ext: 0
	Mean extensions: 1
	Avg overlap len: 5437
	Min overlap len: 5437
	Inner reads: 0
	Length: 20749
[2026-02-20 16:41:53] DEBUG: Inner: 226 covered: 830 total: 1598
[2026-02-20 16:41:53] DEBUG: Assembled disjointig 32
	With 1 reads
	Start read: +52d536ad-dc3f-4a3e-bd54-34141abffb9f
	At position: 1
	leftTip: 1 rightTip: 1
	Suspicious: 0
	Short ext: 0
	Mean extensions: 0
	Avg overlap len: 0
	Min overlap len: 0
	Inner reads: 0
	Length: 3638
[2026-02-20 16:41:53] DEBUG: Inner: 230 covered: 852 total: 1598
[2026-02-20 16:41:53] DEBUG: Assembled disjointig 33
	With 2 reads
	Start read: +fbe97c44-132c-488d-abb3-085aceae9619
	At position: 1
	leftTip: 1 rightTip: 1
	Suspicious: 1
	Short ext: 0
	Mean extensions: 1
	Avg overlap len: 2505
	Min overlap len: 2505
	Inner reads: 0
	Length: 7507
[2026-02-20 16:41:53] DEBUG: Inner: 234 covered: 898 total: 1598
[2026-02-20 16:41:53] DEBUG: Assembled disjointig 34
	With 2 reads
	Start read: +5d6405ee-d62b-4dff-8a5a-fad424a4a053
	At position: 1
	leftTip: 1 rightTip: 1
	Suspicious: 1
	Short ext: 0
	Mean extensions: 0
	Avg overlap len: 4683
	Min overlap len: 4683
	Inner reads: 0
	Length: 12513
[2026-02-20 16:41:53] DEBUG: Inner: 238 covered: 908 total: 1598
[2026-02-20 16:41:53] DEBUG: Assembled disjointig 35
	With 2 reads
	Start read: +aa18482d-ac71-4ee4-ac15-85b31dd573c4
	At position: 1
	leftTip: 1 rightTip: 1
	Suspicious: 1
	Short ext: 0
	Mean extensions: 1
	Avg overlap len: 4025
	Min overlap len: 4025
	Inner reads: 0
	Length: 6837
[2026-02-20 16:41:53] DEBUG: Inner: 246 covered: 932 total: 1598
[2026-02-20 16:41:53] DEBUG: Assembled disjointig 36
	With 2 reads
	Start read: +a9d8af14-ab4d-4204-8ee8-e5fbe57921d3
	At position: 2
	leftTip: 1 rightTip: 1
	Suspicious: 1
	Short ext: 0
	Mean extensions: 0
	Avg overlap len: 3596
	Min overlap len: 3596
	Inner reads: 0
	Length: 5947
[2026-02-20 16:41:53] DEBUG: Inner: 250 covered: 952 total: 1598
[2026-02-20 16:41:53] DEBUG: Assembled disjointig 37
	With 2 reads
	Start read: +534caac5-72e7-4af9-9af3-a746835b896a
	At position: 1
	leftTip: 1 rightTip: 1
	Suspicious: 1
	Short ext: 0
	Mean extensions: 0
	Avg overlap len: 1608
	Min overlap len: 1608
	Inner reads: 0
	Length: 4766
[2026-02-20 16:41:53] DEBUG: Inner: 258 covered: 972 total: 1598
[2026-02-20 16:41:53] DEBUG: Assembled disjointig 38
	With 3 reads
	Start read: +01a36813-0343-4430-8774-df1ee1f5b030
	At position: 1
	leftTip: 1 rightTip: 1
	Suspicious: 1
	Short ext: 0
	Mean extensions: 1
	Avg overlap len: 7319
	Min overlap len: 2381
	Inner reads: 0
	Length: 9866
[2026-02-20 16:41:53] DEBUG: Inner: 268 covered: 990 total: 1598
[2026-02-20 16:41:53] DEBUG: Assembled disjointig 39
	With 1 reads
	Start read: +c6b4653b-f417-4bf3-a905-f23fcfbdfbdc
	At position: 1
	leftTip: 1 rightTip: 1
	Suspicious: 0
	Short ext: 0
	Mean extensions: 0
	Avg overlap len: 0
	Min overlap len: 0
	Inner reads: 0
	Length: 3685
[2026-02-20 16:41:53] DEBUG: Inner: 274 covered: 1002 total: 1598
[2026-02-20 16:41:53] DEBUG: Assembled disjointig 40
	With 2 reads
	Start read: +870addb5-5110-48a2-924c-7e5113ef9dcc
	At position: 1
	leftTip: 1 rightTip: 1
	Suspicious: 1
	Short ext: 0
	Mean extensions: 0
	Avg overlap len: 3493
	Min overlap len: 3493
	Inner reads: 0
	Length: 6146
[2026-02-20 16:41:53] DEBUG: Inner: 278 covered: 1025 total: 1598
[2026-02-20 16:41:53] DEBUG: Assembled disjointig 41
	With 2 reads
	Start read: +abfb8776-02db-40a3-8e8d-4793a06a73aa
	At position: 1
	leftTip: 1 rightTip: 1
	Suspicious: 1
	Short ext: 0
	Mean extensions: 1
	Avg overlap len: 2459
	Min overlap len: 2459
	Inner reads: 0
	Length: 4116
[2026-02-20 16:41:53] DEBUG: Inner: 284 covered: 1036 total: 1598
[2026-02-20 16:41:53] DEBUG: Assembled disjointig 42
	With 3 reads
	Start read: +3a605ad7-0f8b-49ef-9c3d-d39a24d6c5e3
	At position: 1
	leftTip: 1 rightTip: 1
	Suspicious: 1
	Short ext: 0
	Mean extensions: 1
	Avg overlap len: 4995
	Min overlap len: 2642
	Inner reads: 0
	Length: 7642
[2026-02-20 16:41:53] DEBUG: Inner: 292 covered: 1064 total: 1598
[2026-02-20 16:41:53] DEBUG: Assembled disjointig 43
	With 2 reads
	Start read: +3426cc23-d7e2-4992-8cf2-165a0c444338
	At position: 2
	leftTip: 1 rightTip: 1
	Suspicious: 1
	Short ext: 0
	Mean extensions: 0
	Avg overlap len: 3190
	Min overlap len: 3190
	Inner reads: 0
	Length: 7660
[2026-02-20 16:41:53] DEBUG: Inner: 298 covered: 1068 total: 1598
[2026-02-20 16:41:53] DEBUG: Assembled disjointig 44
	With 2 reads
	Start read: +34493f5b-5205-4241-86f2-18606be99c88
	At position: 1
	leftTip: 1 rightTip: 1
	Suspicious: 1
	Short ext: 0
	Mean extensions: 0
	Avg overlap len: 2678
	Min overlap len: 2678
	Inner reads: 0
	Length: 9679
[2026-02-20 16:41:53] DEBUG: Inner: 302 covered: 1081 total: 1598
[2026-02-20 16:41:53] DEBUG: Assembled disjointig 45
	With 1 reads
	Start read: +911fc7a2-fc2a-44cd-abd8-204269d0b2a9
	At position: 1
	leftTip: 1 rightTip: 1
	Suspicious: 0
	Short ext: 0
	Mean extensions: 0
	Avg overlap len: 0
	Min overlap len: 0
	Inner reads: 0
	Length: 3781
[2026-02-20 16:41:53] DEBUG: Inner: 308 covered: 1124 total: 1598
[2026-02-20 16:41:53] DEBUG: Assembled disjointig 46
	With 2 reads
	Start read: +5200e6cf-901e-49b7-877c-28b04e0829df
	At position: 2
	leftTip: 1 rightTip: 1
	Suspicious: 1
	Short ext: 0
	Mean extensions: 0
	Avg overlap len: 3278
	Min overlap len: 3278
	Inner reads: 0
	Length: 6330
[2026-02-20 16:41:53] DEBUG: Inner: 314 covered: 1150 total: 1598
[2026-02-20 16:41:53] DEBUG: Assembled disjointig 47
	With 2 reads
	Start read: +686c491c-7d94-4e6c-a5e8-0eb897ec5d13
	At position: 1
	leftTip: 1 rightTip: 1
	Suspicious: 1
	Short ext: 0
	Mean extensions: 0
	Avg overlap len: 2446
	Min overlap len: 2446
	Inner reads: 0
	Length: 11369
[2026-02-20 16:41:53] DEBUG: Inner: 320 covered: 1163 total: 1598
[2026-02-20 16:41:53] DEBUG: Assembled disjointig 48
	With 1 reads
	Start read: +cfd10aba-470a-4da4-9811-a4caf2a506f5
	At position: 1
	leftTip: 1 rightTip: 1
	Suspicious: 0
	Short ext: 0
	Mean extensions: 0
	Avg overlap len: 0
	Min overlap len: 0
	Inner reads: 0
	Length: 3103
[2026-02-20 16:41:53] DEBUG: Inner: 326 covered: 1168 total: 1598
[2026-02-20 16:41:53] DEBUG: Assembled disjointig 49
	With 1 reads
	Start read: +f8b90d50-f0f2-4255-bd8d-5ae92999b920
	At position: 1
	leftTip: 1 rightTip: 1
	Suspicious: 0
	Short ext: 0
	Mean extensions: 0
	Avg overlap len: 0
	Min overlap len: 0
	Inner reads: 0
	Length: 2960
[2026-02-20 16:41:53] DEBUG: Inner: 330 covered: 1182 total: 1598
[2026-02-20 16:41:53] DEBUG: Assembled disjointig 50
	With 2 reads
	Start read: +5ebfda1d-5509-496f-890d-bfeda8a8ea45
	At position: 1
	leftTip: 1 rightTip: 1
	Suspicious: 1
	Short ext: 0
	Mean extensions: 0
	Avg overlap len: 2509
	Min overlap len: 2509
	Inner reads: 0
	Length: 8245
[2026-02-20 16:41:53] DEBUG: Inner: 334 covered: 1238 total: 1598
[2026-02-20 16:41:53] DEBUG: Assembled disjointig 51
	With 2 reads
	Start read: +c279dc2f-f75e-427a-bf49-9532d98abd93
	At position: 1
	leftTip: 1 rightTip: 1
	Suspicious: 1
	Short ext: 0
	Mean extensions: 0
	Avg overlap len: 4414
	Min overlap len: 4414
	Inner reads: 0
	Length: 8086
[2026-02-20 16:41:53] DEBUG: Inner: 342 covered: 1266 total: 1598
[2026-02-20 16:41:53] DEBUG: Assembled disjointig 52
	With 1 reads
	Start read: +c5ac8a9c-a100-4ee3-957c-3bece4978197
	At position: 1
	leftTip: 1 rightTip: 1
	Suspicious: 0
	Short ext: 0
	Mean extensions: 0
	Avg overlap len: 0
	Min overlap len: 0
	Inner reads: 0
	Length: 2613
[2026-02-20 16:41:53] DEBUG: Inner: 346 covered: 1289 total: 1598
[2026-02-20 16:41:53] DEBUG: Assembled disjointig 53
	With 2 reads
	Start read: +f3ec8e97-4bd9-4876-814b-39aafff5c38e
	At position: 2
	leftTip: 1 rightTip: 1
	Suspicious: 1
	Short ext: 0
	Mean extensions: 0
	Avg overlap len: 2678
	Min overlap len: 2678
	Inner reads: 0
	Length: 6226
[2026-02-20 16:41:53] DEBUG: Inner: 350 covered: 1302 total: 1598
[2026-02-20 16:41:53] DEBUG: Assembled disjointig 54
	With 4 reads
	Start read: +d64af6e7-92df-4e19-b05b-12159c39d675
	At position: 4
	leftTip: 1 rightTip: 1
	Suspicious: 1
	Short ext: 0
	Mean extensions: 1
	Avg overlap len: 3443
	Min overlap len: 3165
	Inner reads: 0
	Length: 11323
[2026-02-20 16:41:53] DEBUG: Inner: 360 covered: 1308 total: 1598
[2026-02-20 16:41:53] DEBUG: Assembled disjointig 55
	With 2 reads
	Start read: +05fe15f5-d71a-476b-99c4-90b4212ebcf8
	At position: 2
	leftTip: 1 rightTip: 1
	Suspicious: 1
	Short ext: 0
	Mean extensions: 0
	Avg overlap len: 2272
	Min overlap len: 2272
	Inner reads: 0
	Length: 3855
[2026-02-20 16:41:53] DEBUG: Inner: 364 covered: 1380 total: 1598
[2026-02-20 16:41:53] DEBUG: Assembled disjointig 56
	With 2 reads
	Start read: +369f76e1-18a0-4c84-a45f-7157aca42488
	At position: 2
	leftTip: 1 rightTip: 1
	Suspicious: 1
	Short ext: 0
	Mean extensions: 0
	Avg overlap len: 1765
	Min overlap len: 1765
	Inner reads: 0
	Length: 6221
[2026-02-20 16:41:53] DEBUG: Inner: 374 covered: 1507 total: 1598
[2026-02-20 16:41:53] DEBUG: Assembled disjointig 57
	With 3 reads
	Start read: +9ae66783-3868-47de-8b2a-84cce0a33931
	At position: 2
	leftTip: 1 rightTip: 1
	Suspicious: 2
	Short ext: 0
	Mean extensions: 1
	Avg overlap len: 3353
	Min overlap len: 2794
	Inner reads: 0
	Length: 13023
[2026-02-20 16:41:53] DEBUG: Inner: 380 covered: 1574 total: 1598
[2026-02-20 16:41:53] DEBUG: Assembled disjointig 58
	With 1 reads
	Start read: +ba0291b3-f100-495b-a819-26f8f5048df8
	At position: 1
	leftTip: 1 rightTip: 1
	Suspicious: 0
	Short ext: 0
	Mean extensions: 0
	Avg overlap len: 0
	Min overlap len: 0
	Inner reads: 0
	Length: 4293
[2026-02-20 16:41:53] DEBUG: Inner: 384 covered: 1598 total: 1598
[2026-02-20 16:41:53] DEBUG: Assembled disjointig 59
	With 1 reads
	Start read: +e73ce984-0c0c-4a86-bf45-a733b7c11e53
	At position: 1
	leftTip: 1 rightTip: 1
	Suspicious: 0
	Short ext: 0
	Mean extensions: 0
	Avg overlap len: 0
	Min overlap len: 0
	Inner reads: 0
	Length: 2812
[2026-02-20 16:41:53] DEBUG: Inner: 388 covered: 1598 total: 1598
[2026-02-20 16:41:53] INFO: Assembled 59 disjointigs
[2026-02-20 16:41:53] INFO: Generating sequence
[2026-02-20 16:41:53] DEBUG: Building positional index
[2026-02-20 16:41:53] DEBUG: Total sequence: 495168 bp
[2026-02-20 16:41:53] DEBUG: Mean k-mer frequency: 1.04964
[2026-02-20 16:41:53] DEBUG: Repetitive k-mer frequency: 104
[2026-02-20 16:41:53] DEBUG: Filtered 164 repetitive k-mers (0.0018306)
[2026-02-20 16:41:53] DEBUG: Sorting k-mer index
[2026-02-20 16:41:53] DEBUG: Selected k-mers: 85349
[2026-02-20 16:41:53] DEBUG: K-mer index size: 89424
[2026-02-20 16:41:53] DEBUG: Mean k-mer frequency: 1.04775
[2026-02-20 16:41:53] DEBUG: Minimizer rate: 5.53731
[2026-02-20 16:41:53] INFO: Filtering contained disjointigs
[2026-02-20 16:41:53] DEBUG: Computing transitive closure for overlaps
[2026-02-20 16:41:53] DEBUG: Found 10 overlaps
[2026-02-20 16:41:53] DEBUG: Left 4 overlaps after filtering
[2026-02-20 16:41:53] INFO: Contained seqs: 1
[2026-02-20 16:41:53] DEBUG: Writing FASTA
[2026-02-20 16:41:53] DEBUG: Peak RAM usage: 0 Gb
-----------End assembly log------------
[2026-02-20 16:41:53] root: DEBUG: Disjointigs length: 489341, N50: 9857
[2026-02-20 16:41:53] root: INFO: >>>STAGE: consensus
[2026-02-20 16:41:53] root: INFO: Running Minimap2
[2026-02-20 16:41:54] root: INFO: Computing consensus
[2026-02-20 16:41:54] root: INFO: Alignment error rate: 0.019311
[2026-02-20 16:41:54] root: INFO: >>>STAGE: repeat
[2026-02-20 16:41:54] root: INFO: Building and resolving repeat graph
[2026-02-20 16:41:54] root: DEBUG: -----Begin repeat analyser log------
[2026-02-20 16:41:54] root: DEBUG: Running: flye-modules repeat --disjointigs /scratch/ky/characterization/results/barcode12/assembly/10-consensus/consensus.fasta --reads /scratch/ky/characterization/FASTQ/SQK-RBK114-96_barcode12.fastq --out-dir /scratch/ky/characterization/results/barcode12/assembly/20-repeat --config /data/softs/Miniforge3-25.11.0-0/envs/flye-2.9.6/lib/python3.12/site-packages/flye/config/bin_cfg/asm_nano_hq.cfg --log /scratch/ky/characterization/results/barcode12/assembly/flye.log --threads 16 --meta --min-ovlp 1000
[2026-02-20 16:41:54] DEBUG: Build date: May  4 2025 23:18:08
[2026-02-20 16:41:54] DEBUG: Total RAM: 251 Gb
[2026-02-20 16:41:54] DEBUG: Available RAM: 247 Gb
[2026-02-20 16:41:54] DEBUG: Total CPUs: 32
[2026-02-20 16:41:54] DEBUG: Loading /data/softs/Miniforge3-25.11.0-0/envs/flye-2.9.6/lib/python3.12/site-packages/flye/config/bin_cfg/asm_nano_hq.cfg
[2026-02-20 16:41:54] DEBUG: Loading /data/softs/Miniforge3-25.11.0-0/envs/flye-2.9.6/lib/python3.12/site-packages/flye/config/bin_cfg/asm_defaults.cfg
[2026-02-20 16:41:54] DEBUG: 	big_genome_threshold=29000000
[2026-02-20 16:41:54] DEBUG: 	meta_read_filter_kmer_freq=100
[2026-02-20 16:41:54] DEBUG: 	chain_large_gap_penalty=2
[2026-02-20 16:41:54] DEBUG: 	chain_small_gap_penalty=0.5
[2026-02-20 16:41:54] DEBUG: 	chain_gap_jump_threshold=100
[2026-02-20 16:41:54] DEBUG: 	max_jump_gap=500
[2026-02-20 16:41:54] DEBUG: 	max_coverage_drop_rate=5
[2026-02-20 16:41:54] DEBUG: 	max_extensions_drop_rate=5
[2026-02-20 16:41:54] DEBUG: 	chimera_window=100
[2026-02-20 16:41:54] DEBUG: 	chimera_overhang=1000
[2026-02-20 16:41:54] DEBUG: 	min_reads_in_disjointig=4
[2026-02-20 16:41:54] DEBUG: 	max_inner_reads=10
[2026-02-20 16:41:54] DEBUG: 	max_inner_fraction=0.25
[2026-02-20 16:41:54] DEBUG: 	aggressive_dup_filter=1
[2026-02-20 16:41:54] DEBUG: 	max_separation=500
[2026-02-20 16:41:54] DEBUG: 	unique_edge_length=50000
[2026-02-20 16:41:54] DEBUG: 	min_repeat_res_support=0.51
[2026-02-20 16:41:54] DEBUG: 	out_paths_ratio=5
[2026-02-20 16:41:54] DEBUG: 	graph_cov_drop_rate=5
[2026-02-20 16:41:54] DEBUG: 	coverage_estimate_window=100
[2026-02-20 16:41:54] DEBUG: 	max_bubble_length=50000
[2026-02-20 16:41:54] DEBUG: 	loop_coverage_rate=1.5
[2026-02-20 16:41:54] DEBUG: 	repeat_edge_cov_mult=1.75
[2026-02-20 16:41:54] DEBUG: 	weak_detach_rate=5
[2026-02-20 16:41:54] DEBUG: 	tip_coverage_rate=2
[2026-02-20 16:41:54] DEBUG: 	tip_length_rate=2
[2026-02-20 16:41:54] DEBUG: 	output_gfa_before_rr=1
[2026-02-20 16:41:54] DEBUG: 	remove_alt_edges=0
[2026-02-20 16:41:54] DEBUG: 	low_cutoff_warning=0
[2026-02-20 16:41:54] DEBUG: 	kmer_size=17
[2026-02-20 16:41:54] DEBUG: 	use_minimizers=1
[2026-02-20 16:41:54] DEBUG: 	minimizer_window=10
[2026-02-20 16:41:54] DEBUG: 	reads_base_alignment=1
[2026-02-20 16:41:54] DEBUG: 	meta_read_top_kmer_rate=0.75
[2026-02-20 16:41:54] DEBUG: 	maximum_jump=1500
[2026-02-20 16:41:54] DEBUG: 	maximum_overhang=1500
[2026-02-20 16:41:54] DEBUG: 	repeat_kmer_rate=100
[2026-02-20 16:41:54] DEBUG: 	assemble_ovlp_divergence=0.03
[2026-02-20 16:41:54] DEBUG: 	assemble_divergence_relative=1
[2026-02-20 16:41:54] DEBUG: 	repeat_graph_ovlp_divergence=0.03
[2026-02-20 16:41:54] DEBUG: 	read_align_ovlp_divergence=0.10
[2026-02-20 16:41:54] DEBUG: 	hpc_scoring_on=1
[2026-02-20 16:41:54] DEBUG: 	add_unassembled_reads=0
[2026-02-20 16:41:54] DEBUG: 	extend_contigs_with_repeats=0
[2026-02-20 16:41:54] DEBUG: 	min_read_cov_cutoff=3
[2026-02-20 16:41:54] DEBUG: 	short_tip_length=20000
[2026-02-20 16:41:54] DEBUG: 	long_tip_length=100000
[2026-02-20 16:41:54] DEBUG: Running with k-mer size: 17
[2026-02-20 16:41:54] DEBUG: Selected minimum overlap 1000
[2026-02-20 16:41:54] DEBUG: Metagenome mode: Y
[2026-02-20 16:41:54] INFO: Parsing disjointigs
[2026-02-20 16:41:54] DEBUG: Building positional index
[2026-02-20 16:41:54] DEBUG: Total sequence: 489278 bp
[2026-02-20 16:41:54] INFO: Building repeat graph
[2026-02-20 16:41:54] DEBUG: Mean k-mer frequency: 1.03698
[2026-02-20 16:41:54] DEBUG: Repetitive k-mer frequency: 103
[2026-02-20 16:41:54] DEBUG: Filtered 124 repetitive k-mers (0.00140054)
[2026-02-20 16:41:54] DEBUG: Sorting k-mer index
[2026-02-20 16:41:54] DEBUG: Selected k-mers: 85378
[2026-02-20 16:41:54] DEBUG: K-mer index size: 88413
[2026-02-20 16:41:54] DEBUG: Mean k-mer frequency: 1.03555
[2026-02-20 16:41:54] DEBUG: Minimizer rate: 5.53401
[2026-02-20 16:41:54] DEBUG: Computing transitive closure for overlaps
[2026-02-20 16:41:54] DEBUG: Found 36 overlaps
[2026-02-20 16:41:54] DEBUG: Left 16 overlaps after filtering
[2026-02-20 16:41:54] INFO: Median overlap divergence: 0.240124
[2026-02-20 16:41:54] DEBUG: Sequence divergence distribution: 

    |      |       *                                                                                     
    |      |       *                                                                                     
    |      |       *                                                                                     
    |      |       *                                                                                     
    |      |       *                                                                                     
    |      |       *                                                                                     
    |      |       *                                                                                     
    |      |       *                                                                                     
    |      |       *                                                                                     
    |      |       *                                                                                     
    |      |       *                                 **    *                                             
    |      |       *                                 **    *                                             
    |      |       *                                 **    *                                             
    |      |       *                                 **    *                                             
    |      |       *                                 **    *                                             
    |      |       *                                 **    *                                             
    |      |       *                                 **    *                                             
    |      |       *                                 **    *                                             
    |      |       *                                 **    *                                             
    |      |       *                                 **    *                                             
    ----------------------------------------------------------------------------------------------------
    0%        5%        10%       15%       20%       25%       30%       35%       40%       45%       

    Q25 = 0.072, Q50 = 0.24, Q75 = 0.25

[2026-02-20 16:41:54] DEBUG: Computing gluepoints
[2026-02-20 16:41:54] DEBUG: Added 0 gluepoint projections
[2026-02-20 16:41:54] DEBUG: Created 262 gluepoints
[2026-02-20 16:41:54] DEBUG: Artificial loops removed: 0 left, 0 right, 0 both
[2026-02-20 16:41:54] DEBUG: Initializing edges
[2026-02-20 16:41:54] DEBUG: Edges length checksum: 5695370209
[2026-02-20 16:41:54] DEBUG: Filtered 0 singleton segments
[2026-02-20 16:41:54] DEBUG: Removed 0 simple and 0 double chimeric junctions
[2026-02-20 16:41:54] DEBUG: Collapsed 1 edges
[2026-02-20 16:41:54] DEBUG: *	1	+disjointig_1	0	2967	2967	
[2026-02-20 16:41:54] DEBUG: *	2	+disjointig_10	0	3140	3140	
[2026-02-20 16:41:54] DEBUG: *	3	+disjointig_11	0	3560	3560	
[2026-02-20 16:41:54] DEBUG: *	4	+disjointig_12	0	2493	2493	
[2026-02-20 16:41:54] DEBUG: *	5	+disjointig_13	0	3897	3897	
[2026-02-20 16:41:54] DEBUG: *	6	+disjointig_14	0	5947	5947	
[2026-02-20 16:41:54] DEBUG: *	7	+disjointig_15	0	8618	8618	
[2026-02-20 16:41:54] DEBUG: *	8	+disjointig_16	0	5737	5737	
[2026-02-20 16:41:54] DEBUG: *	9	+disjointig_17	0	8632	8632	
[2026-02-20 16:41:54] DEBUG: *	10	+disjointig_18	0	2447	2447	
[2026-02-20 16:41:54] DEBUG: *	11	+disjointig_19	0	18887	18887	
[2026-02-20 16:41:54] DEBUG: *	12	+disjointig_2	0	5156	5156	
[2026-02-20 16:41:54] DEBUG: *	13	+disjointig_20	0	38692	38692	
[2026-02-20 16:41:54] DEBUG: *	14	+disjointig_21	0	13644	13644	
[2026-02-20 16:41:54] DEBUG: *	15	+disjointig_22	0	9457	9457	
[2026-02-20 16:41:54] DEBUG: *	16	+disjointig_23	0	2639	2639	
[2026-02-20 16:41:54] DEBUG:  	17	+disjointig_23	2639	6637	3998	
[2026-02-20 16:41:54] DEBUG: *	19	+disjointig_23	6637	7571	934	
[2026-02-20 16:41:54] DEBUG:  	21	+disjointig_23	7571	9695	2124	
[2026-02-20 16:41:54] DEBUG: *	22	+disjointig_23	9695	11665	1970	
[2026-02-20 16:41:54] DEBUG:  	24	+disjointig_23	11665	15607	3942	
[2026-02-20 16:41:54] DEBUG: *	25	+disjointig_23	15607	16908	1301	
[2026-02-20 16:41:54] DEBUG: *	29	+disjointig_24	0	18228	18228	
[2026-02-20 16:41:54] DEBUG: *	30	+disjointig_25	0	2422	2422	
[2026-02-20 16:41:54] DEBUG: *	31	+disjointig_26	0	4895	4895	
[2026-02-20 16:41:54] DEBUG: *	32	+disjointig_27	0	9072	9072	
[2026-02-20 16:41:54] DEBUG: *	-70	+disjointig_28	0	11458	11458	
[2026-02-20 16:41:54] DEBUG: *	-26	+disjointig_28	11458	12616	1158	
[2026-02-20 16:41:54] DEBUG:  	-24	+disjointig_28	12616	16535	3919	
[2026-02-20 16:41:54] DEBUG: *	-23	+disjointig_28	16535	18559	2024	
[2026-02-20 16:41:54] DEBUG:  	-21	+disjointig_28	18559	20710	2151	
[2026-02-20 16:41:54] DEBUG: *	-20	+disjointig_28	20710	21645	935	
[2026-02-20 16:41:54] DEBUG:  	-17	+disjointig_28	21645	25585	3940	
[2026-02-20 16:41:54] DEBUG: *	18	+disjointig_28	25585	35487	9902	
[2026-02-20 16:41:54] DEBUG: *	33	+disjointig_29	0	5706	5706	
[2026-02-20 16:41:54] DEBUG: *	34	+disjointig_3	0	2610	2610	
[2026-02-20 16:41:54] DEBUG: *	35	+disjointig_30	0	4612	4612	
[2026-02-20 16:41:54] DEBUG: *	36	+disjointig_31	0	20720	20720	
[2026-02-20 16:41:54] DEBUG: *	37	+disjointig_32	0	3636	3636	
[2026-02-20 16:41:54] DEBUG: *	38	+disjointig_33	0	7499	7499	
[2026-02-20 16:41:54] DEBUG: *	39	+disjointig_34	0	12509	12509	
[2026-02-20 16:41:54] DEBUG: *	40	+disjointig_35	0	6836	6836	
[2026-02-20 16:41:54] DEBUG: *	41	+disjointig_36	0	5944	5944	
[2026-02-20 16:41:54] DEBUG: *	42	+disjointig_37	0	4765	4765	
[2026-02-20 16:41:54] DEBUG: *	43	+disjointig_38	0	9838	9838	
[2026-02-20 16:41:54] DEBUG: *	44	+disjointig_39	0	3679	3679	
[2026-02-20 16:41:54] DEBUG: *	45	+disjointig_4	0	3199	3199	
[2026-02-20 16:41:54] DEBUG: *	46	+disjointig_40	0	6150	6150	
[2026-02-20 16:41:54] DEBUG: *	47	+disjointig_41	0	4112	4112	
[2026-02-20 16:41:54] DEBUG: *	48	+disjointig_42	0	7646	7646	
[2026-02-20 16:41:54] DEBUG: *	49	+disjointig_43	0	7661	7661	
[2026-02-20 16:41:54] DEBUG: *	50	+disjointig_44	0	9681	9681	
[2026-02-20 16:41:54] DEBUG: *	51	+disjointig_45	0	3778	3778	
[2026-02-20 16:41:54] DEBUG: *	52	+disjointig_46	0	6327	6327	
[2026-02-20 16:41:54] DEBUG: *	53	+disjointig_47	0	11315	11315	
[2026-02-20 16:41:54] DEBUG: *	54	+disjointig_48	0	3110	3110	
[2026-02-20 16:41:54] DEBUG: *	55	+disjointig_49	0	2958	2958	
[2026-02-20 16:41:54] DEBUG: *	56	+disjointig_5	0	9012	9012	
[2026-02-20 16:41:54] DEBUG: *	57	+disjointig_50	0	8242	8242	
[2026-02-20 16:41:54] DEBUG: *	58	+disjointig_51	0	8081	8081	
[2026-02-20 16:41:54] DEBUG: *	59	+disjointig_52	0	2633	2633	
[2026-02-20 16:41:54] DEBUG: *	60	+disjointig_53	0	6225	6225	
[2026-02-20 16:41:54] DEBUG: *	61	+disjointig_54	0	11314	11314	
[2026-02-20 16:41:54] DEBUG: *	62	+disjointig_55	0	3858	3858	
[2026-02-20 16:41:54] DEBUG: *	63	+disjointig_56	0	6222	6222	
[2026-02-20 16:41:54] DEBUG: *	64	+disjointig_57	0	13037	13037	
[2026-02-20 16:41:54] DEBUG: *	65	+disjointig_58	0	4299	4299	
[2026-02-20 16:41:54] DEBUG: *	66	+disjointig_59	0	2811	2811	
[2026-02-20 16:41:54] DEBUG: *	67	+disjointig_6	0	10624	10624	
[2026-02-20 16:41:54] DEBUG: *	68	+disjointig_7	0	17476	17476	
[2026-02-20 16:41:54] DEBUG: *	69	+disjointig_9	0	8455	8455	
[2026-02-20 16:41:54] DEBUG: Total edges: 70
[2026-02-20 16:41:54] INFO: Parsing reads
[2026-02-20 16:41:54] DEBUG: Building positional index
[2026-02-20 16:41:54] DEBUG: Total sequence: 4001110 bp
[2026-02-20 16:41:54] DEBUG: Building positional index
[2026-02-20 16:41:54] DEBUG: Total sequence: 486866 bp
[2026-02-20 16:41:54] INFO: Aligning reads to the graph
[2026-02-20 16:41:54] DEBUG: Mean k-mer frequency: 1.03348
[2026-02-20 16:41:54] DEBUG: Repetitive k-mer frequency: 103
[2026-02-20 16:41:54] DEBUG: Filtered 124 repetitive k-mers (0.00140781)
[2026-02-20 16:41:54] DEBUG: Sorting k-mer index
[2026-02-20 16:41:54] DEBUG: Selected k-mers: 85225
[2026-02-20 16:41:54] DEBUG: K-mer index size: 87956
[2026-02-20 16:41:54] DEBUG: Mean k-mer frequency: 1.03204
[2026-02-20 16:41:54] DEBUG: Minimizer rate: 5.53534
[2026-02-20 16:41:54] DEBUG: Total reads : 799
[2026-02-20 16:41:54] DEBUG: Read with aligned parts : 207
[2026-02-20 16:41:54] DEBUG: Aligned in one piece : 205
[2026-02-20 16:41:54] INFO: Aligned read sequence: 939044 / 2813146 (0.333806)
[2026-02-20 16:41:54] INFO: Median overlap divergence: 0.00333935
[2026-02-20 16:41:54] DEBUG: Sequence divergence distribution: 

    |*                   |                                                                               
    |*                   |                                                                               
    |*                   |                                                                               
    |*                   |                                                                               
    |*                   |                                                                               
    |*                   |                                                                               
    |*                   |                                                                               
    |*                   |                                                                               
    |*                   |                                                                               
    |*                   |                                                                               
    |*                   |                                                                               
    |*                   |                                                                               
    |*                   |                                                                               
    |*                   |                                                                               
    |*                   |                                                                               
    |**                  |                                                                               
    |**                  |                                                                               
    |***                 |                                                                               
    |***                 |                                                                               
    |****** ***        * |                                    *                                          
    ----------------------------------------------------------------------------------------------------
    0%        5%        10%       15%       20%       25%       30%       35%       40%       45%       

    Q25 = 0.0017, Q50 = 0.0033, Q75 = 0.0072

[2026-02-20 16:41:54] INFO: Mean edge coverage: 1
[2026-02-20 16:41:54] DEBUG: 1	len:2967	cov:2	mult:2
[2026-02-20 16:41:54] DEBUG: -1	len:2967	cov:2	mult:2
[2026-02-20 16:41:54] DEBUG: 2	len:3140	cov:2	mult:2
[2026-02-20 16:41:54] DEBUG: -2	len:3140	cov:2	mult:2
[2026-02-20 16:41:54] DEBUG: 3	len:3560	cov:2	mult:2
[2026-02-20 16:41:54] DEBUG: -3	len:3560	cov:2	mult:2
[2026-02-20 16:41:54] DEBUG: 4	len:2493	cov:2	mult:2
[2026-02-20 16:41:54] DEBUG: -4	len:2493	cov:2	mult:2
[2026-02-20 16:41:54] DEBUG: 5	len:3897	cov:2	mult:2
[2026-02-20 16:41:54] DEBUG: -5	len:3897	cov:2	mult:2
[2026-02-20 16:41:54] DEBUG: 6	len:5947	cov:2	mult:2
[2026-02-20 16:41:54] DEBUG: -6	len:5947	cov:2	mult:2
[2026-02-20 16:41:54] DEBUG: 7	len:8618	cov:3	mult:3
[2026-02-20 16:41:54] DEBUG: -7	len:8618	cov:3	mult:3
[2026-02-20 16:41:54] DEBUG: 8	len:5737	cov:2	mult:2
[2026-02-20 16:41:54] DEBUG: -8	len:5737	cov:2	mult:2
[2026-02-20 16:41:54] DEBUG: 9	len:8632	cov:3	mult:3
[2026-02-20 16:41:54] DEBUG: -9	len:8632	cov:3	mult:3
[2026-02-20 16:41:54] DEBUG: 10	len:2447	cov:2	mult:2
[2026-02-20 16:41:54] DEBUG: -10	len:2447	cov:2	mult:2
[2026-02-20 16:41:54] DEBUG: 11	len:18887	cov:1	mult:1
[2026-02-20 16:41:54] DEBUG: -11	len:18887	cov:1	mult:1
[2026-02-20 16:41:54] DEBUG: 12	len:5156	cov:1	mult:1
[2026-02-20 16:41:54] DEBUG: -12	len:5156	cov:1	mult:1
[2026-02-20 16:41:54] DEBUG: 13	len:38692	cov:1	mult:1
[2026-02-20 16:41:54] DEBUG: -13	len:38692	cov:1	mult:1
[2026-02-20 16:41:54] DEBUG: 14	len:13644	cov:2	mult:2
[2026-02-20 16:41:54] DEBUG: -14	len:13644	cov:2	mult:2
[2026-02-20 16:41:54] DEBUG: 15	len:9457	cov:2	mult:2
[2026-02-20 16:41:54] DEBUG: -15	len:9457	cov:2	mult:2
[2026-02-20 16:41:54] DEBUG: 16	len:2639	cov:3	mult:3
[2026-02-20 16:41:54] DEBUG: -16	len:2639	cov:3	mult:3
[2026-02-20 16:41:54] DEBUG: 17	len:3969	cov:7	mult:7
[2026-02-20 16:41:54] DEBUG: -17	len:3969	cov:7	mult:7
[2026-02-20 16:41:54] DEBUG: 18	len:9902	cov:2	mult:2
[2026-02-20 16:41:54] DEBUG: -18	len:9902	cov:2	mult:2
[2026-02-20 16:41:54] DEBUG: 19	len:934	cov:2	mult:2
[2026-02-20 16:41:54] DEBUG: -19	len:934	cov:2	mult:2
[2026-02-20 16:41:54] DEBUG: 20	len:935	cov:2	mult:2
[2026-02-20 16:41:54] DEBUG: -20	len:935	cov:2	mult:2
[2026-02-20 16:41:54] DEBUG: 21	len:2137	cov:3	mult:3
[2026-02-20 16:41:54] DEBUG: -21	len:2137	cov:3	mult:3
[2026-02-20 16:41:54] DEBUG: 22	len:1970	cov:1	mult:1
[2026-02-20 16:41:54] DEBUG: -22	len:1970	cov:1	mult:1
[2026-02-20 16:41:54] DEBUG: 23	len:2024	cov:2	mult:2
[2026-02-20 16:41:54] DEBUG: -23	len:2024	cov:2	mult:2
[2026-02-20 16:41:54] DEBUG: 24	len:3930	cov:2	mult:2
[2026-02-20 16:41:54] DEBUG: -24	len:3930	cov:2	mult:2
[2026-02-20 16:41:54] DEBUG: 25	len:1301	cov:1	mult:1
[2026-02-20 16:41:54] DEBUG: -25	len:1301	cov:1	mult:1
[2026-02-20 16:41:54] DEBUG: 26	len:1158	cov:2	mult:2
[2026-02-20 16:41:54] DEBUG: -26	len:1158	cov:2	mult:2
[2026-02-20 16:41:54] DEBUG: 29	len:18228	cov:1	mult:1
[2026-02-20 16:41:54] DEBUG: -29	len:18228	cov:1	mult:1
[2026-02-20 16:41:54] DEBUG: 30	len:2422	cov:2	mult:2
[2026-02-20 16:41:54] DEBUG: -30	len:2422	cov:2	mult:2
[2026-02-20 16:41:54] DEBUG: 31	len:4895	cov:2	mult:2
[2026-02-20 16:41:54] DEBUG: -31	len:4895	cov:2	mult:2
[2026-02-20 16:41:54] DEBUG: 32	len:9072	cov:2	mult:2
[2026-02-20 16:41:54] DEBUG: -32	len:9072	cov:2	mult:2
[2026-02-20 16:41:54] DEBUG: 33	len:5706	cov:4	mult:4
[2026-02-20 16:41:54] DEBUG: -33	len:5706	cov:4	mult:4
[2026-02-20 16:41:54] DEBUG: 34	len:2610	cov:2	mult:2
[2026-02-20 16:41:54] DEBUG: -34	len:2610	cov:2	mult:2
[2026-02-20 16:41:54] DEBUG: 35	len:4612	cov:2	mult:2
[2026-02-20 16:41:54] DEBUG: -35	len:4612	cov:2	mult:2
[2026-02-20 16:41:54] DEBUG: 36	len:20720	cov:3	mult:3
[2026-02-20 16:41:54] DEBUG: -36	len:20720	cov:3	mult:3
[2026-02-20 16:41:54] DEBUG: 37	len:3636	cov:2	mult:2
[2026-02-20 16:41:54] DEBUG: -37	len:3636	cov:2	mult:2
[2026-02-20 16:41:54] DEBUG: 38	len:7499	cov:1	mult:1
[2026-02-20 16:41:54] DEBUG: -38	len:7499	cov:1	mult:1
[2026-02-20 16:41:54] DEBUG: 39	len:12509	cov:1	mult:1
[2026-02-20 16:41:54] DEBUG: -39	len:12509	cov:1	mult:1
[2026-02-20 16:41:54] DEBUG: 40	len:6836	cov:2	mult:2
[2026-02-20 16:41:54] DEBUG: -40	len:6836	cov:2	mult:2
[2026-02-20 16:41:54] DEBUG: 41	len:5944	cov:2	mult:2
[2026-02-20 16:41:54] DEBUG: -41	len:5944	cov:2	mult:2
[2026-02-20 16:41:54] DEBUG: 42	len:4765	cov:2	mult:2
[2026-02-20 16:41:54] DEBUG: -42	len:4765	cov:2	mult:2
[2026-02-20 16:41:54] DEBUG: 43	len:9838	cov:2	mult:2
[2026-02-20 16:41:54] DEBUG: -43	len:9838	cov:2	mult:2
[2026-02-20 16:41:54] DEBUG: 44	len:3679	cov:2	mult:2
[2026-02-20 16:41:54] DEBUG: -44	len:3679	cov:2	mult:2
[2026-02-20 16:41:54] DEBUG: 45	len:3199	cov:2	mult:2
[2026-02-20 16:41:54] DEBUG: -45	len:3199	cov:2	mult:2
[2026-02-20 16:41:54] DEBUG: 46	len:6150	cov:2	mult:2
[2026-02-20 16:41:54] DEBUG: -46	len:6150	cov:2	mult:2
[2026-02-20 16:41:54] DEBUG: 47	len:4112	cov:2	mult:2
[2026-02-20 16:41:54] DEBUG: -47	len:4112	cov:2	mult:2
[2026-02-20 16:41:54] DEBUG: 48	len:7646	cov:2	mult:2
[2026-02-20 16:41:54] DEBUG: -48	len:7646	cov:2	mult:2
[2026-02-20 16:41:54] DEBUG: 49	len:7661	cov:2	mult:2
[2026-02-20 16:41:54] DEBUG: -49	len:7661	cov:2	mult:2
[2026-02-20 16:41:54] DEBUG: 50	len:9681	cov:1	mult:1
[2026-02-20 16:41:54] DEBUG: -50	len:9681	cov:1	mult:1
[2026-02-20 16:41:54] DEBUG: 51	len:3778	cov:2	mult:2
[2026-02-20 16:41:54] DEBUG: -51	len:3778	cov:2	mult:2
[2026-02-20 16:41:54] DEBUG: 52	len:6327	cov:2	mult:2
[2026-02-20 16:41:54] DEBUG: -52	len:6327	cov:2	mult:2
[2026-02-20 16:41:54] DEBUG: 53	len:11315	cov:1	mult:1
[2026-02-20 16:41:54] DEBUG: -53	len:11315	cov:1	mult:1
[2026-02-20 16:41:54] DEBUG: 54	len:3110	cov:2	mult:2
[2026-02-20 16:41:54] DEBUG: -54	len:3110	cov:2	mult:2
[2026-02-20 16:41:54] DEBUG: 55	len:2958	cov:2	mult:2
[2026-02-20 16:41:54] DEBUG: -55	len:2958	cov:2	mult:2
[2026-02-20 16:41:54] DEBUG: 56	len:9012	cov:2	mult:2
[2026-02-20 16:41:54] DEBUG: -56	len:9012	cov:2	mult:2
[2026-02-20 16:41:54] DEBUG: 57	len:8242	cov:1	mult:1
[2026-02-20 16:41:54] DEBUG: -57	len:8242	cov:1	mult:1
[2026-02-20 16:41:54] DEBUG: 58	len:8081	cov:2	mult:2
[2026-02-20 16:41:54] DEBUG: -58	len:8081	cov:2	mult:2
[2026-02-20 16:41:54] DEBUG: 59	len:2633	cov:2	mult:2
[2026-02-20 16:41:54] DEBUG: -59	len:2633	cov:2	mult:2
[2026-02-20 16:41:54] DEBUG: 60	len:6225	cov:1	mult:1
[2026-02-20 16:41:54] DEBUG: -60	len:6225	cov:1	mult:1
[2026-02-20 16:41:54] DEBUG: 61	len:11314	cov:3	mult:3
[2026-02-20 16:41:54] DEBUG: -61	len:11314	cov:3	mult:3
[2026-02-20 16:41:54] DEBUG: 62	len:3858	cov:2	mult:2
[2026-02-20 16:41:54] DEBUG: -62	len:3858	cov:2	mult:2
[2026-02-20 16:41:54] DEBUG: 63	len:6222	cov:1	mult:1
[2026-02-20 16:41:54] DEBUG: -63	len:6222	cov:1	mult:1
[2026-02-20 16:41:54] DEBUG: 64	len:13037	cov:2	mult:2
[2026-02-20 16:41:54] DEBUG: -64	len:13037	cov:2	mult:2
[2026-02-20 16:41:54] DEBUG: 65	len:4299	cov:2	mult:2
[2026-02-20 16:41:54] DEBUG: -65	len:4299	cov:2	mult:2
[2026-02-20 16:41:54] DEBUG: 66	len:2811	cov:2	mult:2
[2026-02-20 16:41:54] DEBUG: -66	len:2811	cov:2	mult:2
[2026-02-20 16:41:54] DEBUG: 67	len:10624	cov:3	mult:3
[2026-02-20 16:41:54] DEBUG: -67	len:10624	cov:3	mult:3
[2026-02-20 16:41:54] DEBUG: 68	len:17476	cov:3	mult:3
[2026-02-20 16:41:54] DEBUG: -68	len:17476	cov:3	mult:3
[2026-02-20 16:41:54] DEBUG: 69	len:8455	cov:2	mult:2
[2026-02-20 16:41:54] DEBUG: -69	len:8455	cov:2	mult:2
[2026-02-20 16:41:54] DEBUG: 70	len:11458	cov:2	mult:2
[2026-02-20 16:41:54] DEBUG: -70	len:11458	cov:2	mult:2
[2026-02-20 16:41:54] DEBUG: Unique coverage threshold 1
[2026-02-20 16:41:54] INFO: Simplifying the graph
[2026-02-20 16:41:54] DEBUG: Read coverage cutoff: 3
[2026-02-20 16:41:54] DEBUG: [SIMPL] Removed 51 paths with low coverage
[2026-02-20 16:41:54] DEBUG: [SIMPL] Masked 0 heterozygous loops
[2026-02-20 16:41:54] DEBUG: Regular bubble: {17,3969,7} {21,2137,3}
[2026-02-20 16:41:54] DEBUG: 	Internal: {19,934,2} {20,935,2}
[2026-02-20 16:41:54] DEBUG: Regular bubble: {21,2137,3} {24,3930,2}
[2026-02-20 16:41:54] DEBUG: 	Internal: {22,1970,1} {23,2024,2}
[2026-02-20 16:41:54] DEBUG: [SIMPL] Masked 2 simple bubbles
[2026-02-20 16:41:54] DEBUG: [SIMPL] Masked 0 roundabouts
[2026-02-20 16:41:54] DEBUG: [SIMPL] Masked 0 superbubbles
[2026-02-20 16:41:54] DEBUG: Finding repeats
[2026-02-20 16:41:54] DEBUG: Read coverage cutoff: 3
[2026-02-20 16:41:54] DEBUG: Low-coverage: 19 2
[2026-02-20 16:41:54] DEBUG: Low-coverage: 20 2
[2026-02-20 16:41:54] DEBUG: Low-coverage: 22 1
[2026-02-20 16:41:54] DEBUG: Low-coverage: 23 2
[2026-02-20 16:41:54] DEBUG: Low-coverage: 24 2
[2026-02-20 16:41:54] DEBUG: Low-coverage: 25 1
[2026-02-20 16:41:54] DEBUG: Low-coverage: 26 2
[2026-02-20 16:41:54] DEBUG: Haplo-edge: 19
[2026-02-20 16:41:54] DEBUG: Haplo-edge: 20
[2026-02-20 16:41:54] DEBUG: Haplo-edge: 22
[2026-02-20 16:41:54] DEBUG: Haplo-edge: 23
[2026-02-20 16:41:54] DEBUG: Repeat detection iteration 1
[2026-02-20 16:41:54] DEBUG: Repeat detection iteration 2
[2026-02-20 16:41:54] DEBUG: Writing Dot
[2026-02-20 16:41:54] DEBUG: Writing FASTA
[2026-02-20 16:41:54] DEBUG: Writing Gfa
[2026-02-20 16:41:54] DEBUG: 	Connection 22	25	1
[2026-02-20 16:41:54] DEBUG: 	Connection 23	26	1
[2026-02-20 16:41:54] DEBUG: [SIMPL] Resolved 2 simple repeats
[2026-02-20 16:41:54] DEBUG: [SIMPL] == Iteration 1 ==
[2026-02-20 16:41:54] DEBUG: Splitting nodes
[2026-02-20 16:41:54] DEBUG: [SIMPL] Split 0 nodes
[2026-02-20 16:41:54] DEBUG: [SIMPL] Disconnected 0 minor paths
[2026-02-20 16:41:54] DEBUG: [SIMPL] Clipped 0 short and 0 long tips
[2026-02-20 16:41:54] DEBUG: [SIMPL] Masked 0 heterozygous loops
[2026-02-20 16:41:54] DEBUG: Regular bubble: {17,3969,7} {21,2137,3}
[2026-02-20 16:41:54] DEBUG: 	Internal: {19,934,2} {20,935,2}
[2026-02-20 16:41:54] DEBUG: [SIMPL] Masked 1 simple bubbles
[2026-02-20 16:41:54] DEBUG: [SIMPL] Masked 0 roundabouts
[2026-02-20 16:41:54] DEBUG: [SIMPL] Masked 0 superbubbles
[2026-02-20 16:41:54] DEBUG: Finding repeats
[2026-02-20 16:41:54] DEBUG: Read coverage cutoff: 3
[2026-02-20 16:41:54] DEBUG: Low-coverage: 19 2
[2026-02-20 16:41:54] DEBUG: Low-coverage: 20 2
[2026-02-20 16:41:54] DEBUG: Low-coverage: 22 -> 71 -> 25 1
[2026-02-20 16:41:54] DEBUG: Low-coverage: 23 -> 72 -> 26 2
[2026-02-20 16:41:54] DEBUG: Low-coverage: 24 2
[2026-02-20 16:41:54] DEBUG: Haplo-edge: 19
[2026-02-20 16:41:54] DEBUG: Haplo-edge: 20
[2026-02-20 16:41:54] DEBUG: Repeat detection iteration 1
[2026-02-20 16:41:54] DEBUG: Repeat detection iteration 2
[2026-02-20 16:41:54] DEBUG: Total unique edges: 10
[2026-02-20 16:41:54] DEBUG: [SIMPL] Resolved repeats: 0
[2026-02-20 16:41:54] DEBUG: RR links: 0
[2026-02-20 16:41:54] DEBUG: Unresolved: 0
[2026-02-20 16:41:54] DEBUG: Removed 0 simple and 0 double chimeric junctions
[2026-02-20 16:41:54] DEBUG: [SIMPL] Simplified 0 forks
[2026-02-20 16:41:54] DEBUG: [SIMPL] Collapsed 1 haplotypes
[2026-02-20 16:41:54] DEBUG: [SIMPL] Resolved 0 simple repeats
[2026-02-20 16:41:54] DEBUG: Read coverage cutoff: 3
[2026-02-20 16:41:54] DEBUG: [SIMPL] Removed 0 paths with low coverage
[2026-02-20 16:41:54] DEBUG: Finding repeats
[2026-02-20 16:41:54] DEBUG: Read coverage cutoff: 3
[2026-02-20 16:41:54] DEBUG: Low-coverage: 19 2
[2026-02-20 16:41:54] DEBUG: Low-coverage: 20 2
[2026-02-20 16:41:54] DEBUG: Low-coverage: 22 -> 71 -> 25 1
[2026-02-20 16:41:54] DEBUG: Low-coverage: 23 -> 72 -> 26 2
[2026-02-20 16:41:54] DEBUG: Haplo-edge: 19
[2026-02-20 16:41:54] DEBUG: Haplo-edge: 20
[2026-02-20 16:41:54] DEBUG: Repeat detection iteration 1
[2026-02-20 16:41:54] DEBUG: Repeat detection iteration 2
[2026-02-20 16:41:54] DEBUG: Writing Dot
[2026-02-20 16:41:54] DEBUG: Writing FASTA
[2026-02-20 16:41:54] DEBUG: Peak RAM usage: 0 Gb
-----------End assembly log------------
[2026-02-20 16:41:54] root: INFO: >>>STAGE: contigger
[2026-02-20 16:41:54] root: INFO: Generating contigs
[2026-02-20 16:41:54] root: DEBUG: -----Begin contigger analyser log------
[2026-02-20 16:41:54] root: DEBUG: Running: flye-modules contigger --graph-edges /scratch/ky/characterization/results/barcode12/assembly/20-repeat/repeat_graph_edges.fasta --reads /scratch/ky/characterization/FASTQ/SQK-RBK114-96_barcode12.fastq --out-dir /scratch/ky/characterization/results/barcode12/assembly/30-contigger --config /data/softs/Miniforge3-25.11.0-0/envs/flye-2.9.6/lib/python3.12/site-packages/flye/config/bin_cfg/asm_nano_hq.cfg --repeat-graph /scratch/ky/characterization/results/barcode12/assembly/20-repeat/repeat_graph_dump --graph-aln /scratch/ky/characterization/results/barcode12/assembly/20-repeat/read_alignment_dump --log /scratch/ky/characterization/results/barcode12/assembly/flye.log --threads 16 --min-ovlp 1000
[2026-02-20 16:41:54] DEBUG: Build date: May  4 2025 23:18:25
[2026-02-20 16:41:54] DEBUG: Total RAM: 251 Gb
[2026-02-20 16:41:54] DEBUG: Available RAM: 247 Gb
[2026-02-20 16:41:54] DEBUG: Total CPUs: 32
[2026-02-20 16:41:54] DEBUG: Loading /data/softs/Miniforge3-25.11.0-0/envs/flye-2.9.6/lib/python3.12/site-packages/flye/config/bin_cfg/asm_nano_hq.cfg
[2026-02-20 16:41:54] DEBUG: Loading /data/softs/Miniforge3-25.11.0-0/envs/flye-2.9.6/lib/python3.12/site-packages/flye/config/bin_cfg/asm_defaults.cfg
[2026-02-20 16:41:54] DEBUG: 	big_genome_threshold=29000000
[2026-02-20 16:41:54] DEBUG: 	meta_read_filter_kmer_freq=100
[2026-02-20 16:41:54] DEBUG: 	chain_large_gap_penalty=2
[2026-02-20 16:41:54] DEBUG: 	chain_small_gap_penalty=0.5
[2026-02-20 16:41:54] DEBUG: 	chain_gap_jump_threshold=100
[2026-02-20 16:41:54] DEBUG: 	max_jump_gap=500
[2026-02-20 16:41:54] DEBUG: 	max_coverage_drop_rate=5
[2026-02-20 16:41:54] DEBUG: 	max_extensions_drop_rate=5
[2026-02-20 16:41:54] DEBUG: 	chimera_window=100
[2026-02-20 16:41:54] DEBUG: 	chimera_overhang=1000
[2026-02-20 16:41:54] DEBUG: 	min_reads_in_disjointig=4
[2026-02-20 16:41:54] DEBUG: 	max_inner_reads=10
[2026-02-20 16:41:54] DEBUG: 	max_inner_fraction=0.25
[2026-02-20 16:41:54] DEBUG: 	aggressive_dup_filter=1
[2026-02-20 16:41:54] DEBUG: 	max_separation=500
[2026-02-20 16:41:54] DEBUG: 	unique_edge_length=50000
[2026-02-20 16:41:54] DEBUG: 	min_repeat_res_support=0.51
[2026-02-20 16:41:54] DEBUG: 	out_paths_ratio=5
[2026-02-20 16:41:54] DEBUG: 	graph_cov_drop_rate=5
[2026-02-20 16:41:54] DEBUG: 	coverage_estimate_window=100
[2026-02-20 16:41:54] DEBUG: 	max_bubble_length=50000
[2026-02-20 16:41:54] DEBUG: 	loop_coverage_rate=1.5
[2026-02-20 16:41:54] DEBUG: 	repeat_edge_cov_mult=1.75
[2026-02-20 16:41:54] DEBUG: 	weak_detach_rate=5
[2026-02-20 16:41:54] DEBUG: 	tip_coverage_rate=2
[2026-02-20 16:41:54] DEBUG: 	tip_length_rate=2
[2026-02-20 16:41:54] DEBUG: 	output_gfa_before_rr=1
[2026-02-20 16:41:54] DEBUG: 	remove_alt_edges=0
[2026-02-20 16:41:54] DEBUG: 	low_cutoff_warning=0
[2026-02-20 16:41:54] DEBUG: 	kmer_size=17
[2026-02-20 16:41:54] DEBUG: 	use_minimizers=1
[2026-02-20 16:41:54] DEBUG: 	minimizer_window=10
[2026-02-20 16:41:54] DEBUG: 	reads_base_alignment=1
[2026-02-20 16:41:54] DEBUG: 	meta_read_top_kmer_rate=0.75
[2026-02-20 16:41:54] DEBUG: 	maximum_jump=1500
[2026-02-20 16:41:54] DEBUG: 	maximum_overhang=1500
[2026-02-20 16:41:54] DEBUG: 	repeat_kmer_rate=100
[2026-02-20 16:41:54] DEBUG: 	assemble_ovlp_divergence=0.03
[2026-02-20 16:41:54] DEBUG: 	assemble_divergence_relative=1
[2026-02-20 16:41:54] DEBUG: 	repeat_graph_ovlp_divergence=0.03
[2026-02-20 16:41:54] DEBUG: 	read_align_ovlp_divergence=0.10
[2026-02-20 16:41:54] DEBUG: 	hpc_scoring_on=1
[2026-02-20 16:41:54] DEBUG: 	add_unassembled_reads=0
[2026-02-20 16:41:54] DEBUG: 	extend_contigs_with_repeats=0
[2026-02-20 16:41:54] DEBUG: 	min_read_cov_cutoff=3
[2026-02-20 16:41:54] DEBUG: 	short_tip_length=20000
[2026-02-20 16:41:54] DEBUG: 	long_tip_length=100000
[2026-02-20 16:41:54] DEBUG: Running with k-mer size: 17
[2026-02-20 16:41:54] DEBUG: Selected minimum overlap 1000
[2026-02-20 16:41:54] INFO: Reading sequences
[2026-02-20 16:41:54] DEBUG: Building positional index
[2026-02-20 16:41:54] DEBUG: Total sequence: 4001110 bp
[2026-02-20 16:41:54] DEBUG: Flipped 0
[2026-02-20 16:41:54] DEBUG: UPath 1: 7
[2026-02-20 16:41:54] DEBUG: UPath 2: 9
[2026-02-20 16:41:54] DEBUG: UPath 3: 16 -> 17 -> 73 -> 21
[2026-02-20 16:41:54] DEBUG: UPath 4: 19
[2026-02-20 16:41:54] DEBUG: UPath 5: 20
[2026-02-20 16:41:54] DEBUG: UPath 6: 22 -> 71 -> 25
[2026-02-20 16:41:54] DEBUG: UPath 7: 23 -> 72 -> 26
[2026-02-20 16:41:54] DEBUG: UPath 8: 33
[2026-02-20 16:41:54] DEBUG: UPath 9: 36
[2026-02-20 16:41:54] DEBUG: UPath 10: 61
[2026-02-20 16:41:54] DEBUG: UPath 11: 67
[2026-02-20 16:41:54] DEBUG: UPath 12: 68
[2026-02-20 16:41:54] DEBUG: Final graph contains 12 egdes
[2026-02-20 16:41:54] DEBUG: Extending contigs into repeats
[2026-02-20 16:41:54] DEBUG: Covered 0 repetitive contigs
[2026-02-20 16:41:54] INFO: Generated 12 contigs
[2026-02-20 16:41:54] DEBUG: Writing FASTA
[2026-02-20 16:41:54] DEBUG: Generating scaffold connections
[2026-02-20 16:41:54] INFO: Added 0 scaffold connections
[2026-02-20 16:41:54] DEBUG: Writing Dot
[2026-02-20 16:41:54] DEBUG: Writing FASTA
[2026-02-20 16:41:54] DEBUG: Writing Gfa
[2026-02-20 16:41:54] DEBUG: Peak RAM usage: 0 Gb
-----------End assembly log------------
[2026-02-20 16:41:54] root: INFO: >>>STAGE: polishing
[2026-02-20 16:41:54] root: INFO: Polishing genome (1/1)
[2026-02-20 16:41:54] root: INFO: Running minimap2
[2026-02-20 16:41:54] root: INFO: Separating alignment into bubbles
[2026-02-20 16:41:54] root: DEBUG: Generated 6643 bubbles
[2026-02-20 16:41:54] root: DEBUG: Split 1 long bubbles
[2026-02-20 16:41:54] root: DEBUG: Skipped 2 empty bubbles
[2026-02-20 16:41:54] root: DEBUG: Skipped 0 bubbles with long branches
[2026-02-20 16:41:54] root: INFO: Alignment error rate: 0.014511
[2026-02-20 16:41:54] root: INFO: Correcting bubbles
[2026-02-20 16:41:55] root: DEBUG: Mean contig coverage: 3, selected threshold: 3
[2026-02-20 16:41:55] root: DEBUG: Filtered 2 contigs of total length 14510
[2026-02-20 16:41:55] root: DEBUG: Generating polished GFA
[2026-02-20 16:41:55] root: DEBUG: 3 sequences remained unpolished
[2026-02-20 16:41:55] root: INFO: >>>STAGE: finalize
[2026-02-20 16:41:55] root: DEBUG: ---Output dir contents:----
[2026-02-20 16:41:55] root: DEBUG: assembly/
[2026-02-20 16:41:55] root: DEBUG:     62.0 K      flye.log
[2026-02-20 16:41:55] root: DEBUG:     92.0 B      params.json
[2026-02-20 16:41:55] root: DEBUG:     3.0 K       assembly_graph.gv
[2026-02-20 16:41:55] root: DEBUG:     107.0 K     assembly_graph.gfa
[2026-02-20 16:41:55] root: DEBUG:     94.0 K      assembly.fasta
[2026-02-20 16:41:55] root: DEBUG:     00-assembly/
[2026-02-20 16:41:55] root: DEBUG:         484.0 K     draft_assembly.fasta
[2026-02-20 16:41:55] root: DEBUG:         1.0 K       draft_assembly.fasta.fai
[2026-02-20 16:41:55] root: DEBUG:     10-consensus/
[2026-02-20 16:41:55] root: DEBUG:         964.0 B     minimap.stderr
[2026-02-20 16:41:55] root: DEBUG:         773.0 B     minimap.bam.csi
[2026-02-20 16:41:55] root: DEBUG:         486.0 K     consensus.fasta
[2026-02-20 16:41:55] root: DEBUG:     20-repeat/
[2026-02-20 16:41:55] root: DEBUG:         3.0 K       graph_before_rr.gv
[2026-02-20 16:41:55] root: DEBUG:         103.0 K     graph_before_rr.fasta
[2026-02-20 16:41:55] root: DEBUG:         102.0 K     graph_before_rr.gfa
[2026-02-20 16:41:55] root: DEBUG:         4.0 K       graph_after_rr.gv
[2026-02-20 16:41:55] root: DEBUG:         3.0 K       repeat_graph_dump
[2026-02-20 16:41:55] root: DEBUG:         60.0 K      read_alignment_dump
[2026-02-20 16:41:55] root: DEBUG:         492.0 K     repeat_graph_edges.fasta
[2026-02-20 16:41:55] root: DEBUG:     30-contigger/
[2026-02-20 16:41:55] root: DEBUG:         109.0 K     contigs.fasta
[2026-02-20 16:41:55] root: DEBUG:         462.0 B     contigs_stats.txt
[2026-02-20 16:41:55] root: DEBUG:         0.0 B       scaffolds_links.txt
[2026-02-20 16:41:55] root: DEBUG:         3.0 K       graph_final.gv
[2026-02-20 16:41:55] root: DEBUG:         107.0 K     graph_final.fasta
[2026-02-20 16:41:55] root: DEBUG:         106.0 K     graph_final.gfa
[2026-02-20 16:41:55] root: DEBUG:         315.0 B     contigs.fasta.fai
[2026-02-20 16:41:55] root: DEBUG:     40-polishing/
[2026-02-20 16:41:55] root: DEBUG:         921.0 B     minimap.stderr
[2026-02-20 16:41:55] root: DEBUG:         256.0 B     minimap_1.bam.csi
[2026-02-20 16:41:55] root: DEBUG:         194.0 B     contigs_stats.txt
[2026-02-20 16:41:55] root: DEBUG:         31.0 K      base_coverage.bed.gz
[2026-02-20 16:41:55] root: DEBUG:         94.0 K      filtered_contigs.fasta
[2026-02-20 16:41:55] root: DEBUG:         162.0 B     filtered_stats.txt
[2026-02-20 16:41:55] root: DEBUG:         212.0 B     filtered_contigs.fasta.fai
[2026-02-20 16:41:55] root: DEBUG:         190.0 B     edges_aln.bam.csi
[2026-02-20 16:41:55] root: DEBUG:         107.0 K     polished_edges.gfa
[2026-02-20 16:41:55] root: DEBUG: --------------------------
[2026-02-20 16:41:55] root: INFO: Assembly statistics:

	Total length:	95150
	Fragments:	8
	Fragments N50:	11875
	Largest frg:	20870
	Scaffolds:	0
	Mean coverage:	3

[2026-02-20 16:41:55] root: INFO: Final assembly: /scratch/ky/characterization/results/barcode12/assembly/assembly.fasta
