[2026-02-20 17:23:56] root: INFO: Starting Flye 2.9.6-b1802
[2026-02-20 17:23:56] root: DEBUG: Cmd: /data/softs/Miniforge3-25.11.0-0/envs/flye-2.9.6/bin/flye --meta --nano-hq /scratch/ky/characterization/FASTQ/SQK-RBK114-96_barcode29.fastq -o /scratch/ky/characterization/results/barcode29/assembly/ -t 16
[2026-02-20 17:23:56] root: DEBUG: Python version: 3.12.12 | packaged by conda-forge | (main, Jan 26 2026, 23:51:32) [GCC 14.3.0]
[2026-02-20 17:23:56] root: INFO: >>>STAGE: configure
[2026-02-20 17:23:56] root: INFO: Configuring run
[2026-02-20 17:23:58] root: INFO: Total read length: 604912187
[2026-02-20 17:23:58] root: INFO: Reads N50/N90: 9625 / 2622
[2026-02-20 17:23:58] root: INFO: Minimum overlap set to 3000
[2026-02-20 17:23:58] root: INFO: >>>STAGE: assembly
[2026-02-20 17:23:58] root: INFO: Assembling disjointigs
[2026-02-20 17:23:58] root: DEBUG: -----Begin assembly log------
[2026-02-20 17:23:58] root: DEBUG: Running: flye-modules assemble --reads /scratch/ky/characterization/FASTQ/SQK-RBK114-96_barcode29.fastq --out-asm /scratch/ky/characterization/results/barcode29/assembly/00-assembly/draft_assembly.fasta --config /data/softs/Miniforge3-25.11.0-0/envs/flye-2.9.6/lib/python3.12/site-packages/flye/config/bin_cfg/asm_nano_hq.cfg --log /scratch/ky/characterization/results/barcode29/assembly/flye.log --threads 16 --meta --min-ovlp 3000
[2026-02-20 17:23:58] DEBUG: Build date: May  4 2025 23:17:52
[2026-02-20 17:23:58] DEBUG: Total RAM: 251 Gb
[2026-02-20 17:23:58] DEBUG: Available RAM: 247 Gb
[2026-02-20 17:23:58] DEBUG: Total CPUs: 32
[2026-02-20 17:23:58] DEBUG: Loading /data/softs/Miniforge3-25.11.0-0/envs/flye-2.9.6/lib/python3.12/site-packages/flye/config/bin_cfg/asm_nano_hq.cfg
[2026-02-20 17:23:58] DEBUG: Loading /data/softs/Miniforge3-25.11.0-0/envs/flye-2.9.6/lib/python3.12/site-packages/flye/config/bin_cfg/asm_defaults.cfg
[2026-02-20 17:23:58] DEBUG: 	big_genome_threshold=29000000
[2026-02-20 17:23:58] DEBUG: 	meta_read_filter_kmer_freq=100
[2026-02-20 17:23:58] DEBUG: 	chain_large_gap_penalty=2
[2026-02-20 17:23:58] DEBUG: 	chain_small_gap_penalty=0.5
[2026-02-20 17:23:58] DEBUG: 	chain_gap_jump_threshold=100
[2026-02-20 17:23:58] DEBUG: 	max_jump_gap=500
[2026-02-20 17:23:58] DEBUG: 	max_coverage_drop_rate=5
[2026-02-20 17:23:58] DEBUG: 	max_extensions_drop_rate=5
[2026-02-20 17:23:58] DEBUG: 	chimera_window=100
[2026-02-20 17:23:58] DEBUG: 	chimera_overhang=1000
[2026-02-20 17:23:58] DEBUG: 	min_reads_in_disjointig=4
[2026-02-20 17:23:58] DEBUG: 	max_inner_reads=10
[2026-02-20 17:23:58] DEBUG: 	max_inner_fraction=0.25
[2026-02-20 17:23:58] DEBUG: 	aggressive_dup_filter=1
[2026-02-20 17:23:58] DEBUG: 	max_separation=500
[2026-02-20 17:23:58] DEBUG: 	unique_edge_length=50000
[2026-02-20 17:23:58] DEBUG: 	min_repeat_res_support=0.51
[2026-02-20 17:23:58] DEBUG: 	out_paths_ratio=5
[2026-02-20 17:23:58] DEBUG: 	graph_cov_drop_rate=5
[2026-02-20 17:23:58] DEBUG: 	coverage_estimate_window=100
[2026-02-20 17:23:58] DEBUG: 	max_bubble_length=50000
[2026-02-20 17:23:58] DEBUG: 	loop_coverage_rate=1.5
[2026-02-20 17:23:58] DEBUG: 	repeat_edge_cov_mult=1.75
[2026-02-20 17:23:58] DEBUG: 	weak_detach_rate=5
[2026-02-20 17:23:58] DEBUG: 	tip_coverage_rate=2
[2026-02-20 17:23:58] DEBUG: 	tip_length_rate=2
[2026-02-20 17:23:58] DEBUG: 	output_gfa_before_rr=1
[2026-02-20 17:23:58] DEBUG: 	remove_alt_edges=0
[2026-02-20 17:23:58] DEBUG: 	low_cutoff_warning=0
[2026-02-20 17:23:58] DEBUG: 	kmer_size=17
[2026-02-20 17:23:58] DEBUG: 	use_minimizers=1
[2026-02-20 17:23:58] DEBUG: 	minimizer_window=10
[2026-02-20 17:23:58] DEBUG: 	reads_base_alignment=1
[2026-02-20 17:23:58] DEBUG: 	meta_read_top_kmer_rate=0.75
[2026-02-20 17:23:58] DEBUG: 	maximum_jump=1500
[2026-02-20 17:23:58] DEBUG: 	maximum_overhang=1500
[2026-02-20 17:23:58] DEBUG: 	repeat_kmer_rate=100
[2026-02-20 17:23:58] DEBUG: 	assemble_ovlp_divergence=0.03
[2026-02-20 17:23:58] DEBUG: 	assemble_divergence_relative=1
[2026-02-20 17:23:58] DEBUG: 	repeat_graph_ovlp_divergence=0.03
[2026-02-20 17:23:58] DEBUG: 	read_align_ovlp_divergence=0.10
[2026-02-20 17:23:58] DEBUG: 	hpc_scoring_on=1
[2026-02-20 17:23:58] DEBUG: 	add_unassembled_reads=0
[2026-02-20 17:23:58] DEBUG: 	extend_contigs_with_repeats=0
[2026-02-20 17:23:58] DEBUG: 	min_read_cov_cutoff=3
[2026-02-20 17:23:58] DEBUG: 	short_tip_length=20000
[2026-02-20 17:23:58] DEBUG: 	long_tip_length=100000
[2026-02-20 17:23:58] DEBUG: Running with k-mer size: 17
[2026-02-20 17:23:58] DEBUG: Running with minimum overlap 3000
[2026-02-20 17:23:58] DEBUG: Metagenome mode: Y
[2026-02-20 17:23:58] DEBUG: Short mode: N
[2026-02-20 17:23:58] INFO: Reading sequences
[2026-02-20 17:23:59] DEBUG: Building positional index
[2026-02-20 17:23:59] DEBUG: Total sequence: 531463454 bp
[2026-02-20 17:23:59] INFO: Building minimizer index
[2026-02-20 17:23:59] INFO: Pre-calculating index storage
[2026-02-20 17:24:02] DEBUG: Mean k-mer frequency: 18.8
[2026-02-20 17:24:02] DEBUG: Repetitive k-mer frequency: 1880
[2026-02-20 17:24:02] DEBUG: Filtered 6342345 repetitive k-mers (0.0657737)
[2026-02-20 17:24:02] INFO: Filling index
[2026-02-20 17:24:05] DEBUG: Sorting k-mer index
[2026-02-20 17:24:06] DEBUG: Selected k-mers: 5128368
[2026-02-20 17:24:06] DEBUG: K-mer index size: 90084401
[2026-02-20 17:24:06] DEBUG: Mean k-mer frequency: 17.5659
[2026-02-20 17:24:06] DEBUG: Minimizer rate: 5.89962
[2026-02-20 17:24:06] DEBUG: Peak RAM usage: 0 Gb
[2026-02-20 17:24:06] DEBUG: Estimating k-mer identity bias
[2026-02-20 17:24:10] DEBUG: Initial divergence estimate : 0.00845247
[2026-02-20 17:24:10] DEBUG: Relative threshold: Y
[2026-02-20 17:24:10] DEBUG: Max divergence threshold set to 0.0384525
[2026-02-20 17:24:10] INFO: Extending reads
[2026-02-20 17:24:10] DEBUG: Estimating overlap coverage
[2026-02-20 17:25:09] INFO: Overlap-based coverage: 97
[2026-02-20 17:25:09] INFO: Median overlap divergence: 0.00918033
[2026-02-20 17:25:09] DEBUG: Sequence divergence distribution: 

    | *     |                                                                                            
    | *     |                                                                                            
    | *     |                                                                                            
    | *     |                                                                                            
    |**     |                                                                                            
    |**     |                                                                                            
    |**     |                                                                                            
    |**     |                                                                                            
    |**     |                                                                                            
    |**     |                                                                                            
    |***    |                                                                                            
    |***    |                                                                                            
    |***    |                                                                                            
    |***    |                                                                                            
    |****   |                                                                                            
    |****   |                                                                                            
    |****   |                                                                                            
    |*******|                                                                                            
    |*********                                                                                           
    |************************ **  *       *                                                              
    ----------------------------------------------------------------------------------------------------
    0%        5%        10%       15%       20%       25%       30%       35%       40%       45%       

    Q25 = 0.0052, Q50 = 0.0092, Q75 = 0.019

[2026-02-20 17:25:10] DEBUG: Assembled disjointig 1
	With 21 reads
	Start read: +1b73028b-2cc5-41c9-bad1-74d2a5380ef3
	At position: 4
	leftTip: 0 rightTip: 0
	Suspicious: 20
	Short ext: 20
	Mean extensions: 8
	Avg overlap len: 1356
	Min overlap len: 1022
	Inner reads: 0
	Length: 34995
[2026-02-20 17:25:10] DEBUG: Inner: 1748 covered: 72 total: 128308
[2026-02-20 17:25:10] DEBUG: Discarded disjointig with 20 reads and 17 inner overlaps
[2026-02-20 17:25:10] DEBUG: Discarded disjointig with 19 reads and 17 inner overlaps
[2026-02-20 17:25:10] DEBUG: Discarded disjointig with 18 reads and 8 inner overlaps
[2026-02-20 17:25:10] DEBUG: Discarded disjointig with 20 reads and 16 inner overlaps
[2026-02-20 17:25:10] DEBUG: Discarded disjointig with 16 reads and 9 inner overlaps
[2026-02-20 17:25:10] DEBUG: Discarded disjointig with 17 reads and 9 inner overlaps
[2026-02-20 17:25:36] DEBUG: Assembled disjointig 2
	With 595 reads
	Start read: +33b1be46-8340-4769-ae23-cee82cefdc55
	At position: 592
	leftTip: 1 rightTip: 0
	Suspicious: 1
	Short ext: 1
	Mean extensions: 71
	Avg overlap len: 28139
	Min overlap len: 1354
	Inner reads: 0
	Length: 4797555
[2026-02-20 17:25:36] DEBUG: Inner: 102960 covered: 101716 total: 128308
[2026-02-20 17:25:36] DEBUG: Discarded disjointig with 593 reads and 591 inner overlaps
[2026-02-20 17:25:36] DEBUG: Discarded disjointig with 217 reads and 215 inner overlaps
[2026-02-20 17:25:36] DEBUG: Discarded disjointig with 603 reads and 601 inner overlaps
[2026-02-20 17:25:36] DEBUG: Discarded disjointig with 383 reads and 381 inner overlaps
[2026-02-20 17:25:36] DEBUG: Discarded disjointig with 343 reads and 341 inner overlaps
[2026-02-20 17:25:36] DEBUG: Discarded disjointig with 595 reads and 592 inner overlaps
[2026-02-20 17:25:36] DEBUG: Discarded disjointig with 217 reads and 215 inner overlaps
[2026-02-20 17:25:36] DEBUG: Discarded disjointig with 187 reads and 177 inner overlaps
[2026-02-20 17:25:36] DEBUG: Discarded disjointig with 594 reads and 592 inner overlaps
[2026-02-20 17:25:36] DEBUG: Discarded disjointig with 595 reads and 593 inner overlaps
[2026-02-20 17:25:36] DEBUG: Discarded disjointig with 594 reads and 592 inner overlaps
[2026-02-20 17:25:36] DEBUG: Discarded disjointig with 593 reads and 591 inner overlaps
[2026-02-20 17:25:36] DEBUG: Discarded disjointig with 163 reads and 154 inner overlaps
[2026-02-20 17:25:36] DEBUG: Discarded disjointig with 165 reads and 160 inner overlaps
[2026-02-20 17:25:37] DEBUG: Discarded disjointig with 170 reads and 160 inner overlaps
[2026-02-20 17:25:37] DEBUG: Assembled disjointig 3
	With 18 reads
	Start read: +1a1e5437-24c0-419e-ab70-d559ccfd82ae
	At position: 12
	leftTip: 1 rightTip: 0
	Suspicious: 0
	Short ext: 0
	Mean extensions: 54
	Avg overlap len: 23542
	Min overlap len: 3327
	Inner reads: 0
	Length: 156238
[2026-02-20 17:25:37] DEBUG: Inner: 104288 covered: 103428 total: 128308
[2026-02-20 17:25:37] DEBUG: Discarded disjointig with 12 reads and 10 inner overlaps
[2026-02-20 17:25:37] DEBUG: Discarded disjointig with 14 reads and 12 inner overlaps
[2026-02-20 17:25:38] DEBUG: Discarded disjointig with 16 reads and 13 inner overlaps
[2026-02-20 17:25:38] DEBUG: Discarded disjointig with 11 reads and 9 inner overlaps
[2026-02-20 17:25:38] DEBUG: Assembled disjointig 4
	With 9 reads
	Start read: +9a636bcf-250e-4331-a1c0-613f83b92143
	At position: 3
	leftTip: 0 rightTip: 0
	Suspicious: 0
	Short ext: 0
	Mean extensions: 52
	Avg overlap len: 21619
	Min overlap len: 18261
	Inner reads: 0
	Length: 81727
[2026-02-20 17:25:38] DEBUG: Inner: 104504 covered: 103688 total: 128308
[2026-02-20 17:25:38] DEBUG: Discarded disjointig with 17 reads and 13 inner overlaps
[2026-02-20 17:25:38] DEBUG: Discarded disjointig with 7 reads and 3 inner overlaps
[2026-02-20 17:25:38] DEBUG: Discarded disjointig with 20 reads and 15 inner overlaps
[2026-02-20 17:25:38] DEBUG: Discarded disjointig with 14 reads and 9 inner overlaps
[2026-02-20 17:25:38] DEBUG: Discarded disjointig with 16 reads and 11 inner overlaps
[2026-02-20 17:25:38] DEBUG: Discarded disjointig with 22 reads and 17 inner overlaps
[2026-02-20 17:25:38] DEBUG: Discarded disjointig with 23 reads and 18 inner overlaps
[2026-02-20 17:25:38] DEBUG: Discarded disjointig with 19 reads and 13 inner overlaps
[2026-02-20 17:25:38] DEBUG: Assembled disjointig 5
	With 6 reads
	Start read: +81dec4e7-400a-4e64-89e3-2e71c07eb7f1
	At position: 5
	leftTip: 0 rightTip: 0
	Suspicious: 2
	Short ext: 2
	Mean extensions: 75
	Avg overlap len: 12531
	Min overlap len: 2748
	Inner reads: 1
	Length: 87933
[2026-02-20 17:25:38] DEBUG: Inner: 104596 covered: 104032 total: 128308
[2026-02-20 17:25:38] DEBUG: Discarded disjointig with 9 reads and 7 inner overlaps
[2026-02-20 17:25:38] DEBUG: Discarded disjointig with 9 reads and 7 inner overlaps
[2026-02-20 17:25:41] DEBUG: Assembled disjointig 6
	With 1 reads
	Start read: +b05d3530-4a20-4c9e-b4a7-ce55b3d0ca7a
	At position: 1
	leftTip: 1 rightTip: 1
	Suspicious: 0
	Short ext: 0
	Mean extensions: 0
	Avg overlap len: 0
	Min overlap len: 0
	Inner reads: 0
	Length: 3026
[2026-02-20 17:25:41] DEBUG: Inner: 104602 covered: 107480 total: 128308
[2026-02-20 17:25:41] DEBUG: Assembled disjointig 7
	With 1 reads
	Start read: +3786edb6-e86e-420a-bfdd-49f09264b175
	At position: 1
	leftTip: 1 rightTip: 1
	Suspicious: 0
	Short ext: 0
	Mean extensions: 0
	Avg overlap len: 0
	Min overlap len: 0
	Inner reads: 0
	Length: 3009
[2026-02-20 17:25:41] DEBUG: Inner: 104606 covered: 107576 total: 128308
[2026-02-20 17:25:44] DEBUG: Assembled disjointig 8
	With 3 reads
	Start read: +f184799b-aa24-4bce-b4ba-93829f7ccc36
	At position: 3
	leftTip: 0 rightTip: 1
	Suspicious: 2
	Short ext: 2
	Mean extensions: 1
	Avg overlap len: 1256
	Min overlap len: 1069
	Inner reads: 0
	Length: 6410
[2026-02-20 17:25:44] DEBUG: Inner: 104832 covered: 110474 total: 128308
[2026-02-20 17:25:45] DEBUG: Assembled disjointig 9
	With 1 reads
	Start read: +323668de-5ae9-4e01-86a5-add76d883d8f
	At position: 1
	leftTip: 1 rightTip: 1
	Suspicious: 0
	Short ext: 0
	Mean extensions: 0
	Avg overlap len: 0
	Min overlap len: 0
	Inner reads: 0
	Length: 3007
[2026-02-20 17:25:45] DEBUG: Inner: 104836 covered: 111568 total: 128308
[2026-02-20 17:25:45] DEBUG: Assembled disjointig 10
	With 4 reads
	Start read: +6db95a0b-47f6-4104-93f1-4e32563c2828
	At position: 3
	leftTip: 0 rightTip: 0
	Suspicious: 3
	Short ext: 3
	Mean extensions: 14
	Avg overlap len: 1372
	Min overlap len: 1279
	Inner reads: 0
	Length: 10561
[2026-02-20 17:25:45] DEBUG: Inner: 106860 covered: 111672 total: 128308
[2026-02-20 17:25:56] INFO: Assembled 10 disjointigs
[2026-02-20 17:25:56] INFO: Generating sequence
[2026-02-20 17:25:57] DEBUG: Building positional index
[2026-02-20 17:25:57] DEBUG: Total sequence: 5166677 bp
[2026-02-20 17:25:57] DEBUG: Mean k-mer frequency: 1.08284
[2026-02-20 17:25:57] DEBUG: Repetitive k-mer frequency: 108
[2026-02-20 17:25:57] DEBUG: Filtered 0 repetitive k-mers (0)
[2026-02-20 17:25:57] DEBUG: Sorting k-mer index
[2026-02-20 17:25:57] DEBUG: Selected k-mers: 867071
[2026-02-20 17:25:57] DEBUG: K-mer index size: 938904
[2026-02-20 17:25:57] DEBUG: Mean k-mer frequency: 1.08285
[2026-02-20 17:25:57] DEBUG: Minimizer rate: 5.50288
[2026-02-20 17:25:57] INFO: Filtering contained disjointigs
[2026-02-20 17:25:58] DEBUG: Computing transitive closure for overlaps
[2026-02-20 17:25:58] DEBUG: Found 66 overlaps
[2026-02-20 17:25:58] DEBUG: Left 36 overlaps after filtering
[2026-02-20 17:25:58] INFO: Contained seqs: 2
[2026-02-20 17:25:58] DEBUG: Writing FASTA
[2026-02-20 17:25:58] DEBUG: Peak RAM usage: 1 Gb
-----------End assembly log------------
[2026-02-20 17:25:59] root: DEBUG: Disjointigs length: 5152738, N50: 4797555
[2026-02-20 17:25:59] root: INFO: >>>STAGE: consensus
[2026-02-20 17:25:59] root: INFO: Running Minimap2
[2026-02-20 17:26:25] root: INFO: Computing consensus
[2026-02-20 17:27:37] root: INFO: Alignment error rate: 0.011980
[2026-02-20 17:27:37] root: INFO: >>>STAGE: repeat
[2026-02-20 17:27:37] root: INFO: Building and resolving repeat graph
[2026-02-20 17:27:37] root: DEBUG: -----Begin repeat analyser log------
[2026-02-20 17:27:37] root: DEBUG: Running: flye-modules repeat --disjointigs /scratch/ky/characterization/results/barcode29/assembly/10-consensus/consensus.fasta --reads /scratch/ky/characterization/FASTQ/SQK-RBK114-96_barcode29.fastq --out-dir /scratch/ky/characterization/results/barcode29/assembly/20-repeat --config /data/softs/Miniforge3-25.11.0-0/envs/flye-2.9.6/lib/python3.12/site-packages/flye/config/bin_cfg/asm_nano_hq.cfg --log /scratch/ky/characterization/results/barcode29/assembly/flye.log --threads 16 --meta --min-ovlp 3000
[2026-02-20 17:27:37] DEBUG: Build date: May  4 2025 23:18:08
[2026-02-20 17:27:37] DEBUG: Total RAM: 251 Gb
[2026-02-20 17:27:37] DEBUG: Available RAM: 247 Gb
[2026-02-20 17:27:37] DEBUG: Total CPUs: 32
[2026-02-20 17:27:37] DEBUG: Loading /data/softs/Miniforge3-25.11.0-0/envs/flye-2.9.6/lib/python3.12/site-packages/flye/config/bin_cfg/asm_nano_hq.cfg
[2026-02-20 17:27:37] DEBUG: Loading /data/softs/Miniforge3-25.11.0-0/envs/flye-2.9.6/lib/python3.12/site-packages/flye/config/bin_cfg/asm_defaults.cfg
[2026-02-20 17:27:37] DEBUG: 	big_genome_threshold=29000000
[2026-02-20 17:27:37] DEBUG: 	meta_read_filter_kmer_freq=100
[2026-02-20 17:27:37] DEBUG: 	chain_large_gap_penalty=2
[2026-02-20 17:27:37] DEBUG: 	chain_small_gap_penalty=0.5
[2026-02-20 17:27:37] DEBUG: 	chain_gap_jump_threshold=100
[2026-02-20 17:27:37] DEBUG: 	max_jump_gap=500
[2026-02-20 17:27:37] DEBUG: 	max_coverage_drop_rate=5
[2026-02-20 17:27:37] DEBUG: 	max_extensions_drop_rate=5
[2026-02-20 17:27:37] DEBUG: 	chimera_window=100
[2026-02-20 17:27:37] DEBUG: 	chimera_overhang=1000
[2026-02-20 17:27:37] DEBUG: 	min_reads_in_disjointig=4
[2026-02-20 17:27:37] DEBUG: 	max_inner_reads=10
[2026-02-20 17:27:37] DEBUG: 	max_inner_fraction=0.25
[2026-02-20 17:27:37] DEBUG: 	aggressive_dup_filter=1
[2026-02-20 17:27:37] DEBUG: 	max_separation=500
[2026-02-20 17:27:37] DEBUG: 	unique_edge_length=50000
[2026-02-20 17:27:37] DEBUG: 	min_repeat_res_support=0.51
[2026-02-20 17:27:37] DEBUG: 	out_paths_ratio=5
[2026-02-20 17:27:37] DEBUG: 	graph_cov_drop_rate=5
[2026-02-20 17:27:37] DEBUG: 	coverage_estimate_window=100
[2026-02-20 17:27:37] DEBUG: 	max_bubble_length=50000
[2026-02-20 17:27:37] DEBUG: 	loop_coverage_rate=1.5
[2026-02-20 17:27:37] DEBUG: 	repeat_edge_cov_mult=1.75
[2026-02-20 17:27:37] DEBUG: 	weak_detach_rate=5
[2026-02-20 17:27:37] DEBUG: 	tip_coverage_rate=2
[2026-02-20 17:27:37] DEBUG: 	tip_length_rate=2
[2026-02-20 17:27:37] DEBUG: 	output_gfa_before_rr=1
[2026-02-20 17:27:37] DEBUG: 	remove_alt_edges=0
[2026-02-20 17:27:37] DEBUG: 	low_cutoff_warning=0
[2026-02-20 17:27:37] DEBUG: 	kmer_size=17
[2026-02-20 17:27:37] DEBUG: 	use_minimizers=1
[2026-02-20 17:27:37] DEBUG: 	minimizer_window=10
[2026-02-20 17:27:37] DEBUG: 	reads_base_alignment=1
[2026-02-20 17:27:37] DEBUG: 	meta_read_top_kmer_rate=0.75
[2026-02-20 17:27:37] DEBUG: 	maximum_jump=1500
[2026-02-20 17:27:37] DEBUG: 	maximum_overhang=1500
[2026-02-20 17:27:37] DEBUG: 	repeat_kmer_rate=100
[2026-02-20 17:27:37] DEBUG: 	assemble_ovlp_divergence=0.03
[2026-02-20 17:27:37] DEBUG: 	assemble_divergence_relative=1
[2026-02-20 17:27:37] DEBUG: 	repeat_graph_ovlp_divergence=0.03
[2026-02-20 17:27:37] DEBUG: 	read_align_ovlp_divergence=0.10
[2026-02-20 17:27:37] DEBUG: 	hpc_scoring_on=1
[2026-02-20 17:27:37] DEBUG: 	add_unassembled_reads=0
[2026-02-20 17:27:37] DEBUG: 	extend_contigs_with_repeats=0
[2026-02-20 17:27:37] DEBUG: 	min_read_cov_cutoff=3
[2026-02-20 17:27:37] DEBUG: 	short_tip_length=20000
[2026-02-20 17:27:37] DEBUG: 	long_tip_length=100000
[2026-02-20 17:27:37] DEBUG: Running with k-mer size: 17
[2026-02-20 17:27:37] DEBUG: Selected minimum overlap 3000
[2026-02-20 17:27:37] DEBUG: Metagenome mode: Y
[2026-02-20 17:27:37] INFO: Parsing disjointigs
[2026-02-20 17:27:37] DEBUG: Building positional index
[2026-02-20 17:27:37] DEBUG: Total sequence: 5148750 bp
[2026-02-20 17:27:37] INFO: Building repeat graph
[2026-02-20 17:27:38] DEBUG: Mean k-mer frequency: 1.08532
[2026-02-20 17:27:38] DEBUG: Repetitive k-mer frequency: 108
[2026-02-20 17:27:38] DEBUG: Filtered 0 repetitive k-mers (0)
[2026-02-20 17:27:38] DEBUG: Sorting k-mer index
[2026-02-20 17:27:38] DEBUG: Selected k-mers: 861907
[2026-02-20 17:27:38] DEBUG: K-mer index size: 935442
[2026-02-20 17:27:38] DEBUG: Mean k-mer frequency: 1.08532
[2026-02-20 17:27:38] DEBUG: Minimizer rate: 5.50408
[2026-02-20 17:27:40] DEBUG: Computing transitive closure for overlaps
[2026-02-20 17:27:40] DEBUG: Found 360 overlaps
[2026-02-20 17:27:40] DEBUG: Left 152 overlaps after filtering
[2026-02-20 17:27:40] INFO: Median overlap divergence: 0.0173595
[2026-02-20 17:27:40] DEBUG: Sequence divergence distribution: 

    |*     |                                                                                             
    |*     |                                                                                             
    |*     |                                                                                             
    |*     |                                                                                             
    |*     |                                                                                             
    |*     |                                                                                             
    |*     |                                                                                             
    |*     |                                                                                             
    |*     |                                                                                             
    |*     |                                                                                             
    |*     |                                                                                             
    |*     |                                                                                             
    |*    *|                                                                                             
    |*    *|                                                                                             
    |*    *|                                                                                             
    |* ** *|                                                                                             
    |**** *|               **               *            *                                               
    |**** *|               **               *            *                                               
    |*******  *            **               *        *   *                                               
    |*******  *            **               *        *   *                                               
    ----------------------------------------------------------------------------------------------------
    0%        5%        10%       15%       20%       25%       30%       35%       40%       45%       

    Q25 = 7.3e-05, Q50 = 0.017, Q75 = 0.046

[2026-02-20 17:27:40] DEBUG: Computing gluepoints
[2026-02-20 17:27:40] DEBUG: Added 0 gluepoint projections
[2026-02-20 17:27:40] DEBUG: Created 172 gluepoints
[2026-02-20 17:27:40] DEBUG: Artificial loops removed: 0 left, 0 right, 4 both
[2026-02-20 17:27:40] DEBUG: Initializing edges
[2026-02-20 17:27:40] DEBUG: Edges length checksum: 7107130921
[2026-02-20 17:27:40] DEBUG: Filtered 0 singleton segments
[2026-02-20 17:27:40] DEBUG: Removed 0 simple and 0 double chimeric junctions
[2026-02-20 17:27:40] DEBUG: Collapsed 10 edges
[2026-02-20 17:27:40] DEBUG:  	41	+disjointig_1	1530	19934	18404	
[2026-02-20 17:27:40] DEBUG: *	43	+disjointig_2	41669	125350	83681	
[2026-02-20 17:27:40] DEBUG:  	6	+disjointig_2	125350	129014	3664	
[2026-02-20 17:27:40] DEBUG: *	9	+disjointig_2	129014	319791	190777	
[2026-02-20 17:27:40] DEBUG:  	44	+disjointig_2	319791	325028	5237	
[2026-02-20 17:27:40] DEBUG: *	-15	+disjointig_2	325028	1018548	693520	
[2026-02-20 17:27:40] DEBUG:  	44	+disjointig_2	1018548	1023868	5320	
[2026-02-20 17:27:40] DEBUG: *	18	+disjointig_2	1023868	2233748	1209880	
[2026-02-20 17:27:40] DEBUG:  	21	+disjointig_2	2233748	2237432	3684	
[2026-02-20 17:27:40] DEBUG: *	22	+disjointig_2	2237432	2430036	192604	
[2026-02-20 17:27:40] DEBUG:  	24	+disjointig_2	2430036	2438058	8022	
[2026-02-20 17:27:40] DEBUG: *	-8	+disjointig_2	2438058	3045324	607266	
[2026-02-20 17:27:40] DEBUG:  	6	+disjointig_2	3045324	3049057	3733	
[2026-02-20 17:27:40] DEBUG: *	10	+disjointig_2	3049057	3246496	197439	
[2026-02-20 17:27:40] DEBUG:  	21	+disjointig_2	3246496	3250180	3684	
[2026-02-20 17:27:40] DEBUG: *	23	+disjointig_2	3250180	3483738	233558	
[2026-02-20 17:27:40] DEBUG:  	24	+disjointig_2	3483738	3491759	8021	
[2026-02-20 17:27:40] DEBUG: *	-19	+disjointig_2	3491759	3600421	108662	
[2026-02-20 17:27:40] DEBUG:  	-44	+disjointig_2	3600421	3605669	5248	
[2026-02-20 17:27:40] DEBUG: *	16	+disjointig_2	3605669	3875653	269984	
[2026-02-20 17:27:40] DEBUG: *	45	+disjointig_2	3875653	3953934	78281	
[2026-02-20 17:27:40] DEBUG: *	-20	+disjointig_2	3953934	4234267	280333	
[2026-02-20 17:27:40] DEBUG:  	-44	+disjointig_2	4234267	4239506	5239	
[2026-02-20 17:27:40] DEBUG: *	12	+disjointig_2	4239506	4275659	36153	
[2026-02-20 17:27:40] DEBUG:  	-44	+disjointig_2	4275659	4281088	5429	
[2026-02-20 17:27:40] DEBUG: *	13	+disjointig_2	4281088	4406690	125602	
[2026-02-20 17:27:40] DEBUG:  	-44	+disjointig_2	4406690	4412156	5466	
[2026-02-20 17:27:40] DEBUG: *	14	+disjointig_2	4412156	4500411	88255	
[2026-02-20 17:27:40] DEBUG:  	-44	+disjointig_2	4500411	4505784	5373	
[2026-02-20 17:27:40] DEBUG: *	-7	+disjointig_2	4505784	4737757	231973	
[2026-02-20 17:27:40] DEBUG:  	6	+disjointig_2	4737757	4741509	3752	
[2026-02-20 17:27:40] DEBUG: *	42	+disjointig_2	4741509	4796974	55465	
[2026-02-20 17:27:40] DEBUG:  	47	+disjointig_3	53033	65326	12293	
[2026-02-20 17:27:40] DEBUG:  	-30	+disjointig_3	65326	74096	8770	
[2026-02-20 17:27:40] DEBUG:  	-27	+disjointig_3	74096	74912	816	
[2026-02-20 17:27:40] DEBUG: *	46	+disjointig_3	74912	153080	78168	
[2026-02-20 17:27:40] DEBUG:  	27	+disjointig_4	28668	29484	816	
[2026-02-20 17:27:40] DEBUG:  	30	+disjointig_4	29484	38256	8772	
[2026-02-20 17:27:40] DEBUG: *	-37	+disjointig_4	38256	54180	15924	
[2026-02-20 17:27:40] DEBUG:  	-47	+disjointig_4	54180	66479	12299	
[2026-02-20 17:27:40] DEBUG:  	-27	+disjointig_5	43160	43976	816	
[2026-02-20 17:27:40] DEBUG: *	38	+disjointig_6	0	3015	3015	
[2026-02-20 17:27:40] DEBUG: *	39	+disjointig_7	0	3008	3008	
[2026-02-20 17:27:40] DEBUG: *	40	+disjointig_9	0	3004	3004	
[2026-02-20 17:27:40] DEBUG: Total edges: 47
[2026-02-20 17:27:40] INFO: Parsing reads
[2026-02-20 17:27:41] DEBUG: Building positional index
[2026-02-20 17:27:41] DEBUG: Total sequence: 604912187 bp
[2026-02-20 17:27:41] DEBUG: Building positional index
[2026-02-20 17:27:41] DEBUG: Total sequence: 4921410 bp
[2026-02-20 17:27:41] INFO: Aligning reads to the graph
[2026-02-20 17:27:42] DEBUG: Mean k-mer frequency: 1.03827
[2026-02-20 17:27:42] DEBUG: Repetitive k-mer frequency: 103
[2026-02-20 17:27:42] DEBUG: Filtered 0 repetitive k-mers (0)
[2026-02-20 17:27:42] DEBUG: Sorting k-mer index
[2026-02-20 17:27:42] DEBUG: Selected k-mers: 861087
[2026-02-20 17:27:42] DEBUG: K-mer index size: 894039
[2026-02-20 17:27:42] DEBUG: Mean k-mer frequency: 1.03827
[2026-02-20 17:27:42] DEBUG: Minimizer rate: 5.50469
[2026-02-20 17:27:58] DEBUG: Total reads : 64154
[2026-02-20 17:27:58] DEBUG: Read with aligned parts : 62207
[2026-02-20 17:27:58] DEBUG: Aligned in one piece : 61930
[2026-02-20 17:27:58] INFO: Aligned read sequence: 521080848 / 531463454 (0.980464)
[2026-02-20 17:27:58] INFO: Median overlap divergence: 0.00317746
[2026-02-20 17:27:58] DEBUG: Sequence divergence distribution: 

    |*                   |                                                                               
    |*                   |                                                                               
    |*                   |                                                                               
    |*                   |                                                                               
    |*                   |                                                                               
    |*                   |                                                                               
    |*                   |                                                                               
    |*                   |                                                                               
    |*                   |                                                                               
    |*                   |                                                                               
    |*                   |                                                                               
    |*                   |                                                                               
    |*                   |                                                                               
    |*                   |                                                                               
    |**                  |                                                                               
    |**                  |                                                                               
    |**                  |                                                                               
    |**                  |                                                                               
    |***                 |                                                                               
    |********************************  ** *  *                                                           
    ----------------------------------------------------------------------------------------------------
    0%        5%        10%       15%       20%       25%       30%       35%       40%       45%       

    Q25 = 0.0018, Q50 = 0.0032, Q75 = 0.0061

[2026-02-20 17:27:58] INFO: Mean edge coverage: 106
[2026-02-20 17:27:58] DEBUG: 6	len:3716	cov:300	mult:2.83019
[2026-02-20 17:27:58] DEBUG: -6	len:3716	cov:300	mult:2.83019
[2026-02-20 17:27:58] DEBUG: 7	len:231973	cov:109	mult:1.0283
[2026-02-20 17:27:58] DEBUG: -7	len:231973	cov:109	mult:1.0283
[2026-02-20 17:27:58] DEBUG: 8	len:607266	cov:99	mult:0.933962
[2026-02-20 17:27:58] DEBUG: -8	len:607266	cov:99	mult:0.933962
[2026-02-20 17:27:58] DEBUG: 9	len:190777	cov:106	mult:1
[2026-02-20 17:27:58] DEBUG: -9	len:190777	cov:106	mult:1
[2026-02-20 17:27:58] DEBUG: 10	len:197439	cov:103	mult:0.971698
[2026-02-20 17:27:58] DEBUG: -10	len:197439	cov:103	mult:0.971698
[2026-02-20 17:27:58] DEBUG: 12	len:36153	cov:94	mult:0.886792
[2026-02-20 17:27:58] DEBUG: -12	len:36153	cov:94	mult:0.886792
[2026-02-20 17:27:58] DEBUG: 13	len:125602	cov:104	mult:0.981132
[2026-02-20 17:27:58] DEBUG: -13	len:125602	cov:104	mult:0.981132
[2026-02-20 17:27:58] DEBUG: 14	len:88255	cov:106	mult:1
[2026-02-20 17:27:58] DEBUG: -14	len:88255	cov:106	mult:1
[2026-02-20 17:27:58] DEBUG: 15	len:693520	cov:99	mult:0.933962
[2026-02-20 17:27:58] DEBUG: -15	len:693520	cov:99	mult:0.933962
[2026-02-20 17:27:58] DEBUG: 16	len:269984	cov:101	mult:0.95283
[2026-02-20 17:27:58] DEBUG: -16	len:269984	cov:101	mult:0.95283
[2026-02-20 17:27:58] DEBUG: 18	len:1209880	cov:98	mult:0.924528
[2026-02-20 17:27:58] DEBUG: -18	len:1209880	cov:98	mult:0.924528
[2026-02-20 17:27:58] DEBUG: 19	len:108662	cov:94	mult:0.886792
[2026-02-20 17:27:58] DEBUG: -19	len:108662	cov:94	mult:0.886792
[2026-02-20 17:27:58] DEBUG: 20	len:280333	cov:103	mult:0.971698
[2026-02-20 17:27:58] DEBUG: -20	len:280333	cov:103	mult:0.971698
[2026-02-20 17:27:58] DEBUG: 21	len:3684	cov:190	mult:1.79245
[2026-02-20 17:27:58] DEBUG: -21	len:3684	cov:190	mult:1.79245
[2026-02-20 17:27:58] DEBUG: 22	len:192604	cov:99	mult:0.933962
[2026-02-20 17:27:58] DEBUG: -22	len:192604	cov:99	mult:0.933962
[2026-02-20 17:27:58] DEBUG: 23	len:233558	cov:100	mult:0.943396
[2026-02-20 17:27:58] DEBUG: -23	len:233558	cov:100	mult:0.943396
[2026-02-20 17:27:58] DEBUG: 24	len:8021	cov:174	mult:1.64151
[2026-02-20 17:27:58] DEBUG: -24	len:8021	cov:174	mult:1.64151
[2026-02-20 17:27:58] DEBUG: 27	len:816	cov:130	mult:1.22642
[2026-02-20 17:27:58] DEBUG: -27	len:816	cov:130	mult:1.22642
[2026-02-20 17:27:58] DEBUG: 30	len:8771	cov:53	mult:0.5
[2026-02-20 17:27:58] DEBUG: -30	len:8771	cov:53	mult:0.5
[2026-02-20 17:27:58] DEBUG: 37	len:15924	cov:36	mult:0.339623
[2026-02-20 17:27:58] DEBUG: -37	len:15924	cov:36	mult:0.339623
[2026-02-20 17:27:58] DEBUG: 38	len:3015	cov:1	mult:0.00943396
[2026-02-20 17:27:58] DEBUG: -38	len:3015	cov:1	mult:0.00943396
[2026-02-20 17:27:58] DEBUG: 39	len:3008	cov:0	mult:0
[2026-02-20 17:27:58] DEBUG: -39	len:3008	cov:0	mult:0
[2026-02-20 17:27:58] DEBUG: 40	len:3004	cov:2	mult:0.0188679
[2026-02-20 17:27:58] DEBUG: -40	len:3004	cov:2	mult:0.0188679
[2026-02-20 17:27:58] DEBUG: 41	len:9202	cov:2936	mult:27.6981
[2026-02-20 17:27:58] DEBUG: -41	len:9202	cov:2936	mult:27.6981
[2026-02-20 17:27:58] DEBUG: 42	len:55465	cov:103	mult:0.971698
[2026-02-20 17:27:58] DEBUG: -42	len:55465	cov:103	mult:0.971698
[2026-02-20 17:27:58] DEBUG: 43	len:83681	cov:113	mult:1.06604
[2026-02-20 17:27:58] DEBUG: -43	len:83681	cov:113	mult:1.06604
[2026-02-20 17:27:58] DEBUG: 44	len:5330	cov:739	mult:6.9717
[2026-02-20 17:27:58] DEBUG: -44	len:5330	cov:739	mult:6.9717
[2026-02-20 17:27:58] DEBUG: 45	len:78281	cov:137	mult:1.29245
[2026-02-20 17:27:58] DEBUG: -45	len:78281	cov:137	mult:1.29245
[2026-02-20 17:27:58] DEBUG: 46	len:78168	cov:74	mult:0.698113
[2026-02-20 17:27:58] DEBUG: -46	len:78168	cov:74	mult:0.698113
[2026-02-20 17:27:58] DEBUG: 47	len:12296	cov:65	mult:0.613208
[2026-02-20 17:27:58] DEBUG: -47	len:12296	cov:65	mult:0.613208
[2026-02-20 17:27:58] DEBUG: Unique coverage threshold 185
[2026-02-20 17:27:58] INFO: Simplifying the graph
[2026-02-20 17:27:58] DEBUG: Read coverage cutoff: 3
[2026-02-20 17:27:58] DEBUG: [SIMPL] Removed 3 paths with low coverage
[2026-02-20 17:27:58] DEBUG: Bubble-loop: {47,12296,65} {-30,8771,53}
[2026-02-20 17:27:58] DEBUG: 	Internal: {37,15924,36}
[2026-02-20 17:27:58] DEBUG: [SIMPL] Masked 1 heterozygous loops
[2026-02-20 17:27:58] DEBUG: [SIMPL] Masked 0 simple bubbles
[2026-02-20 17:27:58] DEBUG: [SIMPL] Masked 0 roundabouts
[2026-02-20 17:27:58] DEBUG: [SIMPL] Masked 0 superbubbles
[2026-02-20 17:27:58] DEBUG: Finding repeats
[2026-02-20 17:27:58] DEBUG: Read coverage cutoff: 3
[2026-02-20 17:27:58] DEBUG: Haplo-edge: 37
[2026-02-20 17:27:58] DEBUG: Repeat detection iteration 1
[2026-02-20 17:27:58] DEBUG: Starting 27 aln:137
[2026-02-20 17:27:58] DEBUG: 	      -45	num:61	flank:16899	span:23
[2026-02-20 17:27:58] DEBUG: 	      30	num:56	flank:20207	span:9
[2026-02-20 17:27:58] DEBUG: Starting -27 aln:137
[2026-02-20 17:27:58] DEBUG: 	      45	num:35	flank:21023	span:8
[2026-02-20 17:27:58] DEBUG: 	      46	num:91	flank:16165	span:2
[2026-02-20 17:27:58] DEBUG: Mult: 27	816	130	 (1,1)
[2026-02-20 17:27:58] DEBUG: Starting 21 aln:230
[2026-02-20 17:27:58] DEBUG: 	      22	num:96	flank:20809	span:4
[2026-02-20 17:27:58] DEBUG: 	      23	num:79	flank:12276	span:9
[2026-02-20 17:27:58] DEBUG: Starting -21 aln:230
[2026-02-20 17:27:58] DEBUG: 	      -10	num:67	flank:14864	span:2
[2026-02-20 17:27:58] DEBUG: 	      -18	num:86	flank:17124	span:11
[2026-02-20 17:27:58] DEBUG: Mult: 21	3684	190	 (1,1)
[2026-02-20 17:27:58] DEBUG: Starting 6 aln:377
[2026-02-20 17:27:58] DEBUG: 	      10	num:80	flank:14157	span:11
[2026-02-20 17:27:58] DEBUG: 	      42	num:78	flank:20751	span:11
[2026-02-20 17:27:58] DEBUG: 	      9	num:102	flank:25197	span:8
[2026-02-20 17:27:58] DEBUG: Starting -6 aln:377
[2026-02-20 17:27:58] DEBUG: 	      7	num:88	flank:17627	span:0
[2026-02-20 17:27:58] DEBUG: 	      8	num:85	flank:17889	span:0
[2026-02-20 17:27:58] DEBUG: 	      -43	num:99	flank:28177	span:11
[2026-02-20 17:27:58] DEBUG: Mult: 6	3716	300	 (1,1)
[2026-02-20 17:27:58] DEBUG: Starting 44 aln:1025
[2026-02-20 17:27:58] DEBUG: 	      20	num:105	flank:15675	span:11
[2026-02-20 17:27:58] DEBUG: 	      18	num:86	flank:15568	span:10
[2026-02-20 17:27:58] DEBUG: 	      19	num:97	flank:14956	span:7
[2026-02-20 17:27:58] DEBUG: 	      -14	num:106	flank:17668	span:16
[2026-02-20 17:27:58] DEBUG: 	      -15	num:103	flank:16442	span:11
[2026-02-20 17:27:58] DEBUG: 	      -13	num:89	flank:15854	span:22
[2026-02-20 17:27:58] DEBUG: 	      -12	num:97	flank:17032	span:20
[2026-02-20 17:27:58] DEBUG: Starting -44 aln:1025
[2026-02-20 17:27:58] DEBUG: 	      14	num:81	flank:14373	span:1
[2026-02-20 17:27:58] DEBUG: 	      16	num:94	flank:19910	span:1
[2026-02-20 17:27:58] DEBUG: 	      15	num:96	flank:20889	span:1
[2026-02-20 17:27:58] DEBUG: 	      -7	num:101	flank:15514	span:12
[2026-02-20 17:27:58] DEBUG: 	      12	num:108	flank:15262	span:2
[2026-02-20 17:27:58] DEBUG: 	      -9	num:88	flank:11204	span:8
[2026-02-20 17:27:58] DEBUG: 	      13	num:103	flank:22475	span:-22
[2026-02-20 17:27:58] DEBUG: Mult: 44	5330	739	 (1,1)
[2026-02-20 17:27:58] DEBUG: Starting 24 aln:274
[2026-02-20 17:27:58] DEBUG: 	      -19	num:62	flank:15216	span:10
[2026-02-20 17:27:58] DEBUG: 	      -8	num:94	flank:13841	span:18
[2026-02-20 17:27:58] DEBUG: Starting -24 aln:274
[2026-02-20 17:27:58] DEBUG: 	      -22	num:92	flank:18646	span:12
[2026-02-20 17:27:58] DEBUG: 	      -23	num:80	flank:20228	span:7
[2026-02-20 17:27:58] DEBUG: Mult: 24	8021	174	 (1,1)
[2026-02-20 17:27:58] DEBUG: Starting -30 aln:100
[2026-02-20 17:27:58] DEBUG: 	      45	num:29	flank:20207	span:821
[2026-02-20 17:27:58] DEBUG: 	      46	num:23	flank:15348	span:810
[2026-02-20 17:27:58] DEBUG: Mult: 30	8771	53	 (1,0)
[2026-02-20 17:27:58] DEBUG: Starting 45 aln:296
[2026-02-20 17:27:58] DEBUG: 	      46	num:54	flank:16087	span:822
[2026-02-20 17:27:58] DEBUG: 	      -20	num:101	flank:13686	span:14
[2026-02-20 17:27:58] DEBUG: SuspiciousOverhangs: -45
[2026-02-20 17:27:58] DEBUG: 	Spanning: 99 median: 13 max: 68
[2026-02-20 17:27:58] DEBUG: 	Hanging: 34
[2026-02-20 17:27:58] DEBUG: 	Inconsistent: 28
[2026-02-20 17:27:58] DEBUG: Mult: 45	78281	137	 (1,1)
[2026-02-20 17:27:58] DEBUG: SuspiciousOverhangs: -46
[2026-02-20 17:27:58] DEBUG: 	Spanning: 11 median: 9595 max: 9629
[2026-02-20 17:27:58] DEBUG: 	Hanging: 80
[2026-02-20 17:27:58] DEBUG: 	Inconsistent: 54
[2026-02-20 17:27:58] DEBUG: Mult: 46 -> 47	90464	72	 (1,0)
[2026-02-20 17:27:58] DEBUG: Repeat detection iteration 2
[2026-02-20 17:27:58] DEBUG: Writing Dot
[2026-02-20 17:27:58] DEBUG: Writing FASTA
[2026-02-20 17:27:58] DEBUG: Writing Gfa
[2026-02-20 17:27:58] DEBUG: 	Connection -7	42	49
[2026-02-20 17:27:58] DEBUG: 	Connection -8	10	46
[2026-02-20 17:27:58] DEBUG: 	Connection 43	9	60
[2026-02-20 17:27:58] DEBUG: 	Connection 10	23	41
[2026-02-20 17:27:58] DEBUG: 	Connection 18	22	57
[2026-02-20 17:27:58] DEBUG: 	Connection 22	-8	33
[2026-02-20 17:27:58] DEBUG: 	Connection 23	-19	21
[2026-02-20 17:27:58] DEBUG: [SIMPL] Resolved 7 simple repeats
[2026-02-20 17:27:58] DEBUG: [SIMPL] == Iteration 1 ==
[2026-02-20 17:27:58] DEBUG: Splitting nodes
[2026-02-20 17:27:58] DEBUG: [SIMPL] Split 0 nodes
[2026-02-20 17:27:58] DEBUG: [SIMPL] Disconnected 0 minor paths
[2026-02-20 17:27:58] DEBUG: [SIMPL] Clipped 0 short and 0 long tips
[2026-02-20 17:27:58] DEBUG: Bubble-loop: {47,12296,65} {-30,8771,53}
[2026-02-20 17:27:58] DEBUG: 	Internal: {37,15924,36}
[2026-02-20 17:27:58] DEBUG: [SIMPL] Masked 1 heterozygous loops
[2026-02-20 17:27:58] DEBUG: [SIMPL] Masked 0 simple bubbles
[2026-02-20 17:27:58] DEBUG: [SIMPL] Masked 0 roundabouts
[2026-02-20 17:27:58] DEBUG: [SIMPL] Masked 0 superbubbles
[2026-02-20 17:27:58] DEBUG: Finding repeats
[2026-02-20 17:27:58] DEBUG: Read coverage cutoff: 3
[2026-02-20 17:27:58] DEBUG: Haplo-edge: 37
[2026-02-20 17:27:58] DEBUG: Repeat detection iteration 1
[2026-02-20 17:27:58] DEBUG: Starting 27 aln:137
[2026-02-20 17:27:58] DEBUG: 	      -45	num:61	flank:16899	span:23
[2026-02-20 17:27:58] DEBUG: 	      30	num:56	flank:20207	span:9
[2026-02-20 17:27:58] DEBUG: Starting -27 aln:137
[2026-02-20 17:27:58] DEBUG: 	      45	num:35	flank:21023	span:8
[2026-02-20 17:27:58] DEBUG: 	      46	num:91	flank:16165	span:2
[2026-02-20 17:27:58] DEBUG: Mult: 27	816	130	 (1,1)
[2026-02-20 17:27:58] DEBUG: Starting 44 aln:1025
[2026-02-20 17:27:58] DEBUG: 	      20	num:105	flank:15675	span:11
[2026-02-20 17:27:58] DEBUG: 	      18	num:86	flank:15568	span:10
[2026-02-20 17:27:58] DEBUG: 	      19	num:97	flank:14956	span:7
[2026-02-20 17:27:58] DEBUG: 	      -14	num:106	flank:17668	span:16
[2026-02-20 17:27:58] DEBUG: 	      -15	num:103	flank:16442	span:11
[2026-02-20 17:27:58] DEBUG: 	      -13	num:89	flank:15854	span:22
[2026-02-20 17:27:58] DEBUG: 	      -12	num:97	flank:17032	span:20
[2026-02-20 17:27:58] DEBUG: Starting -44 aln:1025
[2026-02-20 17:27:58] DEBUG: 	      14	num:81	flank:14373	span:1
[2026-02-20 17:27:58] DEBUG: 	      16	num:94	flank:19910	span:1
[2026-02-20 17:27:58] DEBUG: 	      15	num:96	flank:20889	span:1
[2026-02-20 17:27:58] DEBUG: 	      -7	num:101	flank:15514	span:12
[2026-02-20 17:27:58] DEBUG: 	      12	num:108	flank:15262	span:2
[2026-02-20 17:27:58] DEBUG: 	      -9	num:88	flank:11204	span:8
[2026-02-20 17:27:58] DEBUG: 	      13	num:103	flank:22475	span:-22
[2026-02-20 17:27:58] DEBUG: Mult: 44	5330	739	 (1,1)
[2026-02-20 17:27:58] DEBUG: Starting -30 aln:100
[2026-02-20 17:27:58] DEBUG: 	      45	num:29	flank:20207	span:821
[2026-02-20 17:27:58] DEBUG: 	      46	num:23	flank:15348	span:810
[2026-02-20 17:27:58] DEBUG: Mult: 30	8771	53	 (1,0)
[2026-02-20 17:27:58] DEBUG: Starting 45 aln:296
[2026-02-20 17:27:58] DEBUG: 	      46	num:54	flank:16087	span:822
[2026-02-20 17:27:58] DEBUG: 	      -20	num:101	flank:13686	span:14
[2026-02-20 17:27:58] DEBUG: SuspiciousOverhangs: -45
[2026-02-20 17:27:58] DEBUG: 	Spanning: 99 median: 13 max: 68
[2026-02-20 17:27:58] DEBUG: 	Hanging: 34
[2026-02-20 17:27:58] DEBUG: 	Inconsistent: 28
[2026-02-20 17:27:58] DEBUG: Mult: 45	78281	137	 (1,1)
[2026-02-20 17:27:58] DEBUG: SuspiciousOverhangs: -46
[2026-02-20 17:27:58] DEBUG: 	Spanning: 11 median: 9595 max: 9629
[2026-02-20 17:27:58] DEBUG: 	Hanging: 80
[2026-02-20 17:27:58] DEBUG: 	Inconsistent: 54
[2026-02-20 17:27:58] DEBUG: Mult: 46 -> 47	90464	72	 (1,0)
[2026-02-20 17:27:58] DEBUG: Repeat detection iteration 2
[2026-02-20 17:27:58] DEBUG: Total unique edges: 27
[2026-02-20 17:27:58] DEBUG: 	Connection -16	19	43	1
[2026-02-20 17:27:58] DEBUG: 	Connection 12	13	51	1
[2026-02-20 17:27:58] DEBUG: 	Connection 15	-9	40	1
[2026-02-20 17:27:58] DEBUG: 	Connection 14	-7	46	1
[2026-02-20 17:27:58] DEBUG: 	Connection -18	15	46	1
[2026-02-20 17:27:58] DEBUG: 	Connection -12	20	55	1
[2026-02-20 17:27:58] DEBUG: 	Connection 13	14	46	1
[2026-02-20 17:27:58] DEBUG: [SIMPL] Resolved repeats: 7
[2026-02-20 17:27:58] DEBUG: RR links: 654
[2026-02-20 17:27:58] DEBUG: Unresolved: 0
[2026-02-20 17:27:58] DEBUG: Removed 0 simple and 0 double chimeric junctions
[2026-02-20 17:27:58] DEBUG: [SIMPL] == Iteration 2 ==
[2026-02-20 17:27:58] DEBUG: Splitting nodes
[2026-02-20 17:27:58] DEBUG: [SIMPL] Split 0 nodes
[2026-02-20 17:27:58] DEBUG: [SIMPL] Disconnected 0 minor paths
[2026-02-20 17:27:58] DEBUG: [SIMPL] Clipped 0 short and 0 long tips
[2026-02-20 17:27:58] DEBUG: Bubble-loop: {47,12296,65} {-30,8771,53}
[2026-02-20 17:27:58] DEBUG: 	Internal: {37,15924,36}
[2026-02-20 17:27:58] DEBUG: [SIMPL] Masked 1 heterozygous loops
[2026-02-20 17:27:58] DEBUG: [SIMPL] Masked 0 simple bubbles
[2026-02-20 17:27:58] DEBUG: [SIMPL] Masked 0 roundabouts
[2026-02-20 17:27:58] DEBUG: [SIMPL] Masked 0 superbubbles
[2026-02-20 17:27:58] DEBUG: Finding repeats
[2026-02-20 17:27:58] DEBUG: Read coverage cutoff: 3
[2026-02-20 17:27:58] DEBUG: Haplo-edge: 37
[2026-02-20 17:27:58] DEBUG: Repeat detection iteration 1
[2026-02-20 17:27:58] DEBUG: Starting 27 aln:137
[2026-02-20 17:27:58] DEBUG: 	      -45	num:61	flank:16899	span:23
[2026-02-20 17:27:58] DEBUG: 	      30	num:56	flank:20207	span:9
[2026-02-20 17:27:58] DEBUG: Starting -27 aln:137
[2026-02-20 17:27:58] DEBUG: 	      45	num:35	flank:21023	span:8
[2026-02-20 17:27:58] DEBUG: 	      46	num:91	flank:16165	span:2
[2026-02-20 17:27:58] DEBUG: Mult: 27	816	130	 (1,1)
[2026-02-20 17:27:58] DEBUG: Starting -30 aln:100
[2026-02-20 17:27:58] DEBUG: 	      45	num:29	flank:20207	span:821
[2026-02-20 17:27:58] DEBUG: 	      46	num:23	flank:15348	span:810
[2026-02-20 17:27:58] DEBUG: Mult: 30	8771	53	 (1,0)
[2026-02-20 17:27:58] DEBUG: Starting 45 aln:296
[2026-02-20 17:27:58] DEBUG: 	      46	num:54	flank:16087	span:822
[2026-02-20 17:27:58] DEBUG: 	      -20	num:101	flank:13686	span:14
[2026-02-20 17:27:58] DEBUG: SuspiciousOverhangs: -45
[2026-02-20 17:27:58] DEBUG: 	Spanning: 99 median: 13 max: 68
[2026-02-20 17:27:58] DEBUG: 	Hanging: 34
[2026-02-20 17:27:58] DEBUG: 	Inconsistent: 28
[2026-02-20 17:27:58] DEBUG: Mult: 45	78281	137	 (1,1)
[2026-02-20 17:27:58] DEBUG: SuspiciousOverhangs: -46
[2026-02-20 17:27:58] DEBUG: 	Spanning: 11 median: 9595 max: 9629
[2026-02-20 17:27:58] DEBUG: 	Hanging: 80
[2026-02-20 17:27:58] DEBUG: 	Inconsistent: 54
[2026-02-20 17:27:58] DEBUG: Mult: 46 -> 47	90464	72	 (1,0)
[2026-02-20 17:27:58] DEBUG: Repeat detection iteration 2
[2026-02-20 17:27:58] DEBUG: Total unique edges: 31
[2026-02-20 17:27:58] DEBUG: [SIMPL] Resolved repeats: 0
[2026-02-20 17:27:58] DEBUG: RR links: 0
[2026-02-20 17:27:58] DEBUG: Unresolved: 0
[2026-02-20 17:27:58] DEBUG: Removed 0 simple and 0 double chimeric junctions
[2026-02-20 17:27:58] DEBUG: [SIMPL] Simplified 0 forks
[2026-02-20 17:27:58] DEBUG: [SIMPL] Collapsed 1 haplotypes
[2026-02-20 17:27:58] DEBUG: [SIMPL] Resolved 0 simple repeats
[2026-02-20 17:27:58] DEBUG: Read coverage cutoff: 3
[2026-02-20 17:27:58] DEBUG: [SIMPL] Removed 0 paths with low coverage
[2026-02-20 17:27:58] DEBUG: Finding repeats
[2026-02-20 17:27:58] DEBUG: Read coverage cutoff: 3
[2026-02-20 17:27:58] DEBUG: Haplo-edge: 37
[2026-02-20 17:27:58] DEBUG: Repeat detection iteration 1
[2026-02-20 17:27:58] DEBUG: Starting 27 aln:137
[2026-02-20 17:27:58] DEBUG: 	      -45	num:61	flank:16899	span:23
[2026-02-20 17:27:58] DEBUG: 	      30	num:56	flank:8775	span:9
[2026-02-20 17:27:58] DEBUG: Starting -27 aln:137
[2026-02-20 17:27:58] DEBUG: 	      45	num:35	flank:9577	span:8
[2026-02-20 17:27:58] DEBUG: 	      46	num:91	flank:16087	span:2
[2026-02-20 17:27:58] DEBUG: Mult: 27	816	130	 (1,1)
[2026-02-20 17:27:58] DEBUG: Starting 45 aln:296
[2026-02-20 17:27:58] DEBUG: 	      46	num:54	flank:16087	span:822
[2026-02-20 17:27:58] DEBUG: 	      -20	num:101	flank:13686	span:14
[2026-02-20 17:27:58] DEBUG: Starting -45 aln:296
[2026-02-20 17:27:58] DEBUG: 	      30	num:29	flank:8762	span:821
[2026-02-20 17:27:58] DEBUG: 	      -16	num:99	flank:18624	span:11
[2026-02-20 17:27:58] DEBUG: Mult: 45	78281	137	 (1,1)
[2026-02-20 17:27:58] DEBUG: SuspiciousOverhangs: -46
[2026-02-20 17:27:58] DEBUG: 	Spanning: 23 median: 820 max: 853
[2026-02-20 17:27:58] DEBUG: 	Hanging: 68
[2026-02-20 17:27:58] DEBUG: 	Inconsistent: 54
[2026-02-20 17:27:58] DEBUG: SuspiciousOverhangs: -30
[2026-02-20 17:27:58] DEBUG: 	Spanning: 23 median: 820 max: 853
[2026-02-20 17:27:58] DEBUG: 	Hanging: 33
[2026-02-20 17:27:58] DEBUG: 	Inconsistent: 29
[2026-02-20 17:27:58] DEBUG: Mult: 30 -> 62 -> -47 -> -46	115159	69	 (1,1)
[2026-02-20 17:27:58] DEBUG: Repeat detection iteration 2
[2026-02-20 17:27:58] DEBUG: Fixed: 30 -> 62 -> -47 -> -46	115159	69
[2026-02-20 17:27:58] DEBUG: Fixed: 45	78281	137
[2026-02-20 17:27:58] DEBUG: Writing Dot
[2026-02-20 17:27:58] DEBUG: Writing FASTA
[2026-02-20 17:27:58] DEBUG: Peak RAM usage: 0 Gb
-----------End assembly log------------
[2026-02-20 17:27:58] root: INFO: >>>STAGE: contigger
[2026-02-20 17:27:58] root: INFO: Generating contigs
[2026-02-20 17:27:58] root: DEBUG: -----Begin contigger analyser log------
[2026-02-20 17:27:58] root: DEBUG: Running: flye-modules contigger --graph-edges /scratch/ky/characterization/results/barcode29/assembly/20-repeat/repeat_graph_edges.fasta --reads /scratch/ky/characterization/FASTQ/SQK-RBK114-96_barcode29.fastq --out-dir /scratch/ky/characterization/results/barcode29/assembly/30-contigger --config /data/softs/Miniforge3-25.11.0-0/envs/flye-2.9.6/lib/python3.12/site-packages/flye/config/bin_cfg/asm_nano_hq.cfg --repeat-graph /scratch/ky/characterization/results/barcode29/assembly/20-repeat/repeat_graph_dump --graph-aln /scratch/ky/characterization/results/barcode29/assembly/20-repeat/read_alignment_dump --log /scratch/ky/characterization/results/barcode29/assembly/flye.log --threads 16 --min-ovlp 3000
[2026-02-20 17:27:58] DEBUG: Build date: May  4 2025 23:18:25
[2026-02-20 17:27:58] DEBUG: Total RAM: 251 Gb
[2026-02-20 17:27:58] DEBUG: Available RAM: 247 Gb
[2026-02-20 17:27:58] DEBUG: Total CPUs: 32
[2026-02-20 17:27:58] DEBUG: Loading /data/softs/Miniforge3-25.11.0-0/envs/flye-2.9.6/lib/python3.12/site-packages/flye/config/bin_cfg/asm_nano_hq.cfg
[2026-02-20 17:27:58] DEBUG: Loading /data/softs/Miniforge3-25.11.0-0/envs/flye-2.9.6/lib/python3.12/site-packages/flye/config/bin_cfg/asm_defaults.cfg
[2026-02-20 17:27:58] DEBUG: 	big_genome_threshold=29000000
[2026-02-20 17:27:58] DEBUG: 	meta_read_filter_kmer_freq=100
[2026-02-20 17:27:58] DEBUG: 	chain_large_gap_penalty=2
[2026-02-20 17:27:58] DEBUG: 	chain_small_gap_penalty=0.5
[2026-02-20 17:27:58] DEBUG: 	chain_gap_jump_threshold=100
[2026-02-20 17:27:58] DEBUG: 	max_jump_gap=500
[2026-02-20 17:27:58] DEBUG: 	max_coverage_drop_rate=5
[2026-02-20 17:27:58] DEBUG: 	max_extensions_drop_rate=5
[2026-02-20 17:27:58] DEBUG: 	chimera_window=100
[2026-02-20 17:27:58] DEBUG: 	chimera_overhang=1000
[2026-02-20 17:27:58] DEBUG: 	min_reads_in_disjointig=4
[2026-02-20 17:27:58] DEBUG: 	max_inner_reads=10
[2026-02-20 17:27:58] DEBUG: 	max_inner_fraction=0.25
[2026-02-20 17:27:58] DEBUG: 	aggressive_dup_filter=1
[2026-02-20 17:27:58] DEBUG: 	max_separation=500
[2026-02-20 17:27:58] DEBUG: 	unique_edge_length=50000
[2026-02-20 17:27:58] DEBUG: 	min_repeat_res_support=0.51
[2026-02-20 17:27:58] DEBUG: 	out_paths_ratio=5
[2026-02-20 17:27:58] DEBUG: 	graph_cov_drop_rate=5
[2026-02-20 17:27:58] DEBUG: 	coverage_estimate_window=100
[2026-02-20 17:27:58] DEBUG: 	max_bubble_length=50000
[2026-02-20 17:27:58] DEBUG: 	loop_coverage_rate=1.5
[2026-02-20 17:27:58] DEBUG: 	repeat_edge_cov_mult=1.75
[2026-02-20 17:27:58] DEBUG: 	weak_detach_rate=5
[2026-02-20 17:27:58] DEBUG: 	tip_coverage_rate=2
[2026-02-20 17:27:58] DEBUG: 	tip_length_rate=2
[2026-02-20 17:27:58] DEBUG: 	output_gfa_before_rr=1
[2026-02-20 17:27:58] DEBUG: 	remove_alt_edges=0
[2026-02-20 17:27:58] DEBUG: 	low_cutoff_warning=0
[2026-02-20 17:27:58] DEBUG: 	kmer_size=17
[2026-02-20 17:27:58] DEBUG: 	use_minimizers=1
[2026-02-20 17:27:58] DEBUG: 	minimizer_window=10
[2026-02-20 17:27:58] DEBUG: 	reads_base_alignment=1
[2026-02-20 17:27:58] DEBUG: 	meta_read_top_kmer_rate=0.75
[2026-02-20 17:27:58] DEBUG: 	maximum_jump=1500
[2026-02-20 17:27:58] DEBUG: 	maximum_overhang=1500
[2026-02-20 17:27:58] DEBUG: 	repeat_kmer_rate=100
[2026-02-20 17:27:58] DEBUG: 	assemble_ovlp_divergence=0.03
[2026-02-20 17:27:58] DEBUG: 	assemble_divergence_relative=1
[2026-02-20 17:27:58] DEBUG: 	repeat_graph_ovlp_divergence=0.03
[2026-02-20 17:27:58] DEBUG: 	read_align_ovlp_divergence=0.10
[2026-02-20 17:27:58] DEBUG: 	hpc_scoring_on=1
[2026-02-20 17:27:58] DEBUG: 	add_unassembled_reads=0
[2026-02-20 17:27:58] DEBUG: 	extend_contigs_with_repeats=0
[2026-02-20 17:27:58] DEBUG: 	min_read_cov_cutoff=3
[2026-02-20 17:27:58] DEBUG: 	short_tip_length=20000
[2026-02-20 17:27:58] DEBUG: 	long_tip_length=100000
[2026-02-20 17:27:58] DEBUG: Running with k-mer size: 17
[2026-02-20 17:27:58] DEBUG: Selected minimum overlap 3000
[2026-02-20 17:27:58] INFO: Reading sequences
[2026-02-20 17:28:00] DEBUG: Building positional index
[2026-02-20 17:28:00] DEBUG: Total sequence: 604912187 bp
[2026-02-20 17:28:00] DEBUG: Flipped 1
[2026-02-20 17:28:00] DEBUG: UPath 1: -16 -> -55 -> 19 -> -54 -> -23 -> -51 -> -10 -> -49 -> 8 -> -53 -> -22 -> -52 -> -18 -> -59 -> 15 -> -57 -> -9 -> -50 -> -43 -> -42 -> -48 -> 7 -> 58 -> -14 -> 61 -> -13 -> 56 -> -12 -> -60 -> 20
[2026-02-20 17:28:00] DEBUG: UPath 2: 27
[2026-02-20 17:28:00] DEBUG: UPath 3: 30 -> 62 -> -47 -> -46
[2026-02-20 17:28:00] DEBUG: UPath 4: -37
[2026-02-20 17:28:00] DEBUG: UPath 5: 41
[2026-02-20 17:28:00] DEBUG: UPath 6: 45
[2026-02-20 17:28:00] DEBUG: Final graph contains 6 egdes
[2026-02-20 17:28:00] DEBUG: Extending contigs into repeats
[2026-02-20 17:28:00] DEBUG: Covered 1 repetitive contigs
[2026-02-20 17:28:00] INFO: Generated 5 contigs
[2026-02-20 17:28:00] DEBUG: Writing FASTA
[2026-02-20 17:28:00] DEBUG: Generating scaffold connections
[2026-02-20 17:28:00] INFO: Added 0 scaffold connections
[2026-02-20 17:28:00] DEBUG: Writing Dot
[2026-02-20 17:28:00] DEBUG: Writing FASTA
[2026-02-20 17:28:00] DEBUG: Writing Gfa
[2026-02-20 17:28:00] DEBUG: Peak RAM usage: 0 Gb
-----------End assembly log------------
[2026-02-20 17:28:00] root: INFO: >>>STAGE: polishing
[2026-02-20 17:28:00] root: INFO: Polishing genome (1/1)
[2026-02-20 17:28:00] root: INFO: Running minimap2
[2026-02-20 17:28:22] root: INFO: Separating alignment into bubbles
[2026-02-20 17:29:53] root: DEBUG: Generated 340337 bubbles
[2026-02-20 17:29:53] root: DEBUG: Split 18 long bubbles
[2026-02-20 17:29:53] root: DEBUG: Skipped 2 empty bubbles
[2026-02-20 17:29:53] root: DEBUG: Skipped 1 bubbles with long branches
[2026-02-20 17:29:53] root: INFO: Alignment error rate: 0.007658
[2026-02-20 17:29:53] root: INFO: Correcting bubbles
[2026-02-20 17:30:07] root: DEBUG: Mean contig coverage: 118, selected threshold: 3
[2026-02-20 17:30:07] root: DEBUG: Filtered 0 contigs of total length 0
[2026-02-20 17:30:07] root: DEBUG: Generating polished GFA
[2026-02-20 17:30:09] root: DEBUG: 0 sequences remained unpolished
[2026-02-20 17:30:09] root: INFO: >>>STAGE: finalize
[2026-02-20 17:30:10] root: DEBUG: ---Output dir contents:----
[2026-02-20 17:30:10] root: DEBUG: assembly/
[2026-02-20 17:30:10] root: DEBUG:     53.0 K      flye.log
[2026-02-20 17:30:10] root: DEBUG:     92.0 B      params.json
[2026-02-20 17:30:10] root: DEBUG:     852.0 B     assembly_graph.gv
[2026-02-20 17:30:10] root: DEBUG:     4.0 M       assembly_graph.gfa
[2026-02-20 17:30:10] root: DEBUG:     4.0 M       assembly.fasta
[2026-02-20 17:30:10] root: DEBUG:     00-assembly/
[2026-02-20 17:30:10] root: DEBUG:         4.0 M       draft_assembly.fasta
[2026-02-20 17:30:10] root: DEBUG:         257.0 B     draft_assembly.fasta.fai
[2026-02-20 17:30:10] root: DEBUG:     10-consensus/
[2026-02-20 17:30:10] root: DEBUG:         971.0 B     minimap.stderr
[2026-02-20 17:30:10] root: DEBUG:         114.0 K     minimap.bam.csi
[2026-02-20 17:30:10] root: DEBUG:         4.0 M       consensus.fasta
[2026-02-20 17:30:10] root: DEBUG:     20-repeat/
[2026-02-20 17:30:10] root: DEBUG:         3.0 K       graph_before_rr.gv
[2026-02-20 17:30:10] root: DEBUG:         4.0 M       graph_before_rr.fasta
[2026-02-20 17:30:10] root: DEBUG:         4.0 M       graph_before_rr.gfa
[2026-02-20 17:30:10] root: DEBUG:         4.0 K       graph_after_rr.gv
[2026-02-20 17:30:10] root: DEBUG:         8.0 K       repeat_graph_dump
[2026-02-20 17:30:10] root: DEBUG:         17.0 M      read_alignment_dump
[2026-02-20 17:30:10] root: DEBUG:         4.0 M       repeat_graph_edges.fasta
[2026-02-20 17:30:10] root: DEBUG:     30-contigger/
[2026-02-20 17:30:10] root: DEBUG:         4.0 M       contigs.fasta
[2026-02-20 17:30:10] root: DEBUG:         254.0 B     contigs_stats.txt
[2026-02-20 17:30:10] root: DEBUG:         0.0 B       scaffolds_links.txt
[2026-02-20 17:30:10] root: DEBUG:         852.0 B     graph_final.gv
[2026-02-20 17:30:10] root: DEBUG:         4.0 M       graph_final.fasta
[2026-02-20 17:30:10] root: DEBUG:         4.0 M       graph_final.gfa
[2026-02-20 17:30:10] root: DEBUG:         142.0 B     contigs.fasta.fai
[2026-02-20 17:30:10] root: DEBUG:     40-polishing/
[2026-02-20 17:30:10] root: DEBUG:         923.0 B     minimap.stderr
[2026-02-20 17:30:10] root: DEBUG:         108.0 K     minimap_1.bam.csi
[2026-02-20 17:30:10] root: DEBUG:         120.0 B     contigs_stats.txt
[2026-02-20 17:30:10] root: DEBUG:         1.0 M       base_coverage.bed.gz
[2026-02-20 17:30:10] root: DEBUG:         4.0 M       filtered_contigs.fasta
[2026-02-20 17:30:10] root: DEBUG:         120.0 B     filtered_stats.txt
[2026-02-20 17:30:10] root: DEBUG:         142.0 B     filtered_contigs.fasta.fai
[2026-02-20 17:30:10] root: DEBUG:         179.0 B     edges_aln.bam.csi
[2026-02-20 17:30:10] root: DEBUG:         4.0 M       polished_edges.gfa
[2026-02-20 17:30:10] root: DEBUG: --------------------------
[2026-02-20 17:30:10] root: INFO: Assembly statistics:

	Total length:	4897871
	Fragments:	5
	Fragments N50:	4676995
	Largest frg:	4676995
	Scaffolds:	0
	Mean coverage:	118

[2026-02-20 17:30:10] root: INFO: Final assembly: /scratch/ky/characterization/results/barcode29/assembly/assembly.fasta
