[2026-02-20 17:49:04] root: INFO: Starting Flye 2.9.6-b1802
[2026-02-20 17:49:04] root: DEBUG: Cmd: /data/softs/Miniforge3-25.11.0-0/envs/flye-2.9.6/bin/flye --meta --nano-hq /scratch/ky/characterization/FASTQ/SQK-RBK114-96_barcode32.fastq -o /scratch/ky/characterization/results/barcode32/assembly/ -t 16
[2026-02-20 17:49:04] root: DEBUG: Python version: 3.12.12 | packaged by conda-forge | (main, Jan 26 2026, 23:51:32) [GCC 14.3.0]
[2026-02-20 17:49:04] root: INFO: >>>STAGE: configure
[2026-02-20 17:49:04] root: INFO: Configuring run
[2026-02-20 17:49:05] root: INFO: Total read length: 453036415
[2026-02-20 17:49:05] root: INFO: Reads N50/N90: 10996 / 2709
[2026-02-20 17:49:05] root: INFO: Minimum overlap set to 3000
[2026-02-20 17:49:06] root: INFO: >>>STAGE: assembly
[2026-02-20 17:49:06] root: INFO: Assembling disjointigs
[2026-02-20 17:49:06] root: DEBUG: -----Begin assembly log------
[2026-02-20 17:49:06] root: DEBUG: Running: flye-modules assemble --reads /scratch/ky/characterization/FASTQ/SQK-RBK114-96_barcode32.fastq --out-asm /scratch/ky/characterization/results/barcode32/assembly/00-assembly/draft_assembly.fasta --config /data/softs/Miniforge3-25.11.0-0/envs/flye-2.9.6/lib/python3.12/site-packages/flye/config/bin_cfg/asm_nano_hq.cfg --log /scratch/ky/characterization/results/barcode32/assembly/flye.log --threads 16 --meta --min-ovlp 3000
[2026-02-20 17:49:06] DEBUG: Build date: May  4 2025 23:17:52
[2026-02-20 17:49:06] DEBUG: Total RAM: 251 Gb
[2026-02-20 17:49:06] DEBUG: Available RAM: 246 Gb
[2026-02-20 17:49:06] DEBUG: Total CPUs: 32
[2026-02-20 17:49:06] DEBUG: Loading /data/softs/Miniforge3-25.11.0-0/envs/flye-2.9.6/lib/python3.12/site-packages/flye/config/bin_cfg/asm_nano_hq.cfg
[2026-02-20 17:49:06] DEBUG: Loading /data/softs/Miniforge3-25.11.0-0/envs/flye-2.9.6/lib/python3.12/site-packages/flye/config/bin_cfg/asm_defaults.cfg
[2026-02-20 17:49:06] DEBUG: 	big_genome_threshold=29000000
[2026-02-20 17:49:06] DEBUG: 	meta_read_filter_kmer_freq=100
[2026-02-20 17:49:06] DEBUG: 	chain_large_gap_penalty=2
[2026-02-20 17:49:06] DEBUG: 	chain_small_gap_penalty=0.5
[2026-02-20 17:49:06] DEBUG: 	chain_gap_jump_threshold=100
[2026-02-20 17:49:06] DEBUG: 	max_jump_gap=500
[2026-02-20 17:49:06] DEBUG: 	max_coverage_drop_rate=5
[2026-02-20 17:49:06] DEBUG: 	max_extensions_drop_rate=5
[2026-02-20 17:49:06] DEBUG: 	chimera_window=100
[2026-02-20 17:49:06] DEBUG: 	chimera_overhang=1000
[2026-02-20 17:49:06] DEBUG: 	min_reads_in_disjointig=4
[2026-02-20 17:49:06] DEBUG: 	max_inner_reads=10
[2026-02-20 17:49:06] DEBUG: 	max_inner_fraction=0.25
[2026-02-20 17:49:06] DEBUG: 	aggressive_dup_filter=1
[2026-02-20 17:49:06] DEBUG: 	max_separation=500
[2026-02-20 17:49:06] DEBUG: 	unique_edge_length=50000
[2026-02-20 17:49:06] DEBUG: 	min_repeat_res_support=0.51
[2026-02-20 17:49:06] DEBUG: 	out_paths_ratio=5
[2026-02-20 17:49:06] DEBUG: 	graph_cov_drop_rate=5
[2026-02-20 17:49:06] DEBUG: 	coverage_estimate_window=100
[2026-02-20 17:49:06] DEBUG: 	max_bubble_length=50000
[2026-02-20 17:49:06] DEBUG: 	loop_coverage_rate=1.5
[2026-02-20 17:49:06] DEBUG: 	repeat_edge_cov_mult=1.75
[2026-02-20 17:49:06] DEBUG: 	weak_detach_rate=5
[2026-02-20 17:49:06] DEBUG: 	tip_coverage_rate=2
[2026-02-20 17:49:06] DEBUG: 	tip_length_rate=2
[2026-02-20 17:49:06] DEBUG: 	output_gfa_before_rr=1
[2026-02-20 17:49:06] DEBUG: 	remove_alt_edges=0
[2026-02-20 17:49:06] DEBUG: 	low_cutoff_warning=0
[2026-02-20 17:49:06] DEBUG: 	kmer_size=17
[2026-02-20 17:49:06] DEBUG: 	use_minimizers=1
[2026-02-20 17:49:06] DEBUG: 	minimizer_window=10
[2026-02-20 17:49:06] DEBUG: 	reads_base_alignment=1
[2026-02-20 17:49:06] DEBUG: 	meta_read_top_kmer_rate=0.75
[2026-02-20 17:49:06] DEBUG: 	maximum_jump=1500
[2026-02-20 17:49:06] DEBUG: 	maximum_overhang=1500
[2026-02-20 17:49:06] DEBUG: 	repeat_kmer_rate=100
[2026-02-20 17:49:06] DEBUG: 	assemble_ovlp_divergence=0.03
[2026-02-20 17:49:06] DEBUG: 	assemble_divergence_relative=1
[2026-02-20 17:49:06] DEBUG: 	repeat_graph_ovlp_divergence=0.03
[2026-02-20 17:49:06] DEBUG: 	read_align_ovlp_divergence=0.10
[2026-02-20 17:49:06] DEBUG: 	hpc_scoring_on=1
[2026-02-20 17:49:06] DEBUG: 	add_unassembled_reads=0
[2026-02-20 17:49:06] DEBUG: 	extend_contigs_with_repeats=0
[2026-02-20 17:49:06] DEBUG: 	min_read_cov_cutoff=3
[2026-02-20 17:49:06] DEBUG: 	short_tip_length=20000
[2026-02-20 17:49:06] DEBUG: 	long_tip_length=100000
[2026-02-20 17:49:06] DEBUG: Running with k-mer size: 17
[2026-02-20 17:49:06] DEBUG: Running with minimum overlap 3000
[2026-02-20 17:49:06] DEBUG: Metagenome mode: Y
[2026-02-20 17:49:06] DEBUG: Short mode: N
[2026-02-20 17:49:06] INFO: Reading sequences
[2026-02-20 17:49:07] DEBUG: Building positional index
[2026-02-20 17:49:07] DEBUG: Total sequence: 401060384 bp
[2026-02-20 17:49:07] INFO: Building minimizer index
[2026-02-20 17:49:07] INFO: Pre-calculating index storage
[2026-02-20 17:49:09] DEBUG: Mean k-mer frequency: 16.8246
[2026-02-20 17:49:09] DEBUG: Repetitive k-mer frequency: 1682
[2026-02-20 17:49:09] DEBUG: Filtered 106659 repetitive k-mers (0.00146615)
[2026-02-20 17:49:09] INFO: Filling index
[2026-02-20 17:49:11] DEBUG: Sorting k-mer index
[2026-02-20 17:49:12] DEBUG: Selected k-mers: 4323860
[2026-02-20 17:49:12] DEBUG: K-mer index size: 72640850
[2026-02-20 17:49:12] DEBUG: Mean k-mer frequency: 16.8
[2026-02-20 17:49:12] DEBUG: Minimizer rate: 5.52114
[2026-02-20 17:49:12] DEBUG: Peak RAM usage: 0 Gb
[2026-02-20 17:49:12] DEBUG: Estimating k-mer identity bias
[2026-02-20 17:49:16] DEBUG: Initial divergence estimate : 0.00672018
[2026-02-20 17:49:16] DEBUG: Relative threshold: Y
[2026-02-20 17:49:16] DEBUG: Max divergence threshold set to 0.0367202
[2026-02-20 17:49:16] INFO: Extending reads
[2026-02-20 17:49:16] DEBUG: Estimating overlap coverage
[2026-02-20 17:50:11] INFO: Overlap-based coverage: 74
[2026-02-20 17:50:11] INFO: Median overlap divergence: 0.00632484
[2026-02-20 17:50:11] DEBUG: Sequence divergence distribution: 

    |*      |                                                                                            
    |*      |                                                                                            
    |**     |                                                                                            
    |**     |                                                                                            
    |**     |                                                                                            
    |**     |                                                                                            
    |**     |                                                                                            
    |**     |                                                                                            
    |**     |                                                                                            
    |**     |                                                                                            
    |**     |                                                                                            
    |**     |                                                                                            
    |**     |                                                                                            
    |**     |                                                                                            
    |***    |                                                                                            
    |***    |                                                                                            
    |***    |                                                                                            
    |****   |                                                                                            
    |****** |                                                                                            
    |***********************   *                                                              *          
    ----------------------------------------------------------------------------------------------------
    0%        5%        10%       15%       20%       25%       30%       35%       40%       45%       

    Q25 = 0.0039, Q50 = 0.0063, Q75 = 0.011

[2026-02-20 17:50:12] DEBUG: Assembled disjointig 1
	With 18 reads
	Start read: +dd7c1da9-161f-490e-be26-6d5d8688db87
	At position: 13
	leftTip: 0 rightTip: 0
	Suspicious: 1
	Short ext: 1
	Mean extensions: 17
	Avg overlap len: 17113
	Min overlap len: 1440
	Inner reads: 0
	Length: 113513
[2026-02-20 17:50:12] DEBUG: Inner: 364 covered: 404 total: 82538
[2026-02-20 17:50:28] DEBUG: Assembled disjointig 2
	With 613 reads
	Start read: +3e956942-b027-471f-a3bf-90be4a92e68b
	At position: 609
	leftTip: 0 rightTip: 0
	Suspicious: 1
	Short ext: 1
	Mean extensions: 56
	Avg overlap len: 26996
	Min overlap len: 1979
	Inner reads: 0
	Length: 5035055
[2026-02-20 17:50:28] DEBUG: Inner: 78066 covered: 78348 total: 82538
[2026-02-20 17:50:28] DEBUG: Discarded disjointig with 303 reads and 301 inner overlaps
[2026-02-20 17:50:28] DEBUG: Discarded disjointig with 556 reads and 554 inner overlaps
[2026-02-20 17:50:28] DEBUG: Discarded disjointig with 233 reads and 231 inner overlaps
[2026-02-20 17:50:28] DEBUG: Discarded disjointig with 162 reads and 160 inner overlaps
[2026-02-20 17:50:29] DEBUG: Discarded disjointig with 617 reads and 615 inner overlaps
[2026-02-20 17:50:29] DEBUG: Discarded disjointig with 610 reads and 608 inner overlaps
[2026-02-20 17:50:29] DEBUG: Discarded disjointig with 617 reads and 615 inner overlaps
[2026-02-20 17:50:29] DEBUG: Discarded disjointig with 423 reads and 421 inner overlaps
[2026-02-20 17:50:29] DEBUG: Discarded disjointig with 492 reads and 490 inner overlaps
[2026-02-20 17:50:29] DEBUG: Discarded disjointig with 597 reads and 595 inner overlaps
[2026-02-20 17:50:29] DEBUG: Discarded disjointig with 614 reads and 612 inner overlaps
[2026-02-20 17:50:29] DEBUG: Discarded disjointig with 617 reads and 615 inner overlaps
[2026-02-20 17:50:29] DEBUG: Discarded disjointig with 575 reads and 573 inner overlaps
[2026-02-20 17:50:29] DEBUG: Discarded disjointig with 612 reads and 610 inner overlaps
[2026-02-20 17:50:29] DEBUG: Discarded disjointig with 617 reads and 615 inner overlaps
[2026-02-20 17:50:29] DEBUG: Assembled disjointig 3
	With 14 reads
	Start read: +709f8af9-f1ef-4d07-8688-83d2d12684c1
	At position: 12
	leftTip: 0 rightTip: 0
	Suspicious: 1
	Short ext: 1
	Mean extensions: 6
	Avg overlap len: 9651
	Min overlap len: 1421
	Inner reads: 0
	Length: 124422
[2026-02-20 17:50:29] DEBUG: Inner: 78248 covered: 78586 total: 82538
[2026-02-20 17:50:29] DEBUG: Discarded disjointig with 14 reads and 12 inner overlaps
[2026-02-20 17:50:29] DEBUG: Assembled disjointig 4
	With 25 reads
	Start read: +589b5144-a7a5-4b5e-bf4f-8493961f7a5d
	At position: 21
	leftTip: 1 rightTip: 0
	Suspicious: 0
	Short ext: 0
	Mean extensions: 13
	Avg overlap len: 14722
	Min overlap len: 3439
	Inner reads: 0
	Length: 188021
[2026-02-20 17:50:29] DEBUG: Inner: 78816 covered: 79166 total: 82538
[2026-02-20 17:50:29] DEBUG: Discarded disjointig with 19 reads and 17 inner overlaps
[2026-02-20 17:50:29] DEBUG: Discarded disjointig with 16 reads and 14 inner overlaps
[2026-02-20 17:50:29] DEBUG: Discarded disjointig with 11 reads and 9 inner overlaps
[2026-02-20 17:50:29] DEBUG: Discarded disjointig with 20 reads and 18 inner overlaps
[2026-02-20 17:50:29] DEBUG: Discarded disjointig with 10 reads and 8 inner overlaps
[2026-02-20 17:50:30] DEBUG: Assembled disjointig 5
	With 18 reads
	Start read: +574a474c-2452-4a68-a8b1-4991ab8dd31c
	At position: 14
	leftTip: 1 rightTip: 0
	Suspicious: 0
	Short ext: 0
	Mean extensions: 35
	Avg overlap len: 19921
	Min overlap len: 7048
	Inner reads: 0
	Length: 119997
[2026-02-20 17:50:30] DEBUG: Inner: 79696 covered: 80112 total: 82538
[2026-02-20 17:50:30] DEBUG: Discarded disjointig with 12 reads and 7 inner overlaps
[2026-02-20 17:50:30] DEBUG: Discarded disjointig with 15 reads and 13 inner overlaps
[2026-02-20 17:50:30] DEBUG: Discarded disjointig with 10 reads and 8 inner overlaps
[2026-02-20 17:50:30] DEBUG: Discarded disjointig with 15 reads and 13 inner overlaps
[2026-02-20 17:50:30] DEBUG: Discarded disjointig with 9 reads and 7 inner overlaps
[2026-02-20 17:50:30] DEBUG: Discarded disjointig with 3 reads and 1 inner overlaps
[2026-02-20 17:50:30] DEBUG: Discarded disjointig with 6 reads and 4 inner overlaps
[2026-02-20 17:50:30] DEBUG: Discarded disjointig with 7 reads and 5 inner overlaps
[2026-02-20 17:50:30] DEBUG: Discarded disjointig with 12 reads and 9 inner overlaps
[2026-02-20 17:50:30] DEBUG: Discarded disjointig with 13 reads and 7 inner overlaps
[2026-02-20 17:50:30] DEBUG: Discarded disjointig with 9 reads and 7 inner overlaps
[2026-02-20 17:50:30] DEBUG: Discarded disjointig with 12 reads and 10 inner overlaps
[2026-02-20 17:50:30] DEBUG: Discarded disjointig with 17 reads and 10 inner overlaps
[2026-02-20 17:50:30] DEBUG: Discarded disjointig with 14 reads and 12 inner overlaps
[2026-02-20 17:50:30] DEBUG: Discarded disjointig with 15 reads and 9 inner overlaps
[2026-02-20 17:50:36] INFO: Assembled 5 disjointigs
[2026-02-20 17:50:36] INFO: Generating sequence
[2026-02-20 17:50:36] DEBUG: Building positional index
[2026-02-20 17:50:36] DEBUG: Total sequence: 5580903 bp
[2026-02-20 17:50:36] DEBUG: Mean k-mer frequency: 1.06431
[2026-02-20 17:50:36] DEBUG: Repetitive k-mer frequency: 106
[2026-02-20 17:50:36] DEBUG: Filtered 0 repetitive k-mers (0)
[2026-02-20 17:50:37] DEBUG: Sorting k-mer index
[2026-02-20 17:50:37] DEBUG: Selected k-mers: 953257
[2026-02-20 17:50:37] DEBUG: K-mer index size: 1014558
[2026-02-20 17:50:37] DEBUG: Mean k-mer frequency: 1.06431
[2026-02-20 17:50:37] DEBUG: Minimizer rate: 5.50082
[2026-02-20 17:50:37] INFO: Filtering contained disjointigs
[2026-02-20 17:50:38] DEBUG: Computing transitive closure for overlaps
[2026-02-20 17:50:38] DEBUG: Found 20 overlaps
[2026-02-20 17:50:38] DEBUG: Left 20 overlaps after filtering
[2026-02-20 17:50:38] INFO: Contained seqs: 0
[2026-02-20 17:50:38] DEBUG: Writing FASTA
[2026-02-20 17:50:38] DEBUG: Peak RAM usage: 1 Gb
-----------End assembly log------------
[2026-02-20 17:50:38] root: DEBUG: Disjointigs length: 5580903, N50: 5034961
[2026-02-20 17:50:38] root: INFO: >>>STAGE: consensus
[2026-02-20 17:50:38] root: INFO: Running Minimap2
[2026-02-20 17:50:55] root: INFO: Computing consensus
[2026-02-20 17:51:29] root: INFO: Alignment error rate: 0.011459
[2026-02-20 17:51:29] root: INFO: >>>STAGE: repeat
[2026-02-20 17:51:29] root: INFO: Building and resolving repeat graph
[2026-02-20 17:51:29] root: DEBUG: -----Begin repeat analyser log------
[2026-02-20 17:51:29] root: DEBUG: Running: flye-modules repeat --disjointigs /scratch/ky/characterization/results/barcode32/assembly/10-consensus/consensus.fasta --reads /scratch/ky/characterization/FASTQ/SQK-RBK114-96_barcode32.fastq --out-dir /scratch/ky/characterization/results/barcode32/assembly/20-repeat --config /data/softs/Miniforge3-25.11.0-0/envs/flye-2.9.6/lib/python3.12/site-packages/flye/config/bin_cfg/asm_nano_hq.cfg --log /scratch/ky/characterization/results/barcode32/assembly/flye.log --threads 16 --meta --min-ovlp 3000
[2026-02-20 17:51:29] DEBUG: Build date: May  4 2025 23:18:08
[2026-02-20 17:51:29] DEBUG: Total RAM: 251 Gb
[2026-02-20 17:51:29] DEBUG: Available RAM: 246 Gb
[2026-02-20 17:51:29] DEBUG: Total CPUs: 32
[2026-02-20 17:51:29] DEBUG: Loading /data/softs/Miniforge3-25.11.0-0/envs/flye-2.9.6/lib/python3.12/site-packages/flye/config/bin_cfg/asm_nano_hq.cfg
[2026-02-20 17:51:29] DEBUG: Loading /data/softs/Miniforge3-25.11.0-0/envs/flye-2.9.6/lib/python3.12/site-packages/flye/config/bin_cfg/asm_defaults.cfg
[2026-02-20 17:51:29] DEBUG: 	big_genome_threshold=29000000
[2026-02-20 17:51:29] DEBUG: 	meta_read_filter_kmer_freq=100
[2026-02-20 17:51:29] DEBUG: 	chain_large_gap_penalty=2
[2026-02-20 17:51:29] DEBUG: 	chain_small_gap_penalty=0.5
[2026-02-20 17:51:29] DEBUG: 	chain_gap_jump_threshold=100
[2026-02-20 17:51:29] DEBUG: 	max_jump_gap=500
[2026-02-20 17:51:29] DEBUG: 	max_coverage_drop_rate=5
[2026-02-20 17:51:29] DEBUG: 	max_extensions_drop_rate=5
[2026-02-20 17:51:29] DEBUG: 	chimera_window=100
[2026-02-20 17:51:29] DEBUG: 	chimera_overhang=1000
[2026-02-20 17:51:29] DEBUG: 	min_reads_in_disjointig=4
[2026-02-20 17:51:29] DEBUG: 	max_inner_reads=10
[2026-02-20 17:51:29] DEBUG: 	max_inner_fraction=0.25
[2026-02-20 17:51:29] DEBUG: 	aggressive_dup_filter=1
[2026-02-20 17:51:29] DEBUG: 	max_separation=500
[2026-02-20 17:51:29] DEBUG: 	unique_edge_length=50000
[2026-02-20 17:51:29] DEBUG: 	min_repeat_res_support=0.51
[2026-02-20 17:51:29] DEBUG: 	out_paths_ratio=5
[2026-02-20 17:51:29] DEBUG: 	graph_cov_drop_rate=5
[2026-02-20 17:51:29] DEBUG: 	coverage_estimate_window=100
[2026-02-20 17:51:29] DEBUG: 	max_bubble_length=50000
[2026-02-20 17:51:29] DEBUG: 	loop_coverage_rate=1.5
[2026-02-20 17:51:29] DEBUG: 	repeat_edge_cov_mult=1.75
[2026-02-20 17:51:29] DEBUG: 	weak_detach_rate=5
[2026-02-20 17:51:29] DEBUG: 	tip_coverage_rate=2
[2026-02-20 17:51:29] DEBUG: 	tip_length_rate=2
[2026-02-20 17:51:29] DEBUG: 	output_gfa_before_rr=1
[2026-02-20 17:51:29] DEBUG: 	remove_alt_edges=0
[2026-02-20 17:51:29] DEBUG: 	low_cutoff_warning=0
[2026-02-20 17:51:29] DEBUG: 	kmer_size=17
[2026-02-20 17:51:29] DEBUG: 	use_minimizers=1
[2026-02-20 17:51:29] DEBUG: 	minimizer_window=10
[2026-02-20 17:51:29] DEBUG: 	reads_base_alignment=1
[2026-02-20 17:51:29] DEBUG: 	meta_read_top_kmer_rate=0.75
[2026-02-20 17:51:29] DEBUG: 	maximum_jump=1500
[2026-02-20 17:51:29] DEBUG: 	maximum_overhang=1500
[2026-02-20 17:51:29] DEBUG: 	repeat_kmer_rate=100
[2026-02-20 17:51:29] DEBUG: 	assemble_ovlp_divergence=0.03
[2026-02-20 17:51:29] DEBUG: 	assemble_divergence_relative=1
[2026-02-20 17:51:29] DEBUG: 	repeat_graph_ovlp_divergence=0.03
[2026-02-20 17:51:29] DEBUG: 	read_align_ovlp_divergence=0.10
[2026-02-20 17:51:29] DEBUG: 	hpc_scoring_on=1
[2026-02-20 17:51:29] DEBUG: 	add_unassembled_reads=0
[2026-02-20 17:51:29] DEBUG: 	extend_contigs_with_repeats=0
[2026-02-20 17:51:29] DEBUG: 	min_read_cov_cutoff=3
[2026-02-20 17:51:29] DEBUG: 	short_tip_length=20000
[2026-02-20 17:51:29] DEBUG: 	long_tip_length=100000
[2026-02-20 17:51:29] DEBUG: Running with k-mer size: 17
[2026-02-20 17:51:29] DEBUG: Selected minimum overlap 3000
[2026-02-20 17:51:29] DEBUG: Metagenome mode: Y
[2026-02-20 17:51:29] INFO: Parsing disjointigs
[2026-02-20 17:51:29] DEBUG: Building positional index
[2026-02-20 17:51:29] DEBUG: Total sequence: 5563804 bp
[2026-02-20 17:51:29] INFO: Building repeat graph
[2026-02-20 17:51:29] DEBUG: Mean k-mer frequency: 1.0643
[2026-02-20 17:51:29] DEBUG: Repetitive k-mer frequency: 106
[2026-02-20 17:51:29] DEBUG: Filtered 0 repetitive k-mers (0)
[2026-02-20 17:51:30] DEBUG: Sorting k-mer index
[2026-02-20 17:51:30] DEBUG: Selected k-mers: 950169
[2026-02-20 17:51:30] DEBUG: K-mer index size: 1011270
[2026-02-20 17:51:30] DEBUG: Mean k-mer frequency: 1.06431
[2026-02-20 17:51:30] DEBUG: Minimizer rate: 5.5018
[2026-02-20 17:51:31] DEBUG: Computing transitive closure for overlaps
[2026-02-20 17:51:31] DEBUG: Found 288 overlaps
[2026-02-20 17:51:31] DEBUG: Left 124 overlaps after filtering
[2026-02-20 17:51:31] INFO: Median overlap divergence: 0.011323
[2026-02-20 17:51:31] DEBUG: Sequence divergence distribution: 

    |*     |                                                                                             
    |*     |                                                                                             
    |*     |                                                                                             
    |*     |                                                                                             
    |*     |                                                                                             
    |*     |                                                                                             
    |*     |                                                                                             
    |*     |                                                                                             
    |*     |                                                                                             
    |*     |                                                                                             
    |*     |                                                                                             
    |*     |                                                                                             
    |**    |                                                                                             
    |**    |                                                                                             
    |**    *                                                                                             
    |**    *                                                                                             
    |***   **      *      *                             *                                                
    |***   **      *      *                             *                                                
    |***   **    * *      *                 *           *                                                
    |***   **    * *      *                 *           *                                                
    ----------------------------------------------------------------------------------------------------
    0%        5%        10%       15%       20%       25%       30%       35%       40%       45%       

    Q25 = 0.0023, Q50 = 0.011, Q75 = 0.063

[2026-02-20 17:51:31] DEBUG: Computing gluepoints
[2026-02-20 17:51:31] DEBUG: Added 0 gluepoint projections
[2026-02-20 17:51:31] DEBUG: Created 122 gluepoints
[2026-02-20 17:51:31] DEBUG: Artificial loops removed: 0 left, 0 right, 2 both
[2026-02-20 17:51:31] DEBUG: Initializing edges
[2026-02-20 17:51:31] DEBUG: Edges length checksum: 18446744070234612479
[2026-02-20 17:51:31] DEBUG: Filtered 0 singleton segments
[2026-02-20 17:51:31] DEBUG: Removed 0 simple and 0 double chimeric junctions
[2026-02-20 17:51:31] DEBUG: Collapsed 8 edges
[2026-02-20 17:51:31] DEBUG: *	34	+disjointig_1	54014	113240	59226	
[2026-02-20 17:51:31] DEBUG: *	4	+disjointig_2	53371	55781	2410	
[2026-02-20 17:51:31] DEBUG: *	36	+disjointig_2	55781	493460	437679	
[2026-02-20 17:51:31] DEBUG:  	9	+disjointig_2	493460	498223	4763	
[2026-02-20 17:51:31] DEBUG: *	11	+disjointig_2	498223	498996	773	
[2026-02-20 17:51:31] DEBUG:  	13	+disjointig_2	498996	504940	5944	
[2026-02-20 17:51:31] DEBUG: *	-14	+disjointig_2	504940	505620	680	
[2026-02-20 17:51:31] DEBUG:  	13	+disjointig_2	505620	511582	5962	
[2026-02-20 17:51:31] DEBUG: *	-10	+disjointig_2	511582	1282549	770967	
[2026-02-20 17:51:31] DEBUG:  	9	+disjointig_2	1282549	1287312	4763	
[2026-02-20 17:51:31] DEBUG: *	12	+disjointig_2	1287312	1288146	834	
[2026-02-20 17:51:31] DEBUG:  	15	+disjointig_2	1288146	1291365	3219	
[2026-02-20 17:51:31] DEBUG: *	-16	+disjointig_2	1291365	1296982	5617	
[2026-02-20 17:51:31] DEBUG:  	15	+disjointig_2	1296982	1300201	3219	
[2026-02-20 17:51:31] DEBUG: *	17	+disjointig_2	1300201	2600565	1300364	
[2026-02-20 17:51:31] DEBUG:  	37	+disjointig_2	2600565	2605981	5416	
[2026-02-20 17:51:31] DEBUG: *	-23	+disjointig_2	2605981	3349318	743337	
[2026-02-20 17:51:31] DEBUG:  	37	+disjointig_2	3349318	3354726	5408	
[2026-02-20 17:51:31] DEBUG: *	25	+disjointig_2	3354726	3862040	507314	
[2026-02-20 17:51:31] DEBUG:  	-37	+disjointig_2	3862040	3867380	5340	
[2026-02-20 17:51:31] DEBUG: *	19	+disjointig_2	3867380	3954173	86793	
[2026-02-20 17:51:31] DEBUG:  	-37	+disjointig_2	3954173	3959422	5249	
[2026-02-20 17:51:31] DEBUG: *	20	+disjointig_2	3959422	4094436	135014	
[2026-02-20 17:51:31] DEBUG:  	-37	+disjointig_2	4094436	4099776	5340	
[2026-02-20 17:51:31] DEBUG: *	21	+disjointig_2	4099776	4135065	35289	
[2026-02-20 17:51:31] DEBUG:  	-37	+disjointig_2	4135065	4140390	5325	
[2026-02-20 17:51:31] DEBUG: *	22	+disjointig_2	4140390	4873256	732866	
[2026-02-20 17:51:31] DEBUG:  	-37	+disjointig_2	4873256	4878505	5249	
[2026-02-20 17:51:31] DEBUG: *	35	+disjointig_2	4878505	4994087	115582	
[2026-02-20 17:51:31] DEBUG: *	5	+disjointig_2	4994087	5004351	10264	
[2026-02-20 17:51:31] DEBUG: *	38	+disjointig_3	21146	114661	93515	
[2026-02-20 17:51:31] DEBUG: *	29	+disjointig_4	0	3915	3915	
[2026-02-20 17:51:31] DEBUG: *	39	+disjointig_4	3915	157050	153135	
[2026-02-20 17:51:31] DEBUG: *	40	+disjointig_5	31109	117427	86318	
[2026-02-20 17:51:31] DEBUG: Total edges: 40
[2026-02-20 17:51:31] INFO: Parsing reads
[2026-02-20 17:51:32] DEBUG: Building positional index
[2026-02-20 17:51:32] DEBUG: Total sequence: 453036415 bp
[2026-02-20 17:51:32] DEBUG: Building positional index
[2026-02-20 17:51:32] DEBUG: Total sequence: 5347089 bp
[2026-02-20 17:51:32] INFO: Aligning reads to the graph
[2026-02-20 17:51:33] DEBUG: Mean k-mer frequency: 1.02383
[2026-02-20 17:51:33] DEBUG: Repetitive k-mer frequency: 102
[2026-02-20 17:51:33] DEBUG: Filtered 0 repetitive k-mers (0)
[2026-02-20 17:51:33] DEBUG: Sorting k-mer index
[2026-02-20 17:51:33] DEBUG: Selected k-mers: 949042
[2026-02-20 17:51:33] DEBUG: K-mer index size: 971659
[2026-02-20 17:51:33] DEBUG: Mean k-mer frequency: 1.02383
[2026-02-20 17:51:33] DEBUG: Minimizer rate: 5.50305
[2026-02-20 17:51:45] DEBUG: Total reads : 41269
[2026-02-20 17:51:45] DEBUG: Read with aligned parts : 40885
[2026-02-20 17:51:45] DEBUG: Aligned in one piece : 40731
[2026-02-20 17:51:45] INFO: Aligned read sequence: 396838928 / 401060384 (0.989474)
[2026-02-20 17:51:45] INFO: Median overlap divergence: 0.0027349
[2026-02-20 17:51:45] DEBUG: Sequence divergence distribution: 

    |*                   |                                                                               
    |*                   |                                                                               
    |*                   |                                                                               
    |*                   |                                                                               
    |*                   |                                                                               
    |*                   |                                                                               
    |*                   |                                                                               
    |*                   |                                                                               
    |*                   |                                                                               
    |*                   |                                                                               
    |*                   |                                                                               
    |*                   |                                                                               
    |*                   |                                                                               
    |*                   |                                                                               
    |*                   |                                                                               
    |**                  |                                                                               
    |**                  |                                                                               
    |**                  |                                                                               
    |***                 |                                                                               
    |************************** **   *** *          *                                                    
    ----------------------------------------------------------------------------------------------------
    0%        5%        10%       15%       20%       25%       30%       35%       40%       45%       

    Q25 = 0.0015, Q50 = 0.0027, Q75 = 0.0055

[2026-02-20 17:51:45] INFO: Mean edge coverage: 74
[2026-02-20 17:51:45] DEBUG: 4	len:2410	cov:0	mult:0
[2026-02-20 17:51:45] DEBUG: -4	len:2410	cov:0	mult:0
[2026-02-20 17:51:45] DEBUG: 5	len:10264	cov:77	mult:1.04054
[2026-02-20 17:51:45] DEBUG: -5	len:10264	cov:77	mult:1.04054
[2026-02-20 17:51:45] DEBUG: 9	len:4763	cov:121	mult:1.63514
[2026-02-20 17:51:45] DEBUG: -9	len:4763	cov:121	mult:1.63514
[2026-02-20 17:51:45] DEBUG: 10	len:770967	cov:70	mult:0.945946
[2026-02-20 17:51:45] DEBUG: -10	len:770967	cov:70	mult:0.945946
[2026-02-20 17:51:45] DEBUG: 11	len:773	cov:57	mult:0.77027
[2026-02-20 17:51:45] DEBUG: -11	len:773	cov:57	mult:0.77027
[2026-02-20 17:51:45] DEBUG: 12	len:834	cov:65	mult:0.878378
[2026-02-20 17:51:45] DEBUG: -12	len:834	cov:65	mult:0.878378
[2026-02-20 17:51:45] DEBUG: 13	len:5953	cov:140	mult:1.89189
[2026-02-20 17:51:45] DEBUG: -13	len:5953	cov:140	mult:1.89189
[2026-02-20 17:51:45] DEBUG: 14	len:680	cov:69	mult:0.932432
[2026-02-20 17:51:45] DEBUG: -14	len:680	cov:69	mult:0.932432
[2026-02-20 17:51:45] DEBUG: 15	len:3219	cov:127	mult:1.71622
[2026-02-20 17:51:45] DEBUG: -15	len:3219	cov:127	mult:1.71622
[2026-02-20 17:51:45] DEBUG: 16	len:5617	cov:59	mult:0.797297
[2026-02-20 17:51:45] DEBUG: -16	len:5617	cov:59	mult:0.797297
[2026-02-20 17:51:45] DEBUG: 17	len:1300364	cov:74	mult:1
[2026-02-20 17:51:45] DEBUG: -17	len:1300364	cov:74	mult:1
[2026-02-20 17:51:45] DEBUG: 19	len:86793	cov:91	mult:1.22973
[2026-02-20 17:51:45] DEBUG: -19	len:86793	cov:91	mult:1.22973
[2026-02-20 17:51:45] DEBUG: 20	len:135014	cov:84	mult:1.13514
[2026-02-20 17:51:45] DEBUG: -20	len:135014	cov:84	mult:1.13514
[2026-02-20 17:51:45] DEBUG: 21	len:35289	cov:74	mult:1
[2026-02-20 17:51:45] DEBUG: -21	len:35289	cov:74	mult:1
[2026-02-20 17:51:45] DEBUG: 22	len:732866	cov:80	mult:1.08108
[2026-02-20 17:51:45] DEBUG: -22	len:732866	cov:80	mult:1.08108
[2026-02-20 17:51:45] DEBUG: 23	len:743337	cov:80	mult:1.08108
[2026-02-20 17:51:45] DEBUG: -23	len:743337	cov:80	mult:1.08108
[2026-02-20 17:51:45] DEBUG: 25	len:507314	cov:84	mult:1.13514
[2026-02-20 17:51:45] DEBUG: -25	len:507314	cov:84	mult:1.13514
[2026-02-20 17:51:45] DEBUG: 29	len:3915	cov:0	mult:0
[2026-02-20 17:51:45] DEBUG: -29	len:3915	cov:0	mult:0
[2026-02-20 17:51:45] DEBUG: 34	len:59226	cov:36	mult:0.486486
[2026-02-20 17:51:45] DEBUG: -34	len:59226	cov:36	mult:0.486486
[2026-02-20 17:51:45] DEBUG: 35	len:115582	cov:81	mult:1.09459
[2026-02-20 17:51:45] DEBUG: -35	len:115582	cov:81	mult:1.09459
[2026-02-20 17:51:45] DEBUG: 36	len:437679	cov:76	mult:1.02703
[2026-02-20 17:51:45] DEBUG: -36	len:437679	cov:76	mult:1.02703
[2026-02-20 17:51:45] DEBUG: 37	len:5332	cov:597	mult:8.06757
[2026-02-20 17:51:45] DEBUG: -37	len:5332	cov:597	mult:8.06757
[2026-02-20 17:51:45] DEBUG: 38	len:93515	cov:9	mult:0.121622
[2026-02-20 17:51:45] DEBUG: -38	len:93515	cov:9	mult:0.121622
[2026-02-20 17:51:45] DEBUG: 39	len:153135	cov:19	mult:0.256757
[2026-02-20 17:51:45] DEBUG: -39	len:153135	cov:19	mult:0.256757
[2026-02-20 17:51:45] DEBUG: 40	len:86318	cov:59	mult:0.797297
[2026-02-20 17:51:45] DEBUG: -40	len:86318	cov:59	mult:0.797297
[2026-02-20 17:51:45] DEBUG: Unique coverage threshold 141
[2026-02-20 17:51:45] INFO: Simplifying the graph
[2026-02-20 17:51:45] DEBUG: Read coverage cutoff: 3
[2026-02-20 17:51:45] DEBUG: [SIMPL] Removed 0 paths with low coverage
[2026-02-20 17:51:45] DEBUG: [SIMPL] Masked 0 heterozygous loops
[2026-02-20 17:51:45] DEBUG: Regular bubble: {35,115582,81} {36,437679,76}
[2026-02-20 17:51:45] DEBUG: 	Internal: {4,2410,0} {5,10264,77}
[2026-02-20 17:51:45] DEBUG: [SIMPL] Masked 1 simple bubbles
[2026-02-20 17:51:45] DEBUG: [SIMPL] Masked 0 roundabouts
[2026-02-20 17:51:45] DEBUG: [SIMPL] Masked 0 superbubbles
[2026-02-20 17:51:45] DEBUG: Finding repeats
[2026-02-20 17:51:45] DEBUG: Read coverage cutoff: 3
[2026-02-20 17:51:45] DEBUG: Low-coverage: 4 0
[2026-02-20 17:51:45] DEBUG: Low-coverage: 29 0
[2026-02-20 17:51:45] DEBUG: Haplo-edge: 4
[2026-02-20 17:51:45] DEBUG: Haplo-edge: 5
[2026-02-20 17:51:45] DEBUG: Tandem: 13
[2026-02-20 17:51:45] DEBUG: Tandem: 15
[2026-02-20 17:51:45] DEBUG: Repeat detection iteration 1
[2026-02-20 17:51:45] DEBUG: Starting 9 aln:155
[2026-02-20 17:51:45] DEBUG: 	      12	num:63	flank:15078	span:7
[2026-02-20 17:51:45] DEBUG: 	      11	num:57	flank:14170	span:11
[2026-02-20 17:51:45] DEBUG: Starting -9 aln:155
[2026-02-20 17:51:45] DEBUG: 	      10	num:58	flank:13758	span:1
[2026-02-20 17:51:45] DEBUG: 	      -36	num:45	flank:16088	span:8
[2026-02-20 17:51:45] DEBUG: Mult: 9	4763	121	 (1,1)
[2026-02-20 17:51:45] DEBUG: Starting 37 aln:800
[2026-02-20 17:51:45] DEBUG: 	      -21	num:66	flank:17764	span:14
[2026-02-20 17:51:45] DEBUG: 	      -23	num:67	flank:23737	span:18
[2026-02-20 17:51:45] DEBUG: 	      -19	num:70	flank:21047	span:16
[2026-02-20 17:51:45] DEBUG: 	      -25	num:100	flank:21697	span:22
[2026-02-20 17:51:45] DEBUG: 	      -20	num:66	flank:14383	span:22
[2026-02-20 17:51:45] DEBUG: 	      25	num:75	flank:15366	span:8
[2026-02-20 17:51:45] DEBUG: 	      -22	num:76	flank:19618	span:15
[2026-02-20 17:51:45] DEBUG: Starting -37 aln:800
[2026-02-20 17:51:45] DEBUG: 	      21	num:70	flank:16501	span:1
[2026-02-20 17:51:45] DEBUG: 	      22	num:71	flank:12446	span:3
[2026-02-20 17:51:45] DEBUG: 	      -17	num:75	flank:18325	span:15
[2026-02-20 17:51:45] DEBUG: 	      20	num:87	flank:15809	span:4
[2026-02-20 17:51:45] DEBUG: 	      19	num:93	flank:23628	span:1
[2026-02-20 17:51:45] DEBUG: 	      35	num:72	flank:19692	span:1
[2026-02-20 17:51:45] DEBUG: 	      23	num:70	flank:12947	span:0
[2026-02-20 17:51:45] DEBUG: Mult: 37	5332	597	 (1,1)
[2026-02-20 17:51:45] DEBUG: Repeat detection iteration 2
[2026-02-20 17:51:45] DEBUG: Writing Dot
[2026-02-20 17:51:45] DEBUG: Writing FASTA
[2026-02-20 17:51:45] DEBUG: Writing Gfa
[2026-02-20 17:51:45] DEBUG: 	Connection -10	12	41
[2026-02-20 17:51:45] DEBUG: 	Connection 36	11	27
[2026-02-20 17:51:45] DEBUG: 	Connection 11	-14	26
[2026-02-20 17:51:45] DEBUG: 	Connection -14	-10	31
[2026-02-20 17:51:45] DEBUG: 	Connection 12	-16	36
[2026-02-20 17:51:45] DEBUG: 	Connection -16	17	37
[2026-02-20 17:51:45] DEBUG: [SIMPL] Resolved 6 simple repeats
[2026-02-20 17:51:45] DEBUG: [SIMPL] == Iteration 1 ==
[2026-02-20 17:51:45] DEBUG: Splitting nodes
[2026-02-20 17:51:45] DEBUG: [SIMPL] Split 0 nodes
[2026-02-20 17:51:45] DEBUG: Fragile path: 4
[2026-02-20 17:51:45] DEBUG: [SIMPL] Disconnected 1 minor paths
[2026-02-20 17:51:45] DEBUG: Tip -29 len:3915 cov:0
[2026-02-20 17:51:45] DEBUG: [SIMPL] Clipped 1 short and 0 long tips
[2026-02-20 17:51:45] DEBUG: [SIMPL] Masked 0 heterozygous loops
[2026-02-20 17:51:45] DEBUG: [SIMPL] Masked 0 simple bubbles
[2026-02-20 17:51:45] DEBUG: [SIMPL] Masked 0 roundabouts
[2026-02-20 17:51:45] DEBUG: [SIMPL] Masked 0 superbubbles
[2026-02-20 17:51:45] DEBUG: Finding repeats
[2026-02-20 17:51:45] DEBUG: Read coverage cutoff: 3
[2026-02-20 17:51:45] DEBUG: Low-coverage: 4 0
[2026-02-20 17:51:45] DEBUG: Low-coverage: 29 0
[2026-02-20 17:51:45] DEBUG: Repeat detection iteration 1
[2026-02-20 17:51:45] DEBUG: Starting 37 aln:800
[2026-02-20 17:51:45] DEBUG: 	      -21	num:66	flank:17764	span:14
[2026-02-20 17:51:45] DEBUG: 	      -23	num:67	flank:23737	span:18
[2026-02-20 17:51:45] DEBUG: 	      -19	num:70	flank:21047	span:16
[2026-02-20 17:51:45] DEBUG: 	      -25	num:100	flank:21697	span:22
[2026-02-20 17:51:45] DEBUG: 	      -20	num:66	flank:14383	span:22
[2026-02-20 17:51:45] DEBUG: 	      25	num:75	flank:15366	span:8
[2026-02-20 17:51:45] DEBUG: 	      -22	num:76	flank:19618	span:15
[2026-02-20 17:51:45] DEBUG: Starting -37 aln:800
[2026-02-20 17:51:45] DEBUG: 	      21	num:70	flank:16501	span:1
[2026-02-20 17:51:45] DEBUG: 	      22	num:71	flank:12446	span:3
[2026-02-20 17:51:45] DEBUG: 	      -17	num:75	flank:18325	span:15
[2026-02-20 17:51:45] DEBUG: 	      20	num:87	flank:15809	span:4
[2026-02-20 17:51:45] DEBUG: 	      19	num:93	flank:23628	span:1
[2026-02-20 17:51:45] DEBUG: 	      35	num:72	flank:19692	span:1
[2026-02-20 17:51:45] DEBUG: 	      23	num:70	flank:12947	span:0
[2026-02-20 17:51:45] DEBUG: Mult: 37	5332	597	 (1,1)
[2026-02-20 17:51:45] DEBUG: Repeat detection iteration 2
[2026-02-20 17:51:45] DEBUG: Total unique edges: 28
[2026-02-20 17:51:45] DEBUG: 	Connection -19	-25	42	1
[2026-02-20 17:51:45] DEBUG: 	Connection -25	23	29	1
[2026-02-20 17:51:45] DEBUG: 	Connection 22	35	40	1
[2026-02-20 17:51:45] DEBUG: 	Connection 17	-23	42	1
[2026-02-20 17:51:45] DEBUG: 	Connection -21	-20	34	1
[2026-02-20 17:51:45] DEBUG: 	Connection 21	22	32	1
[2026-02-20 17:51:45] DEBUG: 	Connection -20	-19	39	1
[2026-02-20 17:51:45] DEBUG: [SIMPL] Resolved repeats: 7
[2026-02-20 17:51:45] DEBUG: RR links: 516
[2026-02-20 17:51:45] DEBUG: Unresolved: 0
[2026-02-20 17:51:45] DEBUG: Removed 0 simple and 0 double chimeric junctions
[2026-02-20 17:51:45] DEBUG: [SIMPL] == Iteration 2 ==
[2026-02-20 17:51:45] DEBUG: Splitting nodes
[2026-02-20 17:51:45] DEBUG: [SIMPL] Split 0 nodes
[2026-02-20 17:51:45] DEBUG: [SIMPL] Disconnected 0 minor paths
[2026-02-20 17:51:45] DEBUG: [SIMPL] Clipped 0 short and 0 long tips
[2026-02-20 17:51:45] DEBUG: [SIMPL] Masked 0 heterozygous loops
[2026-02-20 17:51:45] DEBUG: [SIMPL] Masked 0 simple bubbles
[2026-02-20 17:51:45] DEBUG: [SIMPL] Masked 0 roundabouts
[2026-02-20 17:51:45] DEBUG: [SIMPL] Masked 0 superbubbles
[2026-02-20 17:51:45] DEBUG: Finding repeats
[2026-02-20 17:51:45] DEBUG: Read coverage cutoff: 3
[2026-02-20 17:51:45] DEBUG: Low-coverage: 4 0
[2026-02-20 17:51:45] DEBUG: Low-coverage: 29 0
[2026-02-20 17:51:45] DEBUG: Repeat detection iteration 1
[2026-02-20 17:51:45] DEBUG: Repeat detection iteration 2
[2026-02-20 17:51:45] DEBUG: Total unique edges: 32
[2026-02-20 17:51:45] DEBUG: [SIMPL] Resolved repeats: 0
[2026-02-20 17:51:45] DEBUG: RR links: 0
[2026-02-20 17:51:45] DEBUG: Unresolved: 0
[2026-02-20 17:51:45] DEBUG: Removed 0 simple and 0 double chimeric junctions
[2026-02-20 17:51:45] DEBUG: [SIMPL] Simplified 0 forks
[2026-02-20 17:51:45] DEBUG: [SIMPL] Collapsed 0 haplotypes
[2026-02-20 17:51:45] DEBUG: [SIMPL] Resolved 0 simple repeats
[2026-02-20 17:51:45] DEBUG: Read coverage cutoff: 3
[2026-02-20 17:51:45] DEBUG: [SIMPL] Removed 2 paths with low coverage
[2026-02-20 17:51:45] DEBUG: Finding repeats
[2026-02-20 17:51:45] DEBUG: Read coverage cutoff: 3
[2026-02-20 17:51:45] DEBUG: Repeat detection iteration 1
[2026-02-20 17:51:45] DEBUG: Repeat detection iteration 2
[2026-02-20 17:51:45] DEBUG: Writing Dot
[2026-02-20 17:51:45] DEBUG: Writing FASTA
[2026-02-20 17:51:45] DEBUG: Peak RAM usage: 0 Gb
-----------End assembly log------------
[2026-02-20 17:51:45] root: INFO: >>>STAGE: contigger
[2026-02-20 17:51:45] root: INFO: Generating contigs
[2026-02-20 17:51:45] root: DEBUG: -----Begin contigger analyser log------
[2026-02-20 17:51:45] root: DEBUG: Running: flye-modules contigger --graph-edges /scratch/ky/characterization/results/barcode32/assembly/20-repeat/repeat_graph_edges.fasta --reads /scratch/ky/characterization/FASTQ/SQK-RBK114-96_barcode32.fastq --out-dir /scratch/ky/characterization/results/barcode32/assembly/30-contigger --config /data/softs/Miniforge3-25.11.0-0/envs/flye-2.9.6/lib/python3.12/site-packages/flye/config/bin_cfg/asm_nano_hq.cfg --repeat-graph /scratch/ky/characterization/results/barcode32/assembly/20-repeat/repeat_graph_dump --graph-aln /scratch/ky/characterization/results/barcode32/assembly/20-repeat/read_alignment_dump --log /scratch/ky/characterization/results/barcode32/assembly/flye.log --threads 16 --min-ovlp 3000
[2026-02-20 17:51:45] DEBUG: Build date: May  4 2025 23:18:25
[2026-02-20 17:51:45] DEBUG: Total RAM: 251 Gb
[2026-02-20 17:51:45] DEBUG: Available RAM: 246 Gb
[2026-02-20 17:51:45] DEBUG: Total CPUs: 32
[2026-02-20 17:51:45] DEBUG: Loading /data/softs/Miniforge3-25.11.0-0/envs/flye-2.9.6/lib/python3.12/site-packages/flye/config/bin_cfg/asm_nano_hq.cfg
[2026-02-20 17:51:45] DEBUG: Loading /data/softs/Miniforge3-25.11.0-0/envs/flye-2.9.6/lib/python3.12/site-packages/flye/config/bin_cfg/asm_defaults.cfg
[2026-02-20 17:51:45] DEBUG: 	big_genome_threshold=29000000
[2026-02-20 17:51:45] DEBUG: 	meta_read_filter_kmer_freq=100
[2026-02-20 17:51:45] DEBUG: 	chain_large_gap_penalty=2
[2026-02-20 17:51:45] DEBUG: 	chain_small_gap_penalty=0.5
[2026-02-20 17:51:45] DEBUG: 	chain_gap_jump_threshold=100
[2026-02-20 17:51:45] DEBUG: 	max_jump_gap=500
[2026-02-20 17:51:45] DEBUG: 	max_coverage_drop_rate=5
[2026-02-20 17:51:45] DEBUG: 	max_extensions_drop_rate=5
[2026-02-20 17:51:45] DEBUG: 	chimera_window=100
[2026-02-20 17:51:45] DEBUG: 	chimera_overhang=1000
[2026-02-20 17:51:45] DEBUG: 	min_reads_in_disjointig=4
[2026-02-20 17:51:45] DEBUG: 	max_inner_reads=10
[2026-02-20 17:51:45] DEBUG: 	max_inner_fraction=0.25
[2026-02-20 17:51:45] DEBUG: 	aggressive_dup_filter=1
[2026-02-20 17:51:45] DEBUG: 	max_separation=500
[2026-02-20 17:51:45] DEBUG: 	unique_edge_length=50000
[2026-02-20 17:51:45] DEBUG: 	min_repeat_res_support=0.51
[2026-02-20 17:51:45] DEBUG: 	out_paths_ratio=5
[2026-02-20 17:51:45] DEBUG: 	graph_cov_drop_rate=5
[2026-02-20 17:51:45] DEBUG: 	coverage_estimate_window=100
[2026-02-20 17:51:45] DEBUG: 	max_bubble_length=50000
[2026-02-20 17:51:45] DEBUG: 	loop_coverage_rate=1.5
[2026-02-20 17:51:45] DEBUG: 	repeat_edge_cov_mult=1.75
[2026-02-20 17:51:45] DEBUG: 	weak_detach_rate=5
[2026-02-20 17:51:45] DEBUG: 	tip_coverage_rate=2
[2026-02-20 17:51:45] DEBUG: 	tip_length_rate=2
[2026-02-20 17:51:45] DEBUG: 	output_gfa_before_rr=1
[2026-02-20 17:51:45] DEBUG: 	remove_alt_edges=0
[2026-02-20 17:51:45] DEBUG: 	low_cutoff_warning=0
[2026-02-20 17:51:45] DEBUG: 	kmer_size=17
[2026-02-20 17:51:45] DEBUG: 	use_minimizers=1
[2026-02-20 17:51:45] DEBUG: 	minimizer_window=10
[2026-02-20 17:51:45] DEBUG: 	reads_base_alignment=1
[2026-02-20 17:51:45] DEBUG: 	meta_read_top_kmer_rate=0.75
[2026-02-20 17:51:45] DEBUG: 	maximum_jump=1500
[2026-02-20 17:51:45] DEBUG: 	maximum_overhang=1500
[2026-02-20 17:51:45] DEBUG: 	repeat_kmer_rate=100
[2026-02-20 17:51:45] DEBUG: 	assemble_ovlp_divergence=0.03
[2026-02-20 17:51:45] DEBUG: 	assemble_divergence_relative=1
[2026-02-20 17:51:45] DEBUG: 	repeat_graph_ovlp_divergence=0.03
[2026-02-20 17:51:45] DEBUG: 	read_align_ovlp_divergence=0.10
[2026-02-20 17:51:45] DEBUG: 	hpc_scoring_on=1
[2026-02-20 17:51:45] DEBUG: 	add_unassembled_reads=0
[2026-02-20 17:51:45] DEBUG: 	extend_contigs_with_repeats=0
[2026-02-20 17:51:45] DEBUG: 	min_read_cov_cutoff=3
[2026-02-20 17:51:45] DEBUG: 	short_tip_length=20000
[2026-02-20 17:51:45] DEBUG: 	long_tip_length=100000
[2026-02-20 17:51:45] DEBUG: Running with k-mer size: 17
[2026-02-20 17:51:45] DEBUG: Selected minimum overlap 3000
[2026-02-20 17:51:45] INFO: Reading sequences
[2026-02-20 17:51:46] DEBUG: Building positional index
[2026-02-20 17:51:46] DEBUG: Total sequence: 453036415 bp
[2026-02-20 17:51:46] DEBUG: Flipped 0
[2026-02-20 17:51:46] DEBUG: UPath 1: 36 -> 42 -> 11 -> 43 -> -14 -> 44 -> -10 -> 41 -> 12 -> 45 -> -16 -> 46 -> 17 -> -50 -> -23 -> 48 -> 25 -> 47 -> 19 -> -53 -> 20 -> 51 -> 21 -> 52 -> 22 -> 49 -> 35 -> 5
[2026-02-20 17:51:46] DEBUG: UPath 2: 34
[2026-02-20 17:51:46] DEBUG: UPath 3: 38
[2026-02-20 17:51:46] DEBUG: UPath 4: 39
[2026-02-20 17:51:46] DEBUG: UPath 5: 40
[2026-02-20 17:51:46] DEBUG: Final graph contains 5 egdes
[2026-02-20 17:51:46] DEBUG: Extending contigs into repeats
[2026-02-20 17:51:46] DEBUG: Covered 0 repetitive contigs
[2026-02-20 17:51:46] INFO: Generated 5 contigs
[2026-02-20 17:51:46] DEBUG: Writing FASTA
[2026-02-20 17:51:46] DEBUG: Generating scaffold connections
[2026-02-20 17:51:46] INFO: Added 0 scaffold connections
[2026-02-20 17:51:46] DEBUG: Writing Dot
[2026-02-20 17:51:46] DEBUG: Writing FASTA
[2026-02-20 17:51:46] DEBUG: Writing Gfa
[2026-02-20 17:51:46] DEBUG: Peak RAM usage: 0 Gb
-----------End assembly log------------
[2026-02-20 17:51:46] root: INFO: >>>STAGE: polishing
[2026-02-20 17:51:46] root: INFO: Polishing genome (1/1)
[2026-02-20 17:51:46] root: INFO: Running minimap2
[2026-02-20 17:52:01] root: INFO: Separating alignment into bubbles
[2026-02-20 17:53:28] root: DEBUG: Generated 371401 bubbles
[2026-02-20 17:53:28] root: DEBUG: Split 11 long bubbles
[2026-02-20 17:53:28] root: DEBUG: Skipped 0 empty bubbles
[2026-02-20 17:53:28] root: DEBUG: Skipped 0 bubbles with long branches
[2026-02-20 17:53:28] root: INFO: Alignment error rate: 0.007233
[2026-02-20 17:53:28] root: INFO: Correcting bubbles
[2026-02-20 17:53:43] root: DEBUG: Mean contig coverage: 83, selected threshold: 3
[2026-02-20 17:53:43] root: DEBUG: Filtered 0 contigs of total length 0
[2026-02-20 17:53:43] root: DEBUG: Generating polished GFA
[2026-02-20 17:53:46] root: DEBUG: 0 sequences remained unpolished
[2026-02-20 17:53:46] root: INFO: >>>STAGE: finalize
[2026-02-20 17:53:46] root: DEBUG: ---Output dir contents:----
[2026-02-20 17:53:46] root: DEBUG: assembly/
[2026-02-20 17:53:46] root: DEBUG:     44.0 K      flye.log
[2026-02-20 17:53:46] root: DEBUG:     92.0 B      params.json
[2026-02-20 17:53:46] root: DEBUG:     645.0 B     assembly_graph.gv
[2026-02-20 17:53:46] root: DEBUG:     5.0 M       assembly_graph.gfa
[2026-02-20 17:53:46] root: DEBUG:     5.0 M       assembly.fasta
[2026-02-20 17:53:46] root: DEBUG:     00-assembly/
[2026-02-20 17:53:46] root: DEBUG:         5.0 M       draft_assembly.fasta
[2026-02-20 17:53:46] root: DEBUG:         165.0 B     draft_assembly.fasta.fai
[2026-02-20 17:53:46] root: DEBUG:     10-consensus/
[2026-02-20 17:53:46] root: DEBUG:         970.0 B     minimap.stderr
[2026-02-20 17:53:46] root: DEBUG:         91.0 K      minimap.bam.csi
[2026-02-20 17:53:46] root: DEBUG:         5.0 M       consensus.fasta
[2026-02-20 17:53:46] root: DEBUG:     20-repeat/
[2026-02-20 17:53:46] root: DEBUG:         3.0 K       graph_before_rr.gv
[2026-02-20 17:53:46] root: DEBUG:         5.0 M       graph_before_rr.fasta
[2026-02-20 17:53:46] root: DEBUG:         5.0 M       graph_before_rr.gfa
[2026-02-20 17:53:46] root: DEBUG:         3.0 K       graph_after_rr.gv
[2026-02-20 17:53:46] root: DEBUG:         6.0 K       repeat_graph_dump
[2026-02-20 17:53:46] root: DEBUG:         11.0 M      read_alignment_dump
[2026-02-20 17:53:46] root: DEBUG:         5.0 M       repeat_graph_edges.fasta
[2026-02-20 17:53:46] root: DEBUG:     30-contigger/
[2026-02-20 17:53:46] root: DEBUG:         5.0 M       contigs.fasta
[2026-02-20 17:53:46] root: DEBUG:         244.0 B     contigs_stats.txt
[2026-02-20 17:53:46] root: DEBUG:         0.0 B       scaffolds_links.txt
[2026-02-20 17:53:46] root: DEBUG:         645.0 B     graph_final.gv
[2026-02-20 17:53:46] root: DEBUG:         5.0 M       graph_final.fasta
[2026-02-20 17:53:46] root: DEBUG:         5.0 M       graph_final.gfa
[2026-02-20 17:53:46] root: DEBUG:         143.0 B     contigs.fasta.fai
[2026-02-20 17:53:46] root: DEBUG:     40-polishing/
[2026-02-20 17:53:46] root: DEBUG:         923.0 B     minimap.stderr
[2026-02-20 17:53:46] root: DEBUG:         89.0 K      minimap_1.bam.csi
[2026-02-20 17:53:46] root: DEBUG:         119.0 B     contigs_stats.txt
[2026-02-20 17:53:46] root: DEBUG:         1.0 M       base_coverage.bed.gz
[2026-02-20 17:53:46] root: DEBUG:         5.0 M       filtered_contigs.fasta
[2026-02-20 17:53:46] root: DEBUG:         119.0 B     filtered_stats.txt
[2026-02-20 17:53:46] root: DEBUG:         143.0 B     filtered_contigs.fasta.fai
[2026-02-20 17:53:46] root: DEBUG:         163.0 B     edges_aln.bam.csi
[2026-02-20 17:53:46] root: DEBUG:         5.0 M       polished_edges.gfa
[2026-02-20 17:53:46] root: DEBUG: --------------------------
[2026-02-20 17:53:46] root: INFO: Assembly statistics:

	Total length:	5340868
	Fragments:	5
	Fragments N50:	4948568
	Largest frg:	4948568
	Scaffolds:	0
	Mean coverage:	83

[2026-02-20 17:53:46] root: INFO: Final assembly: /scratch/ky/characterization/results/barcode32/assembly/assembly.fasta
