[2026-02-20 17:07:21] root: INFO: Starting Flye 2.9.6-b1802
[2026-02-20 17:07:21] root: DEBUG: Cmd: /data/softs/Miniforge3-25.11.0-0/envs/flye-2.9.6/bin/flye --meta --nano-hq /scratch/ky/characterization/FASTQ/SQK-RBK114-96_barcode25.fastq -o /scratch/ky/characterization/results/barcode25/assembly/ -t 16
[2026-02-20 17:07:21] root: DEBUG: Python version: 3.12.12 | packaged by conda-forge | (main, Jan 26 2026, 23:51:32) [GCC 14.3.0]
[2026-02-20 17:07:21] root: INFO: >>>STAGE: configure
[2026-02-20 17:07:21] root: INFO: Configuring run
[2026-02-20 17:07:22] root: INFO: Total read length: 308155274
[2026-02-20 17:07:22] root: INFO: Reads N50/N90: 7605 / 1532
[2026-02-20 17:07:22] root: INFO: Minimum overlap set to 2000
[2026-02-20 17:07:22] root: INFO: >>>STAGE: assembly
[2026-02-20 17:07:22] root: INFO: Assembling disjointigs
[2026-02-20 17:07:22] root: DEBUG: -----Begin assembly log------
[2026-02-20 17:07:22] root: DEBUG: Running: flye-modules assemble --reads /scratch/ky/characterization/FASTQ/SQK-RBK114-96_barcode25.fastq --out-asm /scratch/ky/characterization/results/barcode25/assembly/00-assembly/draft_assembly.fasta --config /data/softs/Miniforge3-25.11.0-0/envs/flye-2.9.6/lib/python3.12/site-packages/flye/config/bin_cfg/asm_nano_hq.cfg --log /scratch/ky/characterization/results/barcode25/assembly/flye.log --threads 16 --meta --min-ovlp 2000
[2026-02-20 17:07:22] DEBUG: Build date: May  4 2025 23:17:52
[2026-02-20 17:07:22] DEBUG: Total RAM: 251 Gb
[2026-02-20 17:07:22] DEBUG: Available RAM: 247 Gb
[2026-02-20 17:07:22] DEBUG: Total CPUs: 32
[2026-02-20 17:07:22] DEBUG: Loading /data/softs/Miniforge3-25.11.0-0/envs/flye-2.9.6/lib/python3.12/site-packages/flye/config/bin_cfg/asm_nano_hq.cfg
[2026-02-20 17:07:22] DEBUG: Loading /data/softs/Miniforge3-25.11.0-0/envs/flye-2.9.6/lib/python3.12/site-packages/flye/config/bin_cfg/asm_defaults.cfg
[2026-02-20 17:07:22] DEBUG: 	big_genome_threshold=29000000
[2026-02-20 17:07:22] DEBUG: 	meta_read_filter_kmer_freq=100
[2026-02-20 17:07:22] DEBUG: 	chain_large_gap_penalty=2
[2026-02-20 17:07:22] DEBUG: 	chain_small_gap_penalty=0.5
[2026-02-20 17:07:22] DEBUG: 	chain_gap_jump_threshold=100
[2026-02-20 17:07:22] DEBUG: 	max_jump_gap=500
[2026-02-20 17:07:22] DEBUG: 	max_coverage_drop_rate=5
[2026-02-20 17:07:22] DEBUG: 	max_extensions_drop_rate=5
[2026-02-20 17:07:22] DEBUG: 	chimera_window=100
[2026-02-20 17:07:22] DEBUG: 	chimera_overhang=1000
[2026-02-20 17:07:22] DEBUG: 	min_reads_in_disjointig=4
[2026-02-20 17:07:22] DEBUG: 	max_inner_reads=10
[2026-02-20 17:07:22] DEBUG: 	max_inner_fraction=0.25
[2026-02-20 17:07:22] DEBUG: 	aggressive_dup_filter=1
[2026-02-20 17:07:22] DEBUG: 	max_separation=500
[2026-02-20 17:07:22] DEBUG: 	unique_edge_length=50000
[2026-02-20 17:07:22] DEBUG: 	min_repeat_res_support=0.51
[2026-02-20 17:07:22] DEBUG: 	out_paths_ratio=5
[2026-02-20 17:07:22] DEBUG: 	graph_cov_drop_rate=5
[2026-02-20 17:07:22] DEBUG: 	coverage_estimate_window=100
[2026-02-20 17:07:22] DEBUG: 	max_bubble_length=50000
[2026-02-20 17:07:22] DEBUG: 	loop_coverage_rate=1.5
[2026-02-20 17:07:22] DEBUG: 	repeat_edge_cov_mult=1.75
[2026-02-20 17:07:22] DEBUG: 	weak_detach_rate=5
[2026-02-20 17:07:22] DEBUG: 	tip_coverage_rate=2
[2026-02-20 17:07:22] DEBUG: 	tip_length_rate=2
[2026-02-20 17:07:22] DEBUG: 	output_gfa_before_rr=1
[2026-02-20 17:07:22] DEBUG: 	remove_alt_edges=0
[2026-02-20 17:07:22] DEBUG: 	low_cutoff_warning=0
[2026-02-20 17:07:22] DEBUG: 	kmer_size=17
[2026-02-20 17:07:22] DEBUG: 	use_minimizers=1
[2026-02-20 17:07:22] DEBUG: 	minimizer_window=10
[2026-02-20 17:07:22] DEBUG: 	reads_base_alignment=1
[2026-02-20 17:07:22] DEBUG: 	meta_read_top_kmer_rate=0.75
[2026-02-20 17:07:22] DEBUG: 	maximum_jump=1500
[2026-02-20 17:07:22] DEBUG: 	maximum_overhang=1500
[2026-02-20 17:07:22] DEBUG: 	repeat_kmer_rate=100
[2026-02-20 17:07:22] DEBUG: 	assemble_ovlp_divergence=0.03
[2026-02-20 17:07:22] DEBUG: 	assemble_divergence_relative=1
[2026-02-20 17:07:22] DEBUG: 	repeat_graph_ovlp_divergence=0.03
[2026-02-20 17:07:22] DEBUG: 	read_align_ovlp_divergence=0.10
[2026-02-20 17:07:22] DEBUG: 	hpc_scoring_on=1
[2026-02-20 17:07:22] DEBUG: 	add_unassembled_reads=0
[2026-02-20 17:07:22] DEBUG: 	extend_contigs_with_repeats=0
[2026-02-20 17:07:22] DEBUG: 	min_read_cov_cutoff=3
[2026-02-20 17:07:22] DEBUG: 	short_tip_length=20000
[2026-02-20 17:07:22] DEBUG: 	long_tip_length=100000
[2026-02-20 17:07:22] DEBUG: Running with k-mer size: 17
[2026-02-20 17:07:22] DEBUG: Running with minimum overlap 2000
[2026-02-20 17:07:22] DEBUG: Metagenome mode: Y
[2026-02-20 17:07:22] DEBUG: Short mode: N
[2026-02-20 17:07:22] INFO: Reading sequences
[2026-02-20 17:07:23] DEBUG: Building positional index
[2026-02-20 17:07:23] DEBUG: Total sequence: 248498328 bp
[2026-02-20 17:07:23] INFO: Building minimizer index
[2026-02-20 17:07:23] INFO: Pre-calculating index storage
[2026-02-20 17:07:24] DEBUG: Mean k-mer frequency: 14.2915
[2026-02-20 17:07:24] DEBUG: Repetitive k-mer frequency: 1429
[2026-02-20 17:07:24] DEBUG: Filtered 55458 repetitive k-mers (0.00123077)
[2026-02-20 17:07:24] INFO: Filling index
[2026-02-20 17:07:26] DEBUG: Sorting k-mer index
[2026-02-20 17:07:26] DEBUG: Selected k-mers: 3152881
[2026-02-20 17:07:26] DEBUG: K-mer index size: 45003967
[2026-02-20 17:07:26] DEBUG: Mean k-mer frequency: 14.2739
[2026-02-20 17:07:26] DEBUG: Minimizer rate: 5.5217
[2026-02-20 17:07:26] DEBUG: Peak RAM usage: 0 Gb
[2026-02-20 17:07:26] DEBUG: Estimating k-mer identity bias
[2026-02-20 17:07:29] DEBUG: Initial divergence estimate : 0.00662427
[2026-02-20 17:07:29] DEBUG: Relative threshold: Y
[2026-02-20 17:07:29] DEBUG: Max divergence threshold set to 0.0366243
[2026-02-20 17:07:29] INFO: Extending reads
[2026-02-20 17:07:29] DEBUG: Estimating overlap coverage
[2026-02-20 17:08:05] INFO: Overlap-based coverage: 43
[2026-02-20 17:08:05] INFO: Median overlap divergence: 0.00636335
[2026-02-20 17:08:05] DEBUG: Sequence divergence distribution: 

    |*      |                                                                                            
    |*      |                                                                                            
    |*      |                                                                                            
    |**     |                                                                                            
    |**     |                                                                                            
    |**     |                                                                                            
    |**     |                                                                                            
    |**     |                                                                                            
    |**     |                                                                                            
    |**     |                                                                                            
    |**     |                                                                                            
    |**     |                                                                                            
    |**     |                                                                                            
    |***    |                                                                                            
    |***    |                                                                                            
    |***    |                                                                                            
    |***    |                                                                                            
    |****   |                                                                                            
    |****** |                                                                                            
    |***************** *****  * *     *      *                                                           
    ----------------------------------------------------------------------------------------------------
    0%        5%        10%       15%       20%       25%       30%       35%       40%       45%       

    Q25 = 0.0038, Q50 = 0.0064, Q75 = 0.012

[2026-02-20 17:08:13] DEBUG: Assembled disjointig 1
	With 22 reads
	Start read: +7f3259e8-0c45-42b6-941f-20cd469c9c95
	At position: 11
	leftTip: 0 rightTip: 0
	Suspicious: 0
	Short ext: 0
	Mean extensions: 165
	Avg overlap len: 3626
	Min overlap len: 2826
	Inner reads: 0
	Length: 38476
[2026-02-20 17:08:13] DEBUG: Inner: 2840 covered: 2866 total: 67272
[2026-02-20 17:08:15] DEBUG: Assembled disjointig 2
	With 675 reads
	Start read: +209b7634-fc42-4618-9d83-9e17f7996708
	At position: 673
	leftTip: 0 rightTip: 0
	Suspicious: 0
	Short ext: 0
	Mean extensions: 29
	Avg overlap len: 19414
	Min overlap len: 2556
	Inner reads: 0
	Length: 5128291
[2026-02-20 17:08:15] DEBUG: Inner: 64118 covered: 64202 total: 67272
[2026-02-20 17:08:15] DEBUG: Discarded disjointig with 491 reads and 489 inner overlaps
[2026-02-20 17:08:15] DEBUG: Discarded disjointig with 397 reads and 395 inner overlaps
[2026-02-20 17:08:15] DEBUG: Discarded disjointig with 582 reads and 579 inner overlaps
[2026-02-20 17:08:15] DEBUG: Discarded disjointig with 341 reads and 339 inner overlaps
[2026-02-20 17:08:15] DEBUG: Discarded disjointig with 365 reads and 363 inner overlaps
[2026-02-20 17:08:15] DEBUG: Discarded disjointig with 240 reads and 238 inner overlaps
[2026-02-20 17:08:15] DEBUG: Discarded disjointig with 263 reads and 261 inner overlaps
[2026-02-20 17:08:15] DEBUG: Discarded disjointig with 455 reads and 453 inner overlaps
[2026-02-20 17:08:15] DEBUG: Discarded disjointig with 251 reads and 249 inner overlaps
[2026-02-20 17:08:15] DEBUG: Discarded disjointig with 325 reads and 323 inner overlaps
[2026-02-20 17:08:15] DEBUG: Discarded disjointig with 419 reads and 417 inner overlaps
[2026-02-20 17:08:15] DEBUG: Discarded disjointig with 332 reads and 330 inner overlaps
[2026-02-20 17:08:15] DEBUG: Discarded disjointig with 330 reads and 328 inner overlaps
[2026-02-20 17:08:15] DEBUG: Discarded disjointig with 435 reads and 433 inner overlaps
[2026-02-20 17:08:15] DEBUG: Discarded disjointig with 666 reads and 664 inner overlaps
[2026-02-20 17:08:16] DEBUG: Assembled disjointig 3
	With 23 reads
	Start read: +44a36d46-ac1b-48a4-9677-41526340978f
	At position: 20
	leftTip: 0 rightTip: 0
	Suspicious: 0
	Short ext: 0
	Mean extensions: 21
	Avg overlap len: 16542
	Min overlap len: 2056
	Inner reads: 0
	Length: 178558
[2026-02-20 17:08:16] DEBUG: Inner: 65088 covered: 65230 total: 67272
[2026-02-20 17:08:16] DEBUG: Discarded disjointig with 12 reads and 10 inner overlaps
[2026-02-20 17:08:16] DEBUG: Discarded disjointig with 20 reads and 18 inner overlaps
[2026-02-20 17:08:16] DEBUG: Discarded disjointig with 23 reads and 21 inner overlaps
[2026-02-20 17:08:16] DEBUG: Discarded disjointig with 14 reads and 12 inner overlaps
[2026-02-20 17:08:16] DEBUG: Discarded disjointig with 16 reads and 14 inner overlaps
[2026-02-20 17:08:16] DEBUG: Discarded disjointig with 9 reads and 7 inner overlaps
[2026-02-20 17:08:16] DEBUG: Discarded disjointig with 8 reads and 6 inner overlaps
[2026-02-20 17:08:16] DEBUG: Discarded disjointig with 9 reads and 7 inner overlaps
[2026-02-20 17:08:16] DEBUG: Discarded disjointig with 9 reads and 7 inner overlaps
[2026-02-20 17:08:16] DEBUG: Discarded disjointig with 20 reads and 18 inner overlaps
[2026-02-20 17:08:16] DEBUG: Discarded disjointig with 13 reads and 11 inner overlaps
[2026-02-20 17:08:16] DEBUG: Discarded disjointig with 10 reads and 8 inner overlaps
[2026-02-20 17:08:16] DEBUG: Discarded disjointig with 28 reads and 26 inner overlaps
[2026-02-20 17:08:16] DEBUG: Discarded disjointig with 24 reads and 22 inner overlaps
[2026-02-20 17:08:16] DEBUG: Discarded disjointig with 9 reads and 7 inner overlaps
[2026-02-20 17:08:17] DEBUG: Assembled disjointig 4
	With 3 reads
	Start read: +db16e9ec-9ae4-485b-96d8-8500cf591b80
	At position: 3
	leftTip: 0 rightTip: 1
	Suspicious: 1
	Short ext: 1
	Mean extensions: 2
	Avg overlap len: 4540
	Min overlap len: 1294
	Inner reads: 0
	Length: 10119
[2026-02-20 17:08:17] DEBUG: Inner: 65112 covered: 65724 total: 67272
[2026-02-20 17:08:18] DEBUG: Assembled disjointig 5
	With 2 reads
	Start read: +41dbb153-892d-4282-b55d-775115930e68
	At position: 1
	leftTip: 1 rightTip: 1
	Suspicious: 1
	Short ext: 1
	Mean extensions: 1
	Avg overlap len: 1522
	Min overlap len: 1522
	Inner reads: 0
	Length: 6570
[2026-02-20 17:08:18] DEBUG: Inner: 65132 covered: 66170 total: 67272
[2026-02-20 17:08:19] INFO: Assembled 5 disjointigs
[2026-02-20 17:08:19] INFO: Generating sequence
[2026-02-20 17:08:19] DEBUG: Building positional index
[2026-02-20 17:08:19] DEBUG: Total sequence: 5361995 bp
[2026-02-20 17:08:20] DEBUG: Mean k-mer frequency: 1.04758
[2026-02-20 17:08:20] DEBUG: Repetitive k-mer frequency: 104
[2026-02-20 17:08:20] DEBUG: Filtered 137 repetitive k-mers (0.000140601)
[2026-02-20 17:08:20] DEBUG: Sorting k-mer index
[2026-02-20 17:08:20] DEBUG: Selected k-mers: 930125
[2026-02-20 17:08:20] DEBUG: K-mer index size: 974249
[2026-02-20 17:08:20] DEBUG: Mean k-mer frequency: 1.04744
[2026-02-20 17:08:20] DEBUG: Minimizer rate: 5.50372
[2026-02-20 17:08:20] INFO: Filtering contained disjointigs
[2026-02-20 17:08:21] DEBUG: Computing transitive closure for overlaps
[2026-02-20 17:08:21] DEBUG: Found 26 overlaps
[2026-02-20 17:08:21] DEBUG: Left 20 overlaps after filtering
[2026-02-20 17:08:21] INFO: Contained seqs: 1
[2026-02-20 17:08:21] DEBUG: Writing FASTA
[2026-02-20 17:08:21] DEBUG: Peak RAM usage: 0 Gb
-----------End assembly log------------
[2026-02-20 17:08:21] root: DEBUG: Disjointigs length: 5351876, N50: 5128273
[2026-02-20 17:08:21] root: INFO: >>>STAGE: consensus
[2026-02-20 17:08:21] root: INFO: Running Minimap2
[2026-02-20 17:08:35] root: INFO: Computing consensus
[2026-02-20 17:08:57] root: INFO: Alignment error rate: 0.012039
[2026-02-20 17:08:57] root: INFO: >>>STAGE: repeat
[2026-02-20 17:08:57] root: INFO: Building and resolving repeat graph
[2026-02-20 17:08:57] root: DEBUG: -----Begin repeat analyser log------
[2026-02-20 17:08:57] root: DEBUG: Running: flye-modules repeat --disjointigs /scratch/ky/characterization/results/barcode25/assembly/10-consensus/consensus.fasta --reads /scratch/ky/characterization/FASTQ/SQK-RBK114-96_barcode25.fastq --out-dir /scratch/ky/characterization/results/barcode25/assembly/20-repeat --config /data/softs/Miniforge3-25.11.0-0/envs/flye-2.9.6/lib/python3.12/site-packages/flye/config/bin_cfg/asm_nano_hq.cfg --log /scratch/ky/characterization/results/barcode25/assembly/flye.log --threads 16 --meta --min-ovlp 2000
[2026-02-20 17:08:57] DEBUG: Build date: May  4 2025 23:18:08
[2026-02-20 17:08:57] DEBUG: Total RAM: 251 Gb
[2026-02-20 17:08:57] DEBUG: Available RAM: 247 Gb
[2026-02-20 17:08:57] DEBUG: Total CPUs: 32
[2026-02-20 17:08:57] DEBUG: Loading /data/softs/Miniforge3-25.11.0-0/envs/flye-2.9.6/lib/python3.12/site-packages/flye/config/bin_cfg/asm_nano_hq.cfg
[2026-02-20 17:08:57] DEBUG: Loading /data/softs/Miniforge3-25.11.0-0/envs/flye-2.9.6/lib/python3.12/site-packages/flye/config/bin_cfg/asm_defaults.cfg
[2026-02-20 17:08:57] DEBUG: 	big_genome_threshold=29000000
[2026-02-20 17:08:57] DEBUG: 	meta_read_filter_kmer_freq=100
[2026-02-20 17:08:57] DEBUG: 	chain_large_gap_penalty=2
[2026-02-20 17:08:57] DEBUG: 	chain_small_gap_penalty=0.5
[2026-02-20 17:08:57] DEBUG: 	chain_gap_jump_threshold=100
[2026-02-20 17:08:57] DEBUG: 	max_jump_gap=500
[2026-02-20 17:08:57] DEBUG: 	max_coverage_drop_rate=5
[2026-02-20 17:08:57] DEBUG: 	max_extensions_drop_rate=5
[2026-02-20 17:08:57] DEBUG: 	chimera_window=100
[2026-02-20 17:08:57] DEBUG: 	chimera_overhang=1000
[2026-02-20 17:08:57] DEBUG: 	min_reads_in_disjointig=4
[2026-02-20 17:08:57] DEBUG: 	max_inner_reads=10
[2026-02-20 17:08:57] DEBUG: 	max_inner_fraction=0.25
[2026-02-20 17:08:57] DEBUG: 	aggressive_dup_filter=1
[2026-02-20 17:08:57] DEBUG: 	max_separation=500
[2026-02-20 17:08:57] DEBUG: 	unique_edge_length=50000
[2026-02-20 17:08:57] DEBUG: 	min_repeat_res_support=0.51
[2026-02-20 17:08:57] DEBUG: 	out_paths_ratio=5
[2026-02-20 17:08:57] DEBUG: 	graph_cov_drop_rate=5
[2026-02-20 17:08:57] DEBUG: 	coverage_estimate_window=100
[2026-02-20 17:08:57] DEBUG: 	max_bubble_length=50000
[2026-02-20 17:08:57] DEBUG: 	loop_coverage_rate=1.5
[2026-02-20 17:08:57] DEBUG: 	repeat_edge_cov_mult=1.75
[2026-02-20 17:08:57] DEBUG: 	weak_detach_rate=5
[2026-02-20 17:08:57] DEBUG: 	tip_coverage_rate=2
[2026-02-20 17:08:57] DEBUG: 	tip_length_rate=2
[2026-02-20 17:08:57] DEBUG: 	output_gfa_before_rr=1
[2026-02-20 17:08:57] DEBUG: 	remove_alt_edges=0
[2026-02-20 17:08:57] DEBUG: 	low_cutoff_warning=0
[2026-02-20 17:08:57] DEBUG: 	kmer_size=17
[2026-02-20 17:08:57] DEBUG: 	use_minimizers=1
[2026-02-20 17:08:57] DEBUG: 	minimizer_window=10
[2026-02-20 17:08:57] DEBUG: 	reads_base_alignment=1
[2026-02-20 17:08:57] DEBUG: 	meta_read_top_kmer_rate=0.75
[2026-02-20 17:08:57] DEBUG: 	maximum_jump=1500
[2026-02-20 17:08:57] DEBUG: 	maximum_overhang=1500
[2026-02-20 17:08:57] DEBUG: 	repeat_kmer_rate=100
[2026-02-20 17:08:57] DEBUG: 	assemble_ovlp_divergence=0.03
[2026-02-20 17:08:57] DEBUG: 	assemble_divergence_relative=1
[2026-02-20 17:08:57] DEBUG: 	repeat_graph_ovlp_divergence=0.03
[2026-02-20 17:08:57] DEBUG: 	read_align_ovlp_divergence=0.10
[2026-02-20 17:08:57] DEBUG: 	hpc_scoring_on=1
[2026-02-20 17:08:57] DEBUG: 	add_unassembled_reads=0
[2026-02-20 17:08:57] DEBUG: 	extend_contigs_with_repeats=0
[2026-02-20 17:08:57] DEBUG: 	min_read_cov_cutoff=3
[2026-02-20 17:08:57] DEBUG: 	short_tip_length=20000
[2026-02-20 17:08:57] DEBUG: 	long_tip_length=100000
[2026-02-20 17:08:57] DEBUG: Running with k-mer size: 17
[2026-02-20 17:08:57] DEBUG: Selected minimum overlap 2000
[2026-02-20 17:08:57] DEBUG: Metagenome mode: Y
[2026-02-20 17:08:57] INFO: Parsing disjointigs
[2026-02-20 17:08:57] DEBUG: Building positional index
[2026-02-20 17:08:57] DEBUG: Total sequence: 5353324 bp
[2026-02-20 17:08:57] INFO: Building repeat graph
[2026-02-20 17:08:57] DEBUG: Mean k-mer frequency: 1.04741
[2026-02-20 17:08:57] DEBUG: Repetitive k-mer frequency: 104
[2026-02-20 17:08:57] DEBUG: Filtered 0 repetitive k-mers (0)
[2026-02-20 17:08:57] DEBUG: Sorting k-mer index
[2026-02-20 17:08:57] DEBUG: Selected k-mers: 928841
[2026-02-20 17:08:57] DEBUG: K-mer index size: 972882
[2026-02-20 17:08:57] DEBUG: Mean k-mer frequency: 1.04742
[2026-02-20 17:08:57] DEBUG: Minimizer rate: 5.50254
[2026-02-20 17:08:59] DEBUG: Computing transitive closure for overlaps
[2026-02-20 17:08:59] DEBUG: Found 416 overlaps
[2026-02-20 17:08:59] DEBUG: Left 172 overlaps after filtering
[2026-02-20 17:08:59] INFO: Median overlap divergence: 0.0288437
[2026-02-20 17:08:59] DEBUG: Sequence divergence distribution: 

    |*     |                                                                                             
    |*     |                                                                                             
    |*     |                                                                                             
    |*     |                                                                                             
    |*     |                                                                                             
    |*     |                                                                                             
    |*     |                                                                                             
    |*     |                                                                                             
    |*     |                                                                                             
    |*     |                                                                                             
    |*     |                                                                                             
    |*     |                                                                                             
    |*     |                                                                                             
    |**    |                                                                                             
    |**    |                                                                                             
    |**    |                      *                                                                      
    |** * *|               * *    *    * *    *         *                                                
    |** * *|               * *    *    * *    *         *                                                
    |**** **               * *    *    * *    *        ** *         *     *                              
    |**** **               * *    *    * *    *        ** *         *     *                              
    ----------------------------------------------------------------------------------------------------
    0%        5%        10%       15%       20%       25%       30%       35%       40%       45%       

    Q25 = 0.0033, Q50 = 0.029, Q75 = 0.17

[2026-02-20 17:08:59] DEBUG: Computing gluepoints
[2026-02-20 17:08:59] DEBUG: Added 0 gluepoint projections
[2026-02-20 17:08:59] DEBUG: Created 120 gluepoints
[2026-02-20 17:08:59] DEBUG: Artificial loops removed: 0 left, 0 right, 0 both
[2026-02-20 17:08:59] DEBUG: Initializing edges
[2026-02-20 17:08:59] DEBUG: Edges length checksum: 13586262640
[2026-02-20 17:08:59] DEBUG: Filtered 0 singleton segments
[2026-02-20 17:08:59] DEBUG: Removed 0 simple and 0 double chimeric junctions
[2026-02-20 17:08:59] DEBUG: Collapsed 5 edges
[2026-02-20 17:08:59] DEBUG:  	30	+disjointig_1	6794	37762	30968	
[2026-02-20 17:08:59] DEBUG: *	32	+disjointig_2	25865	35547	9682	
[2026-02-20 17:08:59] DEBUG:  	33	+disjointig_2	35547	40890	5343	
[2026-02-20 17:08:59] DEBUG: *	15	+disjointig_2	40890	231561	190671	
[2026-02-20 17:08:59] DEBUG:  	17	+disjointig_2	231561	233696	2135	
[2026-02-20 17:08:59] DEBUG: *	-18	+disjointig_2	233696	237583	3887	
[2026-02-20 17:08:59] DEBUG:  	17	+disjointig_2	237583	239719	2136	
[2026-02-20 17:08:59] DEBUG: *	19	+disjointig_2	239719	249852	10133	
[2026-02-20 17:08:59] DEBUG:  	20	+disjointig_2	249852	252429	2577	
[2026-02-20 17:08:59] DEBUG: *	22	+disjointig_2	252429	476671	224242	
[2026-02-20 17:08:59] DEBUG:  	24	+disjointig_2	476671	479196	2525	
[2026-02-20 17:08:59] DEBUG: *	-12	+disjointig_2	479196	856908	377712	
[2026-02-20 17:08:59] DEBUG:  	33	+disjointig_2	856908	862160	5252	
[2026-02-20 17:08:59] DEBUG: *	14	+disjointig_2	862160	1376026	513866	
[2026-02-20 17:08:59] DEBUG:  	-33	+disjointig_2	1376026	1381369	5343	
[2026-02-20 17:08:59] DEBUG: *	7	+disjointig_2	1381369	1490531	109162	
[2026-02-20 17:08:59] DEBUG:  	-33	+disjointig_2	1490531	1495864	5333	
[2026-02-20 17:08:59] DEBUG: *	8	+disjointig_2	1495864	1621652	125788	
[2026-02-20 17:08:59] DEBUG:  	-33	+disjointig_2	1621652	1626903	5251	
[2026-02-20 17:08:59] DEBUG: *	9	+disjointig_2	1626903	1661751	34848	
[2026-02-20 17:08:59] DEBUG:  	-33	+disjointig_2	1661751	1667080	5329	
[2026-02-20 17:08:59] DEBUG: *	11	+disjointig_2	1667080	1959906	292826	
[2026-02-20 17:08:59] DEBUG:  	-24	+disjointig_2	1959906	1962432	2526	
[2026-02-20 17:08:59] DEBUG: *	25	+disjointig_2	1962432	2116024	153592	
[2026-02-20 17:08:59] DEBUG:  	24	+disjointig_2	2116024	2118549	2525	
[2026-02-20 17:08:59] DEBUG: *	-16	+disjointig_2	2118549	2536674	418125	
[2026-02-20 17:08:59] DEBUG:  	-33	+disjointig_2	2536674	2541918	5244	
[2026-02-20 17:08:59] DEBUG: *	10	+disjointig_2	2541918	3722321	1180403	
[2026-02-20 17:08:59] DEBUG:  	20	+disjointig_2	3722321	3724900	2579	
[2026-02-20 17:08:59] DEBUG: *	23	+disjointig_2	3724900	4486795	761895	
[2026-02-20 17:08:59] DEBUG:  	-24	+disjointig_2	4486795	4489321	2526	
[2026-02-20 17:08:59] DEBUG: *	-21	+disjointig_2	4489321	4514038	24717	
[2026-02-20 17:08:59] DEBUG:  	20	+disjointig_2	4514038	4516615	2577	
[2026-02-20 17:08:59] DEBUG: *	31	+disjointig_2	4516615	5130009	613394	
[2026-02-20 17:08:59] DEBUG:  	-24	+disjointig_3	40235	42760	2525	
[2026-02-20 17:08:59] DEBUG: *	34	+disjointig_3	42760	162030	119270	
[2026-02-20 17:08:59] DEBUG:  	-24	+disjointig_3	162030	164555	2525	
[2026-02-20 17:08:59] DEBUG:  	29	+disjointig_5	855	6567	5712	
[2026-02-20 17:08:59] DEBUG: Total edges: 34
[2026-02-20 17:08:59] INFO: Parsing reads
[2026-02-20 17:09:00] DEBUG: Building positional index
[2026-02-20 17:09:00] DEBUG: Total sequence: 308155274 bp
[2026-02-20 17:09:00] DEBUG: Building positional index
[2026-02-20 17:09:00] DEBUG: Total sequence: 5265144 bp
[2026-02-20 17:09:00] INFO: Aligning reads to the graph
[2026-02-20 17:09:00] DEBUG: Mean k-mer frequency: 1.03117
[2026-02-20 17:09:00] DEBUG: Repetitive k-mer frequency: 103
[2026-02-20 17:09:00] DEBUG: Filtered 0 repetitive k-mers (0)
[2026-02-20 17:09:00] DEBUG: Sorting k-mer index
[2026-02-20 17:09:00] DEBUG: Selected k-mers: 928061
[2026-02-20 17:09:00] DEBUG: K-mer index size: 956987
[2026-02-20 17:09:00] DEBUG: Mean k-mer frequency: 1.03117
[2026-02-20 17:09:00] DEBUG: Minimizer rate: 5.50179
[2026-02-20 17:09:07] DEBUG: Total reads : 33636
[2026-02-20 17:09:07] DEBUG: Read with aligned parts : 33293
[2026-02-20 17:09:07] DEBUG: Aligned in one piece : 33200
[2026-02-20 17:09:07] INFO: Aligned read sequence: 245512940 / 248498328 (0.987986)
[2026-02-20 17:09:07] INFO: Median overlap divergence: 0.00284469
[2026-02-20 17:09:07] DEBUG: Sequence divergence distribution: 

    |*                   |                                                                               
    |*                   |                                                                               
    |*                   |                                                                               
    |*                   |                                                                               
    |*                   |                                                                               
    |*                   |                                                                               
    |*                   |                                                                               
    |*                   |                                                                               
    |*                   |                                                                               
    |*                   |                                                                               
    |*                   |                                                                               
    |*                   |                                                                               
    |*                   |                                                                               
    |*                   |                                                                               
    |*                   |                                                                               
    |**                  |                                                                               
    |**                  |                                                                               
    |**                  |                                                                               
    |***                 |                                                                               
    |************************** ******                        *                                          
    ----------------------------------------------------------------------------------------------------
    0%        5%        10%       15%       20%       25%       30%       35%       40%       45%       

    Q25 = 0.0015, Q50 = 0.0028, Q75 = 0.0057

[2026-02-20 17:09:07] INFO: Mean edge coverage: 46
[2026-02-20 17:09:07] DEBUG: 7	len:109162	cov:52	mult:1.13043
[2026-02-20 17:09:07] DEBUG: -7	len:109162	cov:52	mult:1.13043
[2026-02-20 17:09:07] DEBUG: 8	len:125788	cov:48	mult:1.04348
[2026-02-20 17:09:07] DEBUG: -8	len:125788	cov:48	mult:1.04348
[2026-02-20 17:09:07] DEBUG: 9	len:34848	cov:48	mult:1.04348
[2026-02-20 17:09:07] DEBUG: -9	len:34848	cov:48	mult:1.04348
[2026-02-20 17:09:07] DEBUG: 10	len:1180403	cov:42	mult:0.913043
[2026-02-20 17:09:07] DEBUG: -10	len:1180403	cov:42	mult:0.913043
[2026-02-20 17:09:07] DEBUG: 11	len:292826	cov:50	mult:1.08696
[2026-02-20 17:09:07] DEBUG: -11	len:292826	cov:50	mult:1.08696
[2026-02-20 17:09:07] DEBUG: 12	len:377712	cov:50	mult:1.08696
[2026-02-20 17:09:07] DEBUG: -12	len:377712	cov:50	mult:1.08696
[2026-02-20 17:09:07] DEBUG: 14	len:513866	cov:53	mult:1.15217
[2026-02-20 17:09:07] DEBUG: -14	len:513866	cov:53	mult:1.15217
[2026-02-20 17:09:07] DEBUG: 15	len:190671	cov:44	mult:0.956522
[2026-02-20 17:09:07] DEBUG: -15	len:190671	cov:44	mult:0.956522
[2026-02-20 17:09:07] DEBUG: 16	len:418125	cov:45	mult:0.978261
[2026-02-20 17:09:07] DEBUG: -16	len:418125	cov:45	mult:0.978261
[2026-02-20 17:09:07] DEBUG: 17	len:2135	cov:66	mult:1.43478
[2026-02-20 17:09:07] DEBUG: -17	len:2135	cov:66	mult:1.43478
[2026-02-20 17:09:07] DEBUG: 18	len:3887	cov:31	mult:0.673913
[2026-02-20 17:09:07] DEBUG: -18	len:3887	cov:31	mult:0.673913
[2026-02-20 17:09:07] DEBUG: 19	len:10133	cov:36	mult:0.782609
[2026-02-20 17:09:07] DEBUG: -19	len:10133	cov:36	mult:0.782609
[2026-02-20 17:09:07] DEBUG: 20	len:2577	cov:132	mult:2.86957
[2026-02-20 17:09:07] DEBUG: -20	len:2577	cov:132	mult:2.86957
[2026-02-20 17:09:07] DEBUG: 21	len:24717	cov:49	mult:1.06522
[2026-02-20 17:09:07] DEBUG: -21	len:24717	cov:49	mult:1.06522
[2026-02-20 17:09:07] DEBUG: 22	len:224242	cov:47	mult:1.02174
[2026-02-20 17:09:07] DEBUG: -22	len:224242	cov:47	mult:1.02174
[2026-02-20 17:09:07] DEBUG: 23	len:761895	cov:42	mult:0.913043
[2026-02-20 17:09:07] DEBUG: -23	len:761895	cov:42	mult:0.913043
[2026-02-20 17:09:07] DEBUG: 24	len:2525	cov:247	mult:5.36957
[2026-02-20 17:09:07] DEBUG: -24	len:2525	cov:247	mult:5.36957
[2026-02-20 17:09:07] DEBUG: 25	len:153592	cov:50	mult:1.08696
[2026-02-20 17:09:07] DEBUG: -25	len:153592	cov:50	mult:1.08696
[2026-02-20 17:09:07] DEBUG: 29	len:2856	cov:10	mult:0.217391
[2026-02-20 17:09:07] DEBUG: -29	len:2856	cov:10	mult:0.217391
[2026-02-20 17:09:07] DEBUG: 30	len:15484	cov:428	mult:9.30435
[2026-02-20 17:09:07] DEBUG: -30	len:15484	cov:428	mult:9.30435
[2026-02-20 17:09:07] DEBUG: 31	len:613394	cov:42	mult:0.913043
[2026-02-20 17:09:07] DEBUG: -31	len:613394	cov:42	mult:0.913043
[2026-02-20 17:09:07] DEBUG: 32	len:9682	cov:42	mult:0.913043
[2026-02-20 17:09:07] DEBUG: -32	len:9682	cov:42	mult:0.913043
[2026-02-20 17:09:07] DEBUG: 33	len:5299	cov:355	mult:7.71739
[2026-02-20 17:09:07] DEBUG: -33	len:5299	cov:355	mult:7.71739
[2026-02-20 17:09:07] DEBUG: 34	len:119270	cov:30	mult:0.652174
[2026-02-20 17:09:07] DEBUG: -34	len:119270	cov:30	mult:0.652174
[2026-02-20 17:09:07] DEBUG: Unique coverage threshold 87
[2026-02-20 17:09:07] INFO: Simplifying the graph
[2026-02-20 17:09:07] DEBUG: Read coverage cutoff: 3
[2026-02-20 17:09:07] DEBUG: [SIMPL] Removed 0 paths with low coverage
[2026-02-20 17:09:07] DEBUG: [SIMPL] Masked 0 heterozygous loops
[2026-02-20 17:09:07] DEBUG: [SIMPL] Masked 0 simple bubbles
[2026-02-20 17:09:07] DEBUG: [SIMPL] Masked 0 roundabouts
[2026-02-20 17:09:07] DEBUG: [SIMPL] Masked 0 superbubbles
[2026-02-20 17:09:07] DEBUG: Finding repeats
[2026-02-20 17:09:07] DEBUG: Read coverage cutoff: 3
[2026-02-20 17:09:07] DEBUG: Tandem: 17
[2026-02-20 17:09:07] DEBUG: Short-loop: 29
[2026-02-20 17:09:07] DEBUG: Repeat detection iteration 1
[2026-02-20 17:09:07] DEBUG: Starting 24 aln:295
[2026-02-20 17:09:07] DEBUG: 	      -23	num:32	flank:12058	span:14
[2026-02-20 17:09:07] DEBUG: 	      -16	num:57	flank:14712	span:13
[2026-02-20 17:09:07] DEBUG: 	      -11	num:53	flank:11999	span:12
[2026-02-20 17:09:07] DEBUG: 	      -12	num:42	flank:14091	span:16
[2026-02-20 17:09:07] DEBUG: 	      -34	num:30	flank:16219	span:10
[2026-02-20 17:09:07] DEBUG: Starting -24 aln:295
[2026-02-20 17:09:07] DEBUG: 	      -22	num:42	flank:11565	span:7
[2026-02-20 17:09:07] DEBUG: 	      34	num:23	flank:13694	span:5
[2026-02-20 17:09:07] DEBUG: 	      -21	num:39	flank:13127	span:17
[2026-02-20 17:09:07] DEBUG: 	      25	num:59	flank:14528	span:1
[2026-02-20 17:09:07] DEBUG: 	      -25	num:53	flank:14976	span:12
[2026-02-20 17:09:07] DEBUG: Mult: 24	2525	247	 (1,1)
[2026-02-20 17:09:07] DEBUG: Starting 20 aln:158
[2026-02-20 17:09:07] DEBUG: 	      31	num:42	flank:21548	span:4
[2026-02-20 17:09:07] DEBUG: 	      23	num:37	flank:13691	span:13
[2026-02-20 17:09:07] DEBUG: 	      22	num:35	flank:16588	span:11
[2026-02-20 17:09:07] DEBUG: Starting -20 aln:158
[2026-02-20 17:09:07] DEBUG: 	      -10	num:34	flank:16274	span:6
[2026-02-20 17:09:07] DEBUG: 	      -19	num:33	flank:19171	span:5
[2026-02-20 17:09:07] DEBUG: 	      21	num:52	flank:18962	span:-1
[2026-02-20 17:09:07] DEBUG: Mult: 20	2577	132	 (1,1)
[2026-02-20 17:09:07] DEBUG: Starting 33 aln:492
[2026-02-20 17:09:07] DEBUG: 	      16	num:49	flank:15011	span:8
[2026-02-20 17:09:07] DEBUG: 	      -9	num:42	flank:17671	span:14
[2026-02-20 17:09:07] DEBUG: 	      14	num:42	flank:13317	span:9
[2026-02-20 17:09:07] DEBUG: 	      15	num:37	flank:16215	span:4
[2026-02-20 17:09:07] DEBUG: 	      -8	num:48	flank:12551	span:16
[2026-02-20 17:09:07] DEBUG: 	      -7	num:37	flank:14142	span:6
[2026-02-20 17:09:07] DEBUG: 	      -14	num:45	flank:11734	span:13
[2026-02-20 17:09:07] DEBUG: Starting -33 aln:492
[2026-02-20 17:09:07] DEBUG: 	      9	num:55	flank:11658	span:0
[2026-02-20 17:09:07] DEBUG: 	      10	num:40	flank:12456	span:1
[2026-02-20 17:09:07] DEBUG: 	      7	num:57	flank:12817	span:1
[2026-02-20 17:09:07] DEBUG: 	      11	num:44	flank:12346	span:2
[2026-02-20 17:09:07] DEBUG: 	      12	num:54	flank:8947	span:0
[2026-02-20 17:09:07] DEBUG: 	      8	num:42	flank:15419	span:1
[2026-02-20 17:09:07] DEBUG: 	      -32	num:31	flank:20892	span:8
[2026-02-20 17:09:07] DEBUG: Mult: 33	5299	355	 (1,1)
[2026-02-20 17:09:07] DEBUG: Repeat detection iteration 2
[2026-02-20 17:09:07] DEBUG: Writing Dot
[2026-02-20 17:09:07] DEBUG: Writing FASTA
[2026-02-20 17:09:07] DEBUG: Writing Gfa
[2026-02-20 17:09:07] DEBUG: 	Connection 15	-18	23
[2026-02-20 17:09:07] DEBUG: 	Connection -18	19	18
[2026-02-20 17:09:07] DEBUG: 	Connection 10	23	24
[2026-02-20 17:09:07] DEBUG: 	Connection 19	22	20
[2026-02-20 17:09:07] DEBUG: 	Connection -21	31	31
[2026-02-20 17:09:07] DEBUG: 	Connection 21	-23	26
[2026-02-20 17:09:07] DEBUG: 	Connection 25	-16	32
[2026-02-20 17:09:07] DEBUG: 	Connection -25	-11	36
[2026-02-20 17:09:07] DEBUG: 	Connection 22	-12	28
[2026-02-20 17:09:07] DEBUG: 	Connection -34	-34	13
[2026-02-20 17:09:07] DEBUG: [SIMPL] Resolved 10 simple repeats
[2026-02-20 17:09:07] DEBUG: [SIMPL] == Iteration 1 ==
[2026-02-20 17:09:07] DEBUG: Splitting nodes
[2026-02-20 17:09:07] DEBUG: [SIMPL] Split 0 nodes
[2026-02-20 17:09:07] DEBUG: [SIMPL] Disconnected 0 minor paths
[2026-02-20 17:09:07] DEBUG: [SIMPL] Clipped 0 short and 0 long tips
[2026-02-20 17:09:07] DEBUG: [SIMPL] Masked 0 heterozygous loops
[2026-02-20 17:09:07] DEBUG: [SIMPL] Masked 0 simple bubbles
[2026-02-20 17:09:07] DEBUG: [SIMPL] Masked 0 roundabouts
[2026-02-20 17:09:07] DEBUG: [SIMPL] Masked 0 superbubbles
[2026-02-20 17:09:07] DEBUG: Finding repeats
[2026-02-20 17:09:07] DEBUG: Read coverage cutoff: 3
[2026-02-20 17:09:07] DEBUG: Short-loop: 29
[2026-02-20 17:09:07] DEBUG: Repeat detection iteration 1
[2026-02-20 17:09:07] DEBUG: Starting 33 aln:492
[2026-02-20 17:09:07] DEBUG: 	      16	num:49	flank:15011	span:8
[2026-02-20 17:09:07] DEBUG: 	      -9	num:42	flank:17671	span:14
[2026-02-20 17:09:07] DEBUG: 	      14	num:42	flank:13317	span:9
[2026-02-20 17:09:07] DEBUG: 	      15	num:37	flank:16215	span:4
[2026-02-20 17:09:07] DEBUG: 	      -8	num:48	flank:12551	span:16
[2026-02-20 17:09:07] DEBUG: 	      -7	num:37	flank:14142	span:6
[2026-02-20 17:09:07] DEBUG: 	      -14	num:45	flank:11734	span:13
[2026-02-20 17:09:07] DEBUG: Starting -33 aln:492
[2026-02-20 17:09:07] DEBUG: 	      9	num:55	flank:11658	span:0
[2026-02-20 17:09:07] DEBUG: 	      10	num:40	flank:12456	span:1
[2026-02-20 17:09:07] DEBUG: 	      7	num:57	flank:12817	span:1
[2026-02-20 17:09:07] DEBUG: 	      11	num:44	flank:12346	span:2
[2026-02-20 17:09:07] DEBUG: 	      12	num:54	flank:8947	span:0
[2026-02-20 17:09:07] DEBUG: 	      8	num:42	flank:15419	span:1
[2026-02-20 17:09:07] DEBUG: 	      -32	num:31	flank:20892	span:8
[2026-02-20 17:09:07] DEBUG: Mult: 33	5299	355	 (1,1)
[2026-02-20 17:09:07] DEBUG: Repeat detection iteration 2
[2026-02-20 17:09:07] DEBUG: Total unique edges: 32
[2026-02-20 17:09:07] DEBUG: 	Connection 8	9	23	1
[2026-02-20 17:09:07] DEBUG: 	Connection -15	-32	11	1
[2026-02-20 17:09:07] DEBUG: 	Connection -14	12	22	1
[2026-02-20 17:09:07] DEBUG: 	Connection 9	11	18	1
[2026-02-20 17:09:07] DEBUG: 	Connection -10	16	21	1
[2026-02-20 17:09:07] DEBUG: 	Connection -8	-7	15	1
[2026-02-20 17:09:07] DEBUG: 	Connection 14	7	20	1
[2026-02-20 17:09:07] DEBUG: [SIMPL] Resolved repeats: 7
[2026-02-20 17:09:07] DEBUG: RR links: 260
[2026-02-20 17:09:07] DEBUG: Unresolved: 0
[2026-02-20 17:09:07] DEBUG: Removed 0 simple and 0 double chimeric junctions
[2026-02-20 17:09:07] DEBUG: [SIMPL] == Iteration 2 ==
[2026-02-20 17:09:07] DEBUG: Splitting nodes
[2026-02-20 17:09:07] DEBUG: [SIMPL] Split 0 nodes
[2026-02-20 17:09:07] DEBUG: [SIMPL] Disconnected 0 minor paths
[2026-02-20 17:09:07] DEBUG: [SIMPL] Clipped 0 short and 0 long tips
[2026-02-20 17:09:07] DEBUG: [SIMPL] Masked 0 heterozygous loops
[2026-02-20 17:09:07] DEBUG: [SIMPL] Masked 0 simple bubbles
[2026-02-20 17:09:07] DEBUG: [SIMPL] Masked 0 roundabouts
[2026-02-20 17:09:07] DEBUG: [SIMPL] Masked 0 superbubbles
[2026-02-20 17:09:07] DEBUG: Finding repeats
[2026-02-20 17:09:07] DEBUG: Read coverage cutoff: 3
[2026-02-20 17:09:07] DEBUG: Short-loop: 29
[2026-02-20 17:09:07] DEBUG: Repeat detection iteration 1
[2026-02-20 17:09:07] DEBUG: Repeat detection iteration 2
[2026-02-20 17:09:07] DEBUG: Total unique edges: 36
[2026-02-20 17:09:07] DEBUG: [SIMPL] Resolved repeats: 0
[2026-02-20 17:09:07] DEBUG: RR links: 0
[2026-02-20 17:09:07] DEBUG: Unresolved: 0
[2026-02-20 17:09:07] DEBUG: Removed 0 simple and 0 double chimeric junctions
[2026-02-20 17:09:07] DEBUG: [SIMPL] Simplified 0 forks
[2026-02-20 17:09:07] DEBUG: [SIMPL] Collapsed 0 haplotypes
[2026-02-20 17:09:07] DEBUG: [SIMPL] Resolved 0 simple repeats
[2026-02-20 17:09:07] DEBUG: Read coverage cutoff: 3
[2026-02-20 17:09:07] DEBUG: [SIMPL] Removed 0 paths with low coverage
[2026-02-20 17:09:07] DEBUG: Finding repeats
[2026-02-20 17:09:07] DEBUG: Read coverage cutoff: 3
[2026-02-20 17:09:07] DEBUG: Short-loop: 29
[2026-02-20 17:09:07] DEBUG: Repeat detection iteration 1
[2026-02-20 17:09:07] DEBUG: Repeat detection iteration 2
[2026-02-20 17:09:07] DEBUG: Writing Dot
[2026-02-20 17:09:07] DEBUG: Writing FASTA
[2026-02-20 17:09:07] DEBUG: Peak RAM usage: 0 Gb
-----------End assembly log------------
[2026-02-20 17:09:08] root: INFO: >>>STAGE: contigger
[2026-02-20 17:09:08] root: INFO: Generating contigs
[2026-02-20 17:09:08] root: DEBUG: -----Begin contigger analyser log------
[2026-02-20 17:09:08] root: DEBUG: Running: flye-modules contigger --graph-edges /scratch/ky/characterization/results/barcode25/assembly/20-repeat/repeat_graph_edges.fasta --reads /scratch/ky/characterization/FASTQ/SQK-RBK114-96_barcode25.fastq --out-dir /scratch/ky/characterization/results/barcode25/assembly/30-contigger --config /data/softs/Miniforge3-25.11.0-0/envs/flye-2.9.6/lib/python3.12/site-packages/flye/config/bin_cfg/asm_nano_hq.cfg --repeat-graph /scratch/ky/characterization/results/barcode25/assembly/20-repeat/repeat_graph_dump --graph-aln /scratch/ky/characterization/results/barcode25/assembly/20-repeat/read_alignment_dump --log /scratch/ky/characterization/results/barcode25/assembly/flye.log --threads 16 --min-ovlp 2000
[2026-02-20 17:09:08] DEBUG: Build date: May  4 2025 23:18:25
[2026-02-20 17:09:08] DEBUG: Total RAM: 251 Gb
[2026-02-20 17:09:08] DEBUG: Available RAM: 247 Gb
[2026-02-20 17:09:08] DEBUG: Total CPUs: 32
[2026-02-20 17:09:08] DEBUG: Loading /data/softs/Miniforge3-25.11.0-0/envs/flye-2.9.6/lib/python3.12/site-packages/flye/config/bin_cfg/asm_nano_hq.cfg
[2026-02-20 17:09:08] DEBUG: Loading /data/softs/Miniforge3-25.11.0-0/envs/flye-2.9.6/lib/python3.12/site-packages/flye/config/bin_cfg/asm_defaults.cfg
[2026-02-20 17:09:08] DEBUG: 	big_genome_threshold=29000000
[2026-02-20 17:09:08] DEBUG: 	meta_read_filter_kmer_freq=100
[2026-02-20 17:09:08] DEBUG: 	chain_large_gap_penalty=2
[2026-02-20 17:09:08] DEBUG: 	chain_small_gap_penalty=0.5
[2026-02-20 17:09:08] DEBUG: 	chain_gap_jump_threshold=100
[2026-02-20 17:09:08] DEBUG: 	max_jump_gap=500
[2026-02-20 17:09:08] DEBUG: 	max_coverage_drop_rate=5
[2026-02-20 17:09:08] DEBUG: 	max_extensions_drop_rate=5
[2026-02-20 17:09:08] DEBUG: 	chimera_window=100
[2026-02-20 17:09:08] DEBUG: 	chimera_overhang=1000
[2026-02-20 17:09:08] DEBUG: 	min_reads_in_disjointig=4
[2026-02-20 17:09:08] DEBUG: 	max_inner_reads=10
[2026-02-20 17:09:08] DEBUG: 	max_inner_fraction=0.25
[2026-02-20 17:09:08] DEBUG: 	aggressive_dup_filter=1
[2026-02-20 17:09:08] DEBUG: 	max_separation=500
[2026-02-20 17:09:08] DEBUG: 	unique_edge_length=50000
[2026-02-20 17:09:08] DEBUG: 	min_repeat_res_support=0.51
[2026-02-20 17:09:08] DEBUG: 	out_paths_ratio=5
[2026-02-20 17:09:08] DEBUG: 	graph_cov_drop_rate=5
[2026-02-20 17:09:08] DEBUG: 	coverage_estimate_window=100
[2026-02-20 17:09:08] DEBUG: 	max_bubble_length=50000
[2026-02-20 17:09:08] DEBUG: 	loop_coverage_rate=1.5
[2026-02-20 17:09:08] DEBUG: 	repeat_edge_cov_mult=1.75
[2026-02-20 17:09:08] DEBUG: 	weak_detach_rate=5
[2026-02-20 17:09:08] DEBUG: 	tip_coverage_rate=2
[2026-02-20 17:09:08] DEBUG: 	tip_length_rate=2
[2026-02-20 17:09:08] DEBUG: 	output_gfa_before_rr=1
[2026-02-20 17:09:08] DEBUG: 	remove_alt_edges=0
[2026-02-20 17:09:08] DEBUG: 	low_cutoff_warning=0
[2026-02-20 17:09:08] DEBUG: 	kmer_size=17
[2026-02-20 17:09:08] DEBUG: 	use_minimizers=1
[2026-02-20 17:09:08] DEBUG: 	minimizer_window=10
[2026-02-20 17:09:08] DEBUG: 	reads_base_alignment=1
[2026-02-20 17:09:08] DEBUG: 	meta_read_top_kmer_rate=0.75
[2026-02-20 17:09:08] DEBUG: 	maximum_jump=1500
[2026-02-20 17:09:08] DEBUG: 	maximum_overhang=1500
[2026-02-20 17:09:08] DEBUG: 	repeat_kmer_rate=100
[2026-02-20 17:09:08] DEBUG: 	assemble_ovlp_divergence=0.03
[2026-02-20 17:09:08] DEBUG: 	assemble_divergence_relative=1
[2026-02-20 17:09:08] DEBUG: 	repeat_graph_ovlp_divergence=0.03
[2026-02-20 17:09:08] DEBUG: 	read_align_ovlp_divergence=0.10
[2026-02-20 17:09:08] DEBUG: 	hpc_scoring_on=1
[2026-02-20 17:09:08] DEBUG: 	add_unassembled_reads=0
[2026-02-20 17:09:08] DEBUG: 	extend_contigs_with_repeats=0
[2026-02-20 17:09:08] DEBUG: 	min_read_cov_cutoff=3
[2026-02-20 17:09:08] DEBUG: 	short_tip_length=20000
[2026-02-20 17:09:08] DEBUG: 	long_tip_length=100000
[2026-02-20 17:09:08] DEBUG: Running with k-mer size: 17
[2026-02-20 17:09:08] DEBUG: Selected minimum overlap 2000
[2026-02-20 17:09:08] INFO: Reading sequences
[2026-02-20 17:09:08] DEBUG: Building positional index
[2026-02-20 17:09:08] DEBUG: Total sequence: 308155274 bp
[2026-02-20 17:09:09] DEBUG: Flipped 0
[2026-02-20 17:09:09] DEBUG: UPath 1: 50 -> 8 -> -45 -> 9 -> -48 -> 11 -> -42 -> 25 -> 41 -> -16 -> 49 -> 10 -> 37 -> 23 -> -40 -> -21 -> 39 -> 31 -> 32 -> -46 -> 15 -> 35 -> -18 -> 36 -> 19 -> 38 -> 22 -> 43 -> -12 -> 47 -> 14 -> -51 -> 7
[2026-02-20 17:09:09] DEBUG: UPath 2: 29
[2026-02-20 17:09:09] DEBUG: UPath 3: 30
[2026-02-20 17:09:09] DEBUG: UPath 4: -44 -> 34
[2026-02-20 17:09:09] DEBUG: Final graph contains 4 egdes
[2026-02-20 17:09:09] DEBUG: Extending contigs into repeats
[2026-02-20 17:09:09] DEBUG: Covered 0 repetitive contigs
[2026-02-20 17:09:09] INFO: Generated 4 contigs
[2026-02-20 17:09:09] DEBUG: Writing FASTA
[2026-02-20 17:09:09] DEBUG: Generating scaffold connections
[2026-02-20 17:09:09] INFO: Added 0 scaffold connections
[2026-02-20 17:09:09] DEBUG: Writing Dot
[2026-02-20 17:09:09] DEBUG: Writing FASTA
[2026-02-20 17:09:09] DEBUG: Writing Gfa
[2026-02-20 17:09:09] DEBUG: Peak RAM usage: 0 Gb
-----------End assembly log------------
[2026-02-20 17:09:09] root: INFO: >>>STAGE: polishing
[2026-02-20 17:09:09] root: INFO: Polishing genome (1/1)
[2026-02-20 17:09:09] root: INFO: Running minimap2
[2026-02-20 17:09:20] root: INFO: Separating alignment into bubbles
[2026-02-20 17:09:52] root: DEBUG: Generated 365201 bubbles
[2026-02-20 17:09:52] root: DEBUG: Split 0 long bubbles
[2026-02-20 17:09:52] root: DEBUG: Skipped 0 empty bubbles
[2026-02-20 17:09:52] root: DEBUG: Skipped 0 bubbles with long branches
[2026-02-20 17:09:52] root: INFO: Alignment error rate: 0.007563
[2026-02-20 17:09:52] root: INFO: Correcting bubbles
[2026-02-20 17:10:06] root: DEBUG: Mean contig coverage: 57, selected threshold: 3
[2026-02-20 17:10:06] root: DEBUG: Filtered 0 contigs of total length 0
[2026-02-20 17:10:06] root: DEBUG: Generating polished GFA
[2026-02-20 17:10:09] root: DEBUG: 0 sequences remained unpolished
[2026-02-20 17:10:09] root: INFO: >>>STAGE: finalize
[2026-02-20 17:10:09] root: DEBUG: ---Output dir contents:----
[2026-02-20 17:10:09] root: DEBUG: assembly/
[2026-02-20 17:10:09] root: DEBUG:     44.0 K      flye.log
[2026-02-20 17:10:09] root: DEBUG:     92.0 B      params.json
[2026-02-20 17:10:09] root: DEBUG:     580.0 B     assembly_graph.gv
[2026-02-20 17:10:09] root: DEBUG:     5.0 M       assembly_graph.gfa
[2026-02-20 17:10:09] root: DEBUG:     5.0 M       assembly.fasta
[2026-02-20 17:10:09] root: DEBUG:     00-assembly/
[2026-02-20 17:10:09] root: DEBUG:         5.0 M       draft_assembly.fasta
[2026-02-20 17:10:09] root: DEBUG:         127.0 B     draft_assembly.fasta.fai
[2026-02-20 17:10:09] root: DEBUG:     10-consensus/
[2026-02-20 17:10:09] root: DEBUG:         970.0 B     minimap.stderr
[2026-02-20 17:10:09] root: DEBUG:         53.0 K      minimap.bam.csi
[2026-02-20 17:10:09] root: DEBUG:         5.0 M       consensus.fasta
[2026-02-20 17:10:09] root: DEBUG:     20-repeat/
[2026-02-20 17:10:09] root: DEBUG:         3.0 K       graph_before_rr.gv
[2026-02-20 17:10:09] root: DEBUG:         5.0 M       graph_before_rr.fasta
[2026-02-20 17:10:09] root: DEBUG:         4.0 M       graph_before_rr.gfa
[2026-02-20 17:10:09] root: DEBUG:         4.0 K       graph_after_rr.gv
[2026-02-20 17:10:09] root: DEBUG:         8.0 K       repeat_graph_dump
[2026-02-20 17:10:09] root: DEBUG:         9.0 M       read_alignment_dump
[2026-02-20 17:10:09] root: DEBUG:         5.0 M       repeat_graph_edges.fasta
[2026-02-20 17:10:09] root: DEBUG:     30-contigger/
[2026-02-20 17:10:09] root: DEBUG:         5.0 M       contigs.fasta
[2026-02-20 17:10:09] root: DEBUG:         212.0 B     contigs_stats.txt
[2026-02-20 17:10:09] root: DEBUG:         0.0 B       scaffolds_links.txt
[2026-02-20 17:10:09] root: DEBUG:         580.0 B     graph_final.gv
[2026-02-20 17:10:09] root: DEBUG:         5.0 M       graph_final.fasta
[2026-02-20 17:10:09] root: DEBUG:         5.0 M       graph_final.gfa
[2026-02-20 17:10:09] root: DEBUG:         113.0 B     contigs.fasta.fai
[2026-02-20 17:10:09] root: DEBUG:     40-polishing/
[2026-02-20 17:10:09] root: DEBUG:         923.0 B     minimap.stderr
[2026-02-20 17:10:09] root: DEBUG:         51.0 K      minimap_1.bam.csi
[2026-02-20 17:10:09] root: DEBUG:         104.0 B     contigs_stats.txt
[2026-02-20 17:10:09] root: DEBUG:         1.0 M       base_coverage.bed.gz
[2026-02-20 17:10:09] root: DEBUG:         5.0 M       filtered_contigs.fasta
[2026-02-20 17:10:09] root: DEBUG:         104.0 B     filtered_stats.txt
[2026-02-20 17:10:09] root: DEBUG:         113.0 B     filtered_contigs.fasta.fai
[2026-02-20 17:10:09] root: DEBUG:         150.0 B     edges_aln.bam.csi
[2026-02-20 17:10:09] root: DEBUG:         5.0 M       polished_edges.gfa
[2026-02-20 17:10:09] root: DEBUG: --------------------------
[2026-02-20 17:10:09] root: INFO: Assembly statistics:

	Total length:	5244561
	Fragments:	4
	Fragments N50:	5104164
	Largest frg:	5104164
	Scaffolds:	0
	Mean coverage:	57

[2026-02-20 17:10:09] root: INFO: Final assembly: /scratch/ky/characterization/results/barcode25/assembly/assembly.fasta
