[2026-02-20 17:03:23] root: INFO: Starting Flye 2.9.6-b1802
[2026-02-20 17:03:23] root: DEBUG: Cmd: /data/softs/Miniforge3-25.11.0-0/envs/flye-2.9.6/bin/flye --meta --nano-hq /scratch/ky/characterization/FASTQ/SQK-RBK114-96_barcode24.fastq -o /scratch/ky/characterization/results/barcode24/assembly/ -t 16
[2026-02-20 17:03:23] root: DEBUG: Python version: 3.12.12 | packaged by conda-forge | (main, Jan 26 2026, 23:51:32) [GCC 14.3.0]
[2026-02-20 17:03:23] root: INFO: >>>STAGE: configure
[2026-02-20 17:03:23] root: INFO: Configuring run
[2026-02-20 17:03:25] root: INFO: Total read length: 462475632
[2026-02-20 17:03:25] root: INFO: Reads N50/N90: 8799 / 2069
[2026-02-20 17:03:25] root: INFO: Minimum overlap set to 2000
[2026-02-20 17:03:25] root: INFO: >>>STAGE: assembly
[2026-02-20 17:03:25] root: INFO: Assembling disjointigs
[2026-02-20 17:03:25] root: DEBUG: -----Begin assembly log------
[2026-02-20 17:03:25] root: DEBUG: Running: flye-modules assemble --reads /scratch/ky/characterization/FASTQ/SQK-RBK114-96_barcode24.fastq --out-asm /scratch/ky/characterization/results/barcode24/assembly/00-assembly/draft_assembly.fasta --config /data/softs/Miniforge3-25.11.0-0/envs/flye-2.9.6/lib/python3.12/site-packages/flye/config/bin_cfg/asm_nano_hq.cfg --log /scratch/ky/characterization/results/barcode24/assembly/flye.log --threads 16 --meta --min-ovlp 2000
[2026-02-20 17:03:25] DEBUG: Build date: May  4 2025 23:17:52
[2026-02-20 17:03:25] DEBUG: Total RAM: 251 Gb
[2026-02-20 17:03:25] DEBUG: Available RAM: 246 Gb
[2026-02-20 17:03:25] DEBUG: Total CPUs: 32
[2026-02-20 17:03:25] DEBUG: Loading /data/softs/Miniforge3-25.11.0-0/envs/flye-2.9.6/lib/python3.12/site-packages/flye/config/bin_cfg/asm_nano_hq.cfg
[2026-02-20 17:03:25] DEBUG: Loading /data/softs/Miniforge3-25.11.0-0/envs/flye-2.9.6/lib/python3.12/site-packages/flye/config/bin_cfg/asm_defaults.cfg
[2026-02-20 17:03:25] DEBUG: 	big_genome_threshold=29000000
[2026-02-20 17:03:25] DEBUG: 	meta_read_filter_kmer_freq=100
[2026-02-20 17:03:25] DEBUG: 	chain_large_gap_penalty=2
[2026-02-20 17:03:25] DEBUG: 	chain_small_gap_penalty=0.5
[2026-02-20 17:03:25] DEBUG: 	chain_gap_jump_threshold=100
[2026-02-20 17:03:25] DEBUG: 	max_jump_gap=500
[2026-02-20 17:03:25] DEBUG: 	max_coverage_drop_rate=5
[2026-02-20 17:03:25] DEBUG: 	max_extensions_drop_rate=5
[2026-02-20 17:03:25] DEBUG: 	chimera_window=100
[2026-02-20 17:03:25] DEBUG: 	chimera_overhang=1000
[2026-02-20 17:03:25] DEBUG: 	min_reads_in_disjointig=4
[2026-02-20 17:03:25] DEBUG: 	max_inner_reads=10
[2026-02-20 17:03:25] DEBUG: 	max_inner_fraction=0.25
[2026-02-20 17:03:25] DEBUG: 	aggressive_dup_filter=1
[2026-02-20 17:03:25] DEBUG: 	max_separation=500
[2026-02-20 17:03:25] DEBUG: 	unique_edge_length=50000
[2026-02-20 17:03:25] DEBUG: 	min_repeat_res_support=0.51
[2026-02-20 17:03:25] DEBUG: 	out_paths_ratio=5
[2026-02-20 17:03:25] DEBUG: 	graph_cov_drop_rate=5
[2026-02-20 17:03:25] DEBUG: 	coverage_estimate_window=100
[2026-02-20 17:03:25] DEBUG: 	max_bubble_length=50000
[2026-02-20 17:03:25] DEBUG: 	loop_coverage_rate=1.5
[2026-02-20 17:03:25] DEBUG: 	repeat_edge_cov_mult=1.75
[2026-02-20 17:03:25] DEBUG: 	weak_detach_rate=5
[2026-02-20 17:03:25] DEBUG: 	tip_coverage_rate=2
[2026-02-20 17:03:25] DEBUG: 	tip_length_rate=2
[2026-02-20 17:03:25] DEBUG: 	output_gfa_before_rr=1
[2026-02-20 17:03:25] DEBUG: 	remove_alt_edges=0
[2026-02-20 17:03:25] DEBUG: 	low_cutoff_warning=0
[2026-02-20 17:03:25] DEBUG: 	kmer_size=17
[2026-02-20 17:03:25] DEBUG: 	use_minimizers=1
[2026-02-20 17:03:25] DEBUG: 	minimizer_window=10
[2026-02-20 17:03:25] DEBUG: 	reads_base_alignment=1
[2026-02-20 17:03:25] DEBUG: 	meta_read_top_kmer_rate=0.75
[2026-02-20 17:03:25] DEBUG: 	maximum_jump=1500
[2026-02-20 17:03:25] DEBUG: 	maximum_overhang=1500
[2026-02-20 17:03:25] DEBUG: 	repeat_kmer_rate=100
[2026-02-20 17:03:25] DEBUG: 	assemble_ovlp_divergence=0.03
[2026-02-20 17:03:25] DEBUG: 	assemble_divergence_relative=1
[2026-02-20 17:03:25] DEBUG: 	repeat_graph_ovlp_divergence=0.03
[2026-02-20 17:03:25] DEBUG: 	read_align_ovlp_divergence=0.10
[2026-02-20 17:03:25] DEBUG: 	hpc_scoring_on=1
[2026-02-20 17:03:25] DEBUG: 	add_unassembled_reads=0
[2026-02-20 17:03:25] DEBUG: 	extend_contigs_with_repeats=0
[2026-02-20 17:03:25] DEBUG: 	min_read_cov_cutoff=3
[2026-02-20 17:03:25] DEBUG: 	short_tip_length=20000
[2026-02-20 17:03:25] DEBUG: 	long_tip_length=100000
[2026-02-20 17:03:25] DEBUG: Running with k-mer size: 17
[2026-02-20 17:03:25] DEBUG: Running with minimum overlap 2000
[2026-02-20 17:03:25] DEBUG: Metagenome mode: Y
[2026-02-20 17:03:25] DEBUG: Short mode: N
[2026-02-20 17:03:25] INFO: Reading sequences
[2026-02-20 17:03:26] DEBUG: Building positional index
[2026-02-20 17:03:26] DEBUG: Total sequence: 426447987 bp
[2026-02-20 17:03:26] INFO: Building minimizer index
[2026-02-20 17:03:26] INFO: Pre-calculating index storage
[2026-02-20 17:03:28] DEBUG: Mean k-mer frequency: 17.5136
[2026-02-20 17:03:28] DEBUG: Repetitive k-mer frequency: 1751
[2026-02-20 17:03:28] DEBUG: Filtered 4685288 repetitive k-mers (0.0607427)
[2026-02-20 17:03:28] INFO: Filling index
[2026-02-20 17:03:31] DEBUG: Sorting k-mer index
[2026-02-20 17:03:31] DEBUG: Selected k-mers: 4403813
[2026-02-20 17:03:31] DEBUG: K-mer index size: 72448056
[2026-02-20 17:03:31] DEBUG: Mean k-mer frequency: 16.4512
[2026-02-20 17:03:31] DEBUG: Minimizer rate: 5.88626
[2026-02-20 17:03:31] DEBUG: Peak RAM usage: 0 Gb
[2026-02-20 17:03:31] DEBUG: Estimating k-mer identity bias
[2026-02-20 17:03:34] DEBUG: Initial divergence estimate : 0.00860848
[2026-02-20 17:03:34] DEBUG: Relative threshold: Y
[2026-02-20 17:03:34] DEBUG: Max divergence threshold set to 0.0386085
[2026-02-20 17:03:34] INFO: Extending reads
[2026-02-20 17:03:34] DEBUG: Estimating overlap coverage
[2026-02-20 17:04:06] INFO: Overlap-based coverage: 70
[2026-02-20 17:04:06] INFO: Median overlap divergence: 0.00833858
[2026-02-20 17:04:06] DEBUG: Sequence divergence distribution: 

    |*      |                                                                                            
    |*      |                                                                                            
    |**     |                                                                                            
    |**     |                                                                                            
    |**     |                                                                                            
    |**     |                                                                                            
    |**     |                                                                                            
    |**     |                                                                                            
    |**     |                                                                                            
    |**     |                                                                                            
    |**     |                                                                                            
    |**     |                                                                                            
    |***    |                                                                                            
    |***    |                                                                                            
    |***    |                                                                                            
    |***    |                                                                                            
    |*****  |                                                                                            
    |****** |                                                                                            
    |********* *                                                                                         
    |***************************        *                                                                
    ----------------------------------------------------------------------------------------------------
    0%        5%        10%       15%       20%       25%       30%       35%       40%       45%       

    Q25 = 0.0044, Q50 = 0.0083, Q75 = 0.022

[2026-02-20 17:04:28] DEBUG: Assembled disjointig 1
	With 674 reads
	Start read: +eae2f43c-cbaf-4156-b1c2-f3baa2f817f9
	At position: 671
	leftTip: 0 rightTip: 0
	Suspicious: 0
	Short ext: 0
	Mean extensions: 49
	Avg overlap len: 23649
	Min overlap len: 2706
	Inner reads: 0
	Length: 5213788
[2026-02-20 17:04:28] DEBUG: Inner: 99814 covered: 100024 total: 131338
[2026-02-20 17:04:28] DEBUG: Discarded disjointig with 677 reads and 675 inner overlaps
[2026-02-20 17:04:28] DEBUG: Discarded disjointig with 674 reads and 672 inner overlaps
[2026-02-20 17:04:28] DEBUG: Discarded disjointig with 673 reads and 671 inner overlaps
[2026-02-20 17:04:28] DEBUG: Discarded disjointig with 673 reads and 671 inner overlaps
[2026-02-20 17:04:28] DEBUG: Discarded disjointig with 673 reads and 671 inner overlaps
[2026-02-20 17:04:28] DEBUG: Discarded disjointig with 245 reads and 243 inner overlaps
[2026-02-20 17:04:28] DEBUG: Discarded disjointig with 674 reads and 672 inner overlaps
[2026-02-20 17:04:29] DEBUG: Discarded disjointig with 469 reads and 467 inner overlaps
[2026-02-20 17:04:29] DEBUG: Discarded disjointig with 477 reads and 475 inner overlaps
[2026-02-20 17:04:29] DEBUG: Discarded disjointig with 393 reads and 391 inner overlaps
[2026-02-20 17:04:29] DEBUG: Discarded disjointig with 673 reads and 671 inner overlaps
[2026-02-20 17:04:29] DEBUG: Discarded disjointig with 672 reads and 670 inner overlaps
[2026-02-20 17:04:29] DEBUG: Discarded disjointig with 670 reads and 668 inner overlaps
[2026-02-20 17:04:29] DEBUG: Assembled disjointig 2
	With 1 reads
	Start read: +826ebae2-1c95-4bca-bf32-c90825e5a5cf
	At position: 1
	leftTip: 1 rightTip: 1
	Suspicious: 0
	Short ext: 0
	Mean extensions: 0
	Avg overlap len: 0
	Min overlap len: 0
	Inner reads: 0
	Length: 2321
[2026-02-20 17:04:29] DEBUG: Inner: 99914 covered: 100270 total: 131338
[2026-02-20 17:04:29] DEBUG: Discarded disjointig with 675 reads and 673 inner overlaps
[2026-02-20 17:04:29] DEBUG: Assembled disjointig 3
	With 18 reads
	Start read: +06a9a758-f20a-4852-bc37-2260b8353d6c
	At position: 15
	leftTip: 1 rightTip: 0
	Suspicious: 0
	Short ext: 0
	Mean extensions: 21
	Avg overlap len: 15130
	Min overlap len: 2421
	Inner reads: 0
	Length: 151150
[2026-02-20 17:04:29] DEBUG: Inner: 100928 covered: 101520 total: 131338
[2026-02-20 17:04:29] DEBUG: Discarded disjointig with 9 reads and 7 inner overlaps
[2026-02-20 17:04:29] DEBUG: Discarded disjointig with 12 reads and 10 inner overlaps
[2026-02-20 17:04:29] DEBUG: Discarded disjointig with 15 reads and 13 inner overlaps
[2026-02-20 17:04:29] DEBUG: Discarded disjointig with 13 reads and 11 inner overlaps
[2026-02-20 17:04:29] DEBUG: Discarded disjointig with 17 reads and 15 inner overlaps
[2026-02-20 17:04:29] DEBUG: Discarded disjointig with 12 reads and 10 inner overlaps
[2026-02-20 17:04:29] DEBUG: Assembled disjointig 4
	With 1 reads
	Start read: +9eb3ff19-c414-4364-a620-0e805e39fb18
	At position: 1
	leftTip: 1 rightTip: 1
	Suspicious: 0
	Short ext: 0
	Mean extensions: 0
	Avg overlap len: 0
	Min overlap len: 0
	Inner reads: 0
	Length: 2331
[2026-02-20 17:04:29] DEBUG: Inner: 101010 covered: 101694 total: 131338
[2026-02-20 17:04:29] DEBUG: Discarded disjointig with 7 reads and 5 inner overlaps
[2026-02-20 17:04:29] DEBUG: Assembled disjointig 5
	With 1 reads
	Start read: +314284c3-883c-4df9-a71b-c72b5811b0bc
	At position: 1
	leftTip: 1 rightTip: 1
	Suspicious: 0
	Short ext: 0
	Mean extensions: 0
	Avg overlap len: 0
	Min overlap len: 0
	Inner reads: 0
	Length: 2440
[2026-02-20 17:04:29] DEBUG: Inner: 101054 covered: 101990 total: 131338
[2026-02-20 17:04:30] DEBUG: Assembled disjointig 6
	With 1 reads
	Start read: +e6f639c5-8a23-4dbb-b294-b8d206e3f017
	At position: 1
	leftTip: 1 rightTip: 1
	Suspicious: 0
	Short ext: 0
	Mean extensions: 0
	Avg overlap len: 0
	Min overlap len: 0
	Inner reads: 0
	Length: 2359
[2026-02-20 17:04:30] DEBUG: Inner: 101154 covered: 102360 total: 131338
[2026-02-20 17:04:30] DEBUG: Assembled disjointig 7
	With 1 reads
	Start read: +73b4dbe8-e9cb-42cd-b62f-c8ec2e662154
	At position: 1
	leftTip: 1 rightTip: 1
	Suspicious: 0
	Short ext: 0
	Mean extensions: 0
	Avg overlap len: 0
	Min overlap len: 0
	Inner reads: 0
	Length: 2346
[2026-02-20 17:04:30] DEBUG: Inner: 101192 covered: 102804 total: 131338
[2026-02-20 17:04:31] DEBUG: Assembled disjointig 8
	With 1 reads
	Start read: +26f95eb0-a491-4802-8229-0f8648964485
	At position: 1
	leftTip: 1 rightTip: 1
	Suspicious: 0
	Short ext: 0
	Mean extensions: 0
	Avg overlap len: 0
	Min overlap len: 0
	Inner reads: 0
	Length: 2314
[2026-02-20 17:04:31] DEBUG: Inner: 101208 covered: 104504 total: 131338
[2026-02-20 17:04:31] DEBUG: Assembled disjointig 9
	With 1 reads
	Start read: +563d667b-4757-4b32-841f-2feb16cb5d71
	At position: 1
	leftTip: 1 rightTip: 1
	Suspicious: 0
	Short ext: 0
	Mean extensions: 0
	Avg overlap len: 0
	Min overlap len: 0
	Inner reads: 0
	Length: 2242
[2026-02-20 17:04:31] DEBUG: Inner: 101336 covered: 104516 total: 131338
[2026-02-20 17:04:32] DEBUG: Assembled disjointig 10
	With 1 reads
	Start read: +95cdcb6b-aadf-4db5-8b70-7937b4113c6b
	At position: 1
	leftTip: 1 rightTip: 1
	Suspicious: 0
	Short ext: 0
	Mean extensions: 1
	Avg overlap len: 0
	Min overlap len: 0
	Inner reads: 0
	Length: 3671
[2026-02-20 17:04:32] DEBUG: Inner: 103340 covered: 106142 total: 131338
[2026-02-20 17:04:34] DEBUG: Discarded disjointig with 670 reads and 668 inner overlaps
[2026-02-20 17:04:45] DEBUG: Assembled disjointig 11
	With 1 reads
	Start read: +57e64cb4-f915-4962-ab11-e16c8ec39e8d
	At position: 1
	leftTip: 1 rightTip: 1
	Suspicious: 0
	Short ext: 0
	Mean extensions: 0
	Avg overlap len: 0
	Min overlap len: 0
	Inner reads: 0
	Length: 2359
[2026-02-20 17:04:45] DEBUG: Inner: 103346 covered: 128730 total: 131338
[2026-02-20 17:04:45] INFO: Assembled 11 disjointigs
[2026-02-20 17:04:45] INFO: Generating sequence
[2026-02-20 17:04:45] DEBUG: Building positional index
[2026-02-20 17:04:45] DEBUG: Total sequence: 5387356 bp
[2026-02-20 17:04:46] DEBUG: Mean k-mer frequency: 1.03817
[2026-02-20 17:04:46] DEBUG: Repetitive k-mer frequency: 103
[2026-02-20 17:04:46] DEBUG: Filtered 125 repetitive k-mers (0.000127683)
[2026-02-20 17:04:46] DEBUG: Sorting k-mer index
[2026-02-20 17:04:46] DEBUG: Selected k-mers: 942986
[2026-02-20 17:04:46] DEBUG: K-mer index size: 978860
[2026-02-20 17:04:46] DEBUG: Mean k-mer frequency: 1.03804
[2026-02-20 17:04:46] DEBUG: Minimizer rate: 5.5037
[2026-02-20 17:04:46] INFO: Filtering contained disjointigs
[2026-02-20 17:04:47] DEBUG: Computing transitive closure for overlaps
[2026-02-20 17:04:47] DEBUG: Found 128 overlaps
[2026-02-20 17:04:47] DEBUG: Left 60 overlaps after filtering
[2026-02-20 17:04:47] INFO: Contained seqs: 6
[2026-02-20 17:04:47] DEBUG: Writing FASTA
[2026-02-20 17:04:47] DEBUG: Peak RAM usage: 1 Gb
-----------End assembly log------------
[2026-02-20 17:04:47] root: DEBUG: Disjointigs length: 5373362, N50: 5213847
[2026-02-20 17:04:47] root: INFO: >>>STAGE: consensus
[2026-02-20 17:04:47] root: INFO: Running Minimap2
[2026-02-20 17:05:04] root: INFO: Computing consensus
[2026-02-20 17:05:43] root: INFO: Alignment error rate: 0.012047
[2026-02-20 17:05:43] root: INFO: >>>STAGE: repeat
[2026-02-20 17:05:43] root: INFO: Building and resolving repeat graph
[2026-02-20 17:05:43] root: DEBUG: -----Begin repeat analyser log------
[2026-02-20 17:05:43] root: DEBUG: Running: flye-modules repeat --disjointigs /scratch/ky/characterization/results/barcode24/assembly/10-consensus/consensus.fasta --reads /scratch/ky/characterization/FASTQ/SQK-RBK114-96_barcode24.fastq --out-dir /scratch/ky/characterization/results/barcode24/assembly/20-repeat --config /data/softs/Miniforge3-25.11.0-0/envs/flye-2.9.6/lib/python3.12/site-packages/flye/config/bin_cfg/asm_nano_hq.cfg --log /scratch/ky/characterization/results/barcode24/assembly/flye.log --threads 16 --meta --min-ovlp 2000
[2026-02-20 17:05:43] DEBUG: Build date: May  4 2025 23:18:08
[2026-02-20 17:05:43] DEBUG: Total RAM: 251 Gb
[2026-02-20 17:05:43] DEBUG: Available RAM: 247 Gb
[2026-02-20 17:05:43] DEBUG: Total CPUs: 32
[2026-02-20 17:05:43] DEBUG: Loading /data/softs/Miniforge3-25.11.0-0/envs/flye-2.9.6/lib/python3.12/site-packages/flye/config/bin_cfg/asm_nano_hq.cfg
[2026-02-20 17:05:43] DEBUG: Loading /data/softs/Miniforge3-25.11.0-0/envs/flye-2.9.6/lib/python3.12/site-packages/flye/config/bin_cfg/asm_defaults.cfg
[2026-02-20 17:05:43] DEBUG: 	big_genome_threshold=29000000
[2026-02-20 17:05:43] DEBUG: 	meta_read_filter_kmer_freq=100
[2026-02-20 17:05:43] DEBUG: 	chain_large_gap_penalty=2
[2026-02-20 17:05:43] DEBUG: 	chain_small_gap_penalty=0.5
[2026-02-20 17:05:43] DEBUG: 	chain_gap_jump_threshold=100
[2026-02-20 17:05:43] DEBUG: 	max_jump_gap=500
[2026-02-20 17:05:43] DEBUG: 	max_coverage_drop_rate=5
[2026-02-20 17:05:43] DEBUG: 	max_extensions_drop_rate=5
[2026-02-20 17:05:43] DEBUG: 	chimera_window=100
[2026-02-20 17:05:43] DEBUG: 	chimera_overhang=1000
[2026-02-20 17:05:43] DEBUG: 	min_reads_in_disjointig=4
[2026-02-20 17:05:43] DEBUG: 	max_inner_reads=10
[2026-02-20 17:05:43] DEBUG: 	max_inner_fraction=0.25
[2026-02-20 17:05:43] DEBUG: 	aggressive_dup_filter=1
[2026-02-20 17:05:43] DEBUG: 	max_separation=500
[2026-02-20 17:05:43] DEBUG: 	unique_edge_length=50000
[2026-02-20 17:05:43] DEBUG: 	min_repeat_res_support=0.51
[2026-02-20 17:05:43] DEBUG: 	out_paths_ratio=5
[2026-02-20 17:05:43] DEBUG: 	graph_cov_drop_rate=5
[2026-02-20 17:05:43] DEBUG: 	coverage_estimate_window=100
[2026-02-20 17:05:43] DEBUG: 	max_bubble_length=50000
[2026-02-20 17:05:43] DEBUG: 	loop_coverage_rate=1.5
[2026-02-20 17:05:43] DEBUG: 	repeat_edge_cov_mult=1.75
[2026-02-20 17:05:43] DEBUG: 	weak_detach_rate=5
[2026-02-20 17:05:43] DEBUG: 	tip_coverage_rate=2
[2026-02-20 17:05:43] DEBUG: 	tip_length_rate=2
[2026-02-20 17:05:43] DEBUG: 	output_gfa_before_rr=1
[2026-02-20 17:05:43] DEBUG: 	remove_alt_edges=0
[2026-02-20 17:05:43] DEBUG: 	low_cutoff_warning=0
[2026-02-20 17:05:43] DEBUG: 	kmer_size=17
[2026-02-20 17:05:43] DEBUG: 	use_minimizers=1
[2026-02-20 17:05:43] DEBUG: 	minimizer_window=10
[2026-02-20 17:05:43] DEBUG: 	reads_base_alignment=1
[2026-02-20 17:05:43] DEBUG: 	meta_read_top_kmer_rate=0.75
[2026-02-20 17:05:43] DEBUG: 	maximum_jump=1500
[2026-02-20 17:05:43] DEBUG: 	maximum_overhang=1500
[2026-02-20 17:05:43] DEBUG: 	repeat_kmer_rate=100
[2026-02-20 17:05:43] DEBUG: 	assemble_ovlp_divergence=0.03
[2026-02-20 17:05:43] DEBUG: 	assemble_divergence_relative=1
[2026-02-20 17:05:43] DEBUG: 	repeat_graph_ovlp_divergence=0.03
[2026-02-20 17:05:43] DEBUG: 	read_align_ovlp_divergence=0.10
[2026-02-20 17:05:43] DEBUG: 	hpc_scoring_on=1
[2026-02-20 17:05:43] DEBUG: 	add_unassembled_reads=0
[2026-02-20 17:05:43] DEBUG: 	extend_contigs_with_repeats=0
[2026-02-20 17:05:43] DEBUG: 	min_read_cov_cutoff=3
[2026-02-20 17:05:43] DEBUG: 	short_tip_length=20000
[2026-02-20 17:05:43] DEBUG: 	long_tip_length=100000
[2026-02-20 17:05:43] DEBUG: Running with k-mer size: 17
[2026-02-20 17:05:43] DEBUG: Selected minimum overlap 2000
[2026-02-20 17:05:43] DEBUG: Metagenome mode: Y
[2026-02-20 17:05:43] INFO: Parsing disjointigs
[2026-02-20 17:05:43] DEBUG: Building positional index
[2026-02-20 17:05:43] DEBUG: Total sequence: 5375036 bp
[2026-02-20 17:05:43] INFO: Building repeat graph
[2026-02-20 17:05:43] DEBUG: Mean k-mer frequency: 1.03811
[2026-02-20 17:05:43] DEBUG: Repetitive k-mer frequency: 103
[2026-02-20 17:05:43] DEBUG: Filtered 0 repetitive k-mers (0)
[2026-02-20 17:05:44] DEBUG: Sorting k-mer index
[2026-02-20 17:05:44] DEBUG: Selected k-mers: 941073
[2026-02-20 17:05:44] DEBUG: K-mer index size: 976940
[2026-02-20 17:05:44] DEBUG: Mean k-mer frequency: 1.03811
[2026-02-20 17:05:44] DEBUG: Minimizer rate: 5.50191
[2026-02-20 17:05:45] DEBUG: Computing transitive closure for overlaps
[2026-02-20 17:05:45] DEBUG: Found 366 overlaps
[2026-02-20 17:05:45] DEBUG: Left 148 overlaps after filtering
[2026-02-20 17:05:45] INFO: Median overlap divergence: 0.0978929
[2026-02-20 17:05:45] DEBUG: Sequence divergence distribution: 

    |*     |                                                                                             
    |*     |                                                                                             
    |*     |                                                                                             
    |*     |                                                                                             
    |*     |                                                                                             
    |*     |                                                                                             
    |*     |                                                                                             
    |*     |                                                                                             
    |*     |                                                                                             
    |*     |                                                                                             
    |*     |                                                                                             
    |*     |                                                                                             
    |**    |                                                                                             
    |**    |                                                                                             
    |***   *                                                                                             
    |***   *                                                                                             
    |***  **            *   *   **             *        *                                                
    |***  **            *   *   **             *        *                                                
    |***  **            **  *** ***      *   * *  * *  ** *         *     *                              
    |***  **            **  *** ***      *   * *  * *  ** *         *     *                              
    ----------------------------------------------------------------------------------------------------
    0%        5%        10%       15%       20%       25%       30%       35%       40%       45%       

    Q25 = 0.0061, Q50 = 0.098, Q75 = 0.18

[2026-02-20 17:05:45] DEBUG: Computing gluepoints
[2026-02-20 17:05:45] DEBUG: Added 0 gluepoint projections
[2026-02-20 17:05:45] DEBUG: Created 110 gluepoints
[2026-02-20 17:05:45] DEBUG: Artificial loops removed: 0 left, 0 right, 0 both
[2026-02-20 17:05:45] DEBUG: Initializing edges
[2026-02-20 17:05:45] DEBUG: Edges length checksum: 18446744072498117946
[2026-02-20 17:05:45] DEBUG: Filtered 0 singleton segments
[2026-02-20 17:05:45] DEBUG: Removed 0 simple and 0 double chimeric junctions
[2026-02-20 17:05:45] DEBUG: Collapsed 3 edges
[2026-02-20 17:05:45] DEBUG: *	30	+disjointig_1	46808	616382	569574	
[2026-02-20 17:05:45] DEBUG:  	4	+disjointig_1	616382	618908	2526	
[2026-02-20 17:05:45] DEBUG: *	-5	+disjointig_1	618908	1709962	1091054	
[2026-02-20 17:05:45] DEBUG:  	4	+disjointig_1	1709962	1712488	2526	
[2026-02-20 17:05:45] DEBUG: *	8	+disjointig_1	1712488	1910154	197666	
[2026-02-20 17:05:45] DEBUG:  	11	+disjointig_1	1910154	1912731	2577	
[2026-02-20 17:05:45] DEBUG: *	14	+disjointig_1	1912731	2535815	623084	
[2026-02-20 17:05:45] DEBUG:  	33	+disjointig_1	2535815	2541158	5343	
[2026-02-20 17:05:45] DEBUG: *	23	+disjointig_1	2541158	2731828	190670	
[2026-02-20 17:05:45] DEBUG:  	24	+disjointig_1	2731828	2733963	2135	
[2026-02-20 17:05:45] DEBUG: *	-25	+disjointig_1	2733963	2737849	3886	
[2026-02-20 17:05:45] DEBUG:  	24	+disjointig_1	2737849	2739985	2136	
[2026-02-20 17:05:45] DEBUG: *	-12	+disjointig_1	2739985	2750116	10131	
[2026-02-20 17:05:45] DEBUG:  	11	+disjointig_1	2750116	2752693	2577	
[2026-02-20 17:05:45] DEBUG: *	15	+disjointig_1	2752693	3355386	602693	
[2026-02-20 17:05:45] DEBUG:  	33	+disjointig_1	3355386	3360729	5343	
[2026-02-20 17:05:45] DEBUG: *	22	+disjointig_1	3360729	3873255	512526	
[2026-02-20 17:05:45] DEBUG:  	-33	+disjointig_1	3873255	3878603	5348	
[2026-02-20 17:05:45] DEBUG: *	18	+disjointig_1	3878603	3987765	109162	
[2026-02-20 17:05:45] DEBUG:  	-33	+disjointig_1	3987765	3993098	5333	
[2026-02-20 17:05:45] DEBUG: *	19	+disjointig_1	3993098	4116993	123895	
[2026-02-20 17:05:45] DEBUG:  	-33	+disjointig_1	4116993	4122244	5251	
[2026-02-20 17:05:45] DEBUG: *	20	+disjointig_1	4122244	4157092	34848	
[2026-02-20 17:05:45] DEBUG:  	-33	+disjointig_1	4157092	4162421	5329	
[2026-02-20 17:05:45] DEBUG: *	-16	+disjointig_1	4162421	4441756	279335	
[2026-02-20 17:05:45] DEBUG:  	-11	+disjointig_1	4441756	4444333	2577	
[2026-02-20 17:05:45] DEBUG: *	-9	+disjointig_1	4444333	4604744	160411	
[2026-02-20 17:05:45] DEBUG:  	-4	+disjointig_1	4604744	4607270	2526	
[2026-02-20 17:05:45] DEBUG: *	7	+disjointig_1	4607270	5017729	410459	
[2026-02-20 17:05:45] DEBUG:  	-33	+disjointig_1	5017729	5022973	5244	
[2026-02-20 17:05:45] DEBUG: *	29	+disjointig_1	5022973	5216617	193644	
[2026-02-20 17:05:45] DEBUG:  	26	+disjointig_10	1223	3270	2047	
[2026-02-20 17:05:45] DEBUG: *	27	+disjointig_11	0	2367	2367	
[2026-02-20 17:05:45] DEBUG: *	-31	+disjointig_3	461	41264	40803	
[2026-02-20 17:05:45] DEBUG:  	-4	+disjointig_3	41264	43790	2526	
[2026-02-20 17:05:45] DEBUG: *	6	+disjointig_3	43790	68318	24528	
[2026-02-20 17:05:45] DEBUG:  	-11	+disjointig_3	68318	70895	2577	
[2026-02-20 17:05:45] DEBUG: *	-32	+disjointig_3	70895	128075	57180	
[2026-02-20 17:05:45] DEBUG:  	-26	+disjointig_6	318	2356	2038	
[2026-02-20 17:05:45] DEBUG: Total edges: 33
[2026-02-20 17:05:45] INFO: Parsing reads
[2026-02-20 17:05:46] DEBUG: Building positional index
[2026-02-20 17:05:46] DEBUG: Total sequence: 462475632 bp
[2026-02-20 17:05:46] DEBUG: Building positional index
[2026-02-20 17:05:46] DEBUG: Total sequence: 5303875 bp
[2026-02-20 17:05:46] INFO: Aligning reads to the graph
[2026-02-20 17:05:46] DEBUG: Mean k-mer frequency: 1.02507
[2026-02-20 17:05:46] DEBUG: Repetitive k-mer frequency: 102
[2026-02-20 17:05:46] DEBUG: Filtered 0 repetitive k-mers (0)
[2026-02-20 17:05:46] DEBUG: Sorting k-mer index
[2026-02-20 17:05:46] DEBUG: Selected k-mers: 940327
[2026-02-20 17:05:46] DEBUG: K-mer index size: 963904
[2026-02-20 17:05:46] DEBUG: Mean k-mer frequency: 1.02507
[2026-02-20 17:05:46] DEBUG: Minimizer rate: 5.50249
[2026-02-20 17:06:00] DEBUG: Total reads : 65669
[2026-02-20 17:06:00] DEBUG: Read with aligned parts : 52382
[2026-02-20 17:06:00] DEBUG: Aligned in one piece : 52214
[2026-02-20 17:06:00] INFO: Aligned read sequence: 395853288 / 426447987 (0.928257)
[2026-02-20 17:06:00] INFO: Median overlap divergence: 0.0027656
[2026-02-20 17:06:00] DEBUG: Sequence divergence distribution: 

    |*                   |                                                                               
    |*                   |                                                                               
    |*                   |                                                                               
    |*                   |                                                                               
    |*                   |                                                                               
    |*                   |                                                                               
    |*                   |                                                                               
    |*                   |                                                                               
    |*                   |                                                                               
    |*                   |                                                                               
    |*                   |                                                                               
    |*                   |                                                                               
    |*                   |                                                                               
    |*                   |                                                                               
    |*                   |                                                                               
    |**                  |                                                                               
    |**                  |                                                                               
    |**                  |                                                                               
    |***                 |                                                                               
    |**************************** **** *   *    ******  * * *  *    *                                    
    ----------------------------------------------------------------------------------------------------
    0%        5%        10%       15%       20%       25%       30%       35%       40%       45%       

    Q25 = 0.0014, Q50 = 0.0028, Q75 = 0.0057

[2026-02-20 17:06:00] INFO: Mean edge coverage: 74
[2026-02-20 17:06:00] DEBUG: 4	len:2526	cov:228	mult:3.08108
[2026-02-20 17:06:00] DEBUG: -4	len:2526	cov:228	mult:3.08108
[2026-02-20 17:06:00] DEBUG: 5	len:1091054	cov:63	mult:0.851351
[2026-02-20 17:06:00] DEBUG: -5	len:1091054	cov:63	mult:0.851351
[2026-02-20 17:06:00] DEBUG: 6	len:24528	cov:29	mult:0.391892
[2026-02-20 17:06:00] DEBUG: -6	len:24528	cov:29	mult:0.391892
[2026-02-20 17:06:00] DEBUG: 7	len:410459	cov:78	mult:1.05405
[2026-02-20 17:06:00] DEBUG: -7	len:410459	cov:78	mult:1.05405
[2026-02-20 17:06:00] DEBUG: 8	len:197666	cov:64	mult:0.864865
[2026-02-20 17:06:00] DEBUG: -8	len:197666	cov:64	mult:0.864865
[2026-02-20 17:06:00] DEBUG: 9	len:160411	cov:87	mult:1.17568
[2026-02-20 17:06:00] DEBUG: -9	len:160411	cov:87	mult:1.17568
[2026-02-20 17:06:00] DEBUG: 11	len:2577	cov:275	mult:3.71622
[2026-02-20 17:06:00] DEBUG: -11	len:2577	cov:275	mult:3.71622
[2026-02-20 17:06:00] DEBUG: 12	len:10131	cov:68	mult:0.918919
[2026-02-20 17:06:00] DEBUG: -12	len:10131	cov:68	mult:0.918919
[2026-02-20 17:06:00] DEBUG: 14	len:623084	cov:67	mult:0.905405
[2026-02-20 17:06:00] DEBUG: -14	len:623084	cov:67	mult:0.905405
[2026-02-20 17:06:00] DEBUG: 15	len:602693	cov:81	mult:1.09459
[2026-02-20 17:06:00] DEBUG: -15	len:602693	cov:81	mult:1.09459
[2026-02-20 17:06:00] DEBUG: 16	len:279335	cov:91	mult:1.22973
[2026-02-20 17:06:00] DEBUG: -16	len:279335	cov:91	mult:1.22973
[2026-02-20 17:06:00] DEBUG: 18	len:109162	cov:85	mult:1.14865
[2026-02-20 17:06:00] DEBUG: -18	len:109162	cov:85	mult:1.14865
[2026-02-20 17:06:00] DEBUG: 19	len:123895	cov:93	mult:1.25676
[2026-02-20 17:06:00] DEBUG: -19	len:123895	cov:93	mult:1.25676
[2026-02-20 17:06:00] DEBUG: 20	len:34848	cov:73	mult:0.986486
[2026-02-20 17:06:00] DEBUG: -20	len:34848	cov:73	mult:0.986486
[2026-02-20 17:06:00] DEBUG: 22	len:512526	cov:92	mult:1.24324
[2026-02-20 17:06:00] DEBUG: -22	len:512526	cov:92	mult:1.24324
[2026-02-20 17:06:00] DEBUG: 23	len:190670	cov:73	mult:0.986486
[2026-02-20 17:06:00] DEBUG: -23	len:190670	cov:73	mult:0.986486
[2026-02-20 17:06:00] DEBUG: 24	len:2135	cov:142	mult:1.91892
[2026-02-20 17:06:00] DEBUG: -24	len:2135	cov:142	mult:1.91892
[2026-02-20 17:06:00] DEBUG: 25	len:3886	cov:64	mult:0.864865
[2026-02-20 17:06:00] DEBUG: -25	len:3886	cov:64	mult:0.864865
[2026-02-20 17:06:00] DEBUG: 26	len:2042	cov:325	mult:4.39189
[2026-02-20 17:06:00] DEBUG: -26	len:2042	cov:325	mult:4.39189
[2026-02-20 17:06:00] DEBUG: 27	len:2367	cov:657	mult:8.87838
[2026-02-20 17:06:00] DEBUG: -27	len:2367	cov:657	mult:8.87838
[2026-02-20 17:06:00] DEBUG: 29	len:193644	cov:71	mult:0.959459
[2026-02-20 17:06:00] DEBUG: -29	len:193644	cov:71	mult:0.959459
[2026-02-20 17:06:00] DEBUG: 30	len:569574	cov:66	mult:0.891892
[2026-02-20 17:06:00] DEBUG: -30	len:569574	cov:66	mult:0.891892
[2026-02-20 17:06:00] DEBUG: 31	len:40803	cov:32	mult:0.432432
[2026-02-20 17:06:00] DEBUG: -31	len:40803	cov:32	mult:0.432432
[2026-02-20 17:06:00] DEBUG: 32	len:57180	cov:30	mult:0.405405
[2026-02-20 17:06:00] DEBUG: -32	len:57180	cov:30	mult:0.405405
[2026-02-20 17:06:00] DEBUG: 33	len:5313	cov:561	mult:7.58108
[2026-02-20 17:06:00] DEBUG: -33	len:5313	cov:561	mult:7.58108
[2026-02-20 17:06:00] DEBUG: Unique coverage threshold 152
[2026-02-20 17:06:00] INFO: Simplifying the graph
[2026-02-20 17:06:00] DEBUG: Read coverage cutoff: 3
[2026-02-20 17:06:00] DEBUG: [SIMPL] Removed 0 paths with low coverage
[2026-02-20 17:06:00] DEBUG: [SIMPL] Masked 0 heterozygous loops
[2026-02-20 17:06:00] DEBUG: [SIMPL] Masked 0 simple bubbles
[2026-02-20 17:06:00] DEBUG: [SIMPL] Masked 0 roundabouts
[2026-02-20 17:06:00] DEBUG: [SIMPL] Masked 0 superbubbles
[2026-02-20 17:06:00] DEBUG: Finding repeats
[2026-02-20 17:06:00] DEBUG: Read coverage cutoff: 3
[2026-02-20 17:06:00] DEBUG: Tandem: 24
[2026-02-20 17:06:00] DEBUG: Repeat detection iteration 1
[2026-02-20 17:06:00] DEBUG: Starting 4 aln:268
[2026-02-20 17:06:00] DEBUG: 	      -5	num:49	flank:10795	span:13
[2026-02-20 17:06:00] DEBUG: 	      8	num:53	flank:20576	span:9
[2026-02-20 17:06:00] DEBUG: 	      31	num:18	flank:14128	span:9
[2026-02-20 17:06:00] DEBUG: 	      9	num:83	flank:10927	span:7
[2026-02-20 17:06:00] DEBUG: Starting -4 aln:268
[2026-02-20 17:06:00] DEBUG: 	      6	num:21	flank:16656	span:1
[2026-02-20 17:06:00] DEBUG: 	      -30	num:52	flank:10593	span:8
[2026-02-20 17:06:00] DEBUG: 	      5	num:52	flank:23105	span:3
[2026-02-20 17:06:00] DEBUG: 	      7	num:75	flank:13448	span:2
[2026-02-20 17:06:00] DEBUG: Mult: 4	2526	228	 (1,1)
[2026-02-20 17:06:00] DEBUG: Starting 11 aln:320
[2026-02-20 17:06:00] DEBUG: 	      -6	num:15	flank:6302	span:18
[2026-02-20 17:06:00] DEBUG: 	      16	num:91	flank:15638	span:8
[2026-02-20 17:06:00] DEBUG: 	      14	num:69	flank:20068	span:9
[2026-02-20 17:06:00] DEBUG: 	      15	num:56	flank:9830	span:10
[2026-02-20 17:06:00] DEBUG: Starting -11 aln:320
[2026-02-20 17:06:00] DEBUG: 	      -32	num:13	flank:8883	span:7
[2026-02-20 17:06:00] DEBUG: 	      12	num:68	flank:10766	span:1
[2026-02-20 17:06:00] DEBUG: 	      -8	num:66	flank:17602	span:11
[2026-02-20 17:06:00] DEBUG: 	      -9	num:93	flank:13069	span:5
[2026-02-20 17:06:00] DEBUG: Mult: 11	2577	275	 (1,1)
[2026-02-20 17:06:00] DEBUG: Starting 33 aln:771
[2026-02-20 17:06:00] DEBUG: 	      -20	num:56	flank:18999	span:14
[2026-02-20 17:06:00] DEBUG: 	      -19	num:84	flank:14100	span:18
[2026-02-20 17:06:00] DEBUG: 	      22	num:87	flank:10333	span:12
[2026-02-20 17:06:00] DEBUG: 	      -7	num:60	flank:21783	span:15
[2026-02-20 17:06:00] DEBUG: 	      -22	num:79	flank:18392	span:22
[2026-02-20 17:06:00] DEBUG: 	      23	num:55	flank:12934	span:4
[2026-02-20 17:06:00] DEBUG: 	      -18	num:83	flank:16945	span:19
[2026-02-20 17:06:00] DEBUG: Starting -33 aln:771
[2026-02-20 17:06:00] DEBUG: 	      -16	num:64	flank:14579	span:14
[2026-02-20 17:06:00] DEBUG: 	      29	num:61	flank:16571	span:1
[2026-02-20 17:06:00] DEBUG: 	      20	num:68	flank:12957	span:1
[2026-02-20 17:06:00] DEBUG: 	      19	num:82	flank:17062	span:1
[2026-02-20 17:06:00] DEBUG: 	      -15	num:80	flank:13997	span:2
[2026-02-20 17:06:00] DEBUG: 	      -14	num:45	flank:17385	span:8
[2026-02-20 17:06:00] DEBUG: 	      18	num:96	flank:15127	span:1
[2026-02-20 17:06:00] DEBUG: Mult: 33	5313	561	 (1,1)
[2026-02-20 17:06:00] DEBUG: Repeat detection iteration 2
[2026-02-20 17:06:00] DEBUG: Writing Dot
[2026-02-20 17:06:00] DEBUG: Writing FASTA
[2026-02-20 17:06:00] DEBUG: Writing Gfa
[2026-02-20 17:06:00] DEBUG: 	Connection -5	8	38
[2026-02-20 17:06:00] DEBUG: 	Connection 30	-5	33
[2026-02-20 17:06:00] DEBUG: 	Connection -6	31	12
[2026-02-20 17:06:00] DEBUG: 	Connection -7	9	52
[2026-02-20 17:06:00] DEBUG: 	Connection 8	14	46
[2026-02-20 17:06:00] DEBUG: 	Connection 9	16	58
[2026-02-20 17:06:00] DEBUG: 	Connection -12	15	41
[2026-02-20 17:06:00] DEBUG: 	Connection 32	-6	6
[2026-02-20 17:06:00] DEBUG: 	Connection 23	-25	52
[2026-02-20 17:06:00] DEBUG: 	Connection -25	-12	40
[2026-02-20 17:06:00] DEBUG: [SIMPL] Resolved 10 simple repeats
[2026-02-20 17:06:00] DEBUG: [SIMPL] == Iteration 1 ==
[2026-02-20 17:06:00] DEBUG: Splitting nodes
[2026-02-20 17:06:00] DEBUG: [SIMPL] Split 0 nodes
[2026-02-20 17:06:00] DEBUG: [SIMPL] Disconnected 0 minor paths
[2026-02-20 17:06:00] DEBUG: [SIMPL] Clipped 0 short and 0 long tips
[2026-02-20 17:06:00] DEBUG: [SIMPL] Masked 0 heterozygous loops
[2026-02-20 17:06:00] DEBUG: [SIMPL] Masked 0 simple bubbles
[2026-02-20 17:06:00] DEBUG: [SIMPL] Masked 0 roundabouts
[2026-02-20 17:06:00] DEBUG: [SIMPL] Masked 0 superbubbles
[2026-02-20 17:06:00] DEBUG: Finding repeats
[2026-02-20 17:06:00] DEBUG: Read coverage cutoff: 3
[2026-02-20 17:06:00] DEBUG: Repeat detection iteration 1
[2026-02-20 17:06:00] DEBUG: Starting 33 aln:771
[2026-02-20 17:06:00] DEBUG: 	      -20	num:56	flank:18999	span:14
[2026-02-20 17:06:00] DEBUG: 	      -19	num:84	flank:14100	span:18
[2026-02-20 17:06:00] DEBUG: 	      22	num:87	flank:10333	span:12
[2026-02-20 17:06:00] DEBUG: 	      -7	num:60	flank:21783	span:15
[2026-02-20 17:06:00] DEBUG: 	      -22	num:79	flank:18392	span:22
[2026-02-20 17:06:00] DEBUG: 	      23	num:55	flank:12934	span:4
[2026-02-20 17:06:00] DEBUG: 	      -18	num:83	flank:16945	span:19
[2026-02-20 17:06:00] DEBUG: Starting -33 aln:771
[2026-02-20 17:06:00] DEBUG: 	      -16	num:64	flank:14579	span:14
[2026-02-20 17:06:00] DEBUG: 	      29	num:61	flank:16571	span:1
[2026-02-20 17:06:00] DEBUG: 	      20	num:68	flank:12957	span:1
[2026-02-20 17:06:00] DEBUG: 	      19	num:82	flank:17062	span:1
[2026-02-20 17:06:00] DEBUG: 	      -15	num:80	flank:13997	span:2
[2026-02-20 17:06:00] DEBUG: 	      -14	num:45	flank:17385	span:8
[2026-02-20 17:06:00] DEBUG: 	      18	num:96	flank:15127	span:1
[2026-02-20 17:06:00] DEBUG: Mult: 33	5313	561	 (1,1)
[2026-02-20 17:06:00] DEBUG: Repeat detection iteration 2
[2026-02-20 17:06:00] DEBUG: Total unique edges: 34
[2026-02-20 17:06:00] DEBUG: 	Connection 16	-20	27	1
[2026-02-20 17:06:00] DEBUG: 	Connection 22	18	37	1
[2026-02-20 17:06:00] DEBUG: 	Connection 18	19	38	1
[2026-02-20 17:06:00] DEBUG: 	Connection -22	-15	43	1
[2026-02-20 17:06:00] DEBUG: 	Connection -23	-14	21	1
[2026-02-20 17:06:00] DEBUG: 	Connection -29	-7	29	1
[2026-02-20 17:06:00] DEBUG: 	Connection 19	20	34	1
[2026-02-20 17:06:00] DEBUG: [SIMPL] Resolved repeats: 7
[2026-02-20 17:06:00] DEBUG: RR links: 458
[2026-02-20 17:06:00] DEBUG: Unresolved: 0
[2026-02-20 17:06:00] DEBUG: Removed 0 simple and 0 double chimeric junctions
[2026-02-20 17:06:00] DEBUG: [SIMPL] == Iteration 2 ==
[2026-02-20 17:06:00] DEBUG: Splitting nodes
[2026-02-20 17:06:00] DEBUG: [SIMPL] Split 0 nodes
[2026-02-20 17:06:00] DEBUG: [SIMPL] Disconnected 0 minor paths
[2026-02-20 17:06:00] DEBUG: [SIMPL] Clipped 0 short and 0 long tips
[2026-02-20 17:06:00] DEBUG: [SIMPL] Masked 0 heterozygous loops
[2026-02-20 17:06:00] DEBUG: [SIMPL] Masked 0 simple bubbles
[2026-02-20 17:06:00] DEBUG: [SIMPL] Masked 0 roundabouts
[2026-02-20 17:06:00] DEBUG: [SIMPL] Masked 0 superbubbles
[2026-02-20 17:06:00] DEBUG: Finding repeats
[2026-02-20 17:06:00] DEBUG: Read coverage cutoff: 3
[2026-02-20 17:06:00] DEBUG: Repeat detection iteration 1
[2026-02-20 17:06:00] DEBUG: Repeat detection iteration 2
[2026-02-20 17:06:00] DEBUG: Total unique edges: 38
[2026-02-20 17:06:00] DEBUG: [SIMPL] Resolved repeats: 0
[2026-02-20 17:06:00] DEBUG: RR links: 0
[2026-02-20 17:06:00] DEBUG: Unresolved: 0
[2026-02-20 17:06:00] DEBUG: Removed 0 simple and 0 double chimeric junctions
[2026-02-20 17:06:00] DEBUG: [SIMPL] Simplified 0 forks
[2026-02-20 17:06:00] DEBUG: [SIMPL] Collapsed 0 haplotypes
[2026-02-20 17:06:00] DEBUG: [SIMPL] Resolved 0 simple repeats
[2026-02-20 17:06:00] DEBUG: Read coverage cutoff: 3
[2026-02-20 17:06:00] DEBUG: [SIMPL] Removed 0 paths with low coverage
[2026-02-20 17:06:00] DEBUG: Finding repeats
[2026-02-20 17:06:00] DEBUG: Read coverage cutoff: 3
[2026-02-20 17:06:00] DEBUG: Repeat detection iteration 1
[2026-02-20 17:06:00] DEBUG: Repeat detection iteration 2
[2026-02-20 17:06:00] DEBUG: Writing Dot
[2026-02-20 17:06:00] DEBUG: Writing FASTA
[2026-02-20 17:06:00] DEBUG: Peak RAM usage: 0 Gb
-----------End assembly log------------
[2026-02-20 17:06:00] root: INFO: >>>STAGE: contigger
[2026-02-20 17:06:00] root: INFO: Generating contigs
[2026-02-20 17:06:00] root: DEBUG: -----Begin contigger analyser log------
[2026-02-20 17:06:00] root: DEBUG: Running: flye-modules contigger --graph-edges /scratch/ky/characterization/results/barcode24/assembly/20-repeat/repeat_graph_edges.fasta --reads /scratch/ky/characterization/FASTQ/SQK-RBK114-96_barcode24.fastq --out-dir /scratch/ky/characterization/results/barcode24/assembly/30-contigger --config /data/softs/Miniforge3-25.11.0-0/envs/flye-2.9.6/lib/python3.12/site-packages/flye/config/bin_cfg/asm_nano_hq.cfg --repeat-graph /scratch/ky/characterization/results/barcode24/assembly/20-repeat/repeat_graph_dump --graph-aln /scratch/ky/characterization/results/barcode24/assembly/20-repeat/read_alignment_dump --log /scratch/ky/characterization/results/barcode24/assembly/flye.log --threads 16 --min-ovlp 2000
[2026-02-20 17:06:00] DEBUG: Build date: May  4 2025 23:18:25
[2026-02-20 17:06:00] DEBUG: Total RAM: 251 Gb
[2026-02-20 17:06:00] DEBUG: Available RAM: 247 Gb
[2026-02-20 17:06:00] DEBUG: Total CPUs: 32
[2026-02-20 17:06:00] DEBUG: Loading /data/softs/Miniforge3-25.11.0-0/envs/flye-2.9.6/lib/python3.12/site-packages/flye/config/bin_cfg/asm_nano_hq.cfg
[2026-02-20 17:06:00] DEBUG: Loading /data/softs/Miniforge3-25.11.0-0/envs/flye-2.9.6/lib/python3.12/site-packages/flye/config/bin_cfg/asm_defaults.cfg
[2026-02-20 17:06:00] DEBUG: 	big_genome_threshold=29000000
[2026-02-20 17:06:00] DEBUG: 	meta_read_filter_kmer_freq=100
[2026-02-20 17:06:00] DEBUG: 	chain_large_gap_penalty=2
[2026-02-20 17:06:00] DEBUG: 	chain_small_gap_penalty=0.5
[2026-02-20 17:06:00] DEBUG: 	chain_gap_jump_threshold=100
[2026-02-20 17:06:00] DEBUG: 	max_jump_gap=500
[2026-02-20 17:06:00] DEBUG: 	max_coverage_drop_rate=5
[2026-02-20 17:06:00] DEBUG: 	max_extensions_drop_rate=5
[2026-02-20 17:06:00] DEBUG: 	chimera_window=100
[2026-02-20 17:06:00] DEBUG: 	chimera_overhang=1000
[2026-02-20 17:06:00] DEBUG: 	min_reads_in_disjointig=4
[2026-02-20 17:06:00] DEBUG: 	max_inner_reads=10
[2026-02-20 17:06:00] DEBUG: 	max_inner_fraction=0.25
[2026-02-20 17:06:00] DEBUG: 	aggressive_dup_filter=1
[2026-02-20 17:06:00] DEBUG: 	max_separation=500
[2026-02-20 17:06:00] DEBUG: 	unique_edge_length=50000
[2026-02-20 17:06:00] DEBUG: 	min_repeat_res_support=0.51
[2026-02-20 17:06:00] DEBUG: 	out_paths_ratio=5
[2026-02-20 17:06:00] DEBUG: 	graph_cov_drop_rate=5
[2026-02-20 17:06:00] DEBUG: 	coverage_estimate_window=100
[2026-02-20 17:06:00] DEBUG: 	max_bubble_length=50000
[2026-02-20 17:06:00] DEBUG: 	loop_coverage_rate=1.5
[2026-02-20 17:06:00] DEBUG: 	repeat_edge_cov_mult=1.75
[2026-02-20 17:06:00] DEBUG: 	weak_detach_rate=5
[2026-02-20 17:06:00] DEBUG: 	tip_coverage_rate=2
[2026-02-20 17:06:00] DEBUG: 	tip_length_rate=2
[2026-02-20 17:06:00] DEBUG: 	output_gfa_before_rr=1
[2026-02-20 17:06:00] DEBUG: 	remove_alt_edges=0
[2026-02-20 17:06:00] DEBUG: 	low_cutoff_warning=0
[2026-02-20 17:06:00] DEBUG: 	kmer_size=17
[2026-02-20 17:06:00] DEBUG: 	use_minimizers=1
[2026-02-20 17:06:00] DEBUG: 	minimizer_window=10
[2026-02-20 17:06:00] DEBUG: 	reads_base_alignment=1
[2026-02-20 17:06:00] DEBUG: 	meta_read_top_kmer_rate=0.75
[2026-02-20 17:06:00] DEBUG: 	maximum_jump=1500
[2026-02-20 17:06:00] DEBUG: 	maximum_overhang=1500
[2026-02-20 17:06:00] DEBUG: 	repeat_kmer_rate=100
[2026-02-20 17:06:00] DEBUG: 	assemble_ovlp_divergence=0.03
[2026-02-20 17:06:00] DEBUG: 	assemble_divergence_relative=1
[2026-02-20 17:06:00] DEBUG: 	repeat_graph_ovlp_divergence=0.03
[2026-02-20 17:06:00] DEBUG: 	read_align_ovlp_divergence=0.10
[2026-02-20 17:06:00] DEBUG: 	hpc_scoring_on=1
[2026-02-20 17:06:00] DEBUG: 	add_unassembled_reads=0
[2026-02-20 17:06:00] DEBUG: 	extend_contigs_with_repeats=0
[2026-02-20 17:06:00] DEBUG: 	min_read_cov_cutoff=3
[2026-02-20 17:06:00] DEBUG: 	short_tip_length=20000
[2026-02-20 17:06:00] DEBUG: 	long_tip_length=100000
[2026-02-20 17:06:00] DEBUG: Running with k-mer size: 17
[2026-02-20 17:06:00] DEBUG: Selected minimum overlap 2000
[2026-02-20 17:06:00] INFO: Reading sequences
[2026-02-20 17:06:01] DEBUG: Building positional index
[2026-02-20 17:06:01] DEBUG: Total sequence: 462475632 bp
[2026-02-20 17:06:02] DEBUG: Flipped 0
[2026-02-20 17:06:02] DEBUG: UPath 1: -35 -> -30 -> -29 -> -49 -> -7 -> 37 -> 9 -> 39 -> 16 -> -44 -> -20 -> -50 -> -19 -> -46 -> -18 -> 45 -> -22 -> -47 -> -15 -> -40 -> 12 -> -43 -> 25 -> -42 -> -23 -> 48 -> -14 -> -38 -> -8 -> -34 -> 5
[2026-02-20 17:06:02] DEBUG: UPath 2: -41 -> -32 -> -31 -> -36 -> 6
[2026-02-20 17:06:02] DEBUG: UPath 3: 26
[2026-02-20 17:06:02] DEBUG: UPath 4: 27
[2026-02-20 17:06:02] DEBUG: Final graph contains 4 egdes
[2026-02-20 17:06:02] DEBUG: Extending contigs into repeats
[2026-02-20 17:06:02] DEBUG: Covered 0 repetitive contigs
[2026-02-20 17:06:02] INFO: Generated 4 contigs
[2026-02-20 17:06:02] DEBUG: Writing FASTA
[2026-02-20 17:06:02] DEBUG: Generating scaffold connections
[2026-02-20 17:06:02] INFO: Added 0 scaffold connections
[2026-02-20 17:06:02] DEBUG: Writing Dot
[2026-02-20 17:06:02] DEBUG: Writing FASTA
[2026-02-20 17:06:02] DEBUG: Writing Gfa
[2026-02-20 17:06:02] DEBUG: Peak RAM usage: 0 Gb
-----------End assembly log------------
[2026-02-20 17:06:02] root: INFO: >>>STAGE: polishing
[2026-02-20 17:06:02] root: INFO: Polishing genome (1/1)
[2026-02-20 17:06:02] root: INFO: Running minimap2
[2026-02-20 17:06:18] root: INFO: Separating alignment into bubbles
[2026-02-20 17:07:04] root: DEBUG: Generated 368968 bubbles
[2026-02-20 17:07:04] root: DEBUG: Split 0 long bubbles
[2026-02-20 17:07:04] root: DEBUG: Skipped 1 empty bubbles
[2026-02-20 17:07:04] root: DEBUG: Skipped 0 bubbles with long branches
[2026-02-20 17:07:04] root: INFO: Alignment error rate: 0.008013
[2026-02-20 17:07:04] root: INFO: Correcting bubbles
[2026-02-20 17:07:18] root: DEBUG: Mean contig coverage: 89, selected threshold: 3
[2026-02-20 17:07:18] root: DEBUG: Filtered 0 contigs of total length 0
[2026-02-20 17:07:18] root: DEBUG: Generating polished GFA
[2026-02-20 17:07:21] root: DEBUG: 1 sequences remained unpolished
[2026-02-20 17:07:21] root: INFO: >>>STAGE: finalize
[2026-02-20 17:07:21] root: DEBUG: ---Output dir contents:----
[2026-02-20 17:07:21] root: DEBUG: assembly/
[2026-02-20 17:07:21] root: DEBUG:     46.0 K      flye.log
[2026-02-20 17:07:21] root: DEBUG:     92.0 B      params.json
[2026-02-20 17:07:21] root: DEBUG:     898.0 B     assembly_graph.gv
[2026-02-20 17:07:21] root: DEBUG:     5.0 M       assembly_graph.gfa
[2026-02-20 17:07:21] root: DEBUG:     5.0 M       assembly.fasta
[2026-02-20 17:07:21] root: DEBUG:     00-assembly/
[2026-02-20 17:07:21] root: DEBUG:         5.0 M       draft_assembly.fasta
[2026-02-20 17:07:21] root: DEBUG:         162.0 B     draft_assembly.fasta.fai
[2026-02-20 17:07:21] root: DEBUG:     10-consensus/
[2026-02-20 17:07:21] root: DEBUG:         971.0 B     minimap.stderr
[2026-02-20 17:07:21] root: DEBUG:         84.0 K      minimap.bam.csi
[2026-02-20 17:07:21] root: DEBUG:         5.0 M       consensus.fasta
[2026-02-20 17:07:21] root: DEBUG:     20-repeat/
[2026-02-20 17:07:21] root: DEBUG:         3.0 K       graph_before_rr.gv
[2026-02-20 17:07:21] root: DEBUG:         5.0 M       graph_before_rr.fasta
[2026-02-20 17:07:21] root: DEBUG:         5.0 M       graph_before_rr.gfa
[2026-02-20 17:07:21] root: DEBUG:         4.0 K       graph_after_rr.gv
[2026-02-20 17:07:21] root: DEBUG:         8.0 K       repeat_graph_dump
[2026-02-20 17:07:21] root: DEBUG:         15.0 M      read_alignment_dump
[2026-02-20 17:07:21] root: DEBUG:         5.0 M       repeat_graph_edges.fasta
[2026-02-20 17:07:21] root: DEBUG:     30-contigger/
[2026-02-20 17:07:21] root: DEBUG:         5.0 M       contigs.fasta
[2026-02-20 17:07:21] root: DEBUG:         212.0 B     contigs_stats.txt
[2026-02-20 17:07:21] root: DEBUG:         0.0 B       scaffolds_links.txt
[2026-02-20 17:07:21] root: DEBUG:         898.0 B     graph_final.gv
[2026-02-20 17:07:21] root: DEBUG:         5.0 M       graph_final.fasta
[2026-02-20 17:07:21] root: DEBUG:         5.0 M       graph_final.gfa
[2026-02-20 17:07:21] root: DEBUG:         112.0 B     contigs.fasta.fai
[2026-02-20 17:07:21] root: DEBUG:     40-polishing/
[2026-02-20 17:07:21] root: DEBUG:         923.0 B     minimap.stderr
[2026-02-20 17:07:21] root: DEBUG:         82.0 K      minimap_1.bam.csi
[2026-02-20 17:07:21] root: DEBUG:         104.0 B     contigs_stats.txt
[2026-02-20 17:07:21] root: DEBUG:         1.0 M       base_coverage.bed.gz
[2026-02-20 17:07:21] root: DEBUG:         5.0 M       filtered_contigs.fasta
[2026-02-20 17:07:21] root: DEBUG:         104.0 B     filtered_stats.txt
[2026-02-20 17:07:21] root: DEBUG:         112.0 B     filtered_contigs.fasta.fai
[2026-02-20 17:07:21] root: DEBUG:         152.0 B     edges_aln.bam.csi
[2026-02-20 17:07:21] root: DEBUG:         5.0 M       polished_edges.gfa
[2026-02-20 17:07:21] root: DEBUG: --------------------------
[2026-02-20 17:07:21] root: INFO: Assembly statistics:

	Total length:	5301730
	Fragments:	4
	Fragments N50:	5169863
	Largest frg:	5169863
	Scaffolds:	0
	Mean coverage:	89

[2026-02-20 17:07:21] root: INFO: Final assembly: /scratch/ky/characterization/results/barcode24/assembly/assembly.fasta
