[2026-02-20 16:47:04] root: INFO: Starting Flye 2.9.6-b1802
[2026-02-20 16:47:04] root: DEBUG: Cmd: /data/softs/Miniforge3-25.11.0-0/envs/flye-2.9.6/bin/flye --meta --nano-hq /scratch/ky/characterization/FASTQ/SQK-RBK114-96_barcode18.fastq -o /scratch/ky/characterization/results/barcode18/assembly/ -t 16
[2026-02-20 16:47:04] root: DEBUG: Python version: 3.12.12 | packaged by conda-forge | (main, Jan 26 2026, 23:51:32) [GCC 14.3.0]
[2026-02-20 16:47:04] root: INFO: >>>STAGE: configure
[2026-02-20 16:47:04] root: INFO: Configuring run
[2026-02-20 16:47:04] root: INFO: Total read length: 118097148
[2026-02-20 16:47:04] root: INFO: Reads N50/N90: 13256 / 3221
[2026-02-20 16:47:04] root: INFO: Minimum overlap set to 3000
[2026-02-20 16:47:04] root: INFO: >>>STAGE: assembly
[2026-02-20 16:47:04] root: INFO: Assembling disjointigs
[2026-02-20 16:47:04] root: DEBUG: -----Begin assembly log------
[2026-02-20 16:47:04] root: DEBUG: Running: flye-modules assemble --reads /scratch/ky/characterization/FASTQ/SQK-RBK114-96_barcode18.fastq --out-asm /scratch/ky/characterization/results/barcode18/assembly/00-assembly/draft_assembly.fasta --config /data/softs/Miniforge3-25.11.0-0/envs/flye-2.9.6/lib/python3.12/site-packages/flye/config/bin_cfg/asm_nano_hq.cfg --log /scratch/ky/characterization/results/barcode18/assembly/flye.log --threads 16 --meta --min-ovlp 3000
[2026-02-20 16:47:04] DEBUG: Build date: May  4 2025 23:17:52
[2026-02-20 16:47:04] DEBUG: Total RAM: 251 Gb
[2026-02-20 16:47:04] DEBUG: Available RAM: 247 Gb
[2026-02-20 16:47:04] DEBUG: Total CPUs: 32
[2026-02-20 16:47:04] DEBUG: Loading /data/softs/Miniforge3-25.11.0-0/envs/flye-2.9.6/lib/python3.12/site-packages/flye/config/bin_cfg/asm_nano_hq.cfg
[2026-02-20 16:47:04] DEBUG: Loading /data/softs/Miniforge3-25.11.0-0/envs/flye-2.9.6/lib/python3.12/site-packages/flye/config/bin_cfg/asm_defaults.cfg
[2026-02-20 16:47:04] DEBUG: 	big_genome_threshold=29000000
[2026-02-20 16:47:04] DEBUG: 	meta_read_filter_kmer_freq=100
[2026-02-20 16:47:04] DEBUG: 	chain_large_gap_penalty=2
[2026-02-20 16:47:04] DEBUG: 	chain_small_gap_penalty=0.5
[2026-02-20 16:47:04] DEBUG: 	chain_gap_jump_threshold=100
[2026-02-20 16:47:04] DEBUG: 	max_jump_gap=500
[2026-02-20 16:47:04] DEBUG: 	max_coverage_drop_rate=5
[2026-02-20 16:47:04] DEBUG: 	max_extensions_drop_rate=5
[2026-02-20 16:47:04] DEBUG: 	chimera_window=100
[2026-02-20 16:47:04] DEBUG: 	chimera_overhang=1000
[2026-02-20 16:47:04] DEBUG: 	min_reads_in_disjointig=4
[2026-02-20 16:47:04] DEBUG: 	max_inner_reads=10
[2026-02-20 16:47:04] DEBUG: 	max_inner_fraction=0.25
[2026-02-20 16:47:04] DEBUG: 	aggressive_dup_filter=1
[2026-02-20 16:47:04] DEBUG: 	max_separation=500
[2026-02-20 16:47:04] DEBUG: 	unique_edge_length=50000
[2026-02-20 16:47:04] DEBUG: 	min_repeat_res_support=0.51
[2026-02-20 16:47:04] DEBUG: 	out_paths_ratio=5
[2026-02-20 16:47:04] DEBUG: 	graph_cov_drop_rate=5
[2026-02-20 16:47:04] DEBUG: 	coverage_estimate_window=100
[2026-02-20 16:47:04] DEBUG: 	max_bubble_length=50000
[2026-02-20 16:47:04] DEBUG: 	loop_coverage_rate=1.5
[2026-02-20 16:47:04] DEBUG: 	repeat_edge_cov_mult=1.75
[2026-02-20 16:47:04] DEBUG: 	weak_detach_rate=5
[2026-02-20 16:47:04] DEBUG: 	tip_coverage_rate=2
[2026-02-20 16:47:04] DEBUG: 	tip_length_rate=2
[2026-02-20 16:47:04] DEBUG: 	output_gfa_before_rr=1
[2026-02-20 16:47:04] DEBUG: 	remove_alt_edges=0
[2026-02-20 16:47:04] DEBUG: 	low_cutoff_warning=0
[2026-02-20 16:47:04] DEBUG: 	kmer_size=17
[2026-02-20 16:47:04] DEBUG: 	use_minimizers=1
[2026-02-20 16:47:04] DEBUG: 	minimizer_window=10
[2026-02-20 16:47:04] DEBUG: 	reads_base_alignment=1
[2026-02-20 16:47:04] DEBUG: 	meta_read_top_kmer_rate=0.75
[2026-02-20 16:47:04] DEBUG: 	maximum_jump=1500
[2026-02-20 16:47:04] DEBUG: 	maximum_overhang=1500
[2026-02-20 16:47:04] DEBUG: 	repeat_kmer_rate=100
[2026-02-20 16:47:04] DEBUG: 	assemble_ovlp_divergence=0.03
[2026-02-20 16:47:04] DEBUG: 	assemble_divergence_relative=1
[2026-02-20 16:47:04] DEBUG: 	repeat_graph_ovlp_divergence=0.03
[2026-02-20 16:47:04] DEBUG: 	read_align_ovlp_divergence=0.10
[2026-02-20 16:47:04] DEBUG: 	hpc_scoring_on=1
[2026-02-20 16:47:04] DEBUG: 	add_unassembled_reads=0
[2026-02-20 16:47:04] DEBUG: 	extend_contigs_with_repeats=0
[2026-02-20 16:47:04] DEBUG: 	min_read_cov_cutoff=3
[2026-02-20 16:47:04] DEBUG: 	short_tip_length=20000
[2026-02-20 16:47:04] DEBUG: 	long_tip_length=100000
[2026-02-20 16:47:04] DEBUG: Running with k-mer size: 17
[2026-02-20 16:47:04] DEBUG: Running with minimum overlap 3000
[2026-02-20 16:47:04] DEBUG: Metagenome mode: Y
[2026-02-20 16:47:04] DEBUG: Short mode: N
[2026-02-20 16:47:04] INFO: Reading sequences
[2026-02-20 16:47:05] DEBUG: Building positional index
[2026-02-20 16:47:05] DEBUG: Total sequence: 107317532 bp
[2026-02-20 16:47:05] INFO: Building minimizer index
[2026-02-20 16:47:05] INFO: Pre-calculating index storage
[2026-02-20 16:47:05] DEBUG: Mean k-mer frequency: 11.3835
[2026-02-20 16:47:05] DEBUG: Repetitive k-mer frequency: 1138
[2026-02-20 16:47:05] DEBUG: Filtered 17319 repetitive k-mers (0.000889018)
[2026-02-20 16:47:05] INFO: Filling index
[2026-02-20 16:47:06] DEBUG: Sorting k-mer index
[2026-02-20 16:47:06] DEBUG: Selected k-mers: 1711334
[2026-02-20 16:47:06] DEBUG: K-mer index size: 19463718
[2026-02-20 16:47:06] DEBUG: Mean k-mer frequency: 11.3734
[2026-02-20 16:47:06] DEBUG: Minimizer rate: 5.51372
[2026-02-20 16:47:06] DEBUG: Peak RAM usage: 0 Gb
[2026-02-20 16:47:06] DEBUG: Estimating k-mer identity bias
[2026-02-20 16:47:07] DEBUG: Initial divergence estimate : 0.00591051
[2026-02-20 16:47:07] DEBUG: Relative threshold: Y
[2026-02-20 16:47:07] DEBUG: Max divergence threshold set to 0.0359105
[2026-02-20 16:47:07] INFO: Extending reads
[2026-02-20 16:47:07] DEBUG: Estimating overlap coverage
[2026-02-20 16:47:28] INFO: Overlap-based coverage: 22
[2026-02-20 16:47:28] INFO: Median overlap divergence: 0.00611661
[2026-02-20 16:47:28] DEBUG: Sequence divergence distribution: 

    |*      |                                                                                            
    |*      |                                                                                            
    |**     |                                                                                            
    |**     |                                                                                            
    |**     |                                                                                            
    |**     |                                                                                            
    |**     |                                                                                            
    |**     |                                                                                            
    |**     |                                                                                            
    |**     |                                                                                            
    |**     |                                                                                            
    |**     |                                                                                            
    |**     |                                                                                            
    |***    |                                                                                            
    |***    |                                                                                            
    |***    |                                                                                            
    |***    |                                                                                            
    |****   |                                                                                            
    |*****  |                                                                                            
    |*********************  **                       *                                                   
    ----------------------------------------------------------------------------------------------------
    0%        5%        10%       15%       20%       25%       30%       35%       40%       45%       

    Q25 = 0.0037, Q50 = 0.0061, Q75 = 0.01

[2026-02-20 16:47:31] DEBUG: Assembled disjointig 1
	With 479 reads
	Start read: +e7cfd10e-89ae-4839-bbd3-13ba55f9ba41
	At position: 477
	leftTip: 1 rightTip: 0
	Suspicious: 0
	Short ext: 0
	Mean extensions: 16
	Avg overlap len: 21951
	Min overlap len: 3418
	Inner reads: 0
	Length: 4684283
[2026-02-20 16:47:31] DEBUG: Inner: 19144 covered: 19180 total: 19676
[2026-02-20 16:47:31] DEBUG: Discarded disjointig with 104 reads and 102 inner overlaps
[2026-02-20 16:47:31] DEBUG: Discarded disjointig with 140 reads and 138 inner overlaps
[2026-02-20 16:47:31] DEBUG: Discarded disjointig with 447 reads and 445 inner overlaps
[2026-02-20 16:47:31] DEBUG: Discarded disjointig with 472 reads and 470 inner overlaps
[2026-02-20 16:47:31] DEBUG: Discarded disjointig with 121 reads and 119 inner overlaps
[2026-02-20 16:47:31] DEBUG: Discarded disjointig with 161 reads and 159 inner overlaps
[2026-02-20 16:47:31] DEBUG: Discarded disjointig with 357 reads and 355 inner overlaps
[2026-02-20 16:47:31] DEBUG: Discarded disjointig with 401 reads and 399 inner overlaps
[2026-02-20 16:47:31] DEBUG: Discarded disjointig with 277 reads and 275 inner overlaps
[2026-02-20 16:47:31] DEBUG: Discarded disjointig with 460 reads and 458 inner overlaps
[2026-02-20 16:47:31] DEBUG: Discarded disjointig with 475 reads and 473 inner overlaps
[2026-02-20 16:47:31] DEBUG: Discarded disjointig with 475 reads and 473 inner overlaps
[2026-02-20 16:47:31] DEBUG: Discarded disjointig with 217 reads and 215 inner overlaps
[2026-02-20 16:47:31] DEBUG: Discarded disjointig with 282 reads and 280 inner overlaps
[2026-02-20 16:47:31] DEBUG: Discarded disjointig with 150 reads and 148 inner overlaps
[2026-02-20 16:47:32] INFO: Assembled 1 disjointigs
[2026-02-20 16:47:32] INFO: Generating sequence
[2026-02-20 16:47:32] DEBUG: Building positional index
[2026-02-20 16:47:32] DEBUG: Total sequence: 4684291 bp
[2026-02-20 16:47:32] DEBUG: Mean k-mer frequency: 1.02088
[2026-02-20 16:47:32] DEBUG: Repetitive k-mer frequency: 102
[2026-02-20 16:47:32] DEBUG: Filtered 0 repetitive k-mers (0)
[2026-02-20 16:47:33] DEBUG: Sorting k-mer index
[2026-02-20 16:47:33] DEBUG: Selected k-mers: 834042
[2026-02-20 16:47:33] DEBUG: K-mer index size: 851455
[2026-02-20 16:47:33] DEBUG: Mean k-mer frequency: 1.02088
[2026-02-20 16:47:33] DEBUG: Minimizer rate: 5.50151
[2026-02-20 16:47:33] INFO: Filtering contained disjointigs
[2026-02-20 16:47:34] DEBUG: Computing transitive closure for overlaps
[2026-02-20 16:47:34] DEBUG: Found 4 overlaps
[2026-02-20 16:47:34] DEBUG: Left 4 overlaps after filtering
[2026-02-20 16:47:34] INFO: Contained seqs: 0
[2026-02-20 16:47:34] DEBUG: Writing FASTA
[2026-02-20 16:47:34] DEBUG: Peak RAM usage: 0 Gb
-----------End assembly log------------
[2026-02-20 16:47:34] root: DEBUG: Disjointigs length: 4684291, N50: 4684291
[2026-02-20 16:47:34] root: INFO: >>>STAGE: consensus
[2026-02-20 16:47:34] root: INFO: Running Minimap2
[2026-02-20 16:47:38] root: INFO: Computing consensus
[2026-02-20 16:47:54] root: INFO: Alignment error rate: 0.011106
[2026-02-20 16:47:54] root: INFO: >>>STAGE: repeat
[2026-02-20 16:47:54] root: INFO: Building and resolving repeat graph
[2026-02-20 16:47:54] root: DEBUG: -----Begin repeat analyser log------
[2026-02-20 16:47:54] root: DEBUG: Running: flye-modules repeat --disjointigs /scratch/ky/characterization/results/barcode18/assembly/10-consensus/consensus.fasta --reads /scratch/ky/characterization/FASTQ/SQK-RBK114-96_barcode18.fastq --out-dir /scratch/ky/characterization/results/barcode18/assembly/20-repeat --config /data/softs/Miniforge3-25.11.0-0/envs/flye-2.9.6/lib/python3.12/site-packages/flye/config/bin_cfg/asm_nano_hq.cfg --log /scratch/ky/characterization/results/barcode18/assembly/flye.log --threads 16 --meta --min-ovlp 3000
[2026-02-20 16:47:54] DEBUG: Build date: May  4 2025 23:18:08
[2026-02-20 16:47:54] DEBUG: Total RAM: 251 Gb
[2026-02-20 16:47:54] DEBUG: Available RAM: 247 Gb
[2026-02-20 16:47:54] DEBUG: Total CPUs: 32
[2026-02-20 16:47:54] DEBUG: Loading /data/softs/Miniforge3-25.11.0-0/envs/flye-2.9.6/lib/python3.12/site-packages/flye/config/bin_cfg/asm_nano_hq.cfg
[2026-02-20 16:47:54] DEBUG: Loading /data/softs/Miniforge3-25.11.0-0/envs/flye-2.9.6/lib/python3.12/site-packages/flye/config/bin_cfg/asm_defaults.cfg
[2026-02-20 16:47:54] DEBUG: 	big_genome_threshold=29000000
[2026-02-20 16:47:54] DEBUG: 	meta_read_filter_kmer_freq=100
[2026-02-20 16:47:54] DEBUG: 	chain_large_gap_penalty=2
[2026-02-20 16:47:54] DEBUG: 	chain_small_gap_penalty=0.5
[2026-02-20 16:47:54] DEBUG: 	chain_gap_jump_threshold=100
[2026-02-20 16:47:54] DEBUG: 	max_jump_gap=500
[2026-02-20 16:47:54] DEBUG: 	max_coverage_drop_rate=5
[2026-02-20 16:47:54] DEBUG: 	max_extensions_drop_rate=5
[2026-02-20 16:47:54] DEBUG: 	chimera_window=100
[2026-02-20 16:47:54] DEBUG: 	chimera_overhang=1000
[2026-02-20 16:47:54] DEBUG: 	min_reads_in_disjointig=4
[2026-02-20 16:47:54] DEBUG: 	max_inner_reads=10
[2026-02-20 16:47:54] DEBUG: 	max_inner_fraction=0.25
[2026-02-20 16:47:54] DEBUG: 	aggressive_dup_filter=1
[2026-02-20 16:47:54] DEBUG: 	max_separation=500
[2026-02-20 16:47:54] DEBUG: 	unique_edge_length=50000
[2026-02-20 16:47:54] DEBUG: 	min_repeat_res_support=0.51
[2026-02-20 16:47:54] DEBUG: 	out_paths_ratio=5
[2026-02-20 16:47:54] DEBUG: 	graph_cov_drop_rate=5
[2026-02-20 16:47:54] DEBUG: 	coverage_estimate_window=100
[2026-02-20 16:47:54] DEBUG: 	max_bubble_length=50000
[2026-02-20 16:47:54] DEBUG: 	loop_coverage_rate=1.5
[2026-02-20 16:47:54] DEBUG: 	repeat_edge_cov_mult=1.75
[2026-02-20 16:47:54] DEBUG: 	weak_detach_rate=5
[2026-02-20 16:47:54] DEBUG: 	tip_coverage_rate=2
[2026-02-20 16:47:54] DEBUG: 	tip_length_rate=2
[2026-02-20 16:47:54] DEBUG: 	output_gfa_before_rr=1
[2026-02-20 16:47:54] DEBUG: 	remove_alt_edges=0
[2026-02-20 16:47:54] DEBUG: 	low_cutoff_warning=0
[2026-02-20 16:47:54] DEBUG: 	kmer_size=17
[2026-02-20 16:47:54] DEBUG: 	use_minimizers=1
[2026-02-20 16:47:54] DEBUG: 	minimizer_window=10
[2026-02-20 16:47:54] DEBUG: 	reads_base_alignment=1
[2026-02-20 16:47:54] DEBUG: 	meta_read_top_kmer_rate=0.75
[2026-02-20 16:47:54] DEBUG: 	maximum_jump=1500
[2026-02-20 16:47:54] DEBUG: 	maximum_overhang=1500
[2026-02-20 16:47:54] DEBUG: 	repeat_kmer_rate=100
[2026-02-20 16:47:54] DEBUG: 	assemble_ovlp_divergence=0.03
[2026-02-20 16:47:54] DEBUG: 	assemble_divergence_relative=1
[2026-02-20 16:47:54] DEBUG: 	repeat_graph_ovlp_divergence=0.03
[2026-02-20 16:47:54] DEBUG: 	read_align_ovlp_divergence=0.10
[2026-02-20 16:47:54] DEBUG: 	hpc_scoring_on=1
[2026-02-20 16:47:54] DEBUG: 	add_unassembled_reads=0
[2026-02-20 16:47:54] DEBUG: 	extend_contigs_with_repeats=0
[2026-02-20 16:47:54] DEBUG: 	min_read_cov_cutoff=3
[2026-02-20 16:47:54] DEBUG: 	short_tip_length=20000
[2026-02-20 16:47:54] DEBUG: 	long_tip_length=100000
[2026-02-20 16:47:54] DEBUG: Running with k-mer size: 17
[2026-02-20 16:47:54] DEBUG: Selected minimum overlap 3000
[2026-02-20 16:47:54] DEBUG: Metagenome mode: Y
[2026-02-20 16:47:54] INFO: Parsing disjointigs
[2026-02-20 16:47:54] DEBUG: Building positional index
[2026-02-20 16:47:54] DEBUG: Total sequence: 4685031 bp
[2026-02-20 16:47:54] INFO: Building repeat graph
[2026-02-20 16:47:55] DEBUG: Mean k-mer frequency: 1.02124
[2026-02-20 16:47:55] DEBUG: Repetitive k-mer frequency: 102
[2026-02-20 16:47:55] DEBUG: Filtered 0 repetitive k-mers (0)
[2026-02-20 16:47:55] DEBUG: Sorting k-mer index
[2026-02-20 16:47:55] DEBUG: Selected k-mers: 834054
[2026-02-20 16:47:55] DEBUG: K-mer index size: 851768
[2026-02-20 16:47:55] DEBUG: Mean k-mer frequency: 1.02124
[2026-02-20 16:47:55] DEBUG: Minimizer rate: 5.50036
[2026-02-20 16:47:56] DEBUG: Computing transitive closure for overlaps
[2026-02-20 16:47:56] DEBUG: Found 292 overlaps
[2026-02-20 16:47:56] DEBUG: Left 116 overlaps after filtering
[2026-02-20 16:47:56] INFO: Median overlap divergence: 0.0470767
[2026-02-20 16:47:56] DEBUG: Sequence divergence distribution: 

    |      |* *                                                                                          
    |      |* *                                                                                          
    |      |* *                                                                                          
    |      |* *                                                                                          
    |      |* *                                                                                          
    |      |* *                                                                                          
    |* *   |* *                                    *     *                                               
    |* *   |* *                                    *     *                                               
    |* *   |* *                                    *     *                                               
    |* *   |* *                                    *     *                                               
    |* *   |* *                                    *     *                                               
    |* *   |* *                                    *     *                                               
    |* *   |* *                                    *     *                                               
    |* *   |* *                                    * * * *                                               
    |* *   |* *                                    * * * *                                               
    |* *   |* *                                    * * * *                                               
    |* *   |* *                                    * * * *                                               
    |* *   |* *                                    * * * *                                               
    |* *   |* *                                    * * * *                                               
    |* *   |* *                                    * * * *                                               
    ----------------------------------------------------------------------------------------------------
    0%        5%        10%       15%       20%       25%       30%       35%       40%       45%       

    Q25 = 0.038, Q50 = 0.047, Q75 = 0.24

[2026-02-20 16:47:56] DEBUG: Computing gluepoints
[2026-02-20 16:47:56] DEBUG: Added 0 gluepoint projections
[2026-02-20 16:47:56] DEBUG: Created 54 gluepoints
[2026-02-20 16:47:56] DEBUG: Artificial loops removed: 0 left, 0 right, 0 both
[2026-02-20 16:47:56] DEBUG: Initializing edges
[2026-02-20 16:47:56] DEBUG: Edges length checksum: 8190661226
[2026-02-20 16:47:56] DEBUG: Filtered 0 singleton segments
[2026-02-20 16:47:56] DEBUG: Removed 0 simple and 0 double chimeric junctions
[2026-02-20 16:47:56] DEBUG: Collapsed 1 edges
[2026-02-20 16:47:56] DEBUG: *	15	+disjointig_1	33247	1078719	1045472	
[2026-02-20 16:47:56] DEBUG:  	4	+disjointig_1	1078719	1081922	3203	
[2026-02-20 16:47:56] DEBUG:  	11	+disjointig_1	1081922	1084152	2230	
[2026-02-20 16:47:56] DEBUG: *	-7	+disjointig_1	1084152	1593301	509149	
[2026-02-20 16:47:56] DEBUG:  	4	+disjointig_1	1593301	1596505	3204	
[2026-02-20 16:47:56] DEBUG:  	12	+disjointig_1	1596505	1598579	2074	
[2026-02-20 16:47:56] DEBUG: *	-10	+disjointig_1	1598579	1703434	104855	
[2026-02-20 16:47:56] DEBUG:  	4	+disjointig_1	1703434	1706637	3203	
[2026-02-20 16:47:56] DEBUG: *	13	+disjointig_1	1706637	2036974	330337	
[2026-02-20 16:47:56] DEBUG:  	-12	+disjointig_1	2036974	2039035	2061	
[2026-02-20 16:47:56] DEBUG:  	-4	+disjointig_1	2039035	2042067	3032	
[2026-02-20 16:47:56] DEBUG: *	5	+disjointig_1	2042067	2157288	115221	
[2026-02-20 16:47:56] DEBUG:  	-11	+disjointig_1	2157288	2159531	2243	
[2026-02-20 16:47:56] DEBUG:  	-4	+disjointig_1	2159531	2162736	3205	
[2026-02-20 16:47:56] DEBUG: *	6	+disjointig_1	2162736	2237282	74546	
[2026-02-20 16:47:56] DEBUG:  	-11	+disjointig_1	2237282	2239496	2214	
[2026-02-20 16:47:56] DEBUG:  	-4	+disjointig_1	2239496	2242704	3208	
[2026-02-20 16:47:56] DEBUG: *	8	+disjointig_1	2242704	2470371	227667	
[2026-02-20 16:47:56] DEBUG:  	-12	+disjointig_1	2470371	2472284	1913	
[2026-02-20 16:47:56] DEBUG:  	-4	+disjointig_1	2472284	2475502	3218	
[2026-02-20 16:47:56] DEBUG: *	9	+disjointig_1	2475502	3259457	783955	
[2026-02-20 16:47:56] DEBUG:  	-12	+disjointig_1	3259457	3261373	1916	
[2026-02-20 16:47:56] DEBUG:  	-4	+disjointig_1	3261373	3264591	3218	
[2026-02-20 16:47:56] DEBUG: *	14	+disjointig_1	3264591	4685028	1420437	
[2026-02-20 16:47:56] DEBUG: Total edges: 15
[2026-02-20 16:47:56] INFO: Parsing reads
[2026-02-20 16:47:56] DEBUG: Building positional index
[2026-02-20 16:47:56] DEBUG: Total sequence: 118097148 bp
[2026-02-20 16:47:56] DEBUG: Building positional index
[2026-02-20 16:47:56] DEBUG: Total sequence: 4651781 bp
[2026-02-20 16:47:56] INFO: Aligning reads to the graph
[2026-02-20 16:47:56] DEBUG: Mean k-mer frequency: 1.01409
[2026-02-20 16:47:56] DEBUG: Repetitive k-mer frequency: 101
[2026-02-20 16:47:56] DEBUG: Filtered 0 repetitive k-mers (0)
[2026-02-20 16:47:57] DEBUG: Sorting k-mer index
[2026-02-20 16:47:57] DEBUG: Selected k-mers: 833967
[2026-02-20 16:47:57] DEBUG: K-mer index size: 845715
[2026-02-20 16:47:57] DEBUG: Mean k-mer frequency: 1.01409
[2026-02-20 16:47:57] DEBUG: Minimizer rate: 5.50041
[2026-02-20 16:48:00] DEBUG: Total reads : 9838
[2026-02-20 16:48:00] DEBUG: Read with aligned parts : 9773
[2026-02-20 16:48:00] DEBUG: Aligned in one piece : 9744
[2026-02-20 16:48:00] INFO: Aligned read sequence: 106432998 / 107317532 (0.991758)
[2026-02-20 16:48:00] INFO: Median overlap divergence: 0.00268298
[2026-02-20 16:48:00] DEBUG: Sequence divergence distribution: 

    |*                   |                                                                               
    |*                   |                                                                               
    |*                   |                                                                               
    |*                   |                                                                               
    |*                   |                                                                               
    |*                   |                                                                               
    |*                   |                                                                               
    |*                   |                                                                               
    |*                   |                                                                               
    |*                   |                                                                               
    |*                   |                                                                               
    |*                   |                                                                               
    |*                   |                                                                               
    |*                   |                                                                               
    |*                   |                                                                               
    |**                  |                                                                               
    |**                  |                                                                               
    |**                  |                                                                               
    |***                 |                                                                               
    |**************************   *         *  *    **                                                   
    ----------------------------------------------------------------------------------------------------
    0%        5%        10%       15%       20%       25%       30%       35%       40%       45%       

    Q25 = 0.0015, Q50 = 0.0027, Q75 = 0.0053

[2026-02-20 16:48:00] INFO: Mean edge coverage: 22
[2026-02-20 16:48:00] DEBUG: 4	len:3186	cov:214	mult:9.72727
[2026-02-20 16:48:00] DEBUG: -4	len:3186	cov:214	mult:9.72727
[2026-02-20 16:48:00] DEBUG: 5	len:115221	cov:28	mult:1.27273
[2026-02-20 16:48:00] DEBUG: -5	len:115221	cov:28	mult:1.27273
[2026-02-20 16:48:00] DEBUG: 6	len:74546	cov:28	mult:1.27273
[2026-02-20 16:48:00] DEBUG: -6	len:74546	cov:28	mult:1.27273
[2026-02-20 16:48:00] DEBUG: 7	len:509149	cov:25	mult:1.13636
[2026-02-20 16:48:00] DEBUG: -7	len:509149	cov:25	mult:1.13636
[2026-02-20 16:48:00] DEBUG: 8	len:227667	cov:24	mult:1.09091
[2026-02-20 16:48:00] DEBUG: -8	len:227667	cov:24	mult:1.09091
[2026-02-20 16:48:00] DEBUG: 9	len:783955	cov:24	mult:1.09091
[2026-02-20 16:48:00] DEBUG: -9	len:783955	cov:24	mult:1.09091
[2026-02-20 16:48:00] DEBUG: 10	len:104855	cov:24	mult:1.09091
[2026-02-20 16:48:00] DEBUG: -10	len:104855	cov:24	mult:1.09091
[2026-02-20 16:48:00] DEBUG: 11	len:2229	cov:76	mult:3.45455
[2026-02-20 16:48:00] DEBUG: -11	len:2229	cov:76	mult:3.45455
[2026-02-20 16:48:00] DEBUG: 12	len:1991	cov:116	mult:5.27273
[2026-02-20 16:48:00] DEBUG: -12	len:1991	cov:116	mult:5.27273
[2026-02-20 16:48:00] DEBUG: 13	len:330337	cov:31	mult:1.40909
[2026-02-20 16:48:00] DEBUG: -13	len:330337	cov:31	mult:1.40909
[2026-02-20 16:48:00] DEBUG: 14	len:1420437	cov:19	mult:0.863636
[2026-02-20 16:48:00] DEBUG: -14	len:1420437	cov:19	mult:0.863636
[2026-02-20 16:48:00] DEBUG: 15	len:1045472	cov:20	mult:0.909091
[2026-02-20 16:48:00] DEBUG: -15	len:1045472	cov:20	mult:0.909091
[2026-02-20 16:48:00] DEBUG: Unique coverage threshold 49
[2026-02-20 16:48:00] INFO: Simplifying the graph
[2026-02-20 16:48:00] DEBUG: Read coverage cutoff: 3
[2026-02-20 16:48:00] DEBUG: [SIMPL] Removed 0 paths with low coverage
[2026-02-20 16:48:00] DEBUG: [SIMPL] Masked 0 heterozygous loops
[2026-02-20 16:48:00] DEBUG: [SIMPL] Masked 0 simple bubbles
[2026-02-20 16:48:00] DEBUG: [SIMPL] Masked 0 roundabouts
[2026-02-20 16:48:00] DEBUG: [SIMPL] Masked 0 superbubbles
[2026-02-20 16:48:00] DEBUG: Finding repeats
[2026-02-20 16:48:00] DEBUG: Read coverage cutoff: 3
[2026-02-20 16:48:00] DEBUG: Repeat detection iteration 1
[2026-02-20 16:48:00] DEBUG: Starting 12 aln:131
[2026-02-20 16:48:00] DEBUG: 	      -13	num:32	flank:18808	span:8
[2026-02-20 16:48:00] DEBUG: 	      -8	num:31	flank:13122	span:21
[2026-02-20 16:48:00] DEBUG: 	      -9	num:19	flank:17251	span:18
[2026-02-20 16:48:00] DEBUG: 	      -10	num:24	flank:17568	span:21
[2026-02-20 16:48:00] DEBUG: Mult: 12	1991	116	 (0,1)
[2026-02-20 16:48:00] DEBUG: Starting 11 aln:89
[2026-02-20 16:48:00] DEBUG: 	      -7	num:21	flank:13863	span:8
[2026-02-20 16:48:00] DEBUG: 	      -5	num:23	flank:20906	span:13
[2026-02-20 16:48:00] DEBUG: 	      -6	num:31	flank:11212	span:9
[2026-02-20 16:48:00] DEBUG: Mult: 11	2229	76	 (0,1)
[2026-02-20 16:48:00] DEBUG: Starting 4 aln:255
[2026-02-20 16:48:00] DEBUG: 	      -5	num:18	flank:18677	span:2255
[2026-02-20 16:48:00] DEBUG: 	      -13	num:24	flank:17887	span:2056
[2026-02-20 16:48:00] DEBUG: 	      -7	num:18	flank:12633	span:2206
[2026-02-20 16:48:00] DEBUG: 	      -9	num:16	flank:15903	span:1917
[2026-02-20 16:48:00] DEBUG: 	      13	num:22	flank:18359	span:3
[2026-02-20 16:48:00] DEBUG: 	      -8	num:25	flank:13100	span:1919
[2026-02-20 16:48:00] DEBUG: 	      -6	num:22	flank:8997	span:2226
[2026-02-20 16:48:00] DEBUG: 	      -10	num:20	flank:17568	span:2051
[2026-02-20 16:48:00] DEBUG: Starting -4 aln:255
[2026-02-20 16:48:00] DEBUG: 	      -15	num:24	flank:12207	span:13
[2026-02-20 16:48:00] DEBUG: 	      14	num:19	flank:18745	span:1
[2026-02-20 16:48:00] DEBUG: 	      5	num:24	flank:15868	span:1
[2026-02-20 16:48:00] DEBUG: 	      6	num:24	flank:18596	span:2
[2026-02-20 16:48:00] DEBUG: 	      8	num:22	flank:8308	span:4
[2026-02-20 16:48:00] DEBUG: 	      10	num:24	flank:15153	span:1
[2026-02-20 16:48:00] DEBUG: 	      9	num:29	flank:17093	span:0
[2026-02-20 16:48:00] DEBUG: 	      7	num:33	flank:22850	span:4
[2026-02-20 16:48:00] DEBUG: Mult: 4	3186	214	 (1,1)
[2026-02-20 16:48:00] DEBUG: Repeat detection iteration 2
[2026-02-20 16:48:00] DEBUG: Writing Dot
[2026-02-20 16:48:00] DEBUG: Writing FASTA
[2026-02-20 16:48:00] DEBUG: Writing Gfa
[2026-02-20 16:48:00] DEBUG: [SIMPL] Resolved 0 simple repeats
[2026-02-20 16:48:00] DEBUG: [SIMPL] == Iteration 1 ==
[2026-02-20 16:48:00] DEBUG: Splitting nodes
[2026-02-20 16:48:00] DEBUG: [SIMPL] Split 0 nodes
[2026-02-20 16:48:00] DEBUG: [SIMPL] Disconnected 0 minor paths
[2026-02-20 16:48:00] DEBUG: [SIMPL] Clipped 0 short and 0 long tips
[2026-02-20 16:48:00] DEBUG: [SIMPL] Masked 0 heterozygous loops
[2026-02-20 16:48:00] DEBUG: [SIMPL] Masked 0 simple bubbles
[2026-02-20 16:48:00] DEBUG: [SIMPL] Masked 0 roundabouts
[2026-02-20 16:48:00] DEBUG: [SIMPL] Masked 0 superbubbles
[2026-02-20 16:48:00] DEBUG: Finding repeats
[2026-02-20 16:48:00] DEBUG: Read coverage cutoff: 3
[2026-02-20 16:48:00] DEBUG: Repeat detection iteration 1
[2026-02-20 16:48:00] DEBUG: Starting 12 aln:131
[2026-02-20 16:48:00] DEBUG: 	      -13	num:32	flank:18808	span:8
[2026-02-20 16:48:00] DEBUG: 	      -8	num:31	flank:13122	span:21
[2026-02-20 16:48:00] DEBUG: 	      -9	num:19	flank:17251	span:18
[2026-02-20 16:48:00] DEBUG: 	      -10	num:24	flank:17568	span:21
[2026-02-20 16:48:00] DEBUG: Mult: 12	1991	116	 (0,1)
[2026-02-20 16:48:00] DEBUG: Starting 11 aln:89
[2026-02-20 16:48:00] DEBUG: 	      -7	num:21	flank:13863	span:8
[2026-02-20 16:48:00] DEBUG: 	      -5	num:23	flank:20906	span:13
[2026-02-20 16:48:00] DEBUG: 	      -6	num:31	flank:11212	span:9
[2026-02-20 16:48:00] DEBUG: Mult: 11	2229	76	 (0,1)
[2026-02-20 16:48:00] DEBUG: Starting 4 aln:255
[2026-02-20 16:48:00] DEBUG: 	      -5	num:18	flank:18677	span:2255
[2026-02-20 16:48:00] DEBUG: 	      -13	num:24	flank:17887	span:2056
[2026-02-20 16:48:00] DEBUG: 	      -7	num:18	flank:12633	span:2206
[2026-02-20 16:48:00] DEBUG: 	      -9	num:16	flank:15903	span:1917
[2026-02-20 16:48:00] DEBUG: 	      13	num:22	flank:18359	span:3
[2026-02-20 16:48:00] DEBUG: 	      -8	num:25	flank:13100	span:1919
[2026-02-20 16:48:00] DEBUG: 	      -6	num:22	flank:8997	span:2226
[2026-02-20 16:48:00] DEBUG: 	      -10	num:20	flank:17568	span:2051
[2026-02-20 16:48:00] DEBUG: Starting -4 aln:255
[2026-02-20 16:48:00] DEBUG: 	      -15	num:24	flank:12207	span:13
[2026-02-20 16:48:00] DEBUG: 	      14	num:19	flank:18745	span:1
[2026-02-20 16:48:00] DEBUG: 	      5	num:24	flank:15868	span:1
[2026-02-20 16:48:00] DEBUG: 	      6	num:24	flank:18596	span:2
[2026-02-20 16:48:00] DEBUG: 	      8	num:22	flank:8308	span:4
[2026-02-20 16:48:00] DEBUG: 	      10	num:24	flank:15153	span:1
[2026-02-20 16:48:00] DEBUG: 	      9	num:29	flank:17093	span:0
[2026-02-20 16:48:00] DEBUG: 	      7	num:33	flank:22850	span:4
[2026-02-20 16:48:00] DEBUG: Mult: 4	3186	214	 (1,1)
[2026-02-20 16:48:00] DEBUG: Repeat detection iteration 2
[2026-02-20 16:48:00] DEBUG: Total unique edges: 9
[2026-02-20 16:48:00] DEBUG: 	Connection 15	-7	14	1
[2026-02-20 16:48:00] DEBUG: 	Connection -6	-5	13	1
[2026-02-20 16:48:00] DEBUG: 	Connection 10	7	18	1
[2026-02-20 16:48:00] DEBUG: 	Connection -10	13	15	1
[2026-02-20 16:48:00] DEBUG: 	Connection 8	9	19	1
[2026-02-20 16:48:00] DEBUG: 	Connection 6	8	12	1
[2026-02-20 16:48:00] DEBUG: 	Connection 13	5	14	1
[2026-02-20 16:48:00] DEBUG: 	Connection -14	-9	10	1
[2026-02-20 16:48:00] DEBUG: [SIMPL] Resolved repeats: 8
[2026-02-20 16:48:00] DEBUG: RR links: 230
[2026-02-20 16:48:00] DEBUG: Unresolved: 0
[2026-02-20 16:48:00] DEBUG: Removed 0 simple and 0 double chimeric junctions
[2026-02-20 16:48:00] DEBUG: [SIMPL] == Iteration 2 ==
[2026-02-20 16:48:00] DEBUG: Splitting nodes
[2026-02-20 16:48:00] DEBUG: [SIMPL] Split 0 nodes
[2026-02-20 16:48:00] DEBUG: [SIMPL] Disconnected 0 minor paths
[2026-02-20 16:48:00] DEBUG: [SIMPL] Clipped 0 short and 0 long tips
[2026-02-20 16:48:00] DEBUG: [SIMPL] Masked 0 heterozygous loops
[2026-02-20 16:48:00] DEBUG: [SIMPL] Masked 0 simple bubbles
[2026-02-20 16:48:00] DEBUG: [SIMPL] Masked 0 roundabouts
[2026-02-20 16:48:00] DEBUG: [SIMPL] Masked 0 superbubbles
[2026-02-20 16:48:00] DEBUG: Finding repeats
[2026-02-20 16:48:00] DEBUG: Read coverage cutoff: 3
[2026-02-20 16:48:00] DEBUG: Repeat detection iteration 1
[2026-02-20 16:48:00] DEBUG: Repeat detection iteration 2
[2026-02-20 16:48:00] DEBUG: Total unique edges: 17
[2026-02-20 16:48:00] DEBUG: [SIMPL] Resolved repeats: 0
[2026-02-20 16:48:00] DEBUG: RR links: 0
[2026-02-20 16:48:00] DEBUG: Unresolved: 0
[2026-02-20 16:48:00] DEBUG: Removed 0 simple and 0 double chimeric junctions
[2026-02-20 16:48:00] DEBUG: [SIMPL] Simplified 0 forks
[2026-02-20 16:48:00] DEBUG: [SIMPL] Collapsed 0 haplotypes
[2026-02-20 16:48:00] DEBUG: [SIMPL] Resolved 0 simple repeats
[2026-02-20 16:48:00] DEBUG: Read coverage cutoff: 3
[2026-02-20 16:48:00] DEBUG: [SIMPL] Removed 0 paths with low coverage
[2026-02-20 16:48:00] DEBUG: Finding repeats
[2026-02-20 16:48:00] DEBUG: Read coverage cutoff: 3
[2026-02-20 16:48:00] DEBUG: Repeat detection iteration 1
[2026-02-20 16:48:00] DEBUG: Repeat detection iteration 2
[2026-02-20 16:48:00] DEBUG: Writing Dot
[2026-02-20 16:48:00] DEBUG: Writing FASTA
[2026-02-20 16:48:00] DEBUG: Peak RAM usage: 0 Gb
-----------End assembly log------------
[2026-02-20 16:48:00] root: INFO: >>>STAGE: contigger
[2026-02-20 16:48:00] root: INFO: Generating contigs
[2026-02-20 16:48:00] root: DEBUG: -----Begin contigger analyser log------
[2026-02-20 16:48:00] root: DEBUG: Running: flye-modules contigger --graph-edges /scratch/ky/characterization/results/barcode18/assembly/20-repeat/repeat_graph_edges.fasta --reads /scratch/ky/characterization/FASTQ/SQK-RBK114-96_barcode18.fastq --out-dir /scratch/ky/characterization/results/barcode18/assembly/30-contigger --config /data/softs/Miniforge3-25.11.0-0/envs/flye-2.9.6/lib/python3.12/site-packages/flye/config/bin_cfg/asm_nano_hq.cfg --repeat-graph /scratch/ky/characterization/results/barcode18/assembly/20-repeat/repeat_graph_dump --graph-aln /scratch/ky/characterization/results/barcode18/assembly/20-repeat/read_alignment_dump --log /scratch/ky/characterization/results/barcode18/assembly/flye.log --threads 16 --min-ovlp 3000
[2026-02-20 16:48:00] DEBUG: Build date: May  4 2025 23:18:25
[2026-02-20 16:48:00] DEBUG: Total RAM: 251 Gb
[2026-02-20 16:48:00] DEBUG: Available RAM: 247 Gb
[2026-02-20 16:48:00] DEBUG: Total CPUs: 32
[2026-02-20 16:48:00] DEBUG: Loading /data/softs/Miniforge3-25.11.0-0/envs/flye-2.9.6/lib/python3.12/site-packages/flye/config/bin_cfg/asm_nano_hq.cfg
[2026-02-20 16:48:00] DEBUG: Loading /data/softs/Miniforge3-25.11.0-0/envs/flye-2.9.6/lib/python3.12/site-packages/flye/config/bin_cfg/asm_defaults.cfg
[2026-02-20 16:48:00] DEBUG: 	big_genome_threshold=29000000
[2026-02-20 16:48:00] DEBUG: 	meta_read_filter_kmer_freq=100
[2026-02-20 16:48:00] DEBUG: 	chain_large_gap_penalty=2
[2026-02-20 16:48:00] DEBUG: 	chain_small_gap_penalty=0.5
[2026-02-20 16:48:00] DEBUG: 	chain_gap_jump_threshold=100
[2026-02-20 16:48:00] DEBUG: 	max_jump_gap=500
[2026-02-20 16:48:00] DEBUG: 	max_coverage_drop_rate=5
[2026-02-20 16:48:00] DEBUG: 	max_extensions_drop_rate=5
[2026-02-20 16:48:00] DEBUG: 	chimera_window=100
[2026-02-20 16:48:00] DEBUG: 	chimera_overhang=1000
[2026-02-20 16:48:00] DEBUG: 	min_reads_in_disjointig=4
[2026-02-20 16:48:00] DEBUG: 	max_inner_reads=10
[2026-02-20 16:48:00] DEBUG: 	max_inner_fraction=0.25
[2026-02-20 16:48:00] DEBUG: 	aggressive_dup_filter=1
[2026-02-20 16:48:00] DEBUG: 	max_separation=500
[2026-02-20 16:48:00] DEBUG: 	unique_edge_length=50000
[2026-02-20 16:48:00] DEBUG: 	min_repeat_res_support=0.51
[2026-02-20 16:48:00] DEBUG: 	out_paths_ratio=5
[2026-02-20 16:48:00] DEBUG: 	graph_cov_drop_rate=5
[2026-02-20 16:48:00] DEBUG: 	coverage_estimate_window=100
[2026-02-20 16:48:00] DEBUG: 	max_bubble_length=50000
[2026-02-20 16:48:00] DEBUG: 	loop_coverage_rate=1.5
[2026-02-20 16:48:00] DEBUG: 	repeat_edge_cov_mult=1.75
[2026-02-20 16:48:00] DEBUG: 	weak_detach_rate=5
[2026-02-20 16:48:00] DEBUG: 	tip_coverage_rate=2
[2026-02-20 16:48:00] DEBUG: 	tip_length_rate=2
[2026-02-20 16:48:00] DEBUG: 	output_gfa_before_rr=1
[2026-02-20 16:48:00] DEBUG: 	remove_alt_edges=0
[2026-02-20 16:48:00] DEBUG: 	low_cutoff_warning=0
[2026-02-20 16:48:00] DEBUG: 	kmer_size=17
[2026-02-20 16:48:00] DEBUG: 	use_minimizers=1
[2026-02-20 16:48:00] DEBUG: 	minimizer_window=10
[2026-02-20 16:48:00] DEBUG: 	reads_base_alignment=1
[2026-02-20 16:48:00] DEBUG: 	meta_read_top_kmer_rate=0.75
[2026-02-20 16:48:00] DEBUG: 	maximum_jump=1500
[2026-02-20 16:48:00] DEBUG: 	maximum_overhang=1500
[2026-02-20 16:48:00] DEBUG: 	repeat_kmer_rate=100
[2026-02-20 16:48:00] DEBUG: 	assemble_ovlp_divergence=0.03
[2026-02-20 16:48:00] DEBUG: 	assemble_divergence_relative=1
[2026-02-20 16:48:00] DEBUG: 	repeat_graph_ovlp_divergence=0.03
[2026-02-20 16:48:00] DEBUG: 	read_align_ovlp_divergence=0.10
[2026-02-20 16:48:00] DEBUG: 	hpc_scoring_on=1
[2026-02-20 16:48:00] DEBUG: 	add_unassembled_reads=0
[2026-02-20 16:48:00] DEBUG: 	extend_contigs_with_repeats=0
[2026-02-20 16:48:00] DEBUG: 	min_read_cov_cutoff=3
[2026-02-20 16:48:00] DEBUG: 	short_tip_length=20000
[2026-02-20 16:48:00] DEBUG: 	long_tip_length=100000
[2026-02-20 16:48:00] DEBUG: Running with k-mer size: 17
[2026-02-20 16:48:00] DEBUG: Selected minimum overlap 3000
[2026-02-20 16:48:00] INFO: Reading sequences
[2026-02-20 16:48:00] DEBUG: Building positional index
[2026-02-20 16:48:00] DEBUG: Total sequence: 118097148 bp
[2026-02-20 16:48:00] DEBUG: Flipped 0
[2026-02-20 16:48:00] DEBUG: UPath 1: -17 -> 6 -> 21 -> 8 -> 20 -> 9 -> -23 -> 14 -> 15 -> -16 -> -7 -> -18 -> -10 -> 19 -> 13 -> 22 -> 5
[2026-02-20 16:48:00] DEBUG: Final graph contains 1 egdes
[2026-02-20 16:48:00] DEBUG: Extending contigs into repeats
[2026-02-20 16:48:00] DEBUG: Covered 0 repetitive contigs
[2026-02-20 16:48:00] INFO: Generated 1 contigs
[2026-02-20 16:48:00] DEBUG: Writing FASTA
[2026-02-20 16:48:00] DEBUG: Generating scaffold connections
[2026-02-20 16:48:00] INFO: Added 0 scaffold connections
[2026-02-20 16:48:00] DEBUG: Writing Dot
[2026-02-20 16:48:00] DEBUG: Writing FASTA
[2026-02-20 16:48:00] DEBUG: Writing Gfa
[2026-02-20 16:48:00] DEBUG: Peak RAM usage: 0 Gb
-----------End assembly log------------
[2026-02-20 16:48:00] root: INFO: >>>STAGE: polishing
[2026-02-20 16:48:00] root: INFO: Polishing genome (1/1)
[2026-02-20 16:48:00] root: INFO: Running minimap2
[2026-02-20 16:48:04] root: INFO: Separating alignment into bubbles
[2026-02-20 16:48:30] root: DEBUG: Generated 325390 bubbles
[2026-02-20 16:48:30] root: DEBUG: Split 0 long bubbles
[2026-02-20 16:48:30] root: DEBUG: Skipped 0 empty bubbles
[2026-02-20 16:48:30] root: DEBUG: Skipped 0 bubbles with long branches
[2026-02-20 16:48:30] root: INFO: Alignment error rate: 0.006758
[2026-02-20 16:48:30] root: INFO: Correcting bubbles
[2026-02-20 16:48:38] root: DEBUG: Mean contig coverage: 24, selected threshold: 3
[2026-02-20 16:48:38] root: DEBUG: Filtered 0 contigs of total length 0
[2026-02-20 16:48:38] root: DEBUG: Generating polished GFA
[2026-02-20 16:48:41] root: DEBUG: 0 sequences remained unpolished
[2026-02-20 16:48:41] root: INFO: >>>STAGE: finalize
[2026-02-20 16:48:41] root: DEBUG: ---Output dir contents:----
[2026-02-20 16:48:41] root: DEBUG: assembly/
[2026-02-20 16:48:41] root: DEBUG:     38.0 K      flye.log
[2026-02-20 16:48:41] root: DEBUG:     92.0 B      params.json
[2026-02-20 16:48:41] root: DEBUG:     193.0 B     assembly_graph.gv
[2026-02-20 16:48:41] root: DEBUG:     4.0 M       assembly_graph.gfa
[2026-02-20 16:48:41] root: DEBUG:     4.0 M       assembly.fasta
[2026-02-20 16:48:41] root: DEBUG:     00-assembly/
[2026-02-20 16:48:41] root: DEBUG:         4.0 M       draft_assembly.fasta
[2026-02-20 16:48:41] root: DEBUG:         30.0 B      draft_assembly.fasta.fai
[2026-02-20 16:48:41] root: DEBUG:     10-consensus/
[2026-02-20 16:48:41] root: DEBUG:         967.0 B     minimap.stderr
[2026-02-20 16:48:41] root: DEBUG:         24.0 K      minimap.bam.csi
[2026-02-20 16:48:41] root: DEBUG:         4.0 M       consensus.fasta
[2026-02-20 16:48:41] root: DEBUG:     20-repeat/
[2026-02-20 16:48:41] root: DEBUG:         1.0 K       graph_before_rr.gv
[2026-02-20 16:48:41] root: DEBUG:         4.0 M       graph_before_rr.fasta
[2026-02-20 16:48:41] root: DEBUG:         4.0 M       graph_before_rr.gfa
[2026-02-20 16:48:41] root: DEBUG:         2.0 K       graph_after_rr.gv
[2026-02-20 16:48:41] root: DEBUG:         3.0 K       repeat_graph_dump
[2026-02-20 16:48:41] root: DEBUG:         2.0 M       read_alignment_dump
[2026-02-20 16:48:41] root: DEBUG:         4.0 M       repeat_graph_edges.fasta
[2026-02-20 16:48:41] root: DEBUG:     30-contigger/
[2026-02-20 16:48:41] root: DEBUG:         4.0 M       contigs.fasta
[2026-02-20 16:48:41] root: DEBUG:         112.0 B     contigs_stats.txt
[2026-02-20 16:48:41] root: DEBUG:         0.0 B       scaffolds_links.txt
[2026-02-20 16:48:41] root: DEBUG:         193.0 B     graph_final.gv
[2026-02-20 16:48:41] root: DEBUG:         4.0 M       graph_final.fasta
[2026-02-20 16:48:41] root: DEBUG:         4.0 M       graph_final.gfa
[2026-02-20 16:48:41] root: DEBUG:         26.0 B      contigs.fasta.fai
[2026-02-20 16:48:41] root: DEBUG:     40-polishing/
[2026-02-20 16:48:41] root: DEBUG:         923.0 B     minimap.stderr
[2026-02-20 16:48:41] root: DEBUG:         23.0 K      minimap_1.bam.csi
[2026-02-20 16:48:41] root: DEBUG:         46.0 B      contigs_stats.txt
[2026-02-20 16:48:41] root: DEBUG:         1.0 M       base_coverage.bed.gz
[2026-02-20 16:48:41] root: DEBUG:         4.0 M       filtered_contigs.fasta
[2026-02-20 16:48:41] root: DEBUG:         46.0 B      filtered_stats.txt
[2026-02-20 16:48:41] root: DEBUG:         26.0 B      filtered_contigs.fasta.fai
[2026-02-20 16:48:41] root: DEBUG:         96.0 B      edges_aln.bam.csi
[2026-02-20 16:48:41] root: DEBUG:         4.0 M       polished_edges.gfa
[2026-02-20 16:48:41] root: DEBUG: --------------------------
[2026-02-20 16:48:41] root: INFO: Assembly statistics:

	Total length:	4651799
	Fragments:	1
	Fragments N50:	4651799
	Largest frg:	4651799
	Scaffolds:	0
	Mean coverage:	24

[2026-02-20 16:48:41] root: INFO: Final assembly: /scratch/ky/characterization/results/barcode18/assembly/assembly.fasta
