#                                                                               --- full sequence --- -------------- this domain -------------   hmm coord   ali coord   env coord
# target name           accession   tlen query name           accession   qlen   E-value  score  bias   #  of  c-Evalue  i-Evalue  score  bias  from    to  from    to  from    to  acc description of target
#   ------------------- ---------- ----- -------------------- ---------- ----- --------- ------ ----- --- --- --------- --------- ------ ----- ----- ----- ----- ----- ----- ----- ---- ---------------------
contig_65:43385-43567|- -             61 1054741at2           -            333   1.3e-16   58.4   0.2   1   1     2e-19   1.3e-16   58.3   0.2     3    43     9    49     7    59 0.86 contig_65_53 # 43385 # 43567 # -1 # ID=35_53;partial=00;start_type=ATG;rbs_motif=GGA/GAG/AGG;rbs_spacer=5-10bp;gc_cont=0.432
contig_65:42453-42797|- -            115 1054741at2           -            333   2.1e-13   47.8   0.0   1   1   3.5e-16   2.4e-13   47.6   0.0   249   331     3   103     1   105 0.84 contig_65_52 # 42453 # 42797 # -1 # ID=35_52;partial=00;start_type=GTG;rbs_motif=GGA/GAG/AGG;rbs_spacer=5-10bp;gc_cont=0.386
contig_2:14887-16593|-  -            569 1054741at2           -            333   1.2e-06   25.6   0.1   1   1   3.1e-09   2.1e-06   24.8   0.1     3    78   273   343   271   346 0.73 contig_2_22 # 14887 # 16593 # -1 # ID=43_22;partial=00;start_type=GTG;rbs_motif=GGA/GAG/AGG;rbs_spacer=11-12bp;gc_cont=0.387
contig_5:59490-60149|+  -            220 1054741at2           -            333   0.00013   19.0   0.0   1   1   2.8e-07   0.00019   18.4   0.0     2    72     2    65     1    69 0.91 contig_5_56 # 59490 # 60149 # 1 # ID=39_56;partial=00;start_type=ATG;rbs_motif=GGAG/GAGG;rbs_spacer=5-10bp;gc_cont=0.414
contig_17:98672-99880|+ -            403 1054741at2           -            333    0.0038   14.1   0.0   1   2   1.4e-05    0.0093   12.8   0.0     7    36   182   211   177   246 0.82 contig_17_92 # 98672 # 99880 # 1 # ID=24_92;partial=00;start_type=ATG;rbs_motif=AGGAG/GGAGG;rbs_spacer=11-12bp;gc_cont=0.377
contig_17:98672-99880|+ -            403 1054741at2           -            333    0.0038   14.1   0.0   2   2       1.5     1e+03   -3.7   0.0   156   177   313   334   302   340 0.80 contig_17_92 # 98672 # 99880 # 1 # ID=24_92;partial=00;start_type=ATG;rbs_motif=AGGAG/GGAGG;rbs_spacer=11-12bp;gc_cont=0.377
contig_40:41860-42546|+ -            229 1054741at2           -            333     0.022   11.6   0.0   1   1   4.8e-05     0.033   11.0   0.0     4    79    14    88    11   106 0.70 contig_40_44 # 41860 # 42546 # 1 # ID=11_44;partial=00;start_type=ATG;rbs_motif=AGGAG;rbs_spacer=5-10bp;gc_cont=0.457
#
# Program:         hmmsearch
# Version:         3.4 (Aug 2023)
# Pipeline mode:   SEARCH
# Query file:      /scratch/ky/characterization/busco_downloads/lineages/bacteria_odb10/hmms/1054741at2.hmm
# Target file:     /scratch/ky/characterization/results/barcode06/polishing/busco_out/busco_barcode06/barcode06.fasta/prodigal_output/predicted_genes/predicted.faa
# Option settings: hmmsearch --domtblout /scratch/ky/characterization/results/barcode06/polishing/busco_out/busco_barcode06/barcode06.fasta/run_bacteria_odb10/hmmer_output/1054741at2.out --cpu 1 /scratch/ky/characterization/busco_downloads/lineages/bacteria_odb10/hmms/1054741at2.hmm /scratch/ky/characterization/results/barcode06/polishing/busco_out/busco_barcode06/barcode06.fasta/prodigal_output/predicted_genes/predicted.faa 
# Current dir:     /scratch/ky/characterization
# Date:            Thu Mar 12 12:04:26 2026
# [ok]
