#                                                                                 --- full sequence --- -------------- this domain -------------   hmm coord   ali coord   env coord
# target name             accession   tlen query name           accession   qlen   E-value  score  bias   #  of  c-Evalue  i-Evalue  score  bias  from    to  from    to  from    to  acc description of target
#     ------------------- ---------- ----- -------------------- ---------- ----- --------- ------ ----- --- --- --------- --------- ------ ----- ----- ----- ----- ----- ----- ----- ---- ---------------------
contig_41:158772-159674|+ -            301 1069591at2           -            187     4e-48  161.4   9.8   1   3   1.6e-37   1.3e-34  117.3   0.1     1    94    11   116    11   140 0.83 contig_41_164 # 158772 # 159674 # 1 # ID=34_164;partial=00;start_type=ATG;rbs_motif=GGxGG;rbs_spacer=5-10bp;gc_cont=0.403
contig_41:158772-159674|+ -            301 1069591at2           -            187     4e-48  161.4   9.8   2   3   8.9e-07   0.00072   17.1   0.1    98   130   144   176   131   189 0.75 contig_41_164 # 158772 # 159674 # 1 # ID=34_164;partial=00;start_type=ATG;rbs_motif=GGxGG;rbs_spacer=5-10bp;gc_cont=0.403
contig_41:158772-159674|+ -            301 1069591at2           -            187     4e-48  161.4   9.8   3   3   8.8e-09   7.2e-06   23.6   3.1   130   187   203   287   198   287 0.73 contig_41_164 # 158772 # 159674 # 1 # ID=34_164;partial=00;start_type=ATG;rbs_motif=GGxGG;rbs_spacer=5-10bp;gc_cont=0.403
contig_55:50875-51363|-   -            163 1069591at2           -            187     0.003   15.1   0.3   1   2      0.79   6.5e+02   -2.3   0.0    52    77    76   101    71   103 0.69 contig_55_56 # 50875 # 51363 # -1 # ID=19_56;partial=00;start_type=TTG;rbs_motif=GGA/GAG/AGG;rbs_spacer=11-12bp;gc_cont=0.354
contig_55:50875-51363|-   -            163 1069591at2           -            187     0.003   15.1   0.3   2   2   9.8e-06     0.008   13.7   0.1     2    25   112   133   111   138 0.89 contig_55_56 # 50875 # 51363 # -1 # ID=19_56;partial=00;start_type=TTG;rbs_motif=GGA/GAG/AGG;rbs_spacer=11-12bp;gc_cont=0.354
contig_41:23035-24435|+   -            467 1069591at2           -            187    0.0051   14.3   0.6   1   2   0.00015      0.13    9.8   0.0     2    21    55    74    54    79 0.90 contig_41_23 # 23035 # 24435 # 1 # ID=34_23;partial=00;start_type=ATG;rbs_motif=GGAGG;rbs_spacer=5-10bp;gc_cont=0.392
contig_41:23035-24435|+   -            467 1069591at2           -            187    0.0051   14.3   0.6   2   2     0.044        36    1.8   0.1    77   157   204   282   183   296 0.67 contig_41_23 # 23035 # 24435 # 1 # ID=34_23;partial=00;start_type=ATG;rbs_motif=GGAGG;rbs_spacer=5-10bp;gc_cont=0.392
contig_32:59200-61326|+   -            709 1069591at2           -            187     0.016   12.7   3.7   1   3      0.18   1.5e+02   -0.2   0.0     3    28    54    78    53    81 0.87 contig_32_57 # 59200 # 61326 # 1 # ID=42_57;partial=00;start_type=ATG;rbs_motif=AGGAG;rbs_spacer=5-10bp;gc_cont=0.397
contig_32:59200-61326|+   -            709 1069591at2           -            187     0.016   12.7   3.7   2   3      0.43   3.5e+02   -1.4   2.5    95   156   252   317   244   340 0.55 contig_32_57 # 59200 # 61326 # 1 # ID=42_57;partial=00;start_type=ATG;rbs_motif=AGGAG;rbs_spacer=5-10bp;gc_cont=0.397
contig_32:59200-61326|+   -            709 1069591at2           -            187     0.016   12.7   3.7   3   3   0.00014      0.11   10.0   0.0     3    22   455   474   453   487 0.84 contig_32_57 # 59200 # 61326 # 1 # ID=42_57;partial=00;start_type=ATG;rbs_motif=AGGAG;rbs_spacer=5-10bp;gc_cont=0.397
contig_4:8416-10116|+     -            567 1069591at2           -            187     0.016   12.7   0.0   1   1   6.8e-05     0.055   11.0   0.0     3    23   295   315   293   326 0.81 contig_4_15 # 8416 # 10116 # 1 # ID=22_15;partial=00;start_type=TTG;rbs_motif=GGA/GAG/AGG;rbs_spacer=5-10bp;gc_cont=0.409
#
# Program:         hmmsearch
# Version:         3.4 (Aug 2023)
# Pipeline mode:   SEARCH
# Query file:      /scratch/ky/characterization/busco_downloads/lineages/bacteria_odb10/hmms/1069591at2.hmm
# Target file:     /scratch/ky/characterization/results/barcode06/polishing/busco_out/busco_barcode06/barcode06.fasta/prodigal_output/predicted_genes/predicted.faa
# Option settings: hmmsearch --domtblout /scratch/ky/characterization/results/barcode06/polishing/busco_out/busco_barcode06/barcode06.fasta/run_bacteria_odb10/hmmer_output/1069591at2.out --cpu 1 /scratch/ky/characterization/busco_downloads/lineages/bacteria_odb10/hmms/1069591at2.hmm /scratch/ky/characterization/results/barcode06/polishing/busco_out/busco_barcode06/barcode06.fasta/prodigal_output/predicted_genes/predicted.faa 
# Current dir:     /scratch/ky/characterization
# Date:            Thu Mar 12 12:04:26 2026
# [ok]
