#                                                                                 --- full sequence --- -------------- this domain -------------   hmm coord   ali coord   env coord
# target name             accession   tlen query name           accession   qlen   E-value  score  bias   #  of  c-Evalue  i-Evalue  score  bias  from    to  from    to  from    to  acc description of target
#     ------------------- ---------- ----- -------------------- ---------- ----- --------- ------ ----- --- --- --------- --------- ------ ----- ----- ----- ----- ----- ----- ----- ---- ---------------------
contig_59:25481-27172|+   -            564 1074831at2           -            386   5.8e-92  306.6  39.4   1   4   3.4e-35     7e-33  112.1   5.7     1   153     1   183     1   187 0.76 contig_59_34 # 25481 # 27172 # 1 # ID=57_34;partial=00;start_type=GTG;rbs_motif=GGAG/GAGG;rbs_spacer=5-10bp;gc_cont=0.396
contig_59:25481-27172|+   -            564 1074831at2           -            386   5.8e-92  306.6  39.4   2   4   2.6e-07   5.2e-05   20.4   2.0   130   185   184   241   160   245 0.83 contig_59_34 # 25481 # 27172 # 1 # ID=57_34;partial=00;start_type=GTG;rbs_motif=GGAG/GAGG;rbs_spacer=5-10bp;gc_cont=0.396
contig_59:25481-27172|+   -            564 1074831at2           -            386   5.8e-92  306.6  39.4   3   4   2.6e-10   5.2e-08   30.2   9.8   156   267   264   387   239   404 0.67 contig_59_34 # 25481 # 27172 # 1 # ID=57_34;partial=00;start_type=GTG;rbs_motif=GGAG/GAGG;rbs_spacer=5-10bp;gc_cont=0.396
contig_59:25481-27172|+   -            564 1074831at2           -            386   5.8e-92  306.6  39.4   4   4   2.6e-45   5.3e-43  145.4   2.0   266   386   408   553   387   553 0.84 contig_59_34 # 25481 # 27172 # 1 # ID=57_34;partial=00;start_type=GTG;rbs_motif=GGAG/GAGG;rbs_spacer=5-10bp;gc_cont=0.396
contig_40:43673-46843|+   -           1057 1074831at2           -            386   1.3e-08   32.2   1.4   1   4       5.8   1.2e+03   -3.9   0.0    25    62    26    62    24    79 0.70 contig_40_47 # 43673 # 46843 # 1 # ID=11_47;partial=00;start_type=ATG;rbs_motif=AGGA;rbs_spacer=5-10bp;gc_cont=0.380
contig_40:43673-46843|+   -           1057 1074831at2           -            386   1.3e-08   32.2   1.4   2   4   2.1e-08   4.3e-06   23.9   0.0   283   354   212   289   192   296 0.87 contig_40_47 # 43673 # 46843 # 1 # ID=11_47;partial=00;start_type=ATG;rbs_motif=AGGA;rbs_spacer=5-10bp;gc_cont=0.380
contig_40:43673-46843|+   -           1057 1074831at2           -            386   1.3e-08   32.2   1.4   3   4     0.017       3.5    4.5   0.1    22    38   346   362   334   366 0.87 contig_40_47 # 43673 # 46843 # 1 # ID=11_47;partial=00;start_type=ATG;rbs_motif=AGGA;rbs_spacer=5-10bp;gc_cont=0.380
contig_40:43673-46843|+   -           1057 1074831at2           -            386   1.3e-08   32.2   1.4   4   4      0.53   1.1e+02   -0.4   0.0    94   136   377   419   362   430 0.79 contig_40_47 # 43673 # 46843 # 1 # ID=11_47;partial=00;start_type=ATG;rbs_motif=AGGA;rbs_spacer=5-10bp;gc_cont=0.380
contig_6:62838-63593|+    -            252 1074831at2           -            386   3.3e-05   21.0   0.1   1   2    0.0029       0.6    7.0   0.0    22    99    35   112    26   144 0.80 contig_6_69 # 62838 # 63593 # 1 # ID=7_69;partial=00;start_type=ATG;rbs_motif=AGGAG;rbs_spacer=5-10bp;gc_cont=0.447
contig_6:62838-63593|+    -            252 1074831at2           -            386   3.3e-05   21.0   0.1   2   2     6e-05     0.012   12.6   0.1   289   355   144   216   125   232 0.81 contig_6_69 # 62838 # 63593 # 1 # ID=7_69;partial=00;start_type=ATG;rbs_motif=AGGAG;rbs_spacer=5-10bp;gc_cont=0.447
contig_5:53663-54406|+    -            248 1074831at2           -            386   0.00015   18.9   0.1   1   2   2.7e-05    0.0055   13.7   0.0    13   112    25   125    18   130 0.88 contig_5_53 # 53663 # 54406 # 1 # ID=39_53;partial=00;start_type=TTG;rbs_motif=AGGAG;rbs_spacer=5-10bp;gc_cont=0.383
contig_5:53663-54406|+    -            248 1074831at2           -            386   0.00015   18.9   0.1   2   2     0.047       9.5    3.0   0.0   290   316   142   168   132   201 0.79 contig_5_53 # 53663 # 54406 # 1 # ID=39_53;partial=00;start_type=TTG;rbs_motif=AGGAG;rbs_spacer=5-10bp;gc_cont=0.383
contig_42:2531-3583|+     -            351 1074831at2           -            386   0.00029   17.9   3.0   1   2   0.00012     0.024   11.6   0.2    24    94    42   118    39   155 0.73 contig_42_5 # 2531 # 3583 # 1 # ID=8_5;partial=00;start_type=GTG;rbs_motif=AGGAG;rbs_spacer=5-10bp;gc_cont=0.434
contig_42:2531-3583|+     -            351 1074831at2           -            386   0.00029   17.9   3.0   2   2    0.0034      0.69    6.8   0.3   284   351   154   229   145   243 0.77 contig_42_5 # 2531 # 3583 # 1 # ID=8_5;partial=00;start_type=GTG;rbs_motif=AGGAG;rbs_spacer=5-10bp;gc_cont=0.434
contig_46:8028-8843|+     -            272 1074831at2           -            386   0.00039   17.5   0.2   1   2     0.018       3.7    4.4   0.0    14    42    48    76    37    82 0.78 contig_46_8 # 8028 # 8843 # 1 # ID=47_8;partial=00;start_type=ATG;rbs_motif=AGxAGG/AGGxGG;rbs_spacer=5-10bp;gc_cont=0.423
contig_46:8028-8843|+     -            272 1074831at2           -            386   0.00039   17.5   0.2   2   2   0.00015      0.03   11.3   0.0   289   354   165   237   144   253 0.82 contig_46_8 # 8028 # 8843 # 1 # ID=47_8;partial=00;start_type=ATG;rbs_motif=AGxAGG/AGGxGG;rbs_spacer=5-10bp;gc_cont=0.423
contig_35:27975-29009|+   -            345 1074831at2           -            386    0.0005   17.1   1.6   1   2     0.011       2.3    5.1   0.0    24    41    45    62    26   108 0.86 contig_35_31 # 27975 # 29009 # 1 # ID=60_31;partial=00;start_type=ATG;rbs_motif=GGAGG;rbs_spacer=5-10bp;gc_cont=0.428
contig_35:27975-29009|+   -            345 1074831at2           -            386    0.0005   17.1   1.6   2   2   0.00014     0.028   11.4   0.4   278   359   151   239   119   246 0.76 contig_35_31 # 27975 # 29009 # 1 # ID=60_31;partial=00;start_type=ATG;rbs_motif=GGAGG;rbs_spacer=5-10bp;gc_cont=0.428
contig_25:21705-22499|+   -            265 1074831at2           -            386   0.00098   16.2   0.0   1   2   1.1e-05    0.0023   15.0   0.1     5    51    12    61     9    79 0.80 contig_25_23 # 21705 # 22499 # 1 # ID=40_23;partial=00;start_type=ATG;rbs_motif=AGGAG;rbs_spacer=5-10bp;gc_cont=0.371
contig_25:21705-22499|+   -            265 1074831at2           -            386   0.00098   16.2   0.0   2   2       3.4   6.9e+02   -3.1   0.0   290   315   141   166   130   169 0.85 contig_25_23 # 21705 # 22499 # 1 # ID=40_23;partial=00;start_type=ATG;rbs_motif=AGGAG;rbs_spacer=5-10bp;gc_cont=0.371
contig_34:20910-21689|-   -            260 1074831at2           -            386   0.00098   16.2   0.6   1   2       0.2        41    1.0   0.1    21    40    30    49    10    63 0.82 contig_34_28 # 20910 # 21689 # -1 # ID=2_28;partial=00;start_type=ATG;rbs_motif=GGAGG;rbs_spacer=5-10bp;gc_cont=0.377
contig_34:20910-21689|-   -            260 1074831at2           -            386   0.00098   16.2   0.6   2   2   2.7e-05    0.0055   13.7   0.0   274   331   130   187    74   234 0.84 contig_34_28 # 20910 # 21689 # -1 # ID=2_28;partial=00;start_type=ATG;rbs_motif=GGAGG;rbs_spacer=5-10bp;gc_cont=0.377
contig_50:445-1467|+      -            341 1074831at2           -            386    0.0012   15.8   1.5   1   2      0.02         4    4.3   0.4    25    43    40    58    31   126 0.90 contig_50_2 # 445 # 1467 # 1 # ID=18_2;partial=00;start_type=ATG;rbs_motif=AGxAGG/AGGxGG;rbs_spacer=5-10bp;gc_cont=0.390
contig_50:445-1467|+      -            341 1074831at2           -            386    0.0012   15.8   1.5   2   2   0.00023     0.046   10.7   0.0   263   341   130   215   119   227 0.81 contig_50_2 # 445 # 1467 # 1 # ID=18_2;partial=00;start_type=ATG;rbs_motif=AGxAGG/AGGxGG;rbs_spacer=5-10bp;gc_cont=0.390
contig_24:20794-21807|-   -            338 1074831at2           -            386    0.0016   15.4   2.0   1   2      0.26        53    0.6   0.2    25    36    40    51    28    59 0.83 contig_24_21 # 20794 # 21807 # -1 # ID=21_21;partial=00;start_type=ATG;rbs_motif=GGxGG;rbs_spacer=5-10bp;gc_cont=0.394
contig_24:20794-21807|-   -            338 1074831at2           -            386    0.0016   15.4   2.0   2   2   1.9e-05    0.0038   14.2   0.1   283   357   151   232   136   241 0.76 contig_24_21 # 20794 # 21807 # -1 # ID=21_21;partial=00;start_type=ATG;rbs_motif=GGxGG;rbs_spacer=5-10bp;gc_cont=0.394
contig_6:9345-10133|+     -            263 1074831at2           -            386    0.0044   14.0   1.4   1   3   0.00031     0.063   10.2   0.2     9    59    14    67     8    81 0.77 contig_6_12 # 9345 # 10133 # 1 # ID=7_12;partial=00;start_type=TTG;rbs_motif=GGAG/GAGG;rbs_spacer=5-10bp;gc_cont=0.383
contig_6:9345-10133|+     -            263 1074831at2           -            386    0.0044   14.0   1.4   2   3      0.14        29    1.4   0.0   287   315   136   164   115   183 0.80 contig_6_12 # 9345 # 10133 # 1 # ID=7_12;partial=00;start_type=TTG;rbs_motif=GGAG/GAGG;rbs_spacer=5-10bp;gc_cont=0.383
contig_6:9345-10133|+     -            263 1074831at2           -            386    0.0044   14.0   1.4   3   3      0.62   1.3e+02   -0.6   0.0   266   320   188   242   177   245 0.81 contig_6_12 # 9345 # 10133 # 1 # ID=7_12;partial=00;start_type=TTG;rbs_motif=GGAG/GAGG;rbs_spacer=5-10bp;gc_cont=0.383
contig_6:94302-94712|+    -            137 1074831at2           -            386    0.0052   13.8   0.0   1   1   3.1e-05    0.0063   13.5   0.0    13    41    29    57    21    82 0.77 contig_6_106 # 94302 # 94712 # 1 # ID=7_106;partial=00;start_type=ATG;rbs_motif=AGGAGG;rbs_spacer=5-10bp;gc_cont=0.404
contig_48:33847-34719|+   -            291 1074831at2           -            386    0.0078   13.2   3.0   1   2    0.0089       1.8    5.4   0.1    25    44    36    55    20   120 0.85 contig_48_40 # 33847 # 34719 # 1 # ID=49_40;partial=00;start_type=ATG;rbs_motif=GGAG/GAGG;rbs_spacer=5-10bp;gc_cont=0.427
contig_48:33847-34719|+   -            291 1074831at2           -            386    0.0078   13.2   3.0   2   2    0.0013      0.26    8.2   0.7   283   354   143   222   114   231 0.76 contig_48_40 # 33847 # 34719 # 1 # ID=49_40;partial=00;start_type=ATG;rbs_motif=GGAG/GAGG;rbs_spacer=5-10bp;gc_cont=0.427
contig_26:110092-110964|- -            291 1074831at2           -            386    0.0089   13.0   0.6   1   3    0.0048      0.99    6.3   0.0    23    44    36    57    31    87 0.84 contig_26_126 # 110092 # 110964 # -1 # ID=17_126;partial=00;start_type=ATG;rbs_motif=3Base/5BMM;rbs_spacer=13-15bp;gc_cont=0.417
contig_26:110092-110964|- -            291 1074831at2           -            386    0.0089   13.0   0.6   2   3     0.024       4.9    4.0   0.0   290   332   146   188   136   225 0.79 contig_26_126 # 110092 # 110964 # -1 # ID=17_126;partial=00;start_type=ATG;rbs_motif=3Base/5BMM;rbs_spacer=13-15bp;gc_cont=0.417
contig_26:110092-110964|- -            291 1074831at2           -            386    0.0089   13.0   0.6   3   3         1     2e+02   -1.3   0.1   234   251   271   288   233   290 0.68 contig_26_126 # 110092 # 110964 # -1 # ID=17_126;partial=00;start_type=ATG;rbs_motif=3Base/5BMM;rbs_spacer=13-15bp;gc_cont=0.417
contig_24:50799-53879|-   -           1027 1074831at2           -            386    0.0098   12.9   0.0   1   3   4.8e-05    0.0098   12.9   0.0    12    46    19    54    14    79 0.76 contig_24_57 # 50799 # 53879 # -1 # ID=21_57;partial=00;start_type=ATG;rbs_motif=GGA/GAG/AGG;rbs_spacer=5-10bp;gc_cont=0.386
contig_24:50799-53879|-   -           1027 1074831at2           -            386    0.0098   12.9   0.0   2   3         1   2.1e+02   -1.4   0.5   242   266   188   214   105   244 0.78 contig_24_57 # 50799 # 53879 # -1 # ID=21_57;partial=00;start_type=ATG;rbs_motif=GGA/GAG/AGG;rbs_spacer=5-10bp;gc_cont=0.386
contig_24:50799-53879|-   -           1027 1074831at2           -            386    0.0098   12.9   0.0   3   3       1.7   3.4e+02   -2.1   3.5   151   241   751   838   727   868 0.64 contig_24_57 # 50799 # 53879 # -1 # ID=21_57;partial=00;start_type=ATG;rbs_motif=GGA/GAG/AGG;rbs_spacer=5-10bp;gc_cont=0.386
contig_17:27151-28164|-   -            338 1074831at2           -            386     0.023   11.6   2.7   1   2      0.25        51    0.6   0.2    25    36    41    52    36    60 0.81 contig_17_27 # 27151 # 28164 # -1 # ID=24_27;partial=00;start_type=ATG;rbs_motif=AGGAGG;rbs_spacer=5-10bp;gc_cont=0.405
contig_17:27151-28164|-   -            338 1074831at2           -            386     0.023   11.6   2.7   2   2   0.00021     0.043   10.8   0.2   269   348   137   223   128   239 0.70 contig_17_27 # 27151 # 28164 # -1 # ID=24_27;partial=00;start_type=ATG;rbs_motif=AGGAGG;rbs_spacer=5-10bp;gc_cont=0.405
contig_8:39476-40270|+    -            265 1074831at2           -            386     0.031   11.2   0.1   1   2    0.0031      0.63    6.9   0.1    21    58    30    67    11    82 0.74 contig_8_33 # 39476 # 40270 # 1 # ID=27_33;partial=00;start_type=ATG;rbs_motif=AGGA;rbs_spacer=5-10bp;gc_cont=0.384
contig_8:39476-40270|+    -            265 1074831at2           -            386     0.031   11.2   0.1   2   2     0.096        19    2.0   0.0   289   315   139   165   133   168 0.92 contig_8_33 # 39476 # 40270 # 1 # ID=27_33;partial=00;start_type=ATG;rbs_motif=AGGA;rbs_spacer=5-10bp;gc_cont=0.384
contig_52:20385-21377|-   -            331 1074831at2           -            386     0.087    9.8   3.6   1   2      0.12        25    1.6   0.4    25    42    40    57    32    72 0.77 contig_52_19 # 20385 # 21377 # -1 # ID=15_19;partial=00;start_type=ATG;rbs_motif=AGGAG;rbs_spacer=5-10bp;gc_cont=0.401
contig_52:20385-21377|-   -            331 1074831at2           -            386     0.087    9.8   3.6   2   2   0.00086      0.17    8.8   0.2   289   354   156   229   145   240 0.77 contig_52_19 # 20385 # 21377 # -1 # ID=15_19;partial=00;start_type=ATG;rbs_motif=AGGAG;rbs_spacer=5-10bp;gc_cont=0.401
contig_60:28410-29465|-   -            352 1074831at2           -            386     0.096    9.6   3.5   1   2     0.019       3.8    4.3   0.2    24    43    39    58    29   126 0.92 contig_60_27 # 28410 # 29465 # -1 # ID=12_27;partial=00;start_type=ATG;rbs_motif=AGGAGG;rbs_spacer=5-10bp;gc_cont=0.384
contig_60:28410-29465|-   -            352 1074831at2           -            386     0.096    9.6   3.5   2   2    0.0048      0.97    6.3   0.4   285   352   152   227   123   237 0.78 contig_60_27 # 28410 # 29465 # -1 # ID=12_27;partial=00;start_type=ATG;rbs_motif=AGGAGG;rbs_spacer=5-10bp;gc_cont=0.384
#
# Program:         hmmsearch
# Version:         3.4 (Aug 2023)
# Pipeline mode:   SEARCH
# Query file:      /scratch/ky/characterization/busco_downloads/lineages/bacteria_odb10/hmms/1074831at2.hmm
# Target file:     /scratch/ky/characterization/results/barcode06/polishing/busco_out/busco_barcode06/barcode06.fasta/prodigal_output/predicted_genes/predicted.faa
# Option settings: hmmsearch --domtblout /scratch/ky/characterization/results/barcode06/polishing/busco_out/busco_barcode06/barcode06.fasta/run_bacteria_odb10/hmmer_output/1074831at2.out --cpu 1 /scratch/ky/characterization/busco_downloads/lineages/bacteria_odb10/hmms/1074831at2.hmm /scratch/ky/characterization/results/barcode06/polishing/busco_out/busco_barcode06/barcode06.fasta/prodigal_output/predicted_genes/predicted.faa 
# Current dir:     /scratch/ky/characterization
# Date:            Thu Mar 12 12:04:26 2026
# [ok]
