#                                                                                 --- full sequence --- -------------- this domain -------------   hmm coord   ali coord   env coord
# target name             accession   tlen query name           accession   qlen   E-value  score  bias   #  of  c-Evalue  i-Evalue  score  bias  from    to  from    to  from    to  acc description of target
#     ------------------- ---------- ----- -------------------- ---------- ----- --------- ------ ----- --- --- --------- --------- ------ ----- ----- ----- ----- ----- ----- ----- ---- ---------------------
contig_14:105428-107272|+ -            615 143460at2            -            439  7.5e-162  536.8   7.5   1   2   1.6e-83   9.1e-81  269.6   0.9     1   194     8   248     8   262 0.88 contig_14_111 # 105428 # 107272 # 1 # ID=20_111;partial=00;start_type=ATG;rbs_motif=GGAG/GAGG;rbs_spacer=5-10bp;gc_cont=0.382
contig_14:105428-107272|+ -            615 143460at2            -            439  7.5e-162  536.8   7.5   2   2   2.4e-82   1.4e-79  265.7   0.9   193   439   272   595   264   595 0.86 contig_14_111 # 105428 # 107272 # 1 # ID=20_111;partial=00;start_type=ATG;rbs_motif=GGAG/GAGG;rbs_spacer=5-10bp;gc_cont=0.382
contig_4:35055-37133|+    -            693 143460at2            -            439   5.1e-38  128.8   2.5   1   4   8.8e-32   5.1e-29   99.1   0.1     2   121    11   148    10   181 0.87 contig_4_40 # 35055 # 37133 # 1 # ID=22_40;partial=00;start_type=ATG;rbs_motif=AGGAG;rbs_spacer=5-10bp;gc_cont=0.412
contig_4:35055-37133|+    -            693 143460at2            -            439   5.1e-38  128.8   2.5   2   4     0.012       7.1    3.1   0.0   153   189   305   341   265   351 0.84 contig_4_40 # 35055 # 37133 # 1 # ID=22_40;partial=00;start_type=ATG;rbs_motif=AGGAG;rbs_spacer=5-10bp;gc_cont=0.412
contig_4:35055-37133|+    -            693 143460at2            -            439   5.1e-38  128.8   2.5   3   4   2.2e-07   0.00013   18.7   0.0   182   293   357   479   342   487 0.75 contig_4_40 # 35055 # 37133 # 1 # ID=22_40;partial=00;start_type=ATG;rbs_motif=AGGAG;rbs_spacer=5-10bp;gc_cont=0.412
contig_4:35055-37133|+    -            693 143460at2            -            439   5.1e-38  128.8   2.5   4   4     0.004       2.4    4.6   0.1   294   347   605   667   599   670 0.74 contig_4_40 # 35055 # 37133 # 1 # ID=22_40;partial=00;start_type=ATG;rbs_motif=AGGAG;rbs_spacer=5-10bp;gc_cont=0.412
contig_17:11690-12706|+   -            339 143460at2            -            439   2.9e-28   96.6   0.8   1   2   1.7e-30   9.8e-28   94.9   0.3     1   134     3   153     3   177 0.82 contig_17_12 # 11690 # 12706 # 1 # ID=24_12;partial=00;start_type=ATG;rbs_motif=GGAGG;rbs_spacer=5-10bp;gc_cont=0.353
contig_17:11690-12706|+   -            339 143460at2            -            439   2.9e-28   96.6   0.8   2   2      0.11        66   -0.1   0.0   155   192   248   285   208   305 0.74 contig_17_12 # 11690 # 12706 # 1 # ID=24_12;partial=00;start_type=ATG;rbs_motif=GGAGG;rbs_spacer=5-10bp;gc_cont=0.353
contig_65:3-1097|-        -            365 143460at2            -            439   8.7e-25   85.2   2.4   1   2   5.9e-27   3.4e-24   83.2   1.6    30   211     4   211     1   233 0.77 contig_65_1 # 3 # 1097 # -1 # ID=35_1;partial=10;start_type=ATG;rbs_motif=None;rbs_spacer=None;gc_cont=0.410
contig_65:3-1097|-        -            365 143460at2            -            439   8.7e-25   85.2   2.4   2   2     0.079        46    0.4   0.0   268   301   310   344   289   352 0.83 contig_65_1 # 3 # 1097 # -1 # ID=35_1;partial=10;start_type=ATG;rbs_motif=None;rbs_spacer=None;gc_cont=0.410
contig_57:33040-34977|+   -            646 143460at2            -            439   5.4e-22   76.0   2.3   1   3   4.6e-24   2.7e-21   73.7   0.1     2   134     3   152     2   186 0.76 contig_57_43 # 33040 # 34977 # 1 # ID=56_43;partial=00;start_type=ATG;rbs_motif=GGAG/GAGG;rbs_spacer=5-10bp;gc_cont=0.458
contig_57:33040-34977|+   -            646 143460at2            -            439   5.4e-22   76.0   2.3   2   3     0.037        22    1.5   0.1   174   233   277   340   259   415 0.56 contig_57_43 # 33040 # 34977 # 1 # ID=56_43;partial=00;start_type=ATG;rbs_motif=GGAG/GAGG;rbs_spacer=5-10bp;gc_cont=0.458
contig_57:33040-34977|+   -            646 143460at2            -            439   5.4e-22   76.0   2.3   3   3       0.7   4.1e+02   -2.7   0.0   320   347   561   588   554   591 0.83 contig_57_43 # 33040 # 34977 # 1 # ID=56_43;partial=00;start_type=ATG;rbs_motif=GGAG/GAGG;rbs_spacer=5-10bp;gc_cont=0.458
contig_4:37270-38457|+    -            396 143460at2            -            439   1.2e-21   74.8   0.3   1   1   6.3e-24   3.7e-21   73.2   0.3     3   205    14   260    12   263 0.70 contig_4_41 # 37270 # 38457 # 1 # ID=22_41;partial=00;start_type=ATG;rbs_motif=AGGAGG;rbs_spacer=5-10bp;gc_cont=0.416
contig_41:77042-79324|+   -            761 143460at2            -            439   2.5e-17   60.6   1.0   1   1   8.6e-20     5e-17   59.6   1.0     4   122   266   387   264   476 0.75 contig_41_78 # 77042 # 79324 # 1 # ID=34_78;partial=00;start_type=ATG;rbs_motif=GGxGG;rbs_spacer=5-10bp;gc_cont=0.383
#
# Program:         hmmsearch
# Version:         3.4 (Aug 2023)
# Pipeline mode:   SEARCH
# Query file:      /scratch/ky/characterization/busco_downloads/lineages/bacteria_odb10/hmms/143460at2.hmm
# Target file:     /scratch/ky/characterization/results/barcode06/polishing/busco_out/busco_barcode06/barcode06.fasta/prodigal_output/predicted_genes/predicted.faa
# Option settings: hmmsearch --domtblout /scratch/ky/characterization/results/barcode06/polishing/busco_out/busco_barcode06/barcode06.fasta/run_bacteria_odb10/hmmer_output/143460at2.out --cpu 1 /scratch/ky/characterization/busco_downloads/lineages/bacteria_odb10/hmms/143460at2.hmm /scratch/ky/characterization/results/barcode06/polishing/busco_out/busco_barcode06/barcode06.fasta/prodigal_output/predicted_genes/predicted.faa 
# Current dir:     /scratch/ky/characterization
# Date:            Thu Mar 12 12:04:26 2026
# [ok]
