#                                                                                 --- full sequence --- -------------- this domain -------------   hmm coord   ali coord   env coord
# target name             accession   tlen query name           accession   qlen   E-value  score  bias   #  of  c-Evalue  i-Evalue  score  bias  from    to  from    to  from    to  acc description of target
#     ------------------- ---------- ----- -------------------- ---------- ----- --------- ------ ----- --- --- --------- --------- ------ ----- ----- ----- ----- ----- ----- ----- ---- ---------------------
contig_60:38846-39463|+   -            206 1502854at2           -            192   2.1e-76  253.7   0.0   1   1   3.2e-78   2.5e-76  253.4   0.0     3   190     3   190     1   192 0.98 contig_60_34 # 38846 # 39463 # 1 # ID=12_34;partial=00;start_type=ATG;rbs_motif=GGA/GAG/AGG;rbs_spacer=5-10bp;gc_cont=0.385
contig_29:29967-30329|+   -            121 1502854at2           -            192    0.0001   19.8   0.0   1   1   1.4e-06   0.00011   19.7   0.0     5    98     3    92     1   107 0.69 contig_29_32 # 29967 # 30329 # 1 # ID=51_32;partial=00;start_type=ATG;rbs_motif=GGAGG;rbs_spacer=5-10bp;gc_cont=0.358
contig_40:43673-46843|+   -           1057 1502854at2           -            192    0.0001   19.8   0.7   1   2     0.029       2.3    5.6   0.0     9    31    24    46    19    53 0.81 contig_40_47 # 43673 # 46843 # 1 # ID=11_47;partial=00;start_type=ATG;rbs_motif=AGGA;rbs_spacer=5-10bp;gc_cont=0.380
contig_40:43673-46843|+   -           1057 1502854at2           -            192    0.0001   19.8   0.7   2   2   0.00036     0.028   11.9   0.0     5    29   343   367   341   373 0.89 contig_40_47 # 43673 # 46843 # 1 # ID=11_47;partial=00;start_type=ATG;rbs_motif=AGGA;rbs_spacer=5-10bp;gc_cont=0.380
contig_32:28058-30925|+   -            956 1502854at2           -            192   0.00016   19.1   0.1   1   2     0.009       0.7    7.3   0.0     5    23    25    43    23    65 0.82 contig_32_31 # 28058 # 30925 # 1 # ID=42_31;partial=00;start_type=GTG;rbs_motif=AGxAGG/AGGxGG;rbs_spacer=11-12bp;gc_cont=0.407
contig_32:28058-30925|+   -            956 1502854at2           -            192   0.00016   19.1   0.1   2   2    0.0031      0.25    8.8   0.0     7    29   633   655   630   671 0.83 contig_32_31 # 28058 # 30925 # 1 # ID=42_31;partial=00;start_type=GTG;rbs_motif=AGxAGG/AGGxGG;rbs_spacer=11-12bp;gc_cont=0.407
contig_29:11237-11872|+   -            212 1502854at2           -            192   0.00021   18.8   0.1   1   2     0.011      0.89    7.0   0.0     9    29     6    26     3    36 0.82 contig_29_14 # 11237 # 11872 # 1 # ID=51_14;partial=00;start_type=GTG;rbs_motif=AGGAGG;rbs_spacer=5-10bp;gc_cont=0.349
contig_29:11237-11872|+   -            212 1502854at2           -            192   0.00021   18.8   0.1   2   2    0.0017      0.14    9.6   0.0   111   153   114   155   109   172 0.80 contig_29_14 # 11237 # 11872 # 1 # ID=51_14;partial=00;start_type=GTG;rbs_motif=AGGAGG;rbs_spacer=5-10bp;gc_cont=0.349
contig_10:111082-112392|+ -            437 1502854at2           -            192   0.00038   18.0   0.1   1   2      0.22        17    2.8   0.0     7    29     4    26     1    40 0.82 contig_10_128 # 111082 # 112392 # 1 # ID=36_128;partial=00;start_type=ATG;rbs_motif=AGGA;rbs_spacer=5-10bp;gc_cont=0.400
contig_10:111082-112392|+ -            437 1502854at2           -            192   0.00038   18.0   0.1   2   2   0.00019     0.015   12.7   0.0    11    87   180   258   176   304 0.77 contig_10_128 # 111082 # 112392 # 1 # ID=36_128;partial=00;start_type=ATG;rbs_motif=AGGA;rbs_spacer=5-10bp;gc_cont=0.400
contig_42:12967-13923|+   -            319 1502854at2           -            192   0.00039   17.9   0.0   1   1   1.2e-05   0.00098   16.6   0.0     4    27    26    49    24    56 0.89 contig_42_15 # 12967 # 13923 # 1 # ID=8_15;partial=00;start_type=ATG;rbs_motif=AGGAG;rbs_spacer=5-10bp;gc_cont=0.415
contig_9:46466-47119|-    -            218 1502854at2           -            192   0.00042   17.8   3.1   1   2     0.026         2    5.8   0.2     7    28    20    41    15    47 0.85 contig_9_49 # 46466 # 47119 # -1 # ID=48_49;partial=00;start_type=TTG;rbs_motif=None;rbs_spacer=None;gc_cont=0.387
contig_9:46466-47119|-    -            218 1502854at2           -            192   0.00042   17.8   3.1   2   2    0.0002     0.016   12.7   0.3    99   185   128   211   113   213 0.72 contig_9_49 # 46466 # 47119 # -1 # ID=48_49;partial=00;start_type=TTG;rbs_motif=None;rbs_spacer=None;gc_cont=0.387
contig_36:7043-7432|-     -            130 1502854at2           -            192    0.0005   17.6   0.0   1   1   1.3e-05   0.00098   16.6   0.0     4    27    51    74    49    81 0.89 contig_36_10 # 7043 # 7432 # -1 # ID=1_10;partial=00;start_type=ATG;rbs_motif=AGGAG;rbs_spacer=5-10bp;gc_cont=0.369
contig_60:50023-50907|+   -            295 1502854at2           -            192   0.00093   16.7   0.1   1   1   2.8e-05    0.0022   15.5   0.1     5    29   159   183   158   206 0.81 contig_60_44 # 50023 # 50907 # 1 # ID=12_44;partial=00;start_type=ATG;rbs_motif=AGGAGG;rbs_spacer=5-10bp;gc_cont=0.372
contig_32:32638-33324|+   -            229 1502854at2           -            192    0.0017   15.8   0.0   1   1   3.8e-05     0.003   15.0   0.0     4    31    26    53    24    62 0.84 contig_32_33 # 32638 # 33324 # 1 # ID=42_33;partial=00;start_type=ATG;rbs_motif=AGxAGG/AGGxGG;rbs_spacer=5-10bp;gc_cont=0.396
contig_14:53394-54500|-   -            369 1502854at2           -            192    0.0019   15.7   0.2   1   3   0.00014     0.011   13.2   0.0     4    26    31    53    29    60 0.89 contig_14_55 # 53394 # 54500 # -1 # ID=20_55;partial=00;start_type=ATG;rbs_motif=AGGAGG;rbs_spacer=5-10bp;gc_cont=0.380
contig_14:53394-54500|-   -            369 1502854at2           -            192    0.0019   15.7   0.2   2   3       4.5   3.5e+02   -1.5   0.0    51    75   188   212   181   231 0.71 contig_14_55 # 53394 # 54500 # -1 # ID=20_55;partial=00;start_type=ATG;rbs_motif=AGGAGG;rbs_spacer=5-10bp;gc_cont=0.380
contig_14:53394-54500|-   -            369 1502854at2           -            192    0.0019   15.7   0.2   3   3       9.5   7.4e+02   -2.6   0.0   121   140   343   362   337   367 0.52 contig_14_55 # 53394 # 54500 # -1 # ID=20_55;partial=00;start_type=ATG;rbs_motif=AGGAGG;rbs_spacer=5-10bp;gc_cont=0.380
contig_54:46361-47554|+   -            398 1502854at2           -            192    0.0019   15.7   0.1   1   1   4.5e-05    0.0035   14.8   0.1     7    37     6    36     1    39 0.87 contig_54_61 # 46361 # 47554 # 1 # ID=50_61;partial=00;start_type=ATG;rbs_motif=AGGAG;rbs_spacer=5-10bp;gc_cont=0.405
contig_10:5478-6206|-     -            243 1502854at2           -            192    0.0021   15.5   0.3   1   1   5.4e-05    0.0043   14.5   0.1     5    27    30    52    27    62 0.90 contig_10_8 # 5478 # 6206 # -1 # ID=36_8;partial=00;start_type=ATG;rbs_motif=AGGAG;rbs_spacer=5-10bp;gc_cont=0.384
contig_47:4604-5101|-     -            166 1502854at2           -            192    0.0027   15.2   0.5   1   2   0.00012    0.0092   13.4   0.0     3    35     2    34     1    37 0.87 contig_47_6 # 4604 # 5101 # -1 # ID=61_6;partial=00;start_type=ATG;rbs_motif=GGxGG;rbs_spacer=5-10bp;gc_cont=0.378
contig_47:4604-5101|-     -            166 1502854at2           -            192    0.0027   15.2   0.5   2   2       1.6   1.3e+02   -0.0   0.1   118   144   104   129    54   149 0.58 contig_47_6 # 4604 # 5101 # -1 # ID=61_6;partial=00;start_type=ATG;rbs_motif=GGxGG;rbs_spacer=5-10bp;gc_cont=0.378
contig_14:80552-81304|+   -            251 1502854at2           -            192    0.0029   15.1   0.3   1   3   0.00015     0.012   13.1   0.0     5    27    26    48    23    55 0.89 contig_14_81 # 80552 # 81304 # 1 # ID=20_81;partial=00;start_type=TTG;rbs_motif=GGAG/GAGG;rbs_spacer=5-10bp;gc_cont=0.344
contig_14:80552-81304|+   -            251 1502854at2           -            192    0.0029   15.1   0.3   2   3       7.7     6e+02   -2.3   0.0   160   184    90   114    83   119 0.70 contig_14_81 # 80552 # 81304 # 1 # ID=20_81;partial=00;start_type=TTG;rbs_motif=GGAG/GAGG;rbs_spacer=5-10bp;gc_cont=0.344
contig_14:80552-81304|+   -            251 1502854at2           -            192    0.0029   15.1   0.3   3   3       8.6   6.7e+02   -2.4   0.0   145   177   166   194   148   205 0.61 contig_14_81 # 80552 # 81304 # 1 # ID=20_81;partial=00;start_type=TTG;rbs_motif=GGAG/GAGG;rbs_spacer=5-10bp;gc_cont=0.344
contig_43:18153-18500|+   -            116 1502854at2           -            192     0.003   15.0   0.1   1   2   7.9e-05    0.0062   14.0   0.1     4    27    25    48    22    61 0.84 contig_43_22 # 18153 # 18500 # 1 # ID=13_22;partial=00;start_type=GTG;rbs_motif=AGGA;rbs_spacer=5-10bp;gc_cont=0.345
contig_43:18153-18500|+   -            116 1502854at2           -            192     0.003   15.0   0.1   2   2         6   4.7e+02   -1.9   0.0    16    30    54    68    47    76 0.75 contig_43_22 # 18153 # 18500 # 1 # ID=13_22;partial=00;start_type=GTG;rbs_motif=AGGA;rbs_spacer=5-10bp;gc_cont=0.345
contig_2:30836-31567|+    -            244 1502854at2           -            192     0.003   15.0   0.1   1   1   6.9e-05    0.0054   14.2   0.1     5    25    33    53    30    59 0.90 contig_2_37 # 30836 # 31567 # 1 # ID=43_37;partial=00;start_type=ATG;rbs_motif=AGGAG;rbs_spacer=5-10bp;gc_cont=0.388
contig_48:23731-24420|+   -            230 1502854at2           -            192    0.0032   14.9   0.1   1   1   7.1e-05    0.0055   14.2   0.1     4    29    25    50    23    57 0.89 contig_48_29 # 23731 # 24420 # 1 # ID=49_29;partial=00;start_type=ATG;rbs_motif=GGAGG;rbs_spacer=5-10bp;gc_cont=0.355
contig_22:74968-75693|-   -            242 1502854at2           -            192    0.0033   14.9   0.0   1   1   7.7e-05    0.0061   14.0   0.0     4    28    39    63    36    74 0.88 contig_22_71 # 74968 # 75693 # -1 # ID=6_71;partial=00;start_type=ATG;rbs_motif=3Base/5BMM;rbs_spacer=13-15bp;gc_cont=0.348
contig_18:24274-24960|+   -            229 1502854at2           -            192    0.0037   14.7   0.1   1   2   0.00016     0.012   13.0   0.2     4    27    33    56    31    68 0.86 contig_18_28 # 24274 # 24960 # 1 # ID=9_28;partial=00;start_type=ATG;rbs_motif=AGGAG(G)/GGAGG;rbs_spacer=13-15bp;gc_cont=0.397
contig_18:24274-24960|+   -            229 1502854at2           -            192    0.0037   14.7   0.1   2   2         5   3.9e+02   -1.7   0.0    59    91   123   156   121   172 0.79 contig_18_28 # 24274 # 24960 # 1 # ID=9_28;partial=00;start_type=ATG;rbs_motif=AGGAG(G)/GGAGG;rbs_spacer=13-15bp;gc_cont=0.397
contig_8:37714-39438|+    -            575 1502854at2           -            192    0.0048   14.4   0.1   1   2   0.00025     0.019   12.4   0.0     5    27   359   381   356   392 0.84 contig_8_32 # 37714 # 39438 # 1 # ID=27_32;partial=00;start_type=ATG;rbs_motif=AGGAGG;rbs_spacer=5-10bp;gc_cont=0.361
contig_8:37714-39438|+    -            575 1502854at2           -            192    0.0048   14.4   0.1   2   2       4.1   3.2e+02   -1.4   0.0   119   153   481   515   446   537 0.83 contig_8_32 # 37714 # 39438 # 1 # ID=27_32;partial=00;start_type=ATG;rbs_motif=AGGAGG;rbs_spacer=5-10bp;gc_cont=0.361
contig_7:4056-5183|+      -            376 1502854at2           -            192    0.0057   14.1   0.0   1   1   0.00017     0.013   12.9   0.0     3    27   189   213   187   224 0.87 contig_7_5 # 4056 # 5183 # 1 # ID=31_5;partial=00;start_type=TTG;rbs_motif=None;rbs_spacer=None;gc_cont=0.306
contig_46:20545-22356|-   -            604 1502854at2           -            192    0.0059   14.1   0.0   1   1   0.00018     0.014   12.8   0.0     4    28   386   410   384   420 0.86 contig_46_21 # 20545 # 22356 # -1 # ID=47_21;partial=00;start_type=ATG;rbs_motif=3Base/5BMM;rbs_spacer=13-15bp;gc_cont=0.427
contig_10:108848-109519|+ -            224 1502854at2           -            192     0.006   14.0   1.4   1   2    0.0019      0.15    9.5   0.0     7    28     5    26     1    35 0.81 contig_10_126 # 108848 # 109519 # 1 # ID=36_126;partial=00;start_type=ATG;rbs_motif=AGxAGG/AGGxGG;rbs_spacer=5-10bp;gc_cont=0.408
contig_10:108848-109519|+ -            224 1502854at2           -            192     0.006   14.0   1.4   2   2      0.12       9.1    3.7   0.4   120   165   141   183    86   221 0.72 contig_10_126 # 108848 # 109519 # 1 # ID=36_126;partial=00;start_type=ATG;rbs_motif=AGxAGG/AGGxGG;rbs_spacer=5-10bp;gc_cont=0.408
contig_27:59561-60328|-   -            256 1502854at2           -            192    0.0066   13.9   0.0   1   1   0.00014     0.011   13.2   0.0     5    27    33    55    30    70 0.85 contig_27_53 # 59561 # 60328 # -1 # ID=55_53;partial=00;start_type=ATG;rbs_motif=GGAG/GAGG;rbs_spacer=5-10bp;gc_cont=0.396
contig_38:38012-38689|+   -            226 1502854at2           -            192    0.0073   13.8   0.1   1   1   0.00018     0.014   12.8   0.1     5    24    32    51    29    62 0.88 contig_38_56 # 38012 # 38689 # 1 # ID=58_56;partial=00;start_type=ATG;rbs_motif=GGAG/GAGG;rbs_spacer=5-10bp;gc_cont=0.391
contig_4:40398-41186|+    -            263 1502854at2           -            192    0.0074   13.7   0.0   1   1   0.00016     0.013   13.0   0.0     4    27    40    63    38    74 0.87 contig_4_44 # 40398 # 41186 # 1 # ID=22_44;partial=00;start_type=TTG;rbs_motif=GGA/GAG/AGG;rbs_spacer=5-10bp;gc_cont=0.383
contig_46:8028-8843|+     -            272 1502854at2           -            192    0.0076   13.7   0.0   1   1    0.0002     0.016   12.7   0.0     5    27    53    75    51    82 0.88 contig_46_8 # 8028 # 8843 # 1 # ID=47_8;partial=00;start_type=ATG;rbs_motif=AGxAGG/AGGxGG;rbs_spacer=5-10bp;gc_cont=0.423
contig_34:20910-21689|-   -            260 1502854at2           -            192     0.008   13.6   0.0   1   1   0.00024     0.019   12.4   0.0     6    33    29    55    26    61 0.82 contig_34_28 # 20910 # 21689 # -1 # ID=2_28;partial=00;start_type=ATG;rbs_motif=GGAGG;rbs_spacer=5-10bp;gc_cont=0.377
contig_41:138510-139511|+ -            334 1502854at2           -            192    0.0083   13.6   0.0   1   1   0.00035     0.028   11.9   0.0     4    25    27    48    24    56 0.88 contig_41_147 # 138510 # 139511 # 1 # ID=34_147;partial=00;start_type=ATG;rbs_motif=GGA/GAG/AGG;rbs_spacer=11-12bp;gc_cont=0.387
contig_6:62838-63593|+    -            252 1502854at2           -            192      0.01   13.3   0.0   1   1   0.00023     0.018   12.5   0.0     5    27    32    54    29    62 0.87 contig_6_69 # 62838 # 63593 # 1 # ID=7_69;partial=00;start_type=ATG;rbs_motif=AGGAG;rbs_spacer=5-10bp;gc_cont=0.447
contig_5:53663-54406|+    -            248 1502854at2           -            192     0.011   13.2   0.0   1   1   0.00023     0.018   12.5   0.0     6    27    32    53    27    80 0.73 contig_5_53 # 53663 # 54406 # 1 # ID=39_53;partial=00;start_type=TTG;rbs_motif=AGGAG;rbs_spacer=5-10bp;gc_cont=0.383
contig_55:47535-49859|-   -            775 1502854at2           -            192     0.012   13.0   0.9   1   2       7.4   5.8e+02   -2.2   0.5   101   150   206   254   197   273 0.67 contig_55_54 # 47535 # 49859 # -1 # ID=19_54;partial=00;start_type=ATG;rbs_motif=AGGAG/GGAGG;rbs_spacer=11-12bp;gc_cont=0.392
contig_55:47535-49859|-   -            775 1502854at2           -            192     0.012   13.0   0.9   2   2   0.00034     0.027   11.9   0.0     5    30   347   372   343   381 0.83 contig_55_54 # 47535 # 49859 # -1 # ID=19_54;partial=00;start_type=ATG;rbs_motif=AGGAG/GGAGG;rbs_spacer=11-12bp;gc_cont=0.392
contig_58:81194-81769|+   -            192 1502854at2           -            192     0.013   13.0   0.1   1   1   0.00027     0.021   12.2   0.1     5    26    26    47    23    53 0.87 contig_58_91 # 81194 # 81769 # 1 # ID=41_91;partial=00;start_type=ATG;rbs_motif=GGAG/GAGG;rbs_spacer=5-10bp;gc_cont=0.415
contig_22:19327-20409|+   -            361 1502854at2           -            192     0.013   13.0   0.0   1   1   0.00046     0.036   11.5   0.0     6    27    30    51    27    58 0.86 contig_22_18 # 19327 # 20409 # 1 # ID=6_18;partial=00;start_type=ATG;rbs_motif=GGA/GAG/AGG;rbs_spacer=11-12bp;gc_cont=0.377
contig_41:170940-171767|+ -            276 1502854at2           -            192     0.014   12.8   0.1   1   1   0.00038      0.03   11.8   0.1     5    27    29    51    26    58 0.87 contig_41_177 # 170940 # 171767 # 1 # ID=34_177;partial=00;start_type=TTG;rbs_motif=AGxAGG/AGGxGG;rbs_spacer=5-10bp;gc_cont=0.396
contig_54:35418-36215|+   -            266 1502854at2           -            192     0.014   12.8   0.3   1   2   0.00066     0.052   11.0   0.1     5    26    29    50    26    58 0.89 contig_54_47 # 35418 # 36215 # 1 # ID=50_47;partial=00;start_type=GTG;rbs_motif=AGGAGG;rbs_spacer=5-10bp;gc_cont=0.391
contig_54:35418-36215|+   -            266 1502854at2           -            192     0.014   12.8   0.3   2   2       3.9     3e+02   -1.3   0.0    67    81   116   130   107   151 0.69 contig_54_47 # 35418 # 36215 # 1 # ID=50_47;partial=00;start_type=GTG;rbs_motif=AGGAGG;rbs_spacer=5-10bp;gc_cont=0.391
contig_48:13407-15167|+   -            587 1502854at2           -            192     0.014   12.8   0.0   1   1   0.00045     0.035   11.5   0.0     5    26   358   379   355   387 0.85 contig_48_17 # 13407 # 15167 # 1 # ID=49_17;partial=00;start_type=ATG;rbs_motif=AGGAG;rbs_spacer=5-10bp;gc_cont=0.386
contig_33:25223-26023|-   -            267 1502854at2           -            192     0.015   12.7   0.0   1   1   0.00036     0.028   11.8   0.0     5    28    46    69    44    77 0.86 contig_33_32 # 25223 # 26023 # -1 # ID=23_32;partial=00;start_type=ATG;rbs_motif=AGGAG;rbs_spacer=5-10bp;gc_cont=0.328
contig_4:8416-10116|+     -            567 1502854at2           -            192     0.016   12.7   3.1   1   3      0.49        39    1.6   0.1   121   161   158   199   144   234 0.75 contig_4_15 # 8416 # 10116 # 1 # ID=22_15;partial=00;start_type=TTG;rbs_motif=GGA/GAG/AGG;rbs_spacer=5-10bp;gc_cont=0.409
contig_4:8416-10116|+     -            567 1502854at2           -            192     0.016   12.7   3.1   2   3       1.7   1.4e+02   -0.2   0.1   129   156   256   282   241   289 0.84 contig_4_15 # 8416 # 10116 # 1 # ID=22_15;partial=00;start_type=TTG;rbs_motif=GGA/GAG/AGG;rbs_spacer=5-10bp;gc_cont=0.409
contig_4:8416-10116|+     -            567 1502854at2           -            192     0.016   12.7   3.1   3   3    0.0025       0.2    9.1   0.0     9    28   294   313   288   323 0.91 contig_4_15 # 8416 # 10116 # 1 # ID=22_15;partial=00;start_type=TTG;rbs_motif=GGA/GAG/AGG;rbs_spacer=5-10bp;gc_cont=0.409
contig_29:11872-12540|+   -            223 1502854at2           -            192     0.019   12.4   0.0   1   2   0.00085     0.067   10.6   0.0     6    29    12    35     9    44 0.82 contig_29_15 # 11872 # 12540 # 1 # ID=51_15;partial=00;start_type=ATG;rbs_motif=AGGAG;rbs_spacer=5-10bp;gc_cont=0.357
contig_29:11872-12540|+   -            223 1502854at2           -            192     0.019   12.4   0.0   2   2       3.5   2.7e+02   -1.1   0.0   120   145   136   160   124   212 0.68 contig_29_15 # 11872 # 12540 # 1 # ID=51_15;partial=00;start_type=ATG;rbs_motif=AGGAG;rbs_spacer=5-10bp;gc_cont=0.357
contig_38:51031-51789|+   -            253 1502854at2           -            192     0.021   12.3   0.0   1   1   0.00052      0.04   11.3   0.0     4    27    29    52    27    58 0.89 contig_38_75 # 51031 # 51789 # 1 # ID=58_75;partial=00;start_type=ATG;rbs_motif=GGAGG;rbs_spacer=5-10bp;gc_cont=0.472
contig_51:104115-104948|+ -            278 1502854at2           -            192     0.021   12.3   0.1   1   1   0.00068     0.053   10.9   0.0     6    28    56    78    53    97 0.84 contig_51_115 # 104115 # 104948 # 1 # ID=54_115;partial=00;start_type=ATG;rbs_motif=GGAG/GAGG;rbs_spacer=5-10bp;gc_cont=0.378
contig_26:24021-25469|-   -            483 1502854at2           -            192     0.026   12.0   7.4   1   4     0.035       2.7    5.4   0.1    11    27    36    52    33    60 0.86 contig_26_32 # 24021 # 25469 # -1 # ID=17_32;partial=00;start_type=ATG;rbs_motif=GGAGG;rbs_spacer=5-10bp;gc_cont=0.367
contig_26:24021-25469|-   -            483 1502854at2           -            192     0.026   12.0   7.4   2   4       6.9   5.4e+02   -2.1   0.4   148   182   186   221   178   242 0.51 contig_26_32 # 24021 # 25469 # -1 # ID=17_32;partial=00;start_type=ATG;rbs_motif=GGAGG;rbs_spacer=5-10bp;gc_cont=0.367
contig_26:24021-25469|-   -            483 1502854at2           -            192     0.026   12.0   7.4   3   4       8.9     7e+02   -2.5   0.1    79    96   243   260   220   279 0.71 contig_26_32 # 24021 # 25469 # -1 # ID=17_32;partial=00;start_type=ATG;rbs_motif=GGAGG;rbs_spacer=5-10bp;gc_cont=0.367
contig_26:24021-25469|-   -            483 1502854at2           -            192     0.026   12.0   7.4   4   4    0.0019      0.15    9.5   0.0     8    37   322   351   318   380 0.90 contig_26_32 # 24021 # 25469 # -1 # ID=17_32;partial=00;start_type=ATG;rbs_motif=GGAGG;rbs_spacer=5-10bp;gc_cont=0.367
contig_52:59149-62931|-   -           1261 1502854at2           -            192     0.027   11.9   0.0   1   4   0.00034     0.027   11.9   0.0     7    31   325   349   322   359 0.82 contig_52_55 # 59149 # 62931 # -1 # ID=15_55;partial=00;start_type=ATG;rbs_motif=AGGAGG;rbs_spacer=5-10bp;gc_cont=0.391
contig_52:59149-62931|-   -           1261 1502854at2           -            192     0.027   11.9   0.0   2   4      0.18        14    3.1   4.2   113   187   411   483   387   489 0.76 contig_52_55 # 59149 # 62931 # -1 # ID=15_55;partial=00;start_type=ATG;rbs_motif=AGGAGG;rbs_spacer=5-10bp;gc_cont=0.391
contig_52:59149-62931|-   -           1261 1502854at2           -            192     0.027   11.9   0.0   3   4       6.3   4.9e+02   -2.0   1.0   104   160   513   570   475   597 0.49 contig_52_55 # 59149 # 62931 # -1 # ID=15_55;partial=00;start_type=ATG;rbs_motif=AGGAGG;rbs_spacer=5-10bp;gc_cont=0.391
contig_52:59149-62931|-   -           1261 1502854at2           -            192     0.027   11.9   0.0   4   4       4.3   3.4e+02   -1.5   0.1   142   188   597   643   569   647 0.64 contig_52_55 # 59149 # 62931 # -1 # ID=15_55;partial=00;start_type=ATG;rbs_motif=AGGAGG;rbs_spacer=5-10bp;gc_cont=0.391
contig_32:59200-61326|+   -            709 1502854at2           -            192     0.027   11.9   6.3   1   3      0.23        18    2.7   0.0    10    29    54    73    46    79 0.85 contig_32_57 # 59200 # 61326 # 1 # ID=42_57;partial=00;start_type=ATG;rbs_motif=AGGAG;rbs_spacer=5-10bp;gc_cont=0.397
contig_32:59200-61326|+   -            709 1502854at2           -            192     0.027   11.9   6.3   2   3       2.1   1.6e+02   -0.4   3.4   127   186   261   326   250   332 0.73 contig_32_57 # 59200 # 61326 # 1 # ID=42_57;partial=00;start_type=ATG;rbs_motif=AGGAG;rbs_spacer=5-10bp;gc_cont=0.397
contig_32:59200-61326|+   -            709 1502854at2           -            192     0.027   11.9   6.3   3   3    0.0056      0.44    8.0   0.0     9    29   454   474   451   483 0.88 contig_32_57 # 59200 # 61326 # 1 # ID=42_57;partial=00;start_type=ATG;rbs_motif=AGGAG;rbs_spacer=5-10bp;gc_cont=0.397
contig_52:66333-67904|+   -            524 1502854at2           -            192      0.03   11.8   1.1   1   2      0.24        18    2.7   0.1    10    26    33    49    28    57 0.82 contig_52_60 # 66333 # 67904 # 1 # ID=15_60;partial=00;start_type=ATG;rbs_motif=GGAGG;rbs_spacer=5-10bp;gc_cont=0.390
contig_52:66333-67904|+   -            524 1502854at2           -            192      0.03   11.8   1.1   2   2     0.016       1.2    6.5   0.1     5    28   351   374   349   380 0.84 contig_52_60 # 66333 # 67904 # 1 # ID=15_60;partial=00;start_type=ATG;rbs_motif=GGAGG;rbs_spacer=5-10bp;gc_cont=0.390
contig_2:21227-22258|-    -            344 1502854at2           -            192     0.038   11.4   0.0   1   1   0.00082     0.065   10.7   0.0     5    31   145   171   142   180 0.87 contig_2_27 # 21227 # 22258 # -1 # ID=43_27;partial=00;start_type=TTG;rbs_motif=GGA/GAG/AGG;rbs_spacer=3-4bp;gc_cont=0.381
contig_6:94302-94712|+    -            137 1502854at2           -            192     0.046   11.2   0.0   1   2    0.0014      0.11    9.9   0.0     6    29    36    59    32    65 0.85 contig_6_106 # 94302 # 94712 # 1 # ID=7_106;partial=00;start_type=ATG;rbs_motif=AGGAGG;rbs_spacer=5-10bp;gc_cont=0.404
contig_6:94302-94712|+    -            137 1502854at2           -            192     0.046   11.2   0.0   2   2       7.1   5.6e+02   -2.2   0.0    55    74    98   117    96   128 0.79 contig_6_106 # 94302 # 94712 # 1 # ID=7_106;partial=00;start_type=ATG;rbs_motif=AGGAGG;rbs_spacer=5-10bp;gc_cont=0.404
contig_54:13876-14523|+   -            216 1502854at2           -            192     0.072   10.5   1.9   1   3    0.0019      0.15    9.5   0.2     4    29    16    41    13    52 0.79 contig_54_20 # 13876 # 14523 # 1 # ID=50_20;partial=00;start_type=ATG;rbs_motif=AGGAG;rbs_spacer=5-10bp;gc_cont=0.323
contig_54:13876-14523|+   -            216 1502854at2           -            192     0.072   10.5   1.9   2   3      0.81        63    0.9   0.0    48    82    43    79    40   101 0.74 contig_54_20 # 13876 # 14523 # 1 # ID=50_20;partial=00;start_type=ATG;rbs_motif=AGGAG;rbs_spacer=5-10bp;gc_cont=0.323
contig_54:13876-14523|+   -            216 1502854at2           -            192     0.072   10.5   1.9   3   3       8.2   6.4e+02   -2.4   0.0   140   140   167   167   142   209 0.50 contig_54_20 # 13876 # 14523 # 1 # ID=50_20;partial=00;start_type=ATG;rbs_motif=AGGAG;rbs_spacer=5-10bp;gc_cont=0.323
contig_54:22421-24082|+   -            554 1502854at2           -            192      0.31    8.5   6.5   1   3     0.023       1.8    6.0   0.2     4    27    38    61    36    71 0.86 contig_54_33 # 22421 # 24082 # 1 # ID=50_33;partial=00;start_type=TTG;rbs_motif=GGAGG;rbs_spacer=5-10bp;gc_cont=0.401
contig_54:22421-24082|+   -            554 1502854at2           -            192      0.31    8.5   6.5   2   3       5.6   4.4e+02   -1.8   0.5   134   162   206   235   196   245 0.60 contig_54_33 # 22421 # 24082 # 1 # ID=50_33;partial=00;start_type=TTG;rbs_motif=GGAGG;rbs_spacer=5-10bp;gc_cont=0.401
contig_54:22421-24082|+   -            554 1502854at2           -            192      0.31    8.5   6.5   3   3     0.067       5.3    4.4   0.0     9    31   331   353   325   364 0.76 contig_54_33 # 22421 # 24082 # 1 # ID=50_33;partial=00;start_type=TTG;rbs_motif=GGAGG;rbs_spacer=5-10bp;gc_cont=0.401
#
# Program:         hmmsearch
# Version:         3.4 (Aug 2023)
# Pipeline mode:   SEARCH
# Query file:      /scratch/ky/characterization/busco_downloads/lineages/bacteria_odb10/hmms/1502854at2.hmm
# Target file:     /scratch/ky/characterization/results/barcode06/polishing/busco_out/busco_barcode06/barcode06.fasta/prodigal_output/predicted_genes/predicted.faa
# Option settings: hmmsearch --domtblout /scratch/ky/characterization/results/barcode06/polishing/busco_out/busco_barcode06/barcode06.fasta/run_bacteria_odb10/hmmer_output/1502854at2.out --cpu 1 /scratch/ky/characterization/busco_downloads/lineages/bacteria_odb10/hmms/1502854at2.hmm /scratch/ky/characterization/results/barcode06/polishing/busco_out/busco_barcode06/barcode06.fasta/prodigal_output/predicted_genes/predicted.faa 
# Current dir:     /scratch/ky/characterization
# Date:            Thu Mar 12 12:04:26 2026
# [ok]
