#                                                                                 --- full sequence --- -------------- this domain -------------   hmm coord   ali coord   env coord
# target name             accession   tlen query name           accession   qlen   E-value  score  bias   #  of  c-Evalue  i-Evalue  score  bias  from    to  from    to  from    to  acc description of target
#     ------------------- ---------- ----- -------------------- ---------- ----- --------- ------ ----- --- --- --------- --------- ------ ----- ----- ----- ----- ----- ----- ----- ---- ---------------------
contig_18:29324-30610|+   -            429 1592033at2           -            393  3.9e-145  481.7   3.4   1   1  1.6e-147    5e-145  481.3   3.4     9   378    12   401     5   411 0.93 contig_18_32 # 29324 # 30610 # 1 # ID=9_32;partial=00;start_type=ATG;rbs_motif=GGAGG;rbs_spacer=5-10bp;gc_cont=0.393
contig_10:111082-112392|+ -            437 1592033at2           -            393   6.3e-18   62.8   0.0   1   2   3.5e-10   1.1e-07   29.1   0.0   195   353     4   166     1   173 0.84 contig_10_128 # 111082 # 112392 # 1 # ID=36_128;partial=00;start_type=ATG;rbs_motif=AGGA;rbs_spacer=5-10bp;gc_cont=0.400
contig_10:111082-112392|+ -            437 1592033at2           -            393   6.3e-18   62.8   0.0   2   2   8.9e-11   2.8e-08   31.1   0.3   192   361   173   358   164   381 0.79 contig_10_128 # 111082 # 112392 # 1 # ID=36_128;partial=00;start_type=ATG;rbs_motif=AGGA;rbs_spacer=5-10bp;gc_cont=0.400
contig_55:14184-15473|-   -            430 1592033at2           -            393   3.1e-13   47.4   0.0   1   1   1.4e-15   4.3e-13   46.9   0.0   193   352   157   330   154   363 0.82 contig_55_17 # 14184 # 15473 # -1 # ID=19_17;partial=00;start_type=ATG;rbs_motif=GGAG/GAGG;rbs_spacer=5-10bp;gc_cont=0.418
contig_51:33191-34108|+   -            306 1592033at2           -            393     8e-11   39.5   0.0   1   1   3.5e-13   1.1e-10   39.0   0.0   196   352    12   176     2   210 0.81 contig_51_37 # 33191 # 34108 # 1 # ID=54_37;partial=00;start_type=ATG;rbs_motif=GGAGG;rbs_spacer=5-10bp;gc_cont=0.375
contig_41:10394-11269|+   -            292 1592033at2           -            393   2.6e-10   37.8   0.8   1   2   3.6e-08   1.1e-05   22.5   0.1   252   353     3   107     2   120 0.84 contig_41_11 # 10394 # 11269 # 1 # ID=34_11;partial=00;start_type=GTG;rbs_motif=AGGAGG;rbs_spacer=5-10bp;gc_cont=0.385
contig_41:10394-11269|+   -            292 1592033at2           -            393   2.6e-10   37.8   0.8   2   2     9e-06    0.0028   14.6   0.1   187   219   114   145   107   151 0.78 contig_41_11 # 10394 # 11269 # 1 # ID=34_11;partial=00;start_type=GTG;rbs_motif=AGGAGG;rbs_spacer=5-10bp;gc_cont=0.385
contig_5:22751-23851|+    -            367 1592033at2           -            393   4.3e-10   37.1   0.3   1   2   7.5e-12   2.3e-09   34.6   0.0   197   241     5    50     2    58 0.90 contig_5_23 # 22751 # 23851 # 1 # ID=39_23;partial=00;start_type=ATG;rbs_motif=GGA/GAG/AGG;rbs_spacer=11-12bp;gc_cont=0.383
contig_5:22751-23851|+    -            367 1592033at2           -            393   4.3e-10   37.1   0.3   2   2      0.29        92   -0.3   0.1   303   352   198   249   177   268 0.62 contig_5_23 # 22751 # 23851 # 1 # ID=39_23;partial=00;start_type=ATG;rbs_motif=GGA/GAG/AGG;rbs_spacer=11-12bp;gc_cont=0.383
contig_5:13102-14487|+    -            462 1592033at2           -            393   4.5e-10   37.0   1.3   1   1   2.5e-12   7.9e-10   36.2   1.3   165   377   196   411   139   422 0.77 contig_5_13 # 13102 # 14487 # 1 # ID=39_13;partial=00;start_type=ATG;rbs_motif=AGGAGG;rbs_spacer=5-10bp;gc_cont=0.396
contig_65:15317-16420|-   -            368 1592033at2           -            393   1.3e-06   25.6   0.1   1   2    0.0021      0.64    6.8   0.0   298   351    90   159    88   163 0.77 contig_65_18 # 15317 # 16420 # -1 # ID=35_18;partial=00;start_type=ATG;rbs_motif=GGAGG;rbs_spacer=5-10bp;gc_cont=0.388
contig_65:15317-16420|-   -            368 1592033at2           -            393   1.3e-06   25.6   0.1   2   2   1.3e-06    0.0004   17.4   0.1   195   253   161   222   155   230 0.73 contig_65_18 # 15317 # 16420 # -1 # ID=35_18;partial=00;start_type=ATG;rbs_motif=GGAGG;rbs_spacer=5-10bp;gc_cont=0.388
contig_55:46949-47530|-   -            194 1592033at2           -            393   0.00078   16.5   0.0   1   2   6.8e-05     0.021   11.7   0.0   193   221    22    50    14    52 0.88 contig_55_53 # 46949 # 47530 # -1 # ID=19_53;partial=00;start_type=ATG;rbs_motif=AGGAG/GGAGG;rbs_spacer=11-12bp;gc_cont=0.380
contig_55:46949-47530|-   -            194 1592033at2           -            393   0.00078   16.5   0.0   2   2     0.036        11    2.7   0.0   276   347   109   190   103   193 0.65 contig_55_53 # 46949 # 47530 # -1 # ID=19_53;partial=00;start_type=ATG;rbs_motif=AGGAG/GGAGG;rbs_spacer=11-12bp;gc_cont=0.380
contig_1:10483-11007|+    -            175 1592033at2           -            393    0.0012   15.8   0.0   1   1   5.6e-06    0.0017   15.3   0.0   196   220     9    33     4    36 0.86 contig_1_15 # 10483 # 11007 # 1 # ID=33_15;partial=00;start_type=GTG;rbs_motif=AGGA;rbs_spacer=5-10bp;gc_cont=0.430
contig_15:45301-45801|+   -            167 1592033at2           -            393    0.0054   13.7   0.4   1   2   5.6e-05     0.018   12.0   0.2   196   221     4    29     2    35 0.85 contig_15_40 # 45301 # 45801 # 1 # ID=28_40;partial=00;start_type=ATG;rbs_motif=AGGA;rbs_spacer=5-10bp;gc_cont=0.397
contig_15:45301-45801|+   -            167 1592033at2           -            393    0.0054   13.7   0.4   2   2      0.44   1.4e+02   -0.8   0.0   307   352    93   147    87   161 0.64 contig_15_40 # 45301 # 45801 # 1 # ID=28_40;partial=00;start_type=ATG;rbs_motif=AGGA;rbs_spacer=5-10bp;gc_cont=0.397
contig_19:21310-22533|-   -            408 1592033at2           -            393     0.016   12.1   3.0   1   3   8.2e-05     0.026   11.5   0.0   165   221    17    72     5    76 0.84 contig_19_27 # 21310 # 22533 # -1 # ID=45_27;partial=00;start_type=ATG;rbs_motif=3Base/5BMM;rbs_spacer=13-15bp;gc_cont=0.386
contig_19:21310-22533|-   -            408 1592033at2           -            393     0.016   12.1   3.0   2   3      0.23        72    0.1   0.1   271   322   164   215   156   227 0.75 contig_19_27 # 21310 # 22533 # -1 # ID=45_27;partial=00;start_type=ATG;rbs_motif=3Base/5BMM;rbs_spacer=13-15bp;gc_cont=0.386
contig_19:21310-22533|-   -            408 1592033at2           -            393     0.016   12.1   3.0   3   3       1.4   4.5e+02   -2.5   0.3   281   321   259   299   252   348 0.53 contig_19_27 # 21310 # 22533 # -1 # ID=45_27;partial=00;start_type=ATG;rbs_motif=3Base/5BMM;rbs_spacer=13-15bp;gc_cont=0.386
contig_60:50023-50907|+   -            295 1592033at2           -            393     0.042   10.7   0.0   1   1   0.00023     0.073   10.0   0.0   197   251   163   221   118   223 0.86 contig_60_44 # 50023 # 50907 # 1 # ID=12_44;partial=00;start_type=ATG;rbs_motif=AGGAGG;rbs_spacer=5-10bp;gc_cont=0.372
#
# Program:         hmmsearch
# Version:         3.4 (Aug 2023)
# Pipeline mode:   SEARCH
# Query file:      /scratch/ky/characterization/busco_downloads/lineages/bacteria_odb10/hmms/1592033at2.hmm
# Target file:     /scratch/ky/characterization/results/barcode06/polishing/busco_out/busco_barcode06/barcode06.fasta/prodigal_output/predicted_genes/predicted.faa
# Option settings: hmmsearch --domtblout /scratch/ky/characterization/results/barcode06/polishing/busco_out/busco_barcode06/barcode06.fasta/run_bacteria_odb10/hmmer_output/1592033at2.out --cpu 1 /scratch/ky/characterization/busco_downloads/lineages/bacteria_odb10/hmms/1592033at2.hmm /scratch/ky/characterization/results/barcode06/polishing/busco_out/busco_barcode06/barcode06.fasta/prodigal_output/predicted_genes/predicted.faa 
# Current dir:     /scratch/ky/characterization
# Date:            Thu Mar 12 12:04:27 2026
# [ok]
