#                                                                                 --- full sequence --- -------------- this domain -------------   hmm coord   ali coord   env coord
# target name             accession   tlen query name           accession   qlen   E-value  score  bias   #  of  c-Evalue  i-Evalue  score  bias  from    to  from    to  from    to  acc description of target
#     ------------------- ---------- ----- -------------------- ---------- ----- --------- ------ ----- --- --- --------- --------- ------ ----- ----- ----- ----- ----- ----- ----- ---- ---------------------
contig_65:3-1097|-        -            365 182107at2            -            492  1.7e-135  450.0   1.0   1   1  8.7e-138  2.9e-135  449.3   1.0    22   316     1   341     1   359 0.89 contig_65_1 # 3 # 1097 # -1 # ID=35_1;partial=10;start_type=ATG;rbs_motif=None;rbs_spacer=None;gc_cont=0.410
contig_14:105428-107272|+ -            615 182107at2            -            492   1.3e-43  147.0   3.2   1   2   1.1e-40   3.8e-38  129.0   1.4     1   244     8   297     8   320 0.77 contig_14_111 # 105428 # 107272 # 1 # ID=20_111;partial=00;start_type=ATG;rbs_motif=GGAG/GAGG;rbs_spacer=5-10bp;gc_cont=0.382
contig_14:105428-107272|+ -            615 182107at2            -            492   1.3e-43  147.0   3.2   2   2   6.5e-06    0.0022   14.3   0.0   285   355   367   434   337   437 0.88 contig_14_111 # 105428 # 107272 # 1 # ID=20_111;partial=00;start_type=ATG;rbs_motif=GGAG/GAGG;rbs_spacer=5-10bp;gc_cont=0.382
contig_4:35055-37133|+    -            693 182107at2            -            492     3e-38  129.3   0.4   1   4   4.6e-27   1.6e-24   84.1   0.0     2   116    11   143    10   168 0.84 contig_4_40 # 35055 # 37133 # 1 # ID=22_40;partial=00;start_type=ATG;rbs_motif=AGGAG;rbs_spacer=5-10bp;gc_cont=0.412
contig_4:35055-37133|+    -            693 182107at2            -            492     3e-38  129.3   0.4   2   4         1   3.5e+02   -2.8   0.0   133   159   257   283   234   286 0.74 contig_4_40 # 35055 # 37133 # 1 # ID=22_40;partial=00;start_type=ATG;rbs_motif=AGGAG;rbs_spacer=5-10bp;gc_cont=0.412
contig_4:35055-37133|+    -            693 182107at2            -            492     3e-38  129.3   0.4   3   4     2e-10   6.8e-08   29.2   0.0   158   314   304   482   298   497 0.69 contig_4_40 # 35055 # 37133 # 1 # ID=22_40;partial=00;start_type=ATG;rbs_motif=AGGAG;rbs_spacer=5-10bp;gc_cont=0.412
contig_4:35055-37133|+    -            693 182107at2            -            492     3e-38  129.3   0.4   4   4   0.00024     0.082    9.1   0.0   322   350   599   627   583   634 0.90 contig_4_40 # 35055 # 37133 # 1 # ID=22_40;partial=00;start_type=ATG;rbs_motif=AGGAG;rbs_spacer=5-10bp;gc_cont=0.412
contig_17:11690-12706|+   -            339 182107at2            -            492   5.5e-27   92.1   0.7   1   2   1.5e-25   5.1e-23   79.1   0.3     1   134     3   154     3   164 0.80 contig_17_12 # 11690 # 12706 # 1 # ID=24_12;partial=00;start_type=ATG;rbs_motif=GGAGG;rbs_spacer=5-10bp;gc_cont=0.353
contig_17:11690-12706|+   -            339 182107at2            -            492   5.5e-27   92.1   0.7   2   2   6.1e-05     0.021   11.1   0.0   131   204   214   291   193   308 0.78 contig_17_12 # 11690 # 12706 # 1 # ID=24_12;partial=00;start_type=ATG;rbs_motif=GGAGG;rbs_spacer=5-10bp;gc_cont=0.353
contig_41:77042-79324|+   -            761 182107at2            -            492     2e-24   83.7   0.5   1   1   1.4e-26   4.8e-24   82.5   0.5     5   198   267   473   265   492 0.82 contig_41_78 # 77042 # 79324 # 1 # ID=34_78;partial=00;start_type=ATG;rbs_motif=GGxGG;rbs_spacer=5-10bp;gc_cont=0.383
contig_57:33040-34977|+   -            646 182107at2            -            492   9.1e-20   68.4   0.3   1   4   2.9e-21     1e-18   64.9   0.1     5   126     6   145     2   174 0.85 contig_57_43 # 33040 # 34977 # 1 # ID=56_43;partial=00;start_type=ATG;rbs_motif=GGAG/GAGG;rbs_spacer=5-10bp;gc_cont=0.458
contig_57:33040-34977|+   -            646 182107at2            -            492   9.1e-20   68.4   0.3   2   4       1.3   4.3e+02   -3.2   0.0   116   194   188   271   179   284 0.65 contig_57_43 # 33040 # 34977 # 1 # ID=56_43;partial=00;start_type=ATG;rbs_motif=GGAG/GAGG;rbs_spacer=5-10bp;gc_cont=0.458
contig_57:33040-34977|+   -            646 182107at2            -            492   9.1e-20   68.4   0.3   3   4      0.84   2.8e+02   -2.5   0.1   283   314   376   407   372   412 0.89 contig_57_43 # 33040 # 34977 # 1 # ID=56_43;partial=00;start_type=ATG;rbs_motif=GGAG/GAGG;rbs_spacer=5-10bp;gc_cont=0.458
contig_57:33040-34977|+   -            646 182107at2            -            492   9.1e-20   68.4   0.3   4   4      0.21        73   -0.6   0.0   322   350   520   548   512   558 0.83 contig_57_43 # 33040 # 34977 # 1 # ID=56_43;partial=00;start_type=ATG;rbs_motif=GGAG/GAGG;rbs_spacer=5-10bp;gc_cont=0.458
contig_4:37270-38457|+    -            396 182107at2            -            492     8e-15   52.0   0.2   1   1   3.9e-17   1.3e-14   51.3   0.2     3   208    14   259    12   279 0.72 contig_4_41 # 37270 # 38457 # 1 # ID=22_41;partial=00;start_type=ATG;rbs_motif=AGGAGG;rbs_spacer=5-10bp;gc_cont=0.416
contig_10:111082-112392|+ -            437 182107at2            -            492   2.2e-09   34.1   0.8   1   2    0.0001     0.034   10.4   0.0     6   160     8   168     5   172 0.67 contig_10_128 # 111082 # 112392 # 1 # ID=36_128;partial=00;start_type=ATG;rbs_motif=AGGA;rbs_spacer=5-10bp;gc_cont=0.400
contig_10:111082-112392|+ -            437 182107at2            -            492   2.2e-09   34.1   0.8   2   2   3.4e-08   1.2e-05   21.8   0.8    62   167   245   359   175   367 0.71 contig_10_128 # 111082 # 112392 # 1 # ID=36_128;partial=00;start_type=ATG;rbs_motif=AGGA;rbs_spacer=5-10bp;gc_cont=0.400
contig_51:33191-34108|+   -            306 182107at2            -            492     1e-06   25.3   0.0   1   1   4.8e-09   1.6e-06   24.6   0.0     5   157    14   176    11   187 0.78 contig_51_37 # 33191 # 34108 # 1 # ID=54_37;partial=00;start_type=ATG;rbs_motif=GGAGG;rbs_spacer=5-10bp;gc_cont=0.375
contig_15:45301-45801|+   -            167 182107at2            -            492   0.00018   17.9   0.0   1   1     1e-06   0.00034   17.0   0.0    47   149    36   138     3   163 0.76 contig_15_40 # 45301 # 45801 # 1 # ID=28_40;partial=00;start_type=ATG;rbs_motif=AGGA;rbs_spacer=5-10bp;gc_cont=0.397
contig_17:12765-13607|+   -            281 182107at2            -            492    0.0015   14.9   0.1   1   2   0.00013     0.045   10.0   0.0   281   327    29    73     2    84 0.80 contig_17_13 # 12765 # 13607 # 1 # ID=24_13;partial=00;start_type=ATG;rbs_motif=None;rbs_spacer=None;gc_cont=0.380
contig_17:12765-13607|+   -            281 182107at2            -            492    0.0015   14.9   0.1   2   2     0.017       5.7    3.1   0.0   307   341   160   195   154   219 0.77 contig_17_13 # 12765 # 13607 # 1 # ID=24_13;partial=00;start_type=ATG;rbs_motif=None;rbs_spacer=None;gc_cont=0.380
contig_14:1-711|+         -            237 182107at2            -            492    0.0038   13.5   0.3   1   1   2.6e-05    0.0087   12.3   0.3   229   344   101   213    13   222 0.75 contig_14_1 # 1 # 711 # 1 # ID=20_1;partial=10;start_type=Edge;rbs_motif=None;rbs_spacer=None;gc_cont=0.366
#
# Program:         hmmsearch
# Version:         3.4 (Aug 2023)
# Pipeline mode:   SEARCH
# Query file:      /scratch/ky/characterization/busco_downloads/lineages/bacteria_odb10/hmms/182107at2.hmm
# Target file:     /scratch/ky/characterization/results/barcode06/polishing/busco_out/busco_barcode06/barcode06.fasta/prodigal_output/predicted_genes/predicted.faa
# Option settings: hmmsearch --domtblout /scratch/ky/characterization/results/barcode06/polishing/busco_out/busco_barcode06/barcode06.fasta/run_bacteria_odb10/hmmer_output/182107at2.out --cpu 1 /scratch/ky/characterization/busco_downloads/lineages/bacteria_odb10/hmms/182107at2.hmm /scratch/ky/characterization/results/barcode06/polishing/busco_out/busco_barcode06/barcode06.fasta/prodigal_output/predicted_genes/predicted.faa 
# Current dir:     /scratch/ky/characterization
# Date:            Thu Mar 12 12:04:27 2026
# [ok]
