#                                                                                 --- full sequence --- -------------- this domain -------------   hmm coord   ali coord   env coord
# target name             accession   tlen query name           accession   qlen   E-value  score  bias   #  of  c-Evalue  i-Evalue  score  bias  from    to  from    to  from    to  acc description of target
#     ------------------- ---------- ----- -------------------- ---------- ----- --------- ------ ----- --- --- --------- --------- ------ ----- ----- ----- ----- ----- ----- ----- ---- ---------------------
contig_26:24021-25469|-   -            483 1827295at2           -             74   4.6e-06   24.4   0.0   1   2      0.01       1.9    6.3   0.0     8    33    29    56    21    72 0.78 contig_26_32 # 24021 # 25469 # -1 # ID=17_32;partial=00;start_type=ATG;rbs_motif=GGAGG;rbs_spacer=5-10bp;gc_cont=0.367
contig_26:24021-25469|-   -            483 1827295at2           -             74   4.6e-06   24.4   0.0   2   2   1.6e-05    0.0029   15.4   0.0     9    61   321   370   305   375 0.86 contig_26_32 # 24021 # 25469 # -1 # ID=17_32;partial=00;start_type=ATG;rbs_motif=GGAGG;rbs_spacer=5-10bp;gc_cont=0.367
contig_32:59200-61326|+   -            709 1827295at2           -             74   0.00031   18.5   0.3   1   3    0.0077       1.4    6.8   0.0    12    33    54    76    43    80 0.84 contig_32_57 # 59200 # 61326 # 1 # ID=42_57;partial=00;start_type=ATG;rbs_motif=AGGAG;rbs_spacer=5-10bp;gc_cont=0.397
contig_32:59200-61326|+   -            709 1827295at2           -             74   0.00031   18.5   0.3   2   3         7   1.3e+03   -2.7   0.1    17    25   135   143   132   151 0.76 contig_32_57 # 59200 # 61326 # 1 # ID=42_57;partial=00;start_type=ATG;rbs_motif=AGGAG;rbs_spacer=5-10bp;gc_cont=0.397
contig_32:59200-61326|+   -            709 1827295at2           -             74   0.00031   18.5   0.3   3   3    0.0023      0.43    8.4   0.0    11    32   454   475   439   480 0.87 contig_32_57 # 59200 # 61326 # 1 # ID=42_57;partial=00;start_type=ATG;rbs_motif=AGGAG;rbs_spacer=5-10bp;gc_cont=0.397
contig_29:29967-30329|+   -            121 1827295at2           -             74   0.00048   17.9   0.0   1   1   6.1e-06    0.0011   16.7   0.0     9    33     5    29     1    33 0.89 contig_29_32 # 29967 # 30329 # 1 # ID=51_32;partial=00;start_type=ATG;rbs_motif=GGAGG;rbs_spacer=5-10bp;gc_cont=0.358
contig_29:11872-12540|+   -            223 1827295at2           -             74   0.00057   17.7   0.0   1   1     7e-06    0.0013   16.5   0.0     9    33    13    37     2    42 0.86 contig_29_15 # 11872 # 12540 # 1 # ID=51_15;partial=00;start_type=ATG;rbs_motif=AGGAG;rbs_spacer=5-10bp;gc_cont=0.357
contig_54:22421-24082|+   -            554 1827295at2           -             74   0.00089   17.0   0.6   1   2    0.0071       1.3    6.9   0.2     8    40    39    67    29    74 0.77 contig_54_33 # 22421 # 24082 # 1 # ID=50_33;partial=00;start_type=TTG;rbs_motif=GGAGG;rbs_spacer=5-10bp;gc_cont=0.401
contig_54:22421-24082|+   -            554 1827295at2           -             74   0.00089   17.0   0.6   2   2    0.0058       1.1    7.2   0.0     8    33   326   353   315   362 0.83 contig_54_33 # 22421 # 24082 # 1 # ID=50_33;partial=00;start_type=TTG;rbs_motif=GGAGG;rbs_spacer=5-10bp;gc_cont=0.401
contig_40:43673-46843|+   -           1057 1827295at2           -             74    0.0021   15.8   0.0   1   2    0.0041      0.76    7.6   0.0     9    34    22    47     9    51 0.80 contig_40_47 # 43673 # 46843 # 1 # ID=11_47;partial=00;start_type=ATG;rbs_motif=AGGA;rbs_spacer=5-10bp;gc_cont=0.380
contig_40:43673-46843|+   -           1057 1827295at2           -             74    0.0021   15.8   0.0   2   2     0.021       3.8    5.4   0.0     9    30   345   366   333   372 0.83 contig_40_47 # 43673 # 46843 # 1 # ID=11_47;partial=00;start_type=ATG;rbs_motif=AGGA;rbs_spacer=5-10bp;gc_cont=0.380
contig_55:50875-51363|-   -            163 1827295at2           -             74    0.0026   15.6   0.0   1   1   2.4e-05    0.0045   14.8   0.0     6    33   107   134    97   140 0.86 contig_55_56 # 50875 # 51363 # -1 # ID=19_56;partial=00;start_type=TTG;rbs_motif=GGA/GAG/AGG;rbs_spacer=11-12bp;gc_cont=0.354
contig_65:35368-37128|-   -            587 1827295at2           -             74    0.0028   15.4   0.1   1   2   7.3e-05     0.014   13.2   0.1     4    31   312   345   309   350 0.79 contig_65_42 # 35368 # 37128 # -1 # ID=35_42;partial=00;start_type=GTG;rbs_motif=None;rbs_spacer=None;gc_cont=0.407
contig_65:35368-37128|-   -            587 1827295at2           -             74    0.0028   15.4   0.1   2   2       3.2   5.9e+02   -1.6   0.0    16    36   420   440   406   441 0.84 contig_65_42 # 35368 # 37128 # -1 # ID=35_42;partial=00;start_type=GTG;rbs_motif=None;rbs_spacer=None;gc_cont=0.407
contig_1:17895-19637|+    -            581 1827295at2           -             74    0.0052   14.6   0.1   1   1   6.8e-05     0.013   13.4   0.1     9    32   365   388   350   391 0.81 contig_1_28 # 17895 # 19637 # 1 # ID=33_28;partial=00;start_type=ATG;rbs_motif=AGxAGG/AGGxGG;rbs_spacer=5-10bp;gc_cont=0.414
contig_54:13876-14523|+   -            216 1827295at2           -             74    0.0053   14.6   0.0   1   1   5.8e-05     0.011   13.6   0.0     9    33    19    43     7    48 0.83 contig_54_20 # 13876 # 14523 # 1 # ID=50_20;partial=00;start_type=ATG;rbs_motif=AGGAG;rbs_spacer=5-10bp;gc_cont=0.323
contig_54:46361-47554|+   -            398 1827295at2           -             74    0.0063   14.3   0.0   1   1   8.7e-05     0.016   13.0   0.0    10    31     7    28     2    34 0.88 contig_54_61 # 46361 # 47554 # 1 # ID=50_61;partial=00;start_type=ATG;rbs_motif=AGGAG;rbs_spacer=5-10bp;gc_cont=0.405
contig_55:7772-8776|-     -            335 1827295at2           -             74    0.0067   14.2   0.0   1   1   7.7e-05     0.014   13.2   0.0     7    36    49    81    40    84 0.82 contig_55_9 # 7772 # 8776 # -1 # ID=19_9;partial=00;start_type=ATG;rbs_motif=AGGAGG;rbs_spacer=5-10bp;gc_cont=0.429
contig_41:5599-6957|+     -            453 1827295at2           -             74     0.012   13.4   0.0   1   2   0.00043      0.08   10.8   0.0     8    33    99   126    83   144 0.84 contig_41_4 # 5599 # 6957 # 1 # ID=34_4;partial=00;start_type=ATG;rbs_motif=AGGAGG;rbs_spacer=5-10bp;gc_cont=0.394
contig_41:5599-6957|+     -            453 1827295at2           -             74     0.012   13.4   0.0   2   2       2.3   4.3e+02   -1.2   0.0    29    42   317   330   312   332 0.86 contig_41_4 # 5599 # 6957 # 1 # ID=34_4;partial=00;start_type=ATG;rbs_motif=AGGAGG;rbs_spacer=5-10bp;gc_cont=0.394
contig_10:108848-109519|+ -            224 1827295at2           -             74     0.016   13.0   0.0   1   1   0.00017     0.031   12.1   0.0    11    33     7    29     2    54 0.88 contig_10_126 # 108848 # 109519 # 1 # ID=36_126;partial=00;start_type=ATG;rbs_motif=AGxAGG/AGGxGG;rbs_spacer=5-10bp;gc_cont=0.408
contig_29:11237-11872|+   -            212 1827295at2           -             74     0.016   13.0   0.0   1   1   0.00019     0.035   11.9   0.0    10    32     5    27     3    32 0.89 contig_29_14 # 11237 # 11872 # 1 # ID=51_14;partial=00;start_type=GTG;rbs_motif=AGGAGG;rbs_spacer=5-10bp;gc_cont=0.349
contig_47:4604-5101|-     -            166 1827295at2           -             74     0.017   12.9   0.3   1   1   0.00018     0.033   12.0   0.1    10    32     7    29     1    36 0.84 contig_47_6 # 4604 # 5101 # -1 # ID=61_6;partial=00;start_type=ATG;rbs_motif=GGxGG;rbs_spacer=5-10bp;gc_cont=0.378
contig_24:50799-53879|-   -           1027 1827295at2           -             74     0.018   12.8   2.3   1   2    0.0001     0.019   12.8   0.0     4    33    23    53    18    57 0.85 contig_24_57 # 50799 # 53879 # -1 # ID=21_57;partial=00;start_type=ATG;rbs_motif=GGA/GAG/AGG;rbs_spacer=5-10bp;gc_cont=0.386
contig_24:50799-53879|-   -           1027 1827295at2           -             74     0.018   12.8   2.3   2   2       8.1   1.5e+03   -2.9   0.9    46    64   262   279   261   286 0.78 contig_24_57 # 50799 # 53879 # -1 # ID=21_57;partial=00;start_type=ATG;rbs_motif=GGA/GAG/AGG;rbs_spacer=5-10bp;gc_cont=0.386
contig_52:81769-83601|-   -            611 1827295at2           -             74     0.019   12.8   0.1   1   1   0.00025     0.045   11.6   0.1     8    31   393   418   382   423 0.81 contig_52_77 # 81769 # 83601 # -1 # ID=15_77;partial=00;start_type=ATG;rbs_motif=AGGAGG;rbs_spacer=5-10bp;gc_cont=0.410
contig_55:47535-49859|-   -            775 1827295at2           -             74     0.022   12.6   0.0   1   1   0.00031     0.057   11.3   0.0     9    33   349   373   337   376 0.83 contig_55_54 # 47535 # 49859 # -1 # ID=19_54;partial=00;start_type=ATG;rbs_motif=AGGAG/GGAGG;rbs_spacer=11-12bp;gc_cont=0.392
contig_59:1606-2328|+     -            241 1827295at2           -             74     0.024   12.5   0.1   1   1   0.00028     0.052   11.4   0.1     8    32    25    51    14    55 0.79 contig_59_4 # 1606 # 2328 # 1 # ID=57_4;partial=00;start_type=ATG;rbs_motif=AGGA/GGAG/GAGG;rbs_spacer=11-12bp;gc_cont=0.389
contig_2:30836-31567|+    -            244 1827295at2           -             74     0.034   12.0   0.2   1   1   0.00044     0.082   10.7   0.1     9    26    35    52    20    66 0.80 contig_2_37 # 30836 # 31567 # 1 # ID=43_37;partial=00;start_type=ATG;rbs_motif=AGGAG;rbs_spacer=5-10bp;gc_cont=0.388
contig_58:55245-55952|+   -            236 1827295at2           -             74     0.056   11.3   1.6   1   1    0.0016       0.3    8.9   1.6     8    29    28    51     9    79 0.83 contig_58_64 # 55245 # 55952 # 1 # ID=41_64;partial=00;start_type=ATG;rbs_motif=AGGAGG;rbs_spacer=5-10bp;gc_cont=0.421
#
# Program:         hmmsearch
# Version:         3.4 (Aug 2023)
# Pipeline mode:   SEARCH
# Query file:      /scratch/ky/characterization/busco_downloads/lineages/bacteria_odb10/hmms/1827295at2.hmm
# Target file:     /scratch/ky/characterization/results/barcode06/polishing/busco_out/busco_barcode06/barcode06.fasta/prodigal_output/predicted_genes/predicted.faa
# Option settings: hmmsearch --domtblout /scratch/ky/characterization/results/barcode06/polishing/busco_out/busco_barcode06/barcode06.fasta/run_bacteria_odb10/hmmer_output/1827295at2.out --cpu 1 /scratch/ky/characterization/busco_downloads/lineages/bacteria_odb10/hmms/1827295at2.hmm /scratch/ky/characterization/results/barcode06/polishing/busco_out/busco_barcode06/barcode06.fasta/prodigal_output/predicted_genes/predicted.faa 
# Current dir:     /scratch/ky/characterization
# Date:            Thu Mar 12 12:04:27 2026
# [ok]
