#                                                                               --- full sequence --- -------------- this domain -------------   hmm coord   ali coord   env coord
# target name           accession   tlen query name           accession   qlen   E-value  score  bias   #  of  c-Evalue  i-Evalue  score  bias  from    to  from    to  from    to  acc description of target
#   ------------------- ---------- ----- -------------------- ---------- ----- --------- ------ ----- --- --- --------- --------- ------ ----- ----- ----- ----- ----- ----- ----- ---- ---------------------
contig_5:8384-9538|-    -            385 219876at2            -            282   2.6e-97  323.4   0.1   1   1  7.9e-100   5.4e-97  322.4   0.1    16   275    47   363    38   369 0.87 contig_5_8 # 8384 # 9538 # -1 # ID=39_8;partial=00;start_type=GTG;rbs_motif=None;rbs_spacer=None;gc_cont=0.387
contig_55:7772-8776|-   -            335 219876at2            -            282   4.3e-06   24.2   0.0   1   1   1.1e-08   7.7e-06   23.3   0.0    40   107    46   117    33   126 0.80 contig_55_9 # 7772 # 8776 # -1 # ID=19_9;partial=00;start_type=ATG;rbs_motif=AGGAGG;rbs_spacer=5-10bp;gc_cont=0.429
contig_42:12967-13923|+ -            319 219876at2            -            282   0.00048   17.4   0.0   1   1   1.4e-06   0.00093   16.5   0.0    30    68    12    49     2    55 0.81 contig_42_15 # 12967 # 13923 # 1 # ID=8_15;partial=00;start_type=ATG;rbs_motif=AGGAG;rbs_spacer=5-10bp;gc_cont=0.415
contig_9:42244-43113|-  -            290 219876at2            -            282    0.0037   14.6   0.2   1   2   9.8e-05     0.067   10.4   0.1    49    92   142   186   120   213 0.81 contig_9_45 # 42244 # 43113 # -1 # ID=48_45;partial=00;start_type=ATG;rbs_motif=None;rbs_spacer=None;gc_cont=0.380
contig_9:42244-43113|-  -            290 219876at2            -            282    0.0037   14.6   0.2   2   2     0.048        33    1.6   0.0   162   188   231   257   214   283 0.78 contig_9_45 # 42244 # 43113 # -1 # ID=48_45;partial=00;start_type=ATG;rbs_motif=None;rbs_spacer=None;gc_cont=0.380
contig_65:45819-46481|+ -            221 219876at2            -            282     0.018   12.3   0.0   1   1   3.4e-05     0.023   11.9   0.0    51   108     1    63     1   127 0.62 contig_65_56 # 45819 # 46481 # 1 # ID=35_56;partial=00;start_type=TTG;rbs_motif=None;rbs_spacer=None;gc_cont=0.398
contig_6:94302-94712|+  -            137 219876at2            -            282      0.02   12.1   0.0   1   1   4.2e-05     0.029   11.6   0.0    47    69    36    58    30    64 0.90 contig_6_106 # 94302 # 94712 # 1 # ID=7_106;partial=00;start_type=ATG;rbs_motif=AGGAGG;rbs_spacer=5-10bp;gc_cont=0.404
#
# Program:         hmmsearch
# Version:         3.4 (Aug 2023)
# Pipeline mode:   SEARCH
# Query file:      /scratch/ky/characterization/busco_downloads/lineages/bacteria_odb10/hmms/219876at2.hmm
# Target file:     /scratch/ky/characterization/results/barcode06/polishing/busco_out/busco_barcode06/barcode06.fasta/prodigal_output/predicted_genes/predicted.faa
# Option settings: hmmsearch --domtblout /scratch/ky/characterization/results/barcode06/polishing/busco_out/busco_barcode06/barcode06.fasta/run_bacteria_odb10/hmmer_output/219876at2.out --cpu 1 /scratch/ky/characterization/busco_downloads/lineages/bacteria_odb10/hmms/219876at2.hmm /scratch/ky/characterization/results/barcode06/polishing/busco_out/busco_barcode06/barcode06.fasta/prodigal_output/predicted_genes/predicted.faa 
# Current dir:     /scratch/ky/characterization
# Date:            Thu Mar 12 12:04:28 2026
# [ok]
