#                                                                               --- full sequence --- -------------- this domain -------------   hmm coord   ali coord   env coord
# target name           accession   tlen query name           accession   qlen   E-value  score  bias   #  of  c-Evalue  i-Evalue  score  bias  from    to  from    to  from    to  acc description of target
#   ------------------- ---------- ----- -------------------- ---------- ----- --------- ------ ----- --- --- --------- --------- ------ ----- ----- ----- ----- ----- ----- ----- ---- ---------------------
contig_41:17870-19948|+ -            693 223233at2            -            494  6.4e-162  537.7  11.9   1   2   1.1e-80   1.6e-77  259.3   0.1     2   172     4   197     3   208 0.93 contig_41_19 # 17870 # 19948 # 1 # ID=34_19;partial=00;start_type=ATG;rbs_motif=AGxAGG/AGGxGG;rbs_spacer=5-10bp;gc_cont=0.387
contig_41:17870-19948|+ -            693 223233at2            -            494  6.4e-162  537.7  11.9   2   2   4.3e-84   5.9e-81  270.6   8.3   165   464   221   607   211   640 0.71 contig_41_19 # 17870 # 19948 # 1 # ID=34_19;partial=00;start_type=ATG;rbs_motif=AGxAGG/AGGxGG;rbs_spacer=5-10bp;gc_cont=0.387
contig_52:54744-56933|+ -            730 223233at2            -            494   9.7e-50  167.6   8.3   1   3      0.29     4e+02   -2.6   0.1     1    19     3    21     3    27 0.88 contig_52_51 # 54744 # 56933 # 1 # ID=15_51;partial=00;start_type=ATG;rbs_motif=GGA/GAG/AGG;rbs_spacer=5-10bp;gc_cont=0.387
contig_52:54744-56933|+ -            730 223233at2            -            494   9.7e-50  167.6   8.3   2   3     5e-40   6.8e-37  125.3   0.5    17   247    35   326    32   333 0.87 contig_52_51 # 54744 # 56933 # 1 # ID=15_51;partial=00;start_type=ATG;rbs_motif=GGA/GAG/AGG;rbs_spacer=5-10bp;gc_cont=0.387
contig_52:54744-56933|+ -            730 223233at2            -            494   9.7e-50  167.6   8.3   3   3   2.8e-13   3.7e-10   37.1   0.4   257   464   363   636   344   670 0.61 contig_52_51 # 54744 # 56933 # 1 # ID=15_51;partial=00;start_type=ATG;rbs_motif=GGA/GAG/AGG;rbs_spacer=5-10bp;gc_cont=0.387
contig_46:36271-38400|- -            710 223233at2            -            494   4.3e-41  139.1   3.9   1   2   2.8e-37   3.8e-34  116.2   0.2    22   249    47   340    41   360 0.79 contig_46_38 # 36271 # 38400 # -1 # ID=47_38;partial=00;start_type=ATG;rbs_motif=AGxAG;rbs_spacer=11-12bp;gc_cont=0.394
contig_46:36271-38400|- -            710 223233at2            -            494   4.3e-41  139.1   3.9   2   2   1.5e-07    0.0002   18.1   0.5   295   463   430   635   391   688 0.59 contig_46_38 # 36271 # 38400 # -1 # ID=47_38;partial=00;start_type=ATG;rbs_motif=AGxAG;rbs_spacer=11-12bp;gc_cont=0.394
#
# Program:         hmmsearch
# Version:         3.4 (Aug 2023)
# Pipeline mode:   SEARCH
# Query file:      /scratch/ky/characterization/busco_downloads/lineages/bacteria_odb10/hmms/223233at2.hmm
# Target file:     /scratch/ky/characterization/results/barcode06/polishing/busco_out/busco_barcode06/barcode06.fasta/prodigal_output/predicted_genes/predicted.faa
# Option settings: hmmsearch --domtblout /scratch/ky/characterization/results/barcode06/polishing/busco_out/busco_barcode06/barcode06.fasta/run_bacteria_odb10/hmmer_output/223233at2.out --cpu 1 /scratch/ky/characterization/busco_downloads/lineages/bacteria_odb10/hmms/223233at2.hmm /scratch/ky/characterization/results/barcode06/polishing/busco_out/busco_barcode06/barcode06.fasta/prodigal_output/predicted_genes/predicted.faa 
# Current dir:     /scratch/ky/characterization
# Date:            Thu Mar 12 12:04:28 2026
# [ok]
