#                                                                               --- full sequence --- -------------- this domain -------------   hmm coord   ali coord   env coord
# target name           accession   tlen query name           accession   qlen   E-value  score  bias   #  of  c-Evalue  i-Evalue  score  bias  from    to  from    to  from    to  acc description of target
#   ------------------- ---------- ----- -------------------- ---------- ----- --------- ------ ----- --- --- --------- --------- ------ ----- ----- ----- ----- ----- ----- ----- ---- ---------------------
contig_65:57635-59404|- -            590 226836at2            -            473  4.8e-182  603.2   1.5   1   1  2.2e-184  1.5e-181  601.6   1.5     1   473     4   580     4   580 0.83 contig_65_72 # 57635 # 59404 # -1 # ID=35_72;partial=00;start_type=ATG;rbs_motif=GGAGG;rbs_spacer=5-10bp;gc_cont=0.404
contig_15:23694-24989|+ -            432 226836at2            -            473   5.4e-33  111.8   0.0   1   3   2.7e-25   1.8e-22   77.0   0.0    11   229    13   252     5   270 0.79 contig_15_22 # 23694 # 24989 # 1 # ID=28_22;partial=00;start_type=ATG;rbs_motif=GGAGG;rbs_spacer=5-10bp;gc_cont=0.406
contig_15:23694-24989|+ -            432 226836at2            -            473   5.4e-33  111.8   0.0   2   3      0.28   1.9e+02   -2.2   0.0   224   238   271   285   263   288 0.85 contig_15_22 # 23694 # 24989 # 1 # ID=28_22;partial=00;start_type=ATG;rbs_motif=GGAGG;rbs_spacer=5-10bp;gc_cont=0.406
contig_15:23694-24989|+ -            432 226836at2            -            473   5.4e-33  111.8   0.0   3   3   1.2e-11   8.5e-09   32.0   0.0   374   450   351   424   300   428 0.90 contig_15_22 # 23694 # 24989 # 1 # ID=28_22;partial=00;start_type=ATG;rbs_motif=GGAGG;rbs_spacer=5-10bp;gc_cont=0.406
contig_29:81430-81582|+ -             51 226836at2            -            473   1.6e-14   50.8   0.0   1   1   2.5e-17   1.7e-14   50.8   0.0   411   452     5    46     3    50 0.93 contig_29_90 # 81430 # 81582 # 1 # ID=51_90;partial=00;start_type=ATG;rbs_motif=GGAG/GAGG;rbs_spacer=5-10bp;gc_cont=0.340
contig_29:80089-80856|+ -            256 226836at2            -            473   1.1e-10   38.2   0.7   1   1   2.8e-13   1.9e-10   37.4   0.7     4   186    50   253    47   254 0.68 contig_29_88 # 80089 # 80856 # 1 # ID=51_88;partial=00;start_type=GTG;rbs_motif=AGGAG;rbs_spacer=5-10bp;gc_cont=0.387
contig_26:36989-38272|- -            428 226836at2            -            473   0.00023   17.3   0.1   1   1   6.1e-07   0.00041   16.5   0.1   179   233   104   157    98   299 0.76 contig_26_44 # 36989 # 38272 # -1 # ID=17_44;partial=00;start_type=ATG;rbs_motif=AGGAGG;rbs_spacer=5-10bp;gc_cont=0.367
contig_29:80846-81352|+ -            169 226836at2            -            473     0.008   12.3   0.1   1   1   1.3e-05    0.0087   12.2   0.1   187   260     2    73     1   130 0.69 contig_29_89 # 80846 # 81352 # 1 # ID=51_89;partial=00;start_type=GTG;rbs_motif=None;rbs_spacer=None;gc_cont=0.410
#
# Program:         hmmsearch
# Version:         3.4 (Aug 2023)
# Pipeline mode:   SEARCH
# Query file:      /scratch/ky/characterization/busco_downloads/lineages/bacteria_odb10/hmms/226836at2.hmm
# Target file:     /scratch/ky/characterization/results/barcode06/polishing/busco_out/busco_barcode06/barcode06.fasta/prodigal_output/predicted_genes/predicted.faa
# Option settings: hmmsearch --domtblout /scratch/ky/characterization/results/barcode06/polishing/busco_out/busco_barcode06/barcode06.fasta/run_bacteria_odb10/hmmer_output/226836at2.out --cpu 1 /scratch/ky/characterization/busco_downloads/lineages/bacteria_odb10/hmms/226836at2.hmm /scratch/ky/characterization/results/barcode06/polishing/busco_out/busco_barcode06/barcode06.fasta/prodigal_output/predicted_genes/predicted.faa 
# Current dir:     /scratch/ky/characterization
# Date:            Thu Mar 12 12:04:28 2026
# [ok]
