#                                                                                 --- full sequence --- -------------- this domain -------------   hmm coord   ali coord   env coord
# target name             accession   tlen query name           accession   qlen   E-value  score  bias   #  of  c-Evalue  i-Evalue  score  bias  from    to  from    to  from    to  acc description of target
#     ------------------- ---------- ----- -------------------- ---------- ----- --------- ------ ----- --- --- --------- --------- ------ ----- ----- ----- ----- ----- ----- ----- ---- ---------------------
contig_24:123213-124637|- -            475 267682at2            -            304   2.6e-83  277.5   6.0   1   2   7.9e-13   5.4e-10   36.7   0.9     7    74    25   126    12   149 0.77 contig_24_135 # 123213 # 124637 # -1 # ID=21_135;partial=00;start_type=ATG;rbs_motif=AGGAG;rbs_spacer=5-10bp;gc_cont=0.415
contig_24:123213-124637|- -            475 267682at2            -            304   2.6e-83  277.5   6.0   2   2   2.1e-72   1.4e-69  232.4   0.4    83   296   163   436   150   458 0.84 contig_24_135 # 123213 # 124637 # -1 # ID=21_135;partial=00;start_type=ATG;rbs_motif=AGGAG;rbs_spacer=5-10bp;gc_cont=0.415
contig_26:68894-70696|-   -            601 267682at2            -            304   0.00072   16.6   0.3   1   4    0.0099       6.7    3.6   0.0     9    30    17    38     9    46 0.86 contig_26_87 # 68894 # 70696 # -1 # ID=17_87;partial=00;start_type=ATG;rbs_motif=GGAGG;rbs_spacer=5-10bp;gc_cont=0.396
contig_26:68894-70696|-   -            601 267682at2            -            304   0.00072   16.6   0.3   2   4   0.00046      0.31    7.9   0.0    29    72    59   111    53   134 0.74 contig_26_87 # 68894 # 70696 # -1 # ID=17_87;partial=00;start_type=ATG;rbs_motif=GGAGG;rbs_spacer=5-10bp;gc_cont=0.396
contig_26:68894-70696|-   -            601 267682at2            -            304   0.00072   16.6   0.3   3   4      0.38   2.6e+02   -1.7   0.0   110   141   187   217   152   220 0.75 contig_26_87 # 68894 # 70696 # -1 # ID=17_87;partial=00;start_type=ATG;rbs_motif=GGAGG;rbs_spacer=5-10bp;gc_cont=0.396
contig_26:68894-70696|-   -            601 267682at2            -            304   0.00072   16.6   0.3   4   4      0.18   1.2e+02   -0.6   0.0    16    75   387   445   383   454 0.78 contig_26_87 # 68894 # 70696 # -1 # ID=17_87;partial=00;start_type=ATG;rbs_motif=GGAGG;rbs_spacer=5-10bp;gc_cont=0.396
contig_60:8778-9326|+     -            183 267682at2            -            304   0.00094   16.2   0.2   1   1     2e-06    0.0014   15.7   0.2   204   252    76   124    69   135 0.86 contig_60_9 # 8778 # 9326 # 1 # ID=12_9;partial=00;start_type=ATG;rbs_motif=AGGAGG;rbs_spacer=5-10bp;gc_cont=0.377
contig_29:48127-49086|+   -            320 267682at2            -            304     0.002   15.1   0.4   1   2      0.11        78    0.1   0.0    70   108   110   148   104   155 0.70 contig_29_56 # 48127 # 49086 # 1 # ID=51_56;partial=00;start_type=ATG;rbs_motif=AGGAGG;rbs_spacer=5-10bp;gc_cont=0.382
contig_29:48127-49086|+   -            320 267682at2            -            304     0.002   15.1   0.4   2   2   1.5e-05      0.01   12.8   0.2   211   268   205   262   170   274 0.85 contig_29_56 # 48127 # 49086 # 1 # ID=51_56;partial=00;start_type=ATG;rbs_motif=AGGAGG;rbs_spacer=5-10bp;gc_cont=0.382
contig_24:11082-12440|-   -            453 267682at2            -            304     0.004   14.1   0.0   1   2      0.44     3e+02   -1.8   0.0   167   204    52    90    44   106 0.79 contig_24_12 # 11082 # 12440 # -1 # ID=21_12;partial=00;start_type=ATG;rbs_motif=AGxAGG/AGGxGG;rbs_spacer=5-10bp;gc_cont=0.376
contig_24:11082-12440|-   -            453 267682at2            -            304     0.004   14.1   0.0   2   2   2.4e-05     0.017   12.1   0.0   219   250   175   206   154   210 0.74 contig_24_12 # 11082 # 12440 # -1 # ID=21_12;partial=00;start_type=ATG;rbs_motif=AGxAGG/AGGxGG;rbs_spacer=5-10bp;gc_cont=0.376
contig_17:39910-41760|+   -            617 267682at2            -            304     0.032   11.2   0.0   1   2   0.00028      0.19    8.6   0.0     6    73    17    88    12   104 0.81 contig_17_41 # 39910 # 41760 # 1 # ID=24_41;partial=00;start_type=ATG;rbs_motif=AGGA/GGAG/GAGG;rbs_spacer=11-12bp;gc_cont=0.361
contig_17:39910-41760|+   -            617 267682at2            -            304     0.032   11.2   0.0   2   2      0.13        91   -0.2   0.0    94   111   135   152   115   163 0.83 contig_17_41 # 39910 # 41760 # 1 # ID=24_41;partial=00;start_type=ATG;rbs_motif=AGGA/GGAG/GAGG;rbs_spacer=11-12bp;gc_cont=0.361
#
# Program:         hmmsearch
# Version:         3.4 (Aug 2023)
# Pipeline mode:   SEARCH
# Query file:      /scratch/ky/characterization/busco_downloads/lineages/bacteria_odb10/hmms/267682at2.hmm
# Target file:     /scratch/ky/characterization/results/barcode06/polishing/busco_out/busco_barcode06/barcode06.fasta/prodigal_output/predicted_genes/predicted.faa
# Option settings: hmmsearch --domtblout /scratch/ky/characterization/results/barcode06/polishing/busco_out/busco_barcode06/barcode06.fasta/run_bacteria_odb10/hmmer_output/267682at2.out --cpu 1 /scratch/ky/characterization/busco_downloads/lineages/bacteria_odb10/hmms/267682at2.hmm /scratch/ky/characterization/results/barcode06/polishing/busco_out/busco_barcode06/barcode06.fasta/prodigal_output/predicted_genes/predicted.faa 
# Current dir:     /scratch/ky/characterization
# Date:            Thu Mar 12 12:04:28 2026
# [ok]
