#                                                                               --- full sequence --- -------------- this domain -------------   hmm coord   ali coord   env coord
# target name           accession   tlen query name           accession   qlen   E-value  score  bias   #  of  c-Evalue  i-Evalue  score  bias  from    to  from    to  from    to  acc description of target
#   ------------------- ---------- ----- -------------------- ---------- ----- --------- ------ ----- --- --- --------- --------- ------ ----- ----- ----- ----- ----- ----- ----- ---- ---------------------
contig_41:68025-69731|+ -            569 665824at2            -            547  5.5e-238  789.1   0.0   1   1  1.8e-240  6.2e-238  788.9   0.0     1   542     1   564     1   568 0.97 contig_41_72 # 68025 # 69731 # 1 # ID=34_72;partial=00;start_type=ATG;rbs_motif=AGxAGG/AGGxGG;rbs_spacer=5-10bp;gc_cont=0.381
contig_40:39030-39725|+ -            232 665824at2            -            547   1.8e-63  213.1   0.6   1   1   6.2e-66   2.1e-63  212.8   0.6    10   187     3   182     1   192 0.96 contig_40_41 # 39030 # 39725 # 1 # ID=11_41;partial=00;start_type=ATG;rbs_motif=GGAGG;rbs_spacer=5-10bp;gc_cont=0.425
contig_40:39664-40467|+ -            268 665824at2            -            547   1.2e-59  200.4   0.0   1   1   4.3e-62   1.5e-59  200.1   0.0   380   541     1   166     1   180 0.92 contig_40_42 # 39664 # 40467 # 1 # ID=11_42;partial=00;start_type=ATG;rbs_motif=GGAG/GAGG;rbs_spacer=5-10bp;gc_cont=0.418
contig_9:39758-41689|-  -            644 665824at2            -            547   3.3e-39  133.0   1.3   1   2   2.3e-19   7.8e-17   59.1   0.3    20   191   249   418   230   423 0.88 contig_9_44 # 39758 # 41689 # -1 # ID=48_44;partial=00;start_type=ATG;rbs_motif=AGGAG;rbs_spacer=5-10bp;gc_cont=0.384
contig_9:39758-41689|-  -            644 665824at2            -            547   3.3e-39  133.0   1.3   2   2   2.1e-23   7.2e-21   72.4   0.0   400   542   499   640   491   643 0.88 contig_9_44 # 39758 # 41689 # -1 # ID=48_44;partial=00;start_type=ATG;rbs_motif=AGGAG;rbs_spacer=5-10bp;gc_cont=0.384
contig_11:9205-11121|+  -            639 665824at2            -            547   6.8e-38  128.6   3.3   1   2   1.6e-19   5.5e-17   59.6   0.1    33   172   258   397   238   421 0.88 contig_11_16 # 9205 # 11121 # 1 # ID=30_16;partial=00;start_type=ATG;rbs_motif=AGGAG;rbs_spacer=5-10bp;gc_cont=0.414
contig_11:9205-11121|+  -            639 665824at2            -            547   6.8e-38  128.6   3.3   2   2   1.5e-22   5.2e-20   69.6   0.5   380   545   468   634   436   636 0.83 contig_11_16 # 9205 # 11121 # 1 # ID=30_16;partial=00;start_type=ATG;rbs_motif=AGGAG;rbs_spacer=5-10bp;gc_cont=0.414
contig_65:59470-60738|- -            423 665824at2            -            547   5.6e-13   46.4   1.1   1   2   2.6e-08   8.9e-06   22.6   0.0    34   116     4    88     1   126 0.84 contig_65_73 # 59470 # 60738 # -1 # ID=35_73;partial=00;start_type=ATG;rbs_motif=AGGAGG;rbs_spacer=5-10bp;gc_cont=0.412
contig_65:59470-60738|- -            423 665824at2            -            547   5.6e-13   46.4   1.1   2   2   2.2e-08   7.5e-06   22.9   0.2   451   541   330   420   325   422 0.87 contig_65_73 # 59470 # 60738 # -1 # ID=35_73;partial=00;start_type=ATG;rbs_motif=AGGAGG;rbs_spacer=5-10bp;gc_cont=0.412
contig_51:39138-39608|- -            157 665824at2            -            547     2e-09   34.7   0.0   1   1   6.9e-12   2.3e-09   34.5   0.0   442   541    55   152    45   155 0.83 contig_51_43 # 39138 # 39608 # -1 # ID=54_43;partial=00;start_type=ATG;rbs_motif=None;rbs_spacer=None;gc_cont=0.386
contig_36:1620-2093|-   -            158 665824at2            -            547   1.6e-07   28.4   0.0   1   1     5e-10   1.7e-07   28.3   0.0   249   351    24   131     2   150 0.81 contig_36_3 # 1620 # 2093 # -1 # ID=1_3;partial=00;start_type=ATG;rbs_motif=AGGAGG;rbs_spacer=5-10bp;gc_cont=0.403
contig_52:43581-44075|- -            165 665824at2            -            547   8.7e-07   26.0   0.6   1   1   2.8e-09   9.4e-07   25.8   0.6   256   370    38   153     2   162 0.84 contig_52_40 # 43581 # 44075 # -1 # ID=15_40;partial=00;start_type=ATG;rbs_motif=AGGAG;rbs_spacer=5-10bp;gc_cont=0.390
contig_26:36989-38272|- -            428 665824at2            -            547   8.9e-07   25.9   3.6   1   2   1.1e-07   3.6e-05   20.6   0.2    34   190     8   161     2   168 0.85 contig_26_44 # 36989 # 38272 # -1 # ID=17_44;partial=00;start_type=ATG;rbs_motif=AGGAGG;rbs_spacer=5-10bp;gc_cont=0.367
contig_26:36989-38272|- -            428 665824at2            -            547   8.9e-07   25.9   3.6   2   2    0.0027      0.91    6.1   0.5   451   532   346   423   340   426 0.73 contig_26_44 # 36989 # 38272 # -1 # ID=17_44;partial=00;start_type=ATG;rbs_motif=AGGAGG;rbs_spacer=5-10bp;gc_cont=0.367
contig_29:1-843|+       -            281 665824at2            -            547   3.3e-05   20.8   0.3   1   2      0.75   2.5e+02   -2.0   0.2   264   297    50    83    11   124 0.56 contig_29_1 # 1 # 843 # 1 # ID=51_1;partial=10;start_type=Edge;rbs_motif=None;rbs_spacer=None;gc_cont=0.387
contig_29:1-843|+       -            281 665824at2            -            547   3.3e-05   20.8   0.3   2   2   1.8e-07   6.1e-05   19.9   0.0    54   142   177   262   154   279 0.84 contig_29_1 # 1 # 843 # 1 # ID=51_1;partial=10;start_type=Edge;rbs_motif=None;rbs_spacer=None;gc_cont=0.387
contig_51:39735-40523|- -            263 665824at2            -            547    0.0026   14.5   0.1   1   1   1.2e-05    0.0041   13.8   0.1    96   159   160   224    29   245 0.76 contig_51_44 # 39735 # 40523 # -1 # ID=54_44;partial=00;start_type=ATG;rbs_motif=AGGAGG;rbs_spacer=5-10bp;gc_cont=0.393
#
# Program:         hmmsearch
# Version:         3.4 (Aug 2023)
# Pipeline mode:   SEARCH
# Query file:      /scratch/ky/characterization/busco_downloads/lineages/bacteria_odb10/hmms/665824at2.hmm
# Target file:     /scratch/ky/characterization/results/barcode06/polishing/busco_out/busco_barcode06/barcode06.fasta/prodigal_output/predicted_genes/predicted.faa
# Option settings: hmmsearch --domtblout /scratch/ky/characterization/results/barcode06/polishing/busco_out/busco_barcode06/barcode06.fasta/run_bacteria_odb10/hmmer_output/665824at2.out --cpu 1 /scratch/ky/characterization/busco_downloads/lineages/bacteria_odb10/hmms/665824at2.hmm /scratch/ky/characterization/results/barcode06/polishing/busco_out/busco_barcode06/barcode06.fasta/prodigal_output/predicted_genes/predicted.faa 
# Current dir:     /scratch/ky/characterization
# Date:            Thu Mar 12 12:04:28 2026
# [ok]
