#                                                                               --- full sequence --- -------------- this domain -------------   hmm coord   ali coord   env coord
# target name           accession   tlen query name           accession   qlen   E-value  score  bias   #  of  c-Evalue  i-Evalue  score  bias  from    to  from    to  from    to  acc description of target
#   ------------------- ---------- ----- -------------------- ---------- ----- --------- ------ ----- --- --- --------- --------- ------ ----- ----- ----- ----- ----- ----- ----- ---- ---------------------
contig_29:36881-38857|+ -            659 761140at2            -            323   2.9e-61  205.5  10.5   1   2   3.9e-55   2.7e-52  176.1   5.2     1   255     6   373     6   378 0.80 contig_29_44 # 36881 # 38857 # 1 # ID=51_44;partial=00;start_type=GTG;rbs_motif=GGAGG;rbs_spacer=5-10bp;gc_cont=0.352
contig_29:36881-38857|+ -            659 761140at2            -            323   2.9e-61  205.5  10.5   2   2   1.1e-09   7.7e-07   26.7   0.2   247   309   403   474   377   483 0.77 contig_29_44 # 36881 # 38857 # 1 # ID=51_44;partial=00;start_type=GTG;rbs_motif=GGAGG;rbs_spacer=5-10bp;gc_cont=0.352
contig_54:52435-53811|+ -            459 761140at2            -            323   2.2e-24   84.3   3.0   1   4     0.016        11    3.2   0.0    87   113    33    61     8    77 0.80 contig_54_70 # 52435 # 53811 # 1 # ID=50_70;partial=00;start_type=ATG;rbs_motif=AGGA;rbs_spacer=5-10bp;gc_cont=0.391
contig_54:52435-53811|+ -            459 761140at2            -            323   2.2e-24   84.3   3.0   2   4   1.6e-13   1.1e-10   39.4   0.6   133   198   136   220   121   226 0.77 contig_54_70 # 52435 # 53811 # 1 # ID=50_70;partial=00;start_type=ATG;rbs_motif=AGGA;rbs_spacer=5-10bp;gc_cont=0.391
contig_54:52435-53811|+ -            459 761140at2            -            323   2.2e-24   84.3   3.0   3   4   0.00036      0.25    8.6   0.0   213   254   263   315   253   322 0.72 contig_54_70 # 52435 # 53811 # 1 # ID=50_70;partial=00;start_type=ATG;rbs_motif=AGGA;rbs_spacer=5-10bp;gc_cont=0.391
contig_54:52435-53811|+ -            459 761140at2            -            323   2.2e-24   84.3   3.0   4   4   8.5e-10   5.8e-07   27.1   0.0   243   311   336   412   321   419 0.79 contig_54_70 # 52435 # 53811 # 1 # ID=50_70;partial=00;start_type=ATG;rbs_motif=AGGA;rbs_spacer=5-10bp;gc_cont=0.391
contig_60:781-3549|+    -            923 761140at2            -            323   2.4e-09   34.9   0.9   1   4   3.2e-09   2.1e-06   25.2   0.0     3    61    51   115    49   142 0.82 contig_60_3 # 781 # 3549 # 1 # ID=12_3;partial=00;start_type=ATG;rbs_motif=AGGAGG;rbs_spacer=5-10bp;gc_cont=0.394
contig_60:781-3549|+    -            923 761140at2            -            323   2.4e-09   34.9   0.9   2   4      0.26   1.8e+02   -0.8   0.0   132   151   443   463   431   468 0.76 contig_60_3 # 781 # 3549 # 1 # ID=12_3;partial=00;start_type=ATG;rbs_motif=AGGAGG;rbs_spacer=5-10bp;gc_cont=0.394
contig_60:781-3549|+    -            923 761140at2            -            323   2.4e-09   34.9   0.9   3   4      0.63   4.3e+02   -2.1   0.0   201   215   583   601   574   602 0.72 contig_60_3 # 781 # 3549 # 1 # ID=12_3;partial=00;start_type=ATG;rbs_motif=AGGAGG;rbs_spacer=5-10bp;gc_cont=0.394
contig_60:781-3549|+    -            923 761140at2            -            323   2.4e-09   34.9   0.9   4   4    0.0034       2.3    5.4   0.0   276   309   732   765   664   772 0.86 contig_60_3 # 781 # 3549 # 1 # ID=12_3;partial=00;start_type=ATG;rbs_motif=AGGAGG;rbs_spacer=5-10bp;gc_cont=0.394
contig_54:52177-52380|+ -             68 761140at2            -            323   3.1e-09   34.6   0.4   1   1     7e-12   4.8e-09   33.9   0.1     2    35     2    36     1    42 0.89 contig_54_69 # 52177 # 52380 # 1 # ID=50_69;partial=00;start_type=ATG;rbs_motif=GGAG/GAGG;rbs_spacer=5-10bp;gc_cont=0.436
contig_55:28825-31275|- -            817 761140at2            -            323   6.7e-09   33.5   0.6   1   5     2e-06    0.0014   16.0   0.0     2    58    40   101    39   136 0.78 contig_55_36 # 28825 # 31275 # -1 # ID=19_36;partial=00;start_type=ATG;rbs_motif=AGGAGG;rbs_spacer=5-10bp;gc_cont=0.403
contig_55:28825-31275|- -            817 761140at2            -            323   6.7e-09   33.5   0.6   2   5     0.035        24    2.1   0.0   131   152   398   420   369   438 0.82 contig_55_36 # 28825 # 31275 # -1 # ID=19_36;partial=00;start_type=ATG;rbs_motif=AGGAGG;rbs_spacer=5-10bp;gc_cont=0.403
contig_55:28825-31275|- -            817 761140at2            -            323   6.7e-09   33.5   0.6   3   5      0.23   1.6e+02   -0.6   0.0   170   190   473   493   466   505 0.88 contig_55_36 # 28825 # 31275 # -1 # ID=19_36;partial=00;start_type=ATG;rbs_motif=AGGAGG;rbs_spacer=5-10bp;gc_cont=0.403
contig_55:28825-31275|- -            817 761140at2            -            323   6.7e-09   33.5   0.6   4   5     0.091        62    0.7   0.0   213   247   545   581   522   590 0.82 contig_55_36 # 28825 # 31275 # -1 # ID=19_36;partial=00;start_type=ATG;rbs_motif=AGGAGG;rbs_spacer=5-10bp;gc_cont=0.403
contig_55:28825-31275|- -            817 761140at2            -            323   6.7e-09   33.5   0.6   5   5   0.00084      0.57    7.4   0.0   277   309   665   695   611   705 0.82 contig_55_36 # 28825 # 31275 # -1 # ID=19_36;partial=00;start_type=ATG;rbs_motif=AGGAGG;rbs_spacer=5-10bp;gc_cont=0.403
contig_58:37198-38013|+ -            272 761140at2            -            323     2e-05   22.1   0.0   1   1     5e-08   3.4e-05   21.3   0.0     3    56    40    98    38   137 0.83 contig_58_49 # 37198 # 38013 # 1 # ID=41_49;partial=00;start_type=ATG;rbs_motif=AGGAGG;rbs_spacer=5-10bp;gc_cont=0.418
#
# Program:         hmmsearch
# Version:         3.4 (Aug 2023)
# Pipeline mode:   SEARCH
# Query file:      /scratch/ky/characterization/busco_downloads/lineages/bacteria_odb10/hmms/761140at2.hmm
# Target file:     /scratch/ky/characterization/results/barcode06/polishing/busco_out/busco_barcode06/barcode06.fasta/prodigal_output/predicted_genes/predicted.faa
# Option settings: hmmsearch --domtblout /scratch/ky/characterization/results/barcode06/polishing/busco_out/busco_barcode06/barcode06.fasta/run_bacteria_odb10/hmmer_output/761140at2.out --cpu 1 /scratch/ky/characterization/busco_downloads/lineages/bacteria_odb10/hmms/761140at2.hmm /scratch/ky/characterization/results/barcode06/polishing/busco_out/busco_barcode06/barcode06.fasta/prodigal_output/predicted_genes/predicted.faa 
# Current dir:     /scratch/ky/characterization
# Date:            Thu Mar 12 12:04:28 2026
# [ok]
