#                                                                                 --- full sequence --- -------------- this domain -------------   hmm coord   ali coord   env coord
# target name             accession   tlen query name           accession   qlen   E-value  score  bias   #  of  c-Evalue  i-Evalue  score  bias  from    to  from    to  from    to  acc description of target
#     ------------------- ---------- ----- -------------------- ---------- ----- --------- ------ ----- --- --- --------- --------- ------ ----- ----- ----- ----- ----- ----- ----- ---- ---------------------
contig_10:108848-109519|+ -            224 776861at2            -            618   4.5e-75  250.8   6.2   1   1   1.8e-77   4.9e-75  250.7   6.2   406   611     2   221     1   223 0.96 contig_10_126 # 108848 # 109519 # 1 # ID=36_126;partial=00;start_type=ATG;rbs_motif=AGxAGG/AGGxGG;rbs_spacer=5-10bp;gc_cont=0.408
contig_10:144545-145831|+ -            429 776861at2            -            618   5.5e-53  177.9   1.5   1   1   2.6e-55     7e-53  177.5   1.5    12   400    13   427     6   428 0.82 contig_10_166 # 144545 # 145831 # 1 # ID=36_166;partial=00;start_type=ATG;rbs_motif=AGGAG/GGAGG;rbs_spacer=11-12bp;gc_cont=0.438
contig_41:158772-159674|+ -            301 776861at2            -            618   0.00032   16.8   0.0   1   1   1.6e-06   0.00044   16.3   0.0   402   439     3    40     1    97 0.81 contig_41_164 # 158772 # 159674 # 1 # ID=34_164;partial=00;start_type=ATG;rbs_motif=GGxGG;rbs_spacer=5-10bp;gc_cont=0.403
contig_29:11237-11872|+   -            212 776861at2            -            618   0.00038   16.6   0.0   1   1   2.3e-06   0.00062   15.9   0.0   407   437     2    32     1    34 0.94 contig_29_14 # 11237 # 11872 # 1 # ID=51_14;partial=00;start_type=GTG;rbs_motif=AGGAGG;rbs_spacer=5-10bp;gc_cont=0.349
contig_29:11872-12540|+   -            223 776861at2            -            618     0.001   15.2   0.0   1   1   5.3e-06    0.0014   14.6   0.0   408   435    12    39     5    42 0.91 contig_29_15 # 11872 # 12540 # 1 # ID=51_15;partial=00;start_type=ATG;rbs_motif=AGGAG;rbs_spacer=5-10bp;gc_cont=0.357
contig_43:18153-18500|+   -            116 776861at2            -            618     0.002   14.2   0.0   1   1   1.1e-05     0.003   13.6   0.0   401   424    20    43     5    48 0.79 contig_43_22 # 18153 # 18500 # 1 # ID=13_22;partial=00;start_type=GTG;rbs_motif=AGGA;rbs_spacer=5-10bp;gc_cont=0.345
contig_9:46466-47119|-    -            218 776861at2            -            618    0.0025   13.9   0.0   1   1   1.3e-05    0.0034   13.4   0.0   398   511     9   120     6   131 0.60 contig_9_49 # 46466 # 47119 # -1 # ID=48_49;partial=00;start_type=TTG;rbs_motif=None;rbs_spacer=None;gc_cont=0.387
contig_33:25223-26023|-   -            267 776861at2            -            618    0.0041   13.1   0.1   1   2   5.1e-05     0.014   11.4   0.0   385   430    22    69     6    72 0.74 contig_33_32 # 25223 # 26023 # -1 # ID=23_32;partial=00;start_type=ATG;rbs_motif=AGGAG;rbs_spacer=5-10bp;gc_cont=0.328
contig_33:25223-26023|-   -            267 776861at2            -            618    0.0041   13.1   0.1   2   2      0.35        94   -1.3   0.0    24    81   174   231   163   234 0.85 contig_33_32 # 25223 # 26023 # -1 # ID=23_32;partial=00;start_type=ATG;rbs_motif=AGGAG;rbs_spacer=5-10bp;gc_cont=0.328
contig_40:27268-28083|+   -            272 776861at2            -            618    0.0044   13.0   0.1   1   1   2.5e-05    0.0067   12.4   0.1   414   451     7    49     2    88 0.64 contig_40_29 # 27268 # 28083 # 1 # ID=11_29;partial=00;start_type=TTG;rbs_motif=AGxAGG/AGGxGG;rbs_spacer=5-10bp;gc_cont=0.409
contig_29:29967-30329|+   -            121 776861at2            -            618    0.0044   13.0   0.0   1   1   2.1e-05    0.0057   12.7   0.0   406   435     2    31     1    38 0.88 contig_29_32 # 29967 # 30329 # 1 # ID=51_32;partial=00;start_type=ATG;rbs_motif=GGAGG;rbs_spacer=5-10bp;gc_cont=0.358
contig_26:24021-25469|-   -            483 776861at2            -            618    0.0051   12.8   0.0   1   2    0.0032      0.86    5.5   0.0   396   433    19    56     8    83 0.85 contig_26_32 # 24021 # 25469 # -1 # ID=17_32;partial=00;start_type=ATG;rbs_motif=GGAGG;rbs_spacer=5-10bp;gc_cont=0.367
contig_26:24021-25469|-   -            483 776861at2            -            618    0.0051   12.8   0.0   2   2    0.0045       1.2    5.0   0.0   410   431   322   343   301   349 0.88 contig_26_32 # 24021 # 25469 # -1 # ID=17_32;partial=00;start_type=ATG;rbs_motif=GGAGG;rbs_spacer=5-10bp;gc_cont=0.367
contig_54:13876-14523|+   -            216 776861at2            -            618    0.0076   12.3   0.1   1   2   6.1e-05     0.017   11.1   0.0   403   433    13    43     3    52 0.82 contig_54_20 # 13876 # 14523 # 1 # ID=50_20;partial=00;start_type=ATG;rbs_motif=AGGAG;rbs_spacer=5-10bp;gc_cont=0.323
contig_54:13876-14523|+   -            216 776861at2            -            618    0.0076   12.3   0.1   2   2      0.85   2.3e+02   -2.5   0.0   373   396   120   143   100   163 0.66 contig_54_20 # 13876 # 14523 # 1 # ID=50_20;partial=00;start_type=ATG;rbs_motif=AGGAG;rbs_spacer=5-10bp;gc_cont=0.323
contig_8:39476-40270|+    -            265 776861at2            -            618     0.018   11.0   0.1   1   1   9.9e-05     0.027   10.4   0.1   412   451    33    76    15    94 0.75 contig_8_33 # 39476 # 40270 # 1 # ID=27_33;partial=00;start_type=ATG;rbs_motif=AGGA;rbs_spacer=5-10bp;gc_cont=0.384
contig_58:81194-81769|+   -            192 776861at2            -            618     0.018   11.0   0.1   1   1   9.4e-05     0.025   10.5   0.1   403   428    22    47     3    58 0.70 contig_58_91 # 81194 # 81769 # 1 # ID=41_91;partial=00;start_type=ATG;rbs_motif=GGAG/GAGG;rbs_spacer=5-10bp;gc_cont=0.415
contig_26:111333-111692|- -            120 776861at2            -            618      0.03   10.3   0.0   1   2   0.00023     0.062    9.3   0.0   410   427     6    23     1    28 0.86 contig_26_128 # 111333 # 111692 # -1 # ID=17_128;partial=00;start_type=GTG;rbs_motif=None;rbs_spacer=None;gc_cont=0.425
contig_26:111333-111692|- -            120 776861at2            -            618      0.03   10.3   0.0   2   2      0.73     2e+02   -2.3   0.0   585   611    73    99    64   103 0.74 contig_26_128 # 111333 # 111692 # -1 # ID=17_128;partial=00;start_type=GTG;rbs_motif=None;rbs_spacer=None;gc_cont=0.425
#
# Program:         hmmsearch
# Version:         3.4 (Aug 2023)
# Pipeline mode:   SEARCH
# Query file:      /scratch/ky/characterization/busco_downloads/lineages/bacteria_odb10/hmms/776861at2.hmm
# Target file:     /scratch/ky/characterization/results/barcode06/polishing/busco_out/busco_barcode06/barcode06.fasta/prodigal_output/predicted_genes/predicted.faa
# Option settings: hmmsearch --domtblout /scratch/ky/characterization/results/barcode06/polishing/busco_out/busco_barcode06/barcode06.fasta/run_bacteria_odb10/hmmer_output/776861at2.out --cpu 1 /scratch/ky/characterization/busco_downloads/lineages/bacteria_odb10/hmms/776861at2.hmm /scratch/ky/characterization/results/barcode06/polishing/busco_out/busco_barcode06/barcode06.fasta/prodigal_output/predicted_genes/predicted.faa 
# Current dir:     /scratch/ky/characterization
# Date:            Thu Mar 12 12:04:28 2026
# [ok]
