#                                                                               --- full sequence --- -------------- this domain -------------   hmm coord   ali coord   env coord
# target name           accession   tlen query name           accession   qlen   E-value  score  bias   #  of  c-Evalue  i-Evalue  score  bias  from    to  from    to  from    to  acc description of target
#   ------------------- ---------- ----- -------------------- ---------- ----- --------- ------ ----- --- --- --------- --------- ------ ----- ----- ----- ----- ----- ----- ----- ---- ---------------------
contig_55:7772-8776|-   -            335 874197at2            -            274  3.2e-127  421.2   0.4   1   1  1.2e-129    4e-127  420.9   0.4     2   273    19   319    18   320 0.92 contig_55_9 # 7772 # 8776 # -1 # ID=19_9;partial=00;start_type=ATG;rbs_motif=AGGAGG;rbs_spacer=5-10bp;gc_cont=0.429
contig_65:45819-46481|+ -            221 874197at2            -            274   3.3e-09   34.2   0.0   1   2   3.6e-11   1.2e-08   32.3   0.0    39   109     1    75     1    87 0.77 contig_65_56 # 45819 # 46481 # 1 # ID=35_56;partial=00;start_type=TTG;rbs_motif=None;rbs_spacer=None;gc_cont=0.398
contig_65:45819-46481|+ -            221 874197at2            -            274   3.3e-09   34.2   0.0   2   2      0.21        72    0.3   0.0   131   164    78   113    66   160 0.74 contig_65_56 # 45819 # 46481 # 1 # ID=35_56;partial=00;start_type=TTG;rbs_motif=None;rbs_spacer=None;gc_cont=0.398
contig_29:66977-69004|+ -            676 874197at2            -            274   2.5e-06   24.8   0.0   1   1   1.6e-08   5.6e-06   23.6   0.0    35    96   198   267   160   272 0.75 contig_29_73 # 66977 # 69004 # 1 # ID=51_73;partial=00;start_type=ATG;rbs_motif=AGGAGG;rbs_spacer=5-10bp;gc_cont=0.398
contig_32:59200-61326|+ -            709 874197at2            -            274   7.5e-06   23.2   1.2   1   3    0.0022      0.75    6.8   0.5    39    99    54   135    36   145 0.53 contig_32_57 # 59200 # 61326 # 1 # ID=42_57;partial=00;start_type=ATG;rbs_motif=AGGAG;rbs_spacer=5-10bp;gc_cont=0.397
contig_32:59200-61326|+ -            709 874197at2            -            274   7.5e-06   23.2   1.2   2   3   0.00019     0.063   10.3   0.0    30    59   446   475   415   485 0.78 contig_32_57 # 59200 # 61326 # 1 # ID=42_57;partial=00;start_type=ATG;rbs_motif=AGGAG;rbs_spacer=5-10bp;gc_cont=0.397
contig_32:59200-61326|+ -            709 874197at2            -            274   7.5e-06   23.2   1.2   3   3         2     7e+02   -3.0   0.0    95   120   634   659   630   671 0.83 contig_32_57 # 59200 # 61326 # 1 # ID=42_57;partial=00;start_type=ATG;rbs_motif=AGGAG;rbs_spacer=5-10bp;gc_cont=0.397
contig_55:50875-51363|- -            163 874197at2            -            274   9.7e-06   22.8   0.0   1   1     4e-08   1.4e-05   22.3   0.0     8    79    71   153    65   162 0.74 contig_55_56 # 50875 # 51363 # -1 # ID=19_56;partial=00;start_type=TTG;rbs_motif=GGA/GAG/AGG;rbs_spacer=11-12bp;gc_cont=0.354
contig_16:26776-28464|- -            563 874197at2            -            274     2e-05   21.8   0.1   1   1   1.2e-07     4e-05   20.8   0.1    35   101   330   408   287   443 0.60 contig_16_33 # 26776 # 28464 # -1 # ID=3_33;partial=00;start_type=ATG;rbs_motif=AGGA;rbs_spacer=5-10bp;gc_cont=0.382
contig_29:19272-21056|+ -            595 874197at2            -            274   3.6e-05   20.9   0.0   1   1   3.3e-07   0.00011   19.3   0.0     5    69    11    72     8   229 0.85 contig_29_23 # 19272 # 21056 # 1 # ID=51_23;partial=00;start_type=GTG;rbs_motif=AGGAG/GGAGG;rbs_spacer=11-12bp;gc_cont=0.399
contig_41:23035-24435|+ -            467 874197at2            -            274   4.7e-05   20.6   0.4   1   2   3.1e-06    0.0011   16.1   0.1    13   107    21   121     9   133 0.66 contig_41_23 # 23035 # 24435 # 1 # ID=34_23;partial=00;start_type=ATG;rbs_motif=GGAGG;rbs_spacer=5-10bp;gc_cont=0.392
contig_41:23035-24435|+ -            467 874197at2            -            274   4.7e-05   20.6   0.4   2   2     0.052        18    2.3   0.0    81   101   267   287   247   369 0.71 contig_41_23 # 23035 # 24435 # 1 # ID=34_23;partial=00;start_type=ATG;rbs_motif=GGAGG;rbs_spacer=5-10bp;gc_cont=0.392
contig_55:47535-49859|- -            775 874197at2            -            274   7.6e-05   19.9   0.0   1   2     1e-06   0.00035   17.7   0.0    12    67   324   380   319   393 0.73 contig_55_54 # 47535 # 49859 # -1 # ID=19_54;partial=00;start_type=ATG;rbs_motif=AGGAG/GGAGG;rbs_spacer=11-12bp;gc_cont=0.392
contig_55:47535-49859|- -            775 874197at2            -            274   7.6e-05   19.9   0.0   2   2       1.3   4.5e+02   -2.3   0.0   127   164   461   498   438   507 0.82 contig_55_54 # 47535 # 49859 # -1 # ID=19_54;partial=00;start_type=ATG;rbs_motif=AGGAG/GGAGG;rbs_spacer=11-12bp;gc_cont=0.392
contig_14:41913-42908|+ -            332 874197at2            -            274   0.00063   16.8   0.1   1   2   4.1e-05     0.014   12.5   0.0    36    64    44    72    14    91 0.85 contig_14_46 # 41913 # 42908 # 1 # ID=20_46;partial=00;start_type=ATG;rbs_motif=AGGAGG;rbs_spacer=5-10bp;gc_cont=0.408
contig_14:41913-42908|+ -            332 874197at2            -            274   0.00063   16.8   0.1   2   2     0.054        18    2.2   0.0   217   238   247   268   114   278 0.76 contig_14_46 # 41913 # 42908 # 1 # ID=20_46;partial=00;start_type=ATG;rbs_motif=AGGAGG;rbs_spacer=5-10bp;gc_cont=0.408
contig_4:8416-10116|+   -            567 874197at2            -            274    0.0018   15.4   0.7   1   3      0.11        36    1.3   0.0    87    99    26    38    10    41 0.76 contig_4_15 # 8416 # 10116 # 1 # ID=22_15;partial=00;start_type=TTG;rbs_motif=GGA/GAG/AGG;rbs_spacer=5-10bp;gc_cont=0.409
contig_4:8416-10116|+   -            567 874197at2            -            274    0.0018   15.4   0.7   2   3   0.00016     0.055   10.5   0.0    12    59   264   315   255   335 0.75 contig_4_15 # 8416 # 10116 # 1 # ID=22_15;partial=00;start_type=TTG;rbs_motif=GGA/GAG/AGG;rbs_spacer=5-10bp;gc_cont=0.409
contig_4:8416-10116|+   -            567 874197at2            -            274    0.0018   15.4   0.7   3   3      0.47   1.6e+02   -0.9   0.1    80   127   442   488   417   497 0.65 contig_4_15 # 8416 # 10116 # 1 # ID=22_15;partial=00;start_type=TTG;rbs_motif=GGA/GAG/AGG;rbs_spacer=5-10bp;gc_cont=0.409
contig_2:20088-21032|-  -            315 874197at2            -            274    0.0046   14.0   0.0   1   1   2.6e-05    0.0089   13.1   0.0    35    67    33    65    20   171 0.88 contig_2_26 # 20088 # 21032 # -1 # ID=43_26;partial=00;start_type=ATG;rbs_motif=AGGAG/GGAGG;rbs_spacer=11-12bp;gc_cont=0.385
#
# Program:         hmmsearch
# Version:         3.4 (Aug 2023)
# Pipeline mode:   SEARCH
# Query file:      /scratch/ky/characterization/busco_downloads/lineages/bacteria_odb10/hmms/874197at2.hmm
# Target file:     /scratch/ky/characterization/results/barcode06/polishing/busco_out/busco_barcode06/barcode06.fasta/prodigal_output/predicted_genes/predicted.faa
# Option settings: hmmsearch --domtblout /scratch/ky/characterization/results/barcode06/polishing/busco_out/busco_barcode06/barcode06.fasta/run_bacteria_odb10/hmmer_output/874197at2.out --cpu 1 /scratch/ky/characterization/busco_downloads/lineages/bacteria_odb10/hmms/874197at2.hmm /scratch/ky/characterization/results/barcode06/polishing/busco_out/busco_barcode06/barcode06.fasta/prodigal_output/predicted_genes/predicted.faa 
# Current dir:     /scratch/ky/characterization
# Date:            Thu Mar 12 12:04:28 2026
# [ok]
