#                                                                               --- full sequence --- -------------- this domain -------------   hmm coord   ali coord   env coord
# target name           accession   tlen query name           accession   qlen   E-value  score  bias   #  of  c-Evalue  i-Evalue  score  bias  from    to  from    to  from    to  acc description of target
#   ------------------- ---------- ----- -------------------- ---------- ----- --------- ------ ----- --- --- --------- --------- ------ ----- ----- ----- ----- ----- ----- ----- ---- ---------------------
contig_65:29727-31436|- -            570 91428at2             -            555  9.6e-119  395.0   5.4   1   3   3.2e-74   3.3e-71  238.1   0.0     1   205     1   259     1   263 0.85 contig_65_37 # 29727 # 31436 # -1 # ID=35_37;partial=00;start_type=ATG;rbs_motif=AGGAGG;rbs_spacer=5-10bp;gc_cont=0.397
contig_65:29727-31436|- -            570 91428at2             -            555  9.6e-119  395.0   5.4   2   3     7e-40   7.1e-37  124.8   1.6   196   330   273   447   267   458 0.78 contig_65_37 # 29727 # 31436 # -1 # ID=35_37;partial=00;start_type=ATG;rbs_motif=AGGAGG;rbs_spacer=5-10bp;gc_cont=0.397
contig_65:29727-31436|- -            570 91428at2             -            555  9.6e-119  395.0   5.4   3   3   1.8e-09   1.8e-06   24.4   0.0   321   367   486   530   473   551 0.80 contig_65_37 # 29727 # 31436 # -1 # ID=35_37;partial=00;start_type=ATG;rbs_motif=AGGAGG;rbs_spacer=5-10bp;gc_cont=0.397
contig_65:28777-29781|- -            335 91428at2             -            555   1.7e-50  169.7  18.8   1   2   8.5e-53   8.7e-50  167.4   6.5   359   542    20   226    13   233 0.83 contig_65_36 # 28777 # 29781 # -1 # ID=35_36;partial=00;start_type=ATG;rbs_motif=3Base/5BMM;rbs_spacer=13-15bp;gc_cont=0.388
contig_65:28777-29781|- -            335 91428at2             -            555   1.7e-50  169.7  18.8   2   2     0.001         1    5.4   4.6   530   555   285   316   227   316 0.64 contig_65_36 # 28777 # 29781 # -1 # ID=35_36;partial=00;start_type=ATG;rbs_motif=3Base/5BMM;rbs_spacer=13-15bp;gc_cont=0.388
contig_27:64065-65240|+ -            392 91428at2             -            555   1.3e-06   24.9  12.2   1   3     6e-05     0.062    9.4   0.0   334   359    30    55    18    81 0.84 contig_27_58 # 64065 # 65240 # 1 # ID=55_58;partial=00;start_type=ATG;rbs_motif=AGGAGG;rbs_spacer=5-10bp;gc_cont=0.420
contig_27:64065-65240|+ -            392 91428at2             -            555   1.3e-06   24.9  12.2   2   3   7.9e-07    0.0008   15.7   1.9   358   515    95   266    91   300 0.62 contig_27_58 # 64065 # 65240 # 1 # ID=55_58;partial=00;start_type=ATG;rbs_motif=AGGAGG;rbs_spacer=5-10bp;gc_cont=0.420
contig_27:64065-65240|+ -            392 91428at2             -            555   1.3e-06   24.9  12.2   3   3    0.0015       1.5    4.9   1.2   485   554   306   376   295   377 0.66 contig_27_58 # 64065 # 65240 # 1 # ID=55_58;partial=00;start_type=ATG;rbs_motif=AGGAGG;rbs_spacer=5-10bp;gc_cont=0.420
contig_11:9205-11121|+  -            639 91428at2             -            555      0.01   12.0   0.0   1   1   9.4e-05     0.095    8.8   0.0   358   465    73   203    65   206 0.62 contig_11_16 # 9205 # 11121 # 1 # ID=30_16;partial=00;start_type=ATG;rbs_motif=AGGAG;rbs_spacer=5-10bp;gc_cont=0.414
#
# Program:         hmmsearch
# Version:         3.4 (Aug 2023)
# Pipeline mode:   SEARCH
# Query file:      /scratch/ky/characterization/busco_downloads/lineages/bacteria_odb10/hmms/91428at2.hmm
# Target file:     /scratch/ky/characterization/results/barcode06/polishing/busco_out/busco_barcode06/barcode06.fasta/prodigal_output/predicted_genes/predicted.faa
# Option settings: hmmsearch --domtblout /scratch/ky/characterization/results/barcode06/polishing/busco_out/busco_barcode06/barcode06.fasta/run_bacteria_odb10/hmmer_output/91428at2.out --cpu 1 /scratch/ky/characterization/busco_downloads/lineages/bacteria_odb10/hmms/91428at2.hmm /scratch/ky/characterization/results/barcode06/polishing/busco_out/busco_barcode06/barcode06.fasta/prodigal_output/predicted_genes/predicted.faa 
# Current dir:     /scratch/ky/characterization
# Date:            Thu Mar 12 12:04:28 2026
# [ok]
