#                                                                                 --- full sequence --- -------------- this domain -------------   hmm coord   ali coord   env coord
# target name             accession   tlen query name           accession   qlen   E-value  score  bias   #  of  c-Evalue  i-Evalue  score  bias  from    to  from    to  from    to  acc description of target
#     ------------------- ---------- ----- -------------------- ---------- ----- --------- ------ ----- --- --- --------- --------- ------ ----- ----- ----- ----- ----- ----- ----- ---- ---------------------
contig_24:118526-119782|- -            419 932854at2            -           1620    1e-183  611.0   5.3   1   1  1.9e-186  1.1e-183  610.9   5.3     2   415     1   416     1   418 0.98 contig_24_131 # 118526 # 119782 # -1 # ID=21_131;partial=00;start_type=ATG;rbs_motif=AGGAGG;rbs_spacer=5-10bp;gc_cont=0.408
contig_24:124613-126847|- -            745 932854at2            -           1620     2e-38  129.4   2.0   1   2   3.9e-40   2.3e-37  125.9   0.2   733  1247    94   598    86   607 0.81 contig_24_136 # 124613 # 126847 # -1 # ID=21_136;partial=00;start_type=ATG;rbs_motif=GGAGG;rbs_spacer=5-10bp;gc_cont=0.423
contig_24:124613-126847|- -            745 932854at2            -           1620     2e-38  129.4   2.0   2   2    0.0064       3.7    2.6   0.1   911   985   627   698   602   726 0.73 contig_24_136 # 124613 # 126847 # -1 # ID=21_136;partial=00;start_type=ATG;rbs_motif=GGAGG;rbs_spacer=5-10bp;gc_cont=0.423
contig_24:126834-127517|- -            228 932854at2            -           1620   8.8e-30  100.8   0.2   1   1   5.5e-32   3.2e-29   98.9   0.2  1370  1599     4   204     1   221 0.83 contig_24_137 # 126834 # 127517 # -1 # ID=21_137;partial=00;start_type=ATG;rbs_motif=AGGAGG;rbs_spacer=5-10bp;gc_cont=0.404
contig_26:27097-28005|-   -            303 932854at2            -           1620   3.6e-08   29.2   0.0   1   1   8.5e-11     5e-08   28.7   0.0    81   192    73   182    66   189 0.90 contig_26_34 # 27097 # 28005 # -1 # ID=17_34;partial=00;start_type=ATG;rbs_motif=AGGAG;rbs_spacer=5-10bp;gc_cont=0.419
contig_42:21032-22243|-   -            404 932854at2            -           1620   1.7e-07   26.9   0.0   1   2   5.9e-06    0.0034   12.6   0.0   129   188   138   196   115   206 0.84 contig_42_24 # 21032 # 22243 # -1 # ID=8_24;partial=00;start_type=GTG;rbs_motif=None;rbs_spacer=None;gc_cont=0.389
contig_42:21032-22243|-   -            404 932854at2            -           1620   1.7e-07   26.9   0.0   2   2   8.6e-06     0.005   12.1   0.0   240   402   238   399   232   401 0.81 contig_42_24 # 21032 # 22243 # -1 # ID=8_24;partial=00;start_type=GTG;rbs_motif=None;rbs_spacer=None;gc_cont=0.389
contig_59:11517-12920|+   -            468 932854at2            -           1620   2.6e-07   26.3   0.6   1   2   7.1e-10   4.1e-07   25.6   0.2    79   184    91   200    87   209 0.86 contig_59_19 # 11517 # 12920 # 1 # ID=57_19;partial=00;start_type=ATG;rbs_motif=AGGAG;rbs_spacer=5-10bp;gc_cont=0.425
contig_59:11517-12920|+   -            468 932854at2            -           1620   2.6e-07   26.3   0.6   2   2      0.54   3.2e+02   -3.8   0.0   668   724   285   342   281   345 0.78 contig_59_19 # 11517 # 12920 # 1 # ID=57_19;partial=00;start_type=ATG;rbs_motif=AGGAG;rbs_spacer=5-10bp;gc_cont=0.425
contig_60:14096-17293|+   -           1066 932854at2            -           1620   9.6e-07   24.4   0.0   1   2     0.056        33   -0.6   0.0    86   185   112   210   105   218 0.80 contig_60_14 # 14096 # 17293 # 1 # ID=12_14;partial=00;start_type=ATG;rbs_motif=GGA/GAG/AGG;rbs_spacer=5-10bp;gc_cont=0.401
contig_60:14096-17293|+   -           1066 932854at2            -           1620   9.6e-07   24.4   0.0   2   2   8.2e-09   4.8e-06   22.1   0.0    78   202   642   765   613   768 0.93 contig_60_14 # 14096 # 17293 # 1 # ID=12_14;partial=00;start_type=ATG;rbs_motif=GGA/GAG/AGG;rbs_spacer=5-10bp;gc_cont=0.401
#
# Program:         hmmsearch
# Version:         3.4 (Aug 2023)
# Pipeline mode:   SEARCH
# Query file:      /scratch/ky/characterization/busco_downloads/lineages/bacteria_odb10/hmms/932854at2.hmm
# Target file:     /scratch/ky/characterization/results/barcode06/polishing/busco_out/busco_barcode06/barcode06.fasta/prodigal_output/predicted_genes/predicted.faa
# Option settings: hmmsearch --domtblout /scratch/ky/characterization/results/barcode06/polishing/busco_out/busco_barcode06/barcode06.fasta/run_bacteria_odb10/hmmer_output/932854at2.out --cpu 1 /scratch/ky/characterization/busco_downloads/lineages/bacteria_odb10/hmms/932854at2.hmm /scratch/ky/characterization/results/barcode06/polishing/busco_out/busco_barcode06/barcode06.fasta/prodigal_output/predicted_genes/predicted.faa 
# Current dir:     /scratch/ky/characterization
# Date:            Thu Mar 12 12:04:28 2026
# [ok]
