#                                                                               --- full sequence --- -------------- this domain -------------   hmm coord   ali coord   env coord
# target name           accession   tlen query name           accession   qlen   E-value  score  bias   #  of  c-Evalue  i-Evalue  score  bias  from    to  from    to  from    to  acc description of target
#   ------------------- ---------- ----- -------------------- ---------- ----- --------- ------ ----- --- --- --------- --------- ------ ----- ----- ----- ----- ----- ----- ----- ---- ---------------------
contig_32:26071-28050|+ -            660 95696at2             -            490  3.9e-233  772.3  16.1   1   3   3.6e-72   2.4e-69  232.1   0.5     1   129    34   162    34   170 0.95 contig_32_30 # 26071 # 28050 # 1 # ID=42_30;partial=00;start_type=GTG;rbs_motif=GGA/GAG/AGG;rbs_spacer=5-10bp;gc_cont=0.417
contig_32:26071-28050|+ -            660 95696at2             -            490  3.9e-233  772.3  16.1   2   3  3.5e-168  2.4e-165  548.8   6.9   105   476   157   587   152   599 0.89 contig_32_30 # 26071 # 28050 # 1 # ID=42_30;partial=00;start_type=GTG;rbs_motif=GGA/GAG/AGG;rbs_spacer=5-10bp;gc_cont=0.417
contig_32:26071-28050|+ -            660 95696at2             -            490  3.9e-233  772.3  16.1   3   3      0.92   6.3e+02   -3.4   0.1   457   490   619   652   611   652 0.70 contig_32_30 # 26071 # 28050 # 1 # ID=42_30;partial=00;start_type=GTG;rbs_motif=GGA/GAG/AGG;rbs_spacer=5-10bp;gc_cont=0.417
contig_29:51259-54771|+ -           1171 95696at2             -            490   1.3e-17   61.5   4.9   1   4   1.6e-05     0.011   12.3   0.0     1    55    29    83    29    89 0.96 contig_29_60 # 51259 # 54771 # 1 # ID=51_60;partial=00;start_type=GTG;rbs_motif=AGGAG;rbs_spacer=5-10bp;gc_cont=0.395
contig_29:51259-54771|+ -           1171 95696at2             -            490   1.3e-17   61.5   4.9   2   4   7.6e-08   5.1e-05   20.0   0.0   119   252   154   312   147   327 0.67 contig_29_60 # 51259 # 54771 # 1 # ID=51_60;partial=00;start_type=GTG;rbs_motif=AGGAG;rbs_spacer=5-10bp;gc_cont=0.395
contig_29:51259-54771|+ -           1171 95696at2             -            490   1.3e-17   61.5   4.9   3   4     0.023        15    1.9   0.1   341   394   678   731   649   761 0.79 contig_29_60 # 51259 # 54771 # 1 # ID=51_60;partial=00;start_type=GTG;rbs_motif=AGGAG;rbs_spacer=5-10bp;gc_cont=0.395
contig_29:51259-54771|+ -           1171 95696at2             -            490   1.3e-17   61.5   4.9   4   4   3.8e-09   2.6e-06   24.3   0.3   360   443   855   937   833   958 0.78 contig_29_60 # 51259 # 54771 # 1 # ID=51_60;partial=00;start_type=GTG;rbs_motif=AGGAG;rbs_spacer=5-10bp;gc_cont=0.395
contig_60:40831-43242|+ -            804 95696at2             -            490   2.8e-12   43.9   0.0   1   2   5.6e-05     0.038   10.5   0.0     3    49   292   341   290   373 0.89 contig_60_37 # 40831 # 43242 # 1 # ID=12_37;partial=00;start_type=ATG;rbs_motif=GGA/GAG/AGG;rbs_spacer=5-10bp;gc_cont=0.393
contig_60:40831-43242|+ -            804 95696at2             -            490   2.8e-12   43.9   0.0   2   2   3.7e-11   2.5e-08   30.9   0.0   343   442   562   670   551   694 0.77 contig_60_37 # 40831 # 43242 # 1 # ID=12_37;partial=00;start_type=ATG;rbs_motif=GGA/GAG/AGG;rbs_spacer=5-10bp;gc_cont=0.393
contig_51:68825-70129|+ -            435 95696at2             -            490   8.4e-11   39.0   0.1   1   2     0.013       8.6    2.7   0.0     6    52    48   100    44   109 0.74 contig_51_76 # 68825 # 70129 # 1 # ID=54_76;partial=00;start_type=ATG;rbs_motif=AGGAGG;rbs_spacer=5-10bp;gc_cont=0.384
contig_51:68825-70129|+ -            435 95696at2             -            490   8.4e-11   39.0   0.1   2   2     4e-12   2.7e-09   34.1   0.0   340   412   245   317   222   352 0.81 contig_51_76 # 68825 # 70129 # 1 # ID=54_76;partial=00;start_type=ATG;rbs_motif=AGGAGG;rbs_spacer=5-10bp;gc_cont=0.384
contig_44:359-1888|-    -            510 95696at2             -            490   4.6e-09   33.3   0.1   1   2    0.0026       1.7    5.0   0.0     6    53    47   100    42   106 0.74 contig_44_2 # 359 # 1888 # -1 # ID=46_2;partial=00;start_type=TTG;rbs_motif=AGGAG;rbs_spacer=5-10bp;gc_cont=0.403
contig_44:359-1888|-    -            510 95696at2             -            490   4.6e-09   33.3   0.1   2   2   1.2e-09   8.2e-07   25.9   0.1   340   435   244   334   232   365 0.77 contig_44_2 # 359 # 1888 # -1 # ID=46_2;partial=00;start_type=TTG;rbs_motif=AGGAG;rbs_spacer=5-10bp;gc_cont=0.403
contig_24:57339-58487|- -            383 95696at2             -            490   0.00034   17.2   0.3   1   2     0.016        11    2.4   0.0     7    46    43    88    38    96 0.70 contig_24_61 # 57339 # 58487 # -1 # ID=21_61;partial=00;start_type=ATG;rbs_motif=AGxAGG/AGGxGG;rbs_spacer=5-10bp;gc_cont=0.393
contig_24:57339-58487|- -            383 95696at2             -            490   0.00034   17.2   0.3   2   2   1.3e-05     0.009   12.5   0.0   363   413   262   312   243   329 0.86 contig_24_61 # 57339 # 58487 # -1 # ID=21_61;partial=00;start_type=ATG;rbs_motif=AGxAGG/AGGxGG;rbs_spacer=5-10bp;gc_cont=0.393
#
# Program:         hmmsearch
# Version:         3.4 (Aug 2023)
# Pipeline mode:   SEARCH
# Query file:      /scratch/ky/characterization/busco_downloads/lineages/bacteria_odb10/hmms/95696at2.hmm
# Target file:     /scratch/ky/characterization/results/barcode06/polishing/busco_out/busco_barcode06/barcode06.fasta/prodigal_output/predicted_genes/predicted.faa
# Option settings: hmmsearch --domtblout /scratch/ky/characterization/results/barcode06/polishing/busco_out/busco_barcode06/barcode06.fasta/run_bacteria_odb10/hmmer_output/95696at2.out --cpu 1 /scratch/ky/characterization/busco_downloads/lineages/bacteria_odb10/hmms/95696at2.hmm /scratch/ky/characterization/results/barcode06/polishing/busco_out/busco_barcode06/barcode06.fasta/prodigal_output/predicted_genes/predicted.faa 
# Current dir:     /scratch/ky/characterization
# Date:            Thu Mar 12 12:04:28 2026
# [ok]
