#                                                                                 --- full sequence --- -------------- this domain -------------   hmm coord   ali coord   env coord
# target name             accession   tlen query name           accession   qlen   E-value  score  bias   #  of  c-Evalue  i-Evalue  score  bias  from    to  from    to  from    to  acc description of target
#     ------------------- ---------- ----- -------------------- ---------- ----- --------- ------ ----- --- --- --------- --------- ------ ----- ----- ----- ----- ----- ----- ----- ---- ---------------------
contig_51:33191-34108|+   -            306 984717at2            -            224     3e-70  234.1  13.2   1   2   2.3e-51   4.5e-49  164.8   5.0     1   176    12   232    12   237 0.78 contig_51_37 # 33191 # 34108 # 1 # ID=54_37;partial=00;start_type=ATG;rbs_motif=GGAGG;rbs_spacer=5-10bp;gc_cont=0.375
contig_51:33191-34108|+   -            306 984717at2            -            224     3e-70  234.1  13.2   2   2   6.6e-22   1.3e-19   68.5   1.3   164   221   236   294   231   300 0.90 contig_51_37 # 33191 # 34108 # 1 # ID=54_37;partial=00;start_type=ATG;rbs_motif=GGAGG;rbs_spacer=5-10bp;gc_cont=0.375
contig_10:111082-112392|+ -            437 984717at2            -            224   3.2e-34  116.3   2.1   1   2   1.3e-19   2.4e-17   61.0   0.1     1   105     5   125     5   135 0.74 contig_10_128 # 111082 # 112392 # 1 # ID=36_128;partial=00;start_type=ATG;rbs_motif=AGGA;rbs_spacer=5-10bp;gc_cont=0.400
contig_10:111082-112392|+ -            437 984717at2            -            224   3.2e-34  116.3   2.1   2   2   1.7e-17   3.2e-15   54.1   0.2     3   113   179   308   177   317 0.73 contig_10_128 # 111082 # 112392 # 1 # ID=36_128;partial=00;start_type=ATG;rbs_motif=AGGA;rbs_spacer=5-10bp;gc_cont=0.400
contig_5:13102-14487|+    -            462 984717at2            -            224   8.3e-16   56.0   0.1   1   1   8.7e-18   1.7e-15   55.0   0.1     3   137   227   376   225   383 0.77 contig_5_13 # 13102 # 14487 # 1 # ID=39_13;partial=00;start_type=ATG;rbs_motif=AGGAGG;rbs_spacer=5-10bp;gc_cont=0.396
contig_41:10394-11269|+   -            292 984717at2            -            224   1.1e-10   39.3   3.3   1   3     0.067        13    3.1   0.1    84   106    43    65     7    77 0.66 contig_41_11 # 10394 # 11269 # 1 # ID=34_11;partial=00;start_type=GTG;rbs_motif=AGGAGG;rbs_spacer=5-10bp;gc_cont=0.385
contig_41:10394-11269|+   -            292 984717at2            -            224   1.1e-10   39.3   3.3   2   3      0.75   1.5e+02   -0.4   0.1   169   201    76   109    67   112 0.81 contig_41_11 # 10394 # 11269 # 1 # ID=34_11;partial=00;start_type=GTG;rbs_motif=AGGAGG;rbs_spacer=5-10bp;gc_cont=0.385
contig_41:10394-11269|+   -            292 984717at2            -            224   1.1e-10   39.3   3.3   3   3   8.7e-12   1.7e-09   35.4   0.1     3    63   124   182   122   202 0.89 contig_41_11 # 10394 # 11269 # 1 # ID=34_11;partial=00;start_type=GTG;rbs_motif=AGGAGG;rbs_spacer=5-10bp;gc_cont=0.385
contig_55:46949-47530|-   -            194 984717at2            -            224   5.1e-09   33.8   0.0   1   2   5.7e-11   1.1e-08   32.7   0.0     3    61    27    84    25    98 0.83 contig_55_53 # 46949 # 47530 # -1 # ID=19_53;partial=00;start_type=ATG;rbs_motif=AGGAG/GGAGG;rbs_spacer=11-12bp;gc_cont=0.380
contig_55:46949-47530|-   -            194 984717at2            -            224   5.1e-09   33.8   0.0   2   2       3.7   7.1e+02   -2.6   0.0    91   104   134   147   124   158 0.77 contig_55_53 # 46949 # 47530 # -1 # ID=19_53;partial=00;start_type=ATG;rbs_motif=AGGAG/GGAGG;rbs_spacer=11-12bp;gc_cont=0.380
contig_65:15317-16420|-   -            368 984717at2            -            224   5.2e-07   27.2   0.1   1   2       1.3   2.6e+02   -1.2   0.0    90   105    95   111    88   136 0.75 contig_65_18 # 15317 # 16420 # -1 # ID=35_18;partial=00;start_type=ATG;rbs_motif=GGAGG;rbs_spacer=5-10bp;gc_cont=0.388
contig_65:15317-16420|-   -            368 984717at2            -            224   5.2e-07   27.2   0.1   2   2   9.1e-09   1.8e-06   25.5   0.1     2    66   163   227   162   263 0.75 contig_65_18 # 15317 # 16420 # -1 # ID=35_18;partial=00;start_type=ATG;rbs_motif=GGAGG;rbs_spacer=5-10bp;gc_cont=0.388
contig_18:29324-30610|+   -            429 984717at2            -            224   1.3e-05   22.7   0.2   1   1   1.8e-07   3.5e-05   21.3   0.2     2    85   208   304   207   344 0.68 contig_18_32 # 29324 # 30610 # 1 # ID=9_32;partial=00;start_type=ATG;rbs_motif=GGAGG;rbs_spacer=5-10bp;gc_cont=0.393
contig_19:18923-21340|-   -            806 984717at2            -            224   1.3e-05   22.7   0.0   1   2   3.7e-05    0.0072   13.7   0.0     2    39   232   270   231   278 0.84 contig_19_26 # 18923 # 21340 # -1 # ID=45_26;partial=00;start_type=GTG;rbs_motif=None;rbs_spacer=None;gc_cont=0.407
contig_19:18923-21340|-   -            806 984717at2            -            224   1.3e-05   22.7   0.0   2   2    0.0085       1.7    6.0   0.0    48   116   390   458   385   472 0.78 contig_19_26 # 18923 # 21340 # -1 # ID=45_26;partial=00;start_type=GTG;rbs_motif=None;rbs_spacer=None;gc_cont=0.407
contig_54:49594-50664|+   -            357 984717at2            -            224   4.3e-05   21.0   0.0   1   2       1.9   3.6e+02   -1.7   0.1    92   108   146   162   100   177 0.60 contig_54_64 # 49594 # 50664 # 1 # ID=50_64;partial=00;start_type=TTG;rbs_motif=AGGAGG;rbs_spacer=5-10bp;gc_cont=0.425
contig_54:49594-50664|+   -            357 984717at2            -            224   4.3e-05   21.0   0.0   2   2   8.7e-07   0.00017   19.0   0.0     3    62   202   266   200   307 0.71 contig_54_64 # 49594 # 50664 # 1 # ID=50_64;partial=00;start_type=TTG;rbs_motif=AGGAGG;rbs_spacer=5-10bp;gc_cont=0.425
contig_41:77042-79324|+   -            761 984717at2            -            224   5.2e-05   20.7   0.7   1   1   5.7e-07   0.00011   19.6   0.7     2   104   266   375   265   395 0.73 contig_41_78 # 77042 # 79324 # 1 # ID=34_78;partial=00;start_type=ATG;rbs_motif=GGxGG;rbs_spacer=5-10bp;gc_cont=0.383
contig_60:50023-50907|+   -            295 984717at2            -            224    0.0001   19.8   0.0   1   1     1e-06    0.0002   18.8   0.0     4    61   165   226   162   233 0.72 contig_60_44 # 50023 # 50907 # 1 # ID=12_44;partial=00;start_type=ATG;rbs_motif=AGGAGG;rbs_spacer=5-10bp;gc_cont=0.372
contig_15:45301-45801|+   -            167 984717at2            -            224   0.00012   19.5   0.6   1   1   2.6e-06    0.0005   17.5   0.6     2    83     5    75     4   149 0.63 contig_15_40 # 45301 # 45801 # 1 # ID=28_40;partial=00;start_type=ATG;rbs_motif=AGGA;rbs_spacer=5-10bp;gc_cont=0.397
contig_19:21310-22533|-   -            408 984717at2            -            224   0.00015   19.2   0.1   1   2    0.0086       1.7    6.0   0.0     2    43    48    87    47    99 0.71 contig_19_27 # 21310 # 22533 # -1 # ID=45_27;partial=00;start_type=ATG;rbs_motif=3Base/5BMM;rbs_spacer=13-15bp;gc_cont=0.386
contig_19:21310-22533|-   -            408 984717at2            -            224   0.00015   19.2   0.1   2   2   0.00032     0.062   10.6   0.1    49    91   141   184   134   226 0.69 contig_19_27 # 21310 # 22533 # -1 # ID=45_27;partial=00;start_type=ATG;rbs_motif=3Base/5BMM;rbs_spacer=13-15bp;gc_cont=0.386
contig_55:14184-15473|-   -            430 984717at2            -            224    0.0011   16.4   0.0   1   1   2.4e-05    0.0047   14.3   0.0     2    61   161   221   160   312 0.82 contig_55_17 # 14184 # 15473 # -1 # ID=19_17;partial=00;start_type=ATG;rbs_motif=GGAG/GAGG;rbs_spacer=5-10bp;gc_cont=0.418
contig_5:22751-23851|+    -            367 984717at2            -            224    0.0018   15.7   0.1   1   3   9.1e-06    0.0018   15.7   0.1     3    21     6    24     4    44 0.89 contig_5_23 # 22751 # 23851 # 1 # ID=39_23;partial=00;start_type=ATG;rbs_motif=GGA/GAG/AGG;rbs_spacer=11-12bp;gc_cont=0.383
contig_5:22751-23851|+    -            367 984717at2            -            224    0.0018   15.7   0.1   2   3       2.5   4.9e+02   -2.1   0.1   183   210   142   169   138   174 0.68 contig_5_23 # 22751 # 23851 # 1 # ID=39_23;partial=00;start_type=ATG;rbs_motif=GGA/GAG/AGG;rbs_spacer=11-12bp;gc_cont=0.383
contig_5:22751-23851|+    -            367 984717at2            -            224    0.0018   15.7   0.1   3   3       2.7   5.2e+02   -2.2   0.1    78   102   221   244   199   264 0.51 contig_5_23 # 22751 # 23851 # 1 # ID=39_23;partial=00;start_type=ATG;rbs_motif=GGA/GAG/AGG;rbs_spacer=11-12bp;gc_cont=0.383
contig_52:66333-67904|+   -            524 984717at2            -            224    0.0029   15.0   5.3   1   2    0.0019      0.37    8.1   0.3     2    24    32    54    31    60 0.89 contig_52_60 # 66333 # 67904 # 1 # ID=15_60;partial=00;start_type=ATG;rbs_motif=GGAGG;rbs_spacer=5-10bp;gc_cont=0.390
contig_52:66333-67904|+   -            524 984717at2            -            224    0.0029   15.0   5.3   2   2    0.0012      0.24    8.7   0.7     2    22   355   375   354   383 0.90 contig_52_60 # 66333 # 67904 # 1 # ID=15_60;partial=00;start_type=ATG;rbs_motif=GGAGG;rbs_spacer=5-10bp;gc_cont=0.390
contig_48:3565-5415|+     -            617 984717at2            -            224     0.003   14.9   0.0   1   1   4.4e-05    0.0086   13.5   0.0     2    33    59    90    58   111 0.81 contig_48_5 # 3565 # 5415 # 1 # ID=49_5;partial=00;start_type=ATG;rbs_motif=GGAG/GAGG;rbs_spacer=5-10bp;gc_cont=0.370
contig_35:19941-21827|+   -            629 984717at2            -            224    0.0076   13.6   0.9   1   2       0.3        59    0.9   0.0     4    22    34    52    32    68 0.84 contig_35_25 # 19941 # 21827 # 1 # ID=60_25;partial=00;start_type=ATG;rbs_motif=GGA/GAG/AGG;rbs_spacer=5-10bp;gc_cont=0.419
contig_35:19941-21827|+   -            629 984717at2            -            224    0.0076   13.6   0.9   2   2   0.00041      0.08   10.3   0.2     2    22   348   368   347   370 0.92 contig_35_25 # 19941 # 21827 # 1 # ID=60_25;partial=00;start_type=ATG;rbs_motif=GGA/GAG/AGG;rbs_spacer=5-10bp;gc_cont=0.419
contig_10:84264-86063|+   -            600 984717at2            -            224     0.026   11.9   1.4   1   2     0.062        12    3.2   0.1     2    24    31    53    30    67 0.86 contig_10_94 # 84264 # 86063 # 1 # ID=36_94;partial=00;start_type=ATG;rbs_motif=GGAGG;rbs_spacer=5-10bp;gc_cont=0.384
contig_10:84264-86063|+   -            600 984717at2            -            224     0.026   11.9   1.4   2   2    0.0049      0.95    6.8   0.1     2    24   355   377   354   380 0.90 contig_10_94 # 84264 # 86063 # 1 # ID=36_94;partial=00;start_type=ATG;rbs_motif=GGAGG;rbs_spacer=5-10bp;gc_cont=0.384
contig_52:1834-2634|-     -            267 984717at2            -            224     0.032   11.6   1.3   1   2   0.00018     0.036   11.4   0.3     1    21    36    56    36    59 0.92 contig_52_2 # 1834 # 2634 # -1 # ID=15_2;partial=00;start_type=ATG;rbs_motif=AGxAGG/AGGxGG;rbs_spacer=5-10bp;gc_cont=0.386
contig_52:1834-2634|-     -            267 984717at2            -            224     0.032   11.6   1.3   2   2       3.4   6.6e+02   -2.5   0.0   175   187   220   232   189   242 0.51 contig_52_2 # 1834 # 2634 # -1 # ID=15_2;partial=00;start_type=ATG;rbs_motif=AGxAGG/AGGxGG;rbs_spacer=5-10bp;gc_cont=0.386
contig_26:24021-25469|-   -            483 984717at2            -            224     0.066   10.6   4.2   1   3    0.0016      0.31    8.4   0.2     2    29    34    60    33    66 0.78 contig_26_32 # 24021 # 25469 # -1 # ID=17_32;partial=00;start_type=ATG;rbs_motif=GGAGG;rbs_spacer=5-10bp;gc_cont=0.367
contig_26:24021-25469|-   -            483 984717at2            -            224     0.066   10.6   4.2   2   3      0.99   1.9e+02   -0.8   0.0    33    73   104   144   100   223 0.74 contig_26_32 # 24021 # 25469 # -1 # ID=17_32;partial=00;start_type=ATG;rbs_motif=GGAGG;rbs_spacer=5-10bp;gc_cont=0.367
contig_26:24021-25469|-   -            483 984717at2            -            224     0.066   10.6   4.2   3   3      0.17        34    1.7   0.3     2    22   323   343   322   355 0.77 contig_26_32 # 24021 # 25469 # -1 # ID=17_32;partial=00;start_type=ATG;rbs_motif=GGAGG;rbs_spacer=5-10bp;gc_cont=0.367
#
# Program:         hmmsearch
# Version:         3.4 (Aug 2023)
# Pipeline mode:   SEARCH
# Query file:      /scratch/ky/characterization/busco_downloads/lineages/bacteria_odb10/hmms/984717at2.hmm
# Target file:     /scratch/ky/characterization/results/barcode06/polishing/busco_out/busco_barcode06/barcode06.fasta/prodigal_output/predicted_genes/predicted.faa
# Option settings: hmmsearch --domtblout /scratch/ky/characterization/results/barcode06/polishing/busco_out/busco_barcode06/barcode06.fasta/run_bacteria_odb10/hmmer_output/984717at2.out --cpu 1 /scratch/ky/characterization/busco_downloads/lineages/bacteria_odb10/hmms/984717at2.hmm /scratch/ky/characterization/results/barcode06/polishing/busco_out/busco_barcode06/barcode06.fasta/prodigal_output/predicted_genes/predicted.faa 
# Current dir:     /scratch/ky/characterization
# Date:            Thu Mar 12 12:04:28 2026
# [ok]
