[2026-02-20 16:42:41] root: INFO: Starting Flye 2.9.6-b1802
[2026-02-20 16:42:41] root: DEBUG: Cmd: /data/softs/Miniforge3-25.11.0-0/envs/flye-2.9.6/bin/flye --meta --nano-hq /scratch/ky/characterization/FASTQ/SQK-RBK114-96_barcode14.fastq -o /scratch/ky/characterization/results/barcode14/assembly/ -t 16
[2026-02-20 16:42:41] root: DEBUG: Python version: 3.12.12 | packaged by conda-forge | (main, Jan 26 2026, 23:51:32) [GCC 14.3.0]
[2026-02-20 16:42:41] root: INFO: >>>STAGE: configure
[2026-02-20 16:42:41] root: INFO: Configuring run
[2026-02-20 16:42:41] root: INFO: Total read length: 3293359
[2026-02-20 16:42:41] root: INFO: Reads N50/N90: 2297 / 407
[2026-02-20 16:42:41] root: INFO: Minimum overlap set to 1000
[2026-02-20 16:42:41] root: INFO: >>>STAGE: assembly
[2026-02-20 16:42:41] root: INFO: Assembling disjointigs
[2026-02-20 16:42:41] root: DEBUG: -----Begin assembly log------
[2026-02-20 16:42:41] root: DEBUG: Running: flye-modules assemble --reads /scratch/ky/characterization/FASTQ/SQK-RBK114-96_barcode14.fastq --out-asm /scratch/ky/characterization/results/barcode14/assembly/00-assembly/draft_assembly.fasta --config /data/softs/Miniforge3-25.11.0-0/envs/flye-2.9.6/lib/python3.12/site-packages/flye/config/bin_cfg/asm_nano_hq.cfg --log /scratch/ky/characterization/results/barcode14/assembly/flye.log --threads 16 --meta --min-ovlp 1000
[2026-02-20 16:42:41] DEBUG: Build date: May  4 2025 23:17:52
[2026-02-20 16:42:41] DEBUG: Total RAM: 251 Gb
[2026-02-20 16:42:41] DEBUG: Available RAM: 247 Gb
[2026-02-20 16:42:41] DEBUG: Total CPUs: 32
[2026-02-20 16:42:41] DEBUG: Loading /data/softs/Miniforge3-25.11.0-0/envs/flye-2.9.6/lib/python3.12/site-packages/flye/config/bin_cfg/asm_nano_hq.cfg
[2026-02-20 16:42:41] DEBUG: Loading /data/softs/Miniforge3-25.11.0-0/envs/flye-2.9.6/lib/python3.12/site-packages/flye/config/bin_cfg/asm_defaults.cfg
[2026-02-20 16:42:41] DEBUG: 	big_genome_threshold=29000000
[2026-02-20 16:42:41] DEBUG: 	meta_read_filter_kmer_freq=100
[2026-02-20 16:42:41] DEBUG: 	chain_large_gap_penalty=2
[2026-02-20 16:42:41] DEBUG: 	chain_small_gap_penalty=0.5
[2026-02-20 16:42:41] DEBUG: 	chain_gap_jump_threshold=100
[2026-02-20 16:42:41] DEBUG: 	max_jump_gap=500
[2026-02-20 16:42:41] DEBUG: 	max_coverage_drop_rate=5
[2026-02-20 16:42:41] DEBUG: 	max_extensions_drop_rate=5
[2026-02-20 16:42:41] DEBUG: 	chimera_window=100
[2026-02-20 16:42:41] DEBUG: 	chimera_overhang=1000
[2026-02-20 16:42:41] DEBUG: 	min_reads_in_disjointig=4
[2026-02-20 16:42:41] DEBUG: 	max_inner_reads=10
[2026-02-20 16:42:41] DEBUG: 	max_inner_fraction=0.25
[2026-02-20 16:42:41] DEBUG: 	aggressive_dup_filter=1
[2026-02-20 16:42:41] DEBUG: 	max_separation=500
[2026-02-20 16:42:41] DEBUG: 	unique_edge_length=50000
[2026-02-20 16:42:41] DEBUG: 	min_repeat_res_support=0.51
[2026-02-20 16:42:41] DEBUG: 	out_paths_ratio=5
[2026-02-20 16:42:41] DEBUG: 	graph_cov_drop_rate=5
[2026-02-20 16:42:41] DEBUG: 	coverage_estimate_window=100
[2026-02-20 16:42:41] DEBUG: 	max_bubble_length=50000
[2026-02-20 16:42:41] DEBUG: 	loop_coverage_rate=1.5
[2026-02-20 16:42:41] DEBUG: 	repeat_edge_cov_mult=1.75
[2026-02-20 16:42:41] DEBUG: 	weak_detach_rate=5
[2026-02-20 16:42:41] DEBUG: 	tip_coverage_rate=2
[2026-02-20 16:42:41] DEBUG: 	tip_length_rate=2
[2026-02-20 16:42:41] DEBUG: 	output_gfa_before_rr=1
[2026-02-20 16:42:41] DEBUG: 	remove_alt_edges=0
[2026-02-20 16:42:41] DEBUG: 	low_cutoff_warning=0
[2026-02-20 16:42:41] DEBUG: 	kmer_size=17
[2026-02-20 16:42:41] DEBUG: 	use_minimizers=1
[2026-02-20 16:42:41] DEBUG: 	minimizer_window=10
[2026-02-20 16:42:41] DEBUG: 	reads_base_alignment=1
[2026-02-20 16:42:41] DEBUG: 	meta_read_top_kmer_rate=0.75
[2026-02-20 16:42:41] DEBUG: 	maximum_jump=1500
[2026-02-20 16:42:41] DEBUG: 	maximum_overhang=1500
[2026-02-20 16:42:41] DEBUG: 	repeat_kmer_rate=100
[2026-02-20 16:42:41] DEBUG: 	assemble_ovlp_divergence=0.03
[2026-02-20 16:42:41] DEBUG: 	assemble_divergence_relative=1
[2026-02-20 16:42:41] DEBUG: 	repeat_graph_ovlp_divergence=0.03
[2026-02-20 16:42:41] DEBUG: 	read_align_ovlp_divergence=0.10
[2026-02-20 16:42:41] DEBUG: 	hpc_scoring_on=1
[2026-02-20 16:42:41] DEBUG: 	add_unassembled_reads=0
[2026-02-20 16:42:41] DEBUG: 	extend_contigs_with_repeats=0
[2026-02-20 16:42:41] DEBUG: 	min_read_cov_cutoff=3
[2026-02-20 16:42:41] DEBUG: 	short_tip_length=20000
[2026-02-20 16:42:41] DEBUG: 	long_tip_length=100000
[2026-02-20 16:42:41] DEBUG: Running with k-mer size: 17
[2026-02-20 16:42:41] DEBUG: Running with minimum overlap 1000
[2026-02-20 16:42:41] DEBUG: Metagenome mode: Y
[2026-02-20 16:42:41] DEBUG: Short mode: N
[2026-02-20 16:42:41] INFO: Reading sequences
[2026-02-20 16:42:41] DEBUG: Building positional index
[2026-02-20 16:42:41] DEBUG: Total sequence: 2411118 bp
[2026-02-20 16:42:41] INFO: Building minimizer index
[2026-02-20 16:42:41] INFO: Pre-calculating index storage
[2026-02-20 16:42:41] DEBUG: Mean k-mer frequency: 1.45298
[2026-02-20 16:42:41] DEBUG: Repetitive k-mer frequency: 145
[2026-02-20 16:42:41] DEBUG: Filtered 3344 repetitive k-mers (0.00769093)
[2026-02-20 16:42:41] INFO: Filling index
[2026-02-20 16:42:41] DEBUG: Sorting k-mer index
[2026-02-20 16:42:41] DEBUG: Selected k-mers: 299240
[2026-02-20 16:42:41] DEBUG: K-mer index size: 431454
[2026-02-20 16:42:41] DEBUG: Mean k-mer frequency: 1.44183
[2026-02-20 16:42:41] DEBUG: Minimizer rate: 5.58835
[2026-02-20 16:42:41] DEBUG: Peak RAM usage: 0 Gb
[2026-02-20 16:42:41] DEBUG: Estimating k-mer identity bias
[2026-02-20 16:42:42] DEBUG: Initial divergence estimate : 0.00863132
[2026-02-20 16:42:42] DEBUG: Relative threshold: Y
[2026-02-20 16:42:42] DEBUG: Max divergence threshold set to 0.0386313
[2026-02-20 16:42:42] INFO: Extending reads
[2026-02-20 16:42:42] DEBUG: Estimating overlap coverage
[2026-02-20 16:42:43] INFO: Overlap-based coverage: 1
[2026-02-20 16:42:43] INFO: Median overlap divergence: 0.0086478
[2026-02-20 16:42:43] DEBUG: Sequence divergence distribution: 

    |*      |                                                                                            
    |*      |                                                                                            
    |*      |                                                                                            
    |**     |                                                                                            
    |**     |                                                                                            
    |**     |                                                                                            
    |**     |                                                                                            
    |**     |                                                                                            
    |**     |                                                                                            
    |***    |                                                                                            
    |***    |                                                                                            
    |***    |                                                                                            
    |***    |                                                                                            
    |***    |                                                                                            
    |***    |                                                                                            
    |****   |                                                                                            
    |*****  |                                                                                            
    |*****  |                                                                                            
    |*******|**                                                                                          
    |****************  ***  ** ** *              *                                                       
    ----------------------------------------------------------------------------------------------------
    0%        5%        10%       15%       20%       25%       30%       35%       40%       45%       

    Q25 = 0.004, Q50 = 0.0086, Q75 = 0.017

[2026-02-20 16:42:43] DEBUG: Assembled disjointig 1
	With 2 reads
	Start read: +b04fcf84-52d3-4a36-8df3-2f6be46080f5
	At position: 1
	leftTip: 1 rightTip: 1
	Suspicious: 1
	Short ext: 0
	Mean extensions: 0
	Avg overlap len: 2696
	Min overlap len: 2696
	Inner reads: 0
	Length: 8202
[2026-02-20 16:42:43] DEBUG: Inner: 16 covered: 92 total: 1718
[2026-02-20 16:42:43] DEBUG: Assembled disjointig 2
	With 2 reads
	Start read: +462d6fad-2aa2-46ac-839d-cbe04fa2c3db
	At position: 1
	leftTip: 1 rightTip: 1
	Suspicious: 1
	Short ext: 0
	Mean extensions: 1
	Avg overlap len: 3888
	Min overlap len: 3888
	Inner reads: 0
	Length: 9748
[2026-02-20 16:42:43] DEBUG: Inner: 26 covered: 128 total: 1718
[2026-02-20 16:42:43] DEBUG: Assembled disjointig 3
	With 6 reads
	Start read: +f9929bdf-6ae5-4ca0-beb9-45088c4bbc81
	At position: 3
	leftTip: 1 rightTip: 1
	Suspicious: 4
	Short ext: 0
	Mean extensions: 1
	Avg overlap len: 2733
	Min overlap len: 1391
	Inner reads: 0
	Length: 15549
[2026-02-20 16:42:43] DEBUG: Inner: 108 covered: 221 total: 1718
[2026-02-20 16:42:43] DEBUG: Assembled disjointig 4
	With 5 reads
	Start read: +52de1b51-f0f3-4325-a9df-bf030497f8a0
	At position: 4
	leftTip: 1 rightTip: 1
	Suspicious: 2
	Short ext: 0
	Mean extensions: 1
	Avg overlap len: 2524
	Min overlap len: 2056
	Inner reads: 0
	Length: 14894
[2026-02-20 16:42:43] DEBUG: Inner: 122 covered: 250 total: 1718
[2026-02-20 16:42:43] DEBUG: Assembled disjointig 5
	With 6 reads
	Start read: +f7df228c-c211-4cc2-9101-a2a5f30cb9eb
	At position: 3
	leftTip: 1 rightTip: 1
	Suspicious: 2
	Short ext: 0
	Mean extensions: 1
	Avg overlap len: 2695
	Min overlap len: 1347
	Inner reads: 0
	Length: 31802
[2026-02-20 16:42:43] DEBUG: Inner: 262 covered: 396 total: 1718
[2026-02-20 16:42:43] DEBUG: Assembled disjointig 6
	With 2 reads
	Start read: +46467637-9804-4e27-ae4c-28180a5705ac
	At position: 1
	leftTip: 1 rightTip: 1
	Suspicious: 1
	Short ext: 0
	Mean extensions: 1
	Avg overlap len: 2284
	Min overlap len: 2284
	Inner reads: 0
	Length: 12558
[2026-02-20 16:42:43] DEBUG: Inner: 278 covered: 422 total: 1718
[2026-02-20 16:42:43] DEBUG: Assembled disjointig 7
	With 4 reads
	Start read: +62507d87-edb4-4b85-906b-bbd8fd72910a
	At position: 2
	leftTip: 0 rightTip: 1
	Suspicious: 1
	Short ext: 0
	Mean extensions: 3
	Avg overlap len: 2229
	Min overlap len: 1277
	Inner reads: 1
	Length: 11386
[2026-02-20 16:42:43] DEBUG: Inner: 300 covered: 450 total: 1718
[2026-02-20 16:42:43] DEBUG: Assembled disjointig 8
	With 2 reads
	Start read: +08d13577-e861-4c7b-8e2b-b4d66a68a271
	At position: 2
	leftTip: 1 rightTip: 1
	Suspicious: 1
	Short ext: 0
	Mean extensions: 0
	Avg overlap len: 2239
	Min overlap len: 2239
	Inner reads: 0
	Length: 5203
[2026-02-20 16:42:43] DEBUG: Inner: 304 covered: 509 total: 1718
[2026-02-20 16:42:43] DEBUG: Assembled disjointig 9
	With 1 reads
	Start read: +333be78e-416f-4fa2-bcd8-fa5ae78106d6
	At position: 1
	leftTip: 1 rightTip: 1
	Suspicious: 0
	Short ext: 0
	Mean extensions: 0
	Avg overlap len: 0
	Min overlap len: 0
	Inner reads: 0
	Length: 2844
[2026-02-20 16:42:43] DEBUG: Inner: 310 covered: 530 total: 1718
[2026-02-20 16:42:43] DEBUG: Assembled disjointig 10
	With 3 reads
	Start read: +a9ab5b9c-8c63-4ffc-bce4-50e3141c5cd0
	At position: 3
	leftTip: 1 rightTip: 1
	Suspicious: 2
	Short ext: 0
	Mean extensions: 1
	Avg overlap len: 4207
	Min overlap len: 2138
	Inner reads: 0
	Length: 11329
[2026-02-20 16:42:43] DEBUG: Inner: 316 covered: 554 total: 1718
[2026-02-20 16:42:43] DEBUG: Assembled disjointig 11
	With 1 reads
	Start read: +b38253ec-3298-49ae-a07a-f7afbc6dbab1
	At position: 1
	leftTip: 1 rightTip: 1
	Suspicious: 0
	Short ext: 0
	Mean extensions: 0
	Avg overlap len: 0
	Min overlap len: 0
	Inner reads: 0
	Length: 3265
[2026-02-20 16:42:43] DEBUG: Inner: 320 covered: 570 total: 1718
[2026-02-20 16:42:43] DEBUG: Assembled disjointig 12
	With 1 reads
	Start read: +e40f703e-c65c-4125-9f84-ca1cc0d2cf1e
	At position: 1
	leftTip: 1 rightTip: 1
	Suspicious: 0
	Short ext: 0
	Mean extensions: 0
	Avg overlap len: 0
	Min overlap len: 0
	Inner reads: 0
	Length: 2308
[2026-02-20 16:42:43] DEBUG: Inner: 324 covered: 582 total: 1718
[2026-02-20 16:42:43] DEBUG: Assembled disjointig 13
	With 2 reads
	Start read: +43ae1339-0cae-40f4-9385-60f3c4c4a739
	At position: 1
	leftTip: 1 rightTip: 1
	Suspicious: 1
	Short ext: 0
	Mean extensions: 0
	Avg overlap len: 2328
	Min overlap len: 2328
	Inner reads: 0
	Length: 4550
[2026-02-20 16:42:43] DEBUG: Inner: 328 covered: 600 total: 1718
[2026-02-20 16:42:43] DEBUG: Assembled disjointig 14
	With 2 reads
	Start read: +95afa09e-4879-41f5-937a-f05c6b0cd4e1
	At position: 1
	leftTip: 1 rightTip: 1
	Suspicious: 1
	Short ext: 0
	Mean extensions: 0
	Avg overlap len: 1843
	Min overlap len: 1843
	Inner reads: 0
	Length: 4152
[2026-02-20 16:42:43] DEBUG: Inner: 332 covered: 680 total: 1718
[2026-02-20 16:42:43] DEBUG: Assembled disjointig 15
	With 5 reads
	Start read: +bfb3167c-8345-408e-b4c3-50e9f34dcc0e
	At position: 2
	leftTip: 1 rightTip: 0
	Suspicious: 2
	Short ext: 0
	Mean extensions: 1
	Avg overlap len: 4131
	Min overlap len: 1113
	Inner reads: 0
	Length: 34147
[2026-02-20 16:42:43] DEBUG: Inner: 368 covered: 716 total: 1718
[2026-02-20 16:42:43] DEBUG: Assembled disjointig 16
	With 1 reads
	Start read: +8c05cf86-2f99-47a1-b550-b9665a23db13
	At position: 1
	leftTip: 1 rightTip: 1
	Suspicious: 0
	Short ext: 0
	Mean extensions: 0
	Avg overlap len: 0
	Min overlap len: 0
	Inner reads: 0
	Length: 2500
[2026-02-20 16:42:43] DEBUG: Inner: 372 covered: 728 total: 1718
[2026-02-20 16:42:43] DEBUG: Assembled disjointig 17
	With 2 reads
	Start read: +4a400b08-980a-42e0-9918-61f19bb4b505
	At position: 1
	leftTip: 1 rightTip: 1
	Suspicious: 1
	Short ext: 0
	Mean extensions: 0
	Avg overlap len: 2198
	Min overlap len: 2198
	Inner reads: 0
	Length: 5096
[2026-02-20 16:42:43] DEBUG: Inner: 376 covered: 920 total: 1718
[2026-02-20 16:42:43] DEBUG: Assembled disjointig 18
	With 2 reads
	Start read: +c74a3fb5-1df5-4547-8db0-8ac7ca186d29
	At position: 2
	leftTip: 1 rightTip: 1
	Suspicious: 1
	Short ext: 0
	Mean extensions: 0
	Avg overlap len: 1210
	Min overlap len: 1210
	Inner reads: 0
	Length: 5747
[2026-02-20 16:42:43] DEBUG: Inner: 382 covered: 972 total: 1718
[2026-02-20 16:42:43] DEBUG: Assembled disjointig 19
	With 1 reads
	Start read: +3381f723-476d-4a76-97e0-829edaeeb25d
	At position: 1
	leftTip: 1 rightTip: 1
	Suspicious: 0
	Short ext: 0
	Mean extensions: 0
	Avg overlap len: 0
	Min overlap len: 0
	Inner reads: 0
	Length: 3083
[2026-02-20 16:42:43] DEBUG: Inner: 388 covered: 998 total: 1718
[2026-02-20 16:42:43] DEBUG: Assembled disjointig 20
	With 1 reads
	Start read: +adbe5fbb-8188-4c01-9298-aa41a64b5905
	At position: 1
	leftTip: 1 rightTip: 1
	Suspicious: 0
	Short ext: 0
	Mean extensions: 0
	Avg overlap len: 0
	Min overlap len: 0
	Inner reads: 0
	Length: 2775
[2026-02-20 16:42:43] DEBUG: Inner: 394 covered: 1044 total: 1718
[2026-02-20 16:42:43] DEBUG: Assembled disjointig 21
	With 2 reads
	Start read: +a0df8440-cc38-48da-8d63-cd4b0c6de8d9
	At position: 1
	leftTip: 1 rightTip: 1
	Suspicious: 1
	Short ext: 0
	Mean extensions: 0
	Avg overlap len: 3939
	Min overlap len: 3939
	Inner reads: 0
	Length: 5773
[2026-02-20 16:42:43] DEBUG: Inner: 402 covered: 1091 total: 1718
[2026-02-20 16:42:43] DEBUG: Assembled disjointig 22
	With 2 reads
	Start read: +2bdf6307-02a1-4e2c-b8ca-5852882eb437
	At position: 1
	leftTip: 1 rightTip: 1
	Suspicious: 1
	Short ext: 0
	Mean extensions: 0
	Avg overlap len: 3984
	Min overlap len: 3984
	Inner reads: 0
	Length: 5651
[2026-02-20 16:42:43] DEBUG: Inner: 406 covered: 1106 total: 1718
[2026-02-20 16:42:43] DEBUG: Assembled disjointig 23
	With 2 reads
	Start read: +49df483d-165d-47d8-be5a-4bf5655e6b3e
	At position: 2
	leftTip: 1 rightTip: 1
	Suspicious: 1
	Short ext: 0
	Mean extensions: 0
	Avg overlap len: 2399
	Min overlap len: 2399
	Inner reads: 0
	Length: 4214
[2026-02-20 16:42:43] DEBUG: Inner: 412 covered: 1159 total: 1718
[2026-02-20 16:42:43] DEBUG: Assembled disjointig 24
	With 2 reads
	Start read: +ae0f9988-26a5-4e98-b0f1-4e735ef971c2
	At position: 1
	leftTip: 1 rightTip: 1
	Suspicious: 1
	Short ext: 0
	Mean extensions: 0
	Avg overlap len: 1470
	Min overlap len: 1470
	Inner reads: 0
	Length: 7777
[2026-02-20 16:42:43] DEBUG: Inner: 424 covered: 1174 total: 1718
[2026-02-20 16:42:43] DEBUG: Assembled disjointig 25
	With 3 reads
	Start read: +7cba423a-0932-4ab6-99c1-56759c059577
	At position: 1
	leftTip: 1 rightTip: 1
	Suspicious: 2
	Short ext: 0
	Mean extensions: 1
	Avg overlap len: 7089
	Min overlap len: 4386
	Inner reads: 0
	Length: 21527
[2026-02-20 16:42:43] DEBUG: Inner: 436 covered: 1272 total: 1718
[2026-02-20 16:42:43] DEBUG: Assembled disjointig 26
	With 1 reads
	Start read: +ef951cfa-f46b-4a2a-878b-bca2f86aad66
	At position: 1
	leftTip: 1 rightTip: 1
	Suspicious: 0
	Short ext: 0
	Mean extensions: 0
	Avg overlap len: 0
	Min overlap len: 0
	Inner reads: 0
	Length: 2637
[2026-02-20 16:42:43] DEBUG: Inner: 440 covered: 1282 total: 1718
[2026-02-20 16:42:43] DEBUG: Assembled disjointig 27
	With 1 reads
	Start read: +164c12a6-1160-4a03-a4d5-8f622668cffb
	At position: 1
	leftTip: 1 rightTip: 1
	Suspicious: 0
	Short ext: 0
	Mean extensions: 0
	Avg overlap len: 0
	Min overlap len: 0
	Inner reads: 0
	Length: 3530
[2026-02-20 16:42:43] DEBUG: Inner: 446 covered: 1313 total: 1718
[2026-02-20 16:42:43] DEBUG: Assembled disjointig 28
	With 1 reads
	Start read: +1a7daeb9-a374-4a29-9e9c-cb4a5dd4aa34
	At position: 1
	leftTip: 1 rightTip: 1
	Suspicious: 0
	Short ext: 0
	Mean extensions: 0
	Avg overlap len: 0
	Min overlap len: 0
	Inner reads: 0
	Length: 2757
[2026-02-20 16:42:43] DEBUG: Inner: 450 covered: 1340 total: 1718
[2026-02-20 16:42:43] DEBUG: Assembled disjointig 29
	With 2 reads
	Start read: +0dedb143-a401-44f5-8468-2a543cc4c485
	At position: 2
	leftTip: 1 rightTip: 1
	Suspicious: 1
	Short ext: 0
	Mean extensions: 0
	Avg overlap len: 2425
	Min overlap len: 2425
	Inner reads: 0
	Length: 5009
[2026-02-20 16:42:43] DEBUG: Inner: 456 covered: 1366 total: 1718
[2026-02-20 16:42:43] DEBUG: Assembled disjointig 30
	With 1 reads
	Start read: +464dbc5e-1c06-4bf4-bcae-4f3ad8fc41bb
	At position: 1
	leftTip: 1 rightTip: 1
	Suspicious: 0
	Short ext: 0
	Mean extensions: 0
	Avg overlap len: 0
	Min overlap len: 0
	Inner reads: 0
	Length: 4080
[2026-02-20 16:42:43] DEBUG: Inner: 460 covered: 1383 total: 1718
[2026-02-20 16:42:43] DEBUG: Assembled disjointig 31
	With 1 reads
	Start read: +ec44d85f-dcac-463e-a639-2511fd8e2722
	At position: 1
	leftTip: 1 rightTip: 1
	Suspicious: 0
	Short ext: 0
	Mean extensions: 0
	Avg overlap len: 0
	Min overlap len: 0
	Inner reads: 0
	Length: 2606
[2026-02-20 16:42:43] DEBUG: Inner: 464 covered: 1442 total: 1718
[2026-02-20 16:42:43] DEBUG: Assembled disjointig 32
	With 2 reads
	Start read: +b6e8e9ee-0bab-42de-80b4-3e5318db86d9
	At position: 1
	leftTip: 1 rightTip: 1
	Suspicious: 1
	Short ext: 0
	Mean extensions: 0
	Avg overlap len: 2291
	Min overlap len: 2291
	Inner reads: 0
	Length: 10948
[2026-02-20 16:42:43] DEBUG: Inner: 472 covered: 1457 total: 1718
[2026-02-20 16:42:43] DEBUG: Assembled disjointig 33
	With 3 reads
	Start read: +b1535522-8db9-4b28-905e-49144b74f9ba
	At position: 2
	leftTip: 1 rightTip: 1
	Suspicious: 2
	Short ext: 0
	Mean extensions: 1
	Avg overlap len: 3126
	Min overlap len: 1936
	Inner reads: 0
	Length: 10348
[2026-02-20 16:42:43] DEBUG: Inner: 478 covered: 1627 total: 1718
[2026-02-20 16:42:43] DEBUG: Assembled disjointig 34
	With 2 reads
	Start read: +f6d45a5b-d804-41f7-94ac-2fc3c7e5abd6
	At position: 1
	leftTip: 1 rightTip: 1
	Suspicious: 1
	Short ext: 0
	Mean extensions: 0
	Avg overlap len: 4010
	Min overlap len: 4010
	Inner reads: 0
	Length: 6754
[2026-02-20 16:42:43] DEBUG: Inner: 482 covered: 1659 total: 1718
[2026-02-20 16:42:43] INFO: Assembled 34 disjointigs
[2026-02-20 16:42:43] INFO: Generating sequence
[2026-02-20 16:42:43] DEBUG: Building positional index
[2026-02-20 16:42:43] DEBUG: Total sequence: 284676 bp
[2026-02-20 16:42:43] DEBUG: Mean k-mer frequency: 1.10619
[2026-02-20 16:42:43] DEBUG: Repetitive k-mer frequency: 110
[2026-02-20 16:42:43] DEBUG: Filtered 521 repetitive k-mers (0.0101593)
[2026-02-20 16:42:43] DEBUG: Sorting k-mer index
[2026-02-20 16:42:43] DEBUG: Selected k-mers: 46357
[2026-02-20 16:42:43] DEBUG: K-mer index size: 50762
[2026-02-20 16:42:43] DEBUG: Mean k-mer frequency: 1.09502
[2026-02-20 16:42:43] DEBUG: Minimizer rate: 5.60805
[2026-02-20 16:42:43] INFO: Filtering contained disjointigs
[2026-02-20 16:42:43] DEBUG: Computing transitive closure for overlaps
[2026-02-20 16:42:43] DEBUG: Found 4 overlaps
[2026-02-20 16:42:43] DEBUG: Left 4 overlaps after filtering
[2026-02-20 16:42:43] INFO: Contained seqs: 0
[2026-02-20 16:42:43] DEBUG: Writing FASTA
[2026-02-20 16:42:43] DEBUG: Peak RAM usage: 0 Gb
-----------End assembly log------------
[2026-02-20 16:42:43] root: DEBUG: Disjointigs length: 284676, N50: 11329
[2026-02-20 16:42:43] root: INFO: >>>STAGE: consensus
[2026-02-20 16:42:43] root: INFO: Running Minimap2
[2026-02-20 16:42:43] root: INFO: Computing consensus
[2026-02-20 16:42:44] root: INFO: Alignment error rate: 0.019814
[2026-02-20 16:42:44] root: INFO: >>>STAGE: repeat
[2026-02-20 16:42:44] root: INFO: Building and resolving repeat graph
[2026-02-20 16:42:44] root: DEBUG: -----Begin repeat analyser log------
[2026-02-20 16:42:44] root: DEBUG: Running: flye-modules repeat --disjointigs /scratch/ky/characterization/results/barcode14/assembly/10-consensus/consensus.fasta --reads /scratch/ky/characterization/FASTQ/SQK-RBK114-96_barcode14.fastq --out-dir /scratch/ky/characterization/results/barcode14/assembly/20-repeat --config /data/softs/Miniforge3-25.11.0-0/envs/flye-2.9.6/lib/python3.12/site-packages/flye/config/bin_cfg/asm_nano_hq.cfg --log /scratch/ky/characterization/results/barcode14/assembly/flye.log --threads 16 --meta --min-ovlp 1000
[2026-02-20 16:42:44] DEBUG: Build date: May  4 2025 23:18:08
[2026-02-20 16:42:44] DEBUG: Total RAM: 251 Gb
[2026-02-20 16:42:44] DEBUG: Available RAM: 247 Gb
[2026-02-20 16:42:44] DEBUG: Total CPUs: 32
[2026-02-20 16:42:44] DEBUG: Loading /data/softs/Miniforge3-25.11.0-0/envs/flye-2.9.6/lib/python3.12/site-packages/flye/config/bin_cfg/asm_nano_hq.cfg
[2026-02-20 16:42:44] DEBUG: Loading /data/softs/Miniforge3-25.11.0-0/envs/flye-2.9.6/lib/python3.12/site-packages/flye/config/bin_cfg/asm_defaults.cfg
[2026-02-20 16:42:44] DEBUG: 	big_genome_threshold=29000000
[2026-02-20 16:42:44] DEBUG: 	meta_read_filter_kmer_freq=100
[2026-02-20 16:42:44] DEBUG: 	chain_large_gap_penalty=2
[2026-02-20 16:42:44] DEBUG: 	chain_small_gap_penalty=0.5
[2026-02-20 16:42:44] DEBUG: 	chain_gap_jump_threshold=100
[2026-02-20 16:42:44] DEBUG: 	max_jump_gap=500
[2026-02-20 16:42:44] DEBUG: 	max_coverage_drop_rate=5
[2026-02-20 16:42:44] DEBUG: 	max_extensions_drop_rate=5
[2026-02-20 16:42:44] DEBUG: 	chimera_window=100
[2026-02-20 16:42:44] DEBUG: 	chimera_overhang=1000
[2026-02-20 16:42:44] DEBUG: 	min_reads_in_disjointig=4
[2026-02-20 16:42:44] DEBUG: 	max_inner_reads=10
[2026-02-20 16:42:44] DEBUG: 	max_inner_fraction=0.25
[2026-02-20 16:42:44] DEBUG: 	aggressive_dup_filter=1
[2026-02-20 16:42:44] DEBUG: 	max_separation=500
[2026-02-20 16:42:44] DEBUG: 	unique_edge_length=50000
[2026-02-20 16:42:44] DEBUG: 	min_repeat_res_support=0.51
[2026-02-20 16:42:44] DEBUG: 	out_paths_ratio=5
[2026-02-20 16:42:44] DEBUG: 	graph_cov_drop_rate=5
[2026-02-20 16:42:44] DEBUG: 	coverage_estimate_window=100
[2026-02-20 16:42:44] DEBUG: 	max_bubble_length=50000
[2026-02-20 16:42:44] DEBUG: 	loop_coverage_rate=1.5
[2026-02-20 16:42:44] DEBUG: 	repeat_edge_cov_mult=1.75
[2026-02-20 16:42:44] DEBUG: 	weak_detach_rate=5
[2026-02-20 16:42:44] DEBUG: 	tip_coverage_rate=2
[2026-02-20 16:42:44] DEBUG: 	tip_length_rate=2
[2026-02-20 16:42:44] DEBUG: 	output_gfa_before_rr=1
[2026-02-20 16:42:44] DEBUG: 	remove_alt_edges=0
[2026-02-20 16:42:44] DEBUG: 	low_cutoff_warning=0
[2026-02-20 16:42:44] DEBUG: 	kmer_size=17
[2026-02-20 16:42:44] DEBUG: 	use_minimizers=1
[2026-02-20 16:42:44] DEBUG: 	minimizer_window=10
[2026-02-20 16:42:44] DEBUG: 	reads_base_alignment=1
[2026-02-20 16:42:44] DEBUG: 	meta_read_top_kmer_rate=0.75
[2026-02-20 16:42:44] DEBUG: 	maximum_jump=1500
[2026-02-20 16:42:44] DEBUG: 	maximum_overhang=1500
[2026-02-20 16:42:44] DEBUG: 	repeat_kmer_rate=100
[2026-02-20 16:42:44] DEBUG: 	assemble_ovlp_divergence=0.03
[2026-02-20 16:42:44] DEBUG: 	assemble_divergence_relative=1
[2026-02-20 16:42:44] DEBUG: 	repeat_graph_ovlp_divergence=0.03
[2026-02-20 16:42:44] DEBUG: 	read_align_ovlp_divergence=0.10
[2026-02-20 16:42:44] DEBUG: 	hpc_scoring_on=1
[2026-02-20 16:42:44] DEBUG: 	add_unassembled_reads=0
[2026-02-20 16:42:44] DEBUG: 	extend_contigs_with_repeats=0
[2026-02-20 16:42:44] DEBUG: 	min_read_cov_cutoff=3
[2026-02-20 16:42:44] DEBUG: 	short_tip_length=20000
[2026-02-20 16:42:44] DEBUG: 	long_tip_length=100000
[2026-02-20 16:42:44] DEBUG: Running with k-mer size: 17
[2026-02-20 16:42:44] DEBUG: Selected minimum overlap 1000
[2026-02-20 16:42:44] DEBUG: Metagenome mode: Y
[2026-02-20 16:42:44] INFO: Parsing disjointigs
[2026-02-20 16:42:44] DEBUG: Building positional index
[2026-02-20 16:42:44] DEBUG: Total sequence: 282647 bp
[2026-02-20 16:42:44] INFO: Building repeat graph
[2026-02-20 16:42:44] DEBUG: Mean k-mer frequency: 1.09884
[2026-02-20 16:42:44] DEBUG: Repetitive k-mer frequency: 109
[2026-02-20 16:42:44] DEBUG: Filtered 521 repetitive k-mers (0.0102163)
[2026-02-20 16:42:44] DEBUG: Sorting k-mer index
[2026-02-20 16:42:44] DEBUG: Selected k-mers: 46407
[2026-02-20 16:42:44] DEBUG: K-mer index size: 50476
[2026-02-20 16:42:44] DEBUG: Mean k-mer frequency: 1.08768
[2026-02-20 16:42:44] DEBUG: Minimizer rate: 5.59963
[2026-02-20 16:42:44] DEBUG: Computing transitive closure for overlaps
[2026-02-20 16:42:44] DEBUG: Found 82 overlaps
[2026-02-20 16:42:44] DEBUG: Left 36 overlaps after filtering
[2026-02-20 16:42:44] INFO: Median overlap divergence: 0.0648417
[2026-02-20 16:42:44] DEBUG: Sequence divergence distribution: 

    |*     |                                                                                             
    |*     |                                                                                             
    |*     |                                                                                             
    |*     |                                                                                             
    |*     |                                                                                             
    |*     |                                                                                             
    |*     |     *                                                                                       
    |*     |     *                                                                                       
    |*     |     *                                                                                       
    |*     |     *                                                                                       
    |*     |     *                                                                                       
    |*     |     *                                                                                       
    |*     |     *                                                                                       
    |*     |     *   *                                                                                   
    |*     |     *   *                                                                                   
    |*     |     *   *                                                                                   
    |*     |     *   *                                                                                   
    |*     |     *   *                                                                                   
    |*     |     *   *                                                                                   
    |*     |     *   *                                                                                   
    ----------------------------------------------------------------------------------------------------
    0%        5%        10%       15%       20%       25%       30%       35%       40%       45%       

    Q25 = 0.0012, Q50 = 0.065, Q75 = 0.084

[2026-02-20 16:42:44] DEBUG: Computing gluepoints
[2026-02-20 16:42:44] DEBUG: Added 0 gluepoint projections
[2026-02-20 16:42:44] DEBUG: Created 176 gluepoints
[2026-02-20 16:42:44] DEBUG: Artificial loops removed: 1 left, 1 right, 0 both
[2026-02-20 16:42:44] DEBUG: Initializing edges
[2026-02-20 16:42:44] DEBUG: Edges length checksum: 2610177664
[2026-02-20 16:42:44] DEBUG: Filtered 0 singleton segments
[2026-02-20 16:42:44] DEBUG: Removed 0 simple and 0 double chimeric junctions
[2026-02-20 16:42:44] DEBUG: Collapsed 2 edges
[2026-02-20 16:42:44] DEBUG: *	1	+disjointig_1	0	8198	8198	
[2026-02-20 16:42:44] DEBUG: *	2	+disjointig_10	0	11335	11335	
[2026-02-20 16:42:44] DEBUG: *	3	+disjointig_11	0	3263	3263	
[2026-02-20 16:42:44] DEBUG: *	4	+disjointig_12	0	2299	2299	
[2026-02-20 16:42:44] DEBUG: *	5	+disjointig_13	0	4550	4550	
[2026-02-20 16:42:44] DEBUG: *	6	+disjointig_14	0	4158	4158	
[2026-02-20 16:42:44] DEBUG:  	8	+disjointig_15	2809	5423	2614	
[2026-02-20 16:42:44] DEBUG:  	12	+disjointig_15	5423	8582	3159	
[2026-02-20 16:42:44] DEBUG: *	-9	+disjointig_15	8582	16944	8362	
[2026-02-20 16:42:44] DEBUG:  	8	+disjointig_15	16944	18636	1692	
[2026-02-20 16:42:44] DEBUG:  	12	+disjointig_15	18636	21895	3259	
[2026-02-20 16:42:44] DEBUG: *	46	+disjointig_15	21895	25425	3530	
[2026-02-20 16:42:44] DEBUG:  	8	+disjointig_15	25425	27117	1692	
[2026-02-20 16:42:44] DEBUG:  	12	+disjointig_15	27117	30377	3260	
[2026-02-20 16:42:44] DEBUG: *	14	+disjointig_15	30377	31774	1397	
[2026-02-20 16:42:44] DEBUG: *	15	+disjointig_16	0	2497	2497	
[2026-02-20 16:42:44] DEBUG: *	16	+disjointig_17	0	5098	5098	
[2026-02-20 16:42:44] DEBUG: *	17	+disjointig_18	0	5742	5742	
[2026-02-20 16:42:44] DEBUG: *	18	+disjointig_19	0	3081	3081	
[2026-02-20 16:42:44] DEBUG: *	19	+disjointig_2	0	9741	9741	
[2026-02-20 16:42:44] DEBUG: *	20	+disjointig_20	0	2774	2774	
[2026-02-20 16:42:44] DEBUG: *	21	+disjointig_21	0	5776	5776	
[2026-02-20 16:42:44] DEBUG: *	22	+disjointig_22	0	5653	5653	
[2026-02-20 16:42:44] DEBUG: *	23	+disjointig_23	0	4213	4213	
[2026-02-20 16:42:44] DEBUG: *	24	+disjointig_24	0	7771	7771	
[2026-02-20 16:42:44] DEBUG: *	25	+disjointig_25	0	21534	21534	
[2026-02-20 16:42:44] DEBUG: *	26	+disjointig_26	0	2637	2637	
[2026-02-20 16:42:44] DEBUG: *	27	+disjointig_27	0	3531	3531	
[2026-02-20 16:42:44] DEBUG: *	28	+disjointig_28	0	2755	2755	
[2026-02-20 16:42:44] DEBUG: *	29	+disjointig_29	0	4994	4994	
[2026-02-20 16:42:44] DEBUG: *	30	+disjointig_3	0	15828	15828	
[2026-02-20 16:42:44] DEBUG: *	31	+disjointig_30	0	4073	4073	
[2026-02-20 16:42:44] DEBUG: *	32	+disjointig_31	0	2601	2601	
[2026-02-20 16:42:44] DEBUG: *	33	+disjointig_32	0	10951	10951	
[2026-02-20 16:42:44] DEBUG: *	34	+disjointig_33	0	10358	10358	
[2026-02-20 16:42:44] DEBUG: *	35	+disjointig_34	0	6772	6772	
[2026-02-20 16:42:44] DEBUG: *	36	+disjointig_4	0	14889	14889	
[2026-02-20 16:42:44] DEBUG: *	47	+disjointig_5	0	23748	23748	
[2026-02-20 16:42:44] DEBUG: *	39	+disjointig_5	23748	26928	3180	
[2026-02-20 16:42:44] DEBUG:  	41	+disjointig_5	26928	30398	3470	
[2026-02-20 16:42:44] DEBUG: *	42	+disjointig_5	30398	31735	1337	
[2026-02-20 16:42:44] DEBUG: *	-10	+disjointig_6	0	9664	9664	
[2026-02-20 16:42:44] DEBUG:  	8	+disjointig_6	9664	11340	1676	
[2026-02-20 16:42:44] DEBUG: *	13	+disjointig_6	11340	12571	1231	
[2026-02-20 16:42:44] DEBUG: *	40	+disjointig_7	3135	5601	2466	
[2026-02-20 16:42:44] DEBUG:  	41	+disjointig_7	5601	9072	3471	
[2026-02-20 16:42:44] DEBUG: *	43	+disjointig_7	9072	11416	2344	
[2026-02-20 16:42:44] DEBUG: *	44	+disjointig_8	0	5202	5202	
[2026-02-20 16:42:44] DEBUG: *	45	+disjointig_9	0	2843	2843	
[2026-02-20 16:42:44] DEBUG: Total edges: 47
[2026-02-20 16:42:44] INFO: Parsing reads
[2026-02-20 16:42:44] DEBUG: Building positional index
[2026-02-20 16:42:44] DEBUG: Total sequence: 3293359 bp
[2026-02-20 16:42:44] DEBUG: Building positional index
[2026-02-20 16:42:44] DEBUG: Total sequence: 276669 bp
[2026-02-20 16:42:44] INFO: Aligning reads to the graph
[2026-02-20 16:42:45] DEBUG: Mean k-mer frequency: 1.07731
[2026-02-20 16:42:45] DEBUG: Repetitive k-mer frequency: 107
[2026-02-20 16:42:45] DEBUG: Filtered 521 repetitive k-mers (0.0104438)
[2026-02-20 16:42:45] DEBUG: Sorting k-mer index
[2026-02-20 16:42:45] DEBUG: Selected k-mers: 46303
[2026-02-20 16:42:45] DEBUG: K-mer index size: 49365
[2026-02-20 16:42:45] DEBUG: Mean k-mer frequency: 1.06613
[2026-02-20 16:42:45] DEBUG: Minimizer rate: 5.60456
[2026-02-20 16:42:46] DEBUG: Total reads : 859
[2026-02-20 16:42:46] DEBUG: Read with aligned parts : 235
[2026-02-20 16:42:46] DEBUG: Aligned in one piece : 234
[2026-02-20 16:42:46] INFO: Aligned read sequence: 813930 / 2411118 (0.337574)
[2026-02-20 16:42:46] INFO: Median overlap divergence: 0.00445765
[2026-02-20 16:42:46] DEBUG: Sequence divergence distribution: 

    |*                   |                                                                               
    |*                   |                                                                               
    |*                   |                                                                               
    |*                   |                                                                               
    |*                   |                                                                               
    |*                   |                                                                               
    |*                   |                                                                               
    |*                   |                                                                               
    |*                   |                                                                               
    |*                   |                                                                               
    |*                   |                                                                               
    |**                  |                                                                               
    |**                  |                                                                               
    |**                  |                                                                               
    |**                  |                                                                               
    |**                  |                                                                               
    |***                 |                                                                               
    |***                 |                                                                               
    |*****               |                                                                               
    |******* *** **     *|                                                                               
    ----------------------------------------------------------------------------------------------------
    0%        5%        10%       15%       20%       25%       30%       35%       40%       45%       

    Q25 = 0.0017, Q50 = 0.0045, Q75 = 0.0098

[2026-02-20 16:42:46] INFO: Mean edge coverage: 3
[2026-02-20 16:42:46] DEBUG: 1	len:8198	cov:3	mult:1
[2026-02-20 16:42:46] DEBUG: -1	len:8198	cov:3	mult:1
[2026-02-20 16:42:46] DEBUG: 2	len:11335	cov:2	mult:0.666667
[2026-02-20 16:42:46] DEBUG: -2	len:11335	cov:2	mult:0.666667
[2026-02-20 16:42:46] DEBUG: 3	len:3263	cov:1	mult:0.333333
[2026-02-20 16:42:46] DEBUG: -3	len:3263	cov:1	mult:0.333333
[2026-02-20 16:42:46] DEBUG: 4	len:2299	cov:2	mult:0.666667
[2026-02-20 16:42:46] DEBUG: -4	len:2299	cov:2	mult:0.666667
[2026-02-20 16:42:46] DEBUG: 5	len:4550	cov:1	mult:0.333333
[2026-02-20 16:42:46] DEBUG: -5	len:4550	cov:1	mult:0.333333
[2026-02-20 16:42:46] DEBUG: 6	len:4158	cov:1	mult:0.333333
[2026-02-20 16:42:46] DEBUG: -6	len:4158	cov:1	mult:0.333333
[2026-02-20 16:42:46] DEBUG: 8	len:1918	cov:10	mult:3.33333
[2026-02-20 16:42:46] DEBUG: -8	len:1918	cov:10	mult:3.33333
[2026-02-20 16:42:46] DEBUG: 9	len:8362	cov:2	mult:0.666667
[2026-02-20 16:42:46] DEBUG: -9	len:8362	cov:2	mult:0.666667
[2026-02-20 16:42:46] DEBUG: 10	len:9664	cov:3	mult:1
[2026-02-20 16:42:46] DEBUG: -10	len:9664	cov:3	mult:1
[2026-02-20 16:42:46] DEBUG: 12	len:3226	cov:13	mult:4.33333
[2026-02-20 16:42:46] DEBUG: -12	len:3226	cov:13	mult:4.33333
[2026-02-20 16:42:46] DEBUG: 13	len:1231	cov:3	mult:1
[2026-02-20 16:42:46] DEBUG: -13	len:1231	cov:3	mult:1
[2026-02-20 16:42:46] DEBUG: 14	len:1397	cov:2	mult:0.666667
[2026-02-20 16:42:46] DEBUG: -14	len:1397	cov:2	mult:0.666667
[2026-02-20 16:42:46] DEBUG: 15	len:2497	cov:3	mult:1
[2026-02-20 16:42:46] DEBUG: -15	len:2497	cov:3	mult:1
[2026-02-20 16:42:46] DEBUG: 16	len:5098	cov:1	mult:0.333333
[2026-02-20 16:42:46] DEBUG: -16	len:5098	cov:1	mult:0.333333
[2026-02-20 16:42:46] DEBUG: 17	len:5742	cov:2	mult:0.666667
[2026-02-20 16:42:46] DEBUG: -17	len:5742	cov:2	mult:0.666667
[2026-02-20 16:42:46] DEBUG: 18	len:3081	cov:3	mult:1
[2026-02-20 16:42:46] DEBUG: -18	len:3081	cov:3	mult:1
[2026-02-20 16:42:46] DEBUG: 19	len:9741	cov:2	mult:0.666667
[2026-02-20 16:42:46] DEBUG: -19	len:9741	cov:2	mult:0.666667
[2026-02-20 16:42:46] DEBUG: 20	len:2774	cov:2	mult:0.666667
[2026-02-20 16:42:46] DEBUG: -20	len:2774	cov:2	mult:0.666667
[2026-02-20 16:42:46] DEBUG: 21	len:5776	cov:3	mult:1
[2026-02-20 16:42:46] DEBUG: -21	len:5776	cov:3	mult:1
[2026-02-20 16:42:46] DEBUG: 22	len:5653	cov:2	mult:0.666667
[2026-02-20 16:42:46] DEBUG: -22	len:5653	cov:2	mult:0.666667
[2026-02-20 16:42:46] DEBUG: 23	len:4213	cov:2	mult:0.666667
[2026-02-20 16:42:46] DEBUG: -23	len:4213	cov:2	mult:0.666667
[2026-02-20 16:42:46] DEBUG: 24	len:7771	cov:2	mult:0.666667
[2026-02-20 16:42:46] DEBUG: -24	len:7771	cov:2	mult:0.666667
[2026-02-20 16:42:46] DEBUG: 25	len:21534	cov:3	mult:1
[2026-02-20 16:42:46] DEBUG: -25	len:21534	cov:3	mult:1
[2026-02-20 16:42:46] DEBUG: 26	len:2637	cov:2	mult:0.666667
[2026-02-20 16:42:46] DEBUG: -26	len:2637	cov:2	mult:0.666667
[2026-02-20 16:42:46] DEBUG: 27	len:3531	cov:2	mult:0.666667
[2026-02-20 16:42:46] DEBUG: -27	len:3531	cov:2	mult:0.666667
[2026-02-20 16:42:46] DEBUG: 28	len:2755	cov:2	mult:0.666667
[2026-02-20 16:42:46] DEBUG: -28	len:2755	cov:2	mult:0.666667
[2026-02-20 16:42:46] DEBUG: 29	len:4994	cov:2	mult:0.666667
[2026-02-20 16:42:46] DEBUG: -29	len:4994	cov:2	mult:0.666667
[2026-02-20 16:42:46] DEBUG: 30	len:15828	cov:5	mult:1.66667
[2026-02-20 16:42:46] DEBUG: -30	len:15828	cov:5	mult:1.66667
[2026-02-20 16:42:46] DEBUG: 31	len:4073	cov:2	mult:0.666667
[2026-02-20 16:42:46] DEBUG: -31	len:4073	cov:2	mult:0.666667
[2026-02-20 16:42:46] DEBUG: 32	len:2601	cov:2	mult:0.666667
[2026-02-20 16:42:46] DEBUG: -32	len:2601	cov:2	mult:0.666667
[2026-02-20 16:42:46] DEBUG: 33	len:10951	cov:1	mult:0.333333
[2026-02-20 16:42:46] DEBUG: -33	len:10951	cov:1	mult:0.333333
[2026-02-20 16:42:46] DEBUG: 34	len:10358	cov:1	mult:0.333333
[2026-02-20 16:42:46] DEBUG: -34	len:10358	cov:1	mult:0.333333
[2026-02-20 16:42:46] DEBUG: 35	len:6772	cov:2	mult:0.666667
[2026-02-20 16:42:46] DEBUG: -35	len:6772	cov:2	mult:0.666667
[2026-02-20 16:42:46] DEBUG: 36	len:14889	cov:2	mult:0.666667
[2026-02-20 16:42:46] DEBUG: -36	len:14889	cov:2	mult:0.666667
[2026-02-20 16:42:46] DEBUG: 39	len:3180	cov:1	mult:0.333333
[2026-02-20 16:42:46] DEBUG: -39	len:3180	cov:1	mult:0.333333
[2026-02-20 16:42:46] DEBUG: 40	len:2466	cov:8	mult:2.66667
[2026-02-20 16:42:46] DEBUG: -40	len:2466	cov:8	mult:2.66667
[2026-02-20 16:42:46] DEBUG: 41	len:3470	cov:11	mult:3.66667
[2026-02-20 16:42:46] DEBUG: -41	len:3470	cov:11	mult:3.66667
[2026-02-20 16:42:46] DEBUG: 42	len:1337	cov:1	mult:0.333333
[2026-02-20 16:42:46] DEBUG: -42	len:1337	cov:1	mult:0.333333
[2026-02-20 16:42:46] DEBUG: 43	len:2344	cov:1	mult:0.333333
[2026-02-20 16:42:46] DEBUG: -43	len:2344	cov:1	mult:0.333333
[2026-02-20 16:42:46] DEBUG: 44	len:5202	cov:1	mult:0.333333
[2026-02-20 16:42:46] DEBUG: -44	len:5202	cov:1	mult:0.333333
[2026-02-20 16:42:46] DEBUG: 45	len:2843	cov:3	mult:1
[2026-02-20 16:42:46] DEBUG: -45	len:2843	cov:3	mult:1
[2026-02-20 16:42:46] DEBUG: 46	len:3530	cov:3	mult:1
[2026-02-20 16:42:46] DEBUG: -46	len:3530	cov:3	mult:1
[2026-02-20 16:42:46] DEBUG: 47	len:23748	cov:8	mult:2.66667
[2026-02-20 16:42:46] DEBUG: -47	len:23748	cov:8	mult:2.66667
[2026-02-20 16:42:46] DEBUG: Unique coverage threshold 5
[2026-02-20 16:42:46] INFO: Simplifying the graph
[2026-02-20 16:42:46] DEBUG: Read coverage cutoff: 3
[2026-02-20 16:42:46] DEBUG: [SIMPL] Removed 26 paths with low coverage
[2026-02-20 16:42:46] DEBUG: [SIMPL] Masked 0 heterozygous loops
[2026-02-20 16:42:46] DEBUG: Regular bubble: {47,23748,8} {41,3470,11}
[2026-02-20 16:42:46] DEBUG: 	Internal: {39,3180,1} {40,2466,8}
[2026-02-20 16:42:46] DEBUG: [SIMPL] Masked 1 simple bubbles
[2026-02-20 16:42:46] DEBUG: [SIMPL] Masked 0 roundabouts
[2026-02-20 16:42:46] DEBUG: [SIMPL] Masked 0 superbubbles
[2026-02-20 16:42:46] DEBUG: Finding repeats
[2026-02-20 16:42:46] DEBUG: Read coverage cutoff: 3
[2026-02-20 16:42:46] DEBUG: Low-coverage: 9 2
[2026-02-20 16:42:46] DEBUG: Low-coverage: 39 1
[2026-02-20 16:42:46] DEBUG: Haplo-edge: 39
[2026-02-20 16:42:46] DEBUG: Haplo-edge: 40
[2026-02-20 16:42:46] DEBUG: Repeat detection iteration 1
[2026-02-20 16:42:46] DEBUG: Starting 8 aln:12
[2026-02-20 16:42:46] DEBUG: 	    T 13	num:3	flank:1225	span:14
[2026-02-20 16:42:46] DEBUG: 	      12	num:8	flank:5559	span:7
[2026-02-20 16:42:46] DEBUG: Starting -8 aln:12
[2026-02-20 16:42:46] DEBUG: 	      -46	num:2	flank:4396	span:3
[2026-02-20 16:42:46] DEBUG: 	    T 10	num:1	flank:2893	span:2
[2026-02-20 16:42:46] DEBUG: 	      -12	num:2	flank:4800	span:8355
[2026-02-20 16:42:46] DEBUG: Mult: 8	1918	10	 (1,1)
[2026-02-20 16:42:46] DEBUG: Repeat detection iteration 2
[2026-02-20 16:42:46] DEBUG: Writing Dot
[2026-02-20 16:42:46] DEBUG: Writing FASTA
[2026-02-20 16:42:46] DEBUG: Writing Gfa
[2026-02-20 16:42:46] DEBUG: [SIMPL] Resolved 0 simple repeats
[2026-02-20 16:42:46] DEBUG: [SIMPL] == Iteration 1 ==
[2026-02-20 16:42:46] DEBUG: Splitting nodes
[2026-02-20 16:42:46] DEBUG: [SIMPL] Split 0 nodes
[2026-02-20 16:42:46] DEBUG: Fragile path: 39
[2026-02-20 16:42:46] DEBUG: [SIMPL] Disconnected 1 minor paths
[2026-02-20 16:42:46] DEBUG: Tip 10 len:9664 cov:3
[2026-02-20 16:42:46] DEBUG: Tip 13 len:1231 cov:3
[2026-02-20 16:42:46] DEBUG: [SIMPL] Clipped 2 short and 0 long tips
[2026-02-20 16:42:46] DEBUG: [SIMPL] Masked 0 heterozygous loops
[2026-02-20 16:42:46] DEBUG: Regular bubble: {-8,1918,10} {-12,3226,13}
[2026-02-20 16:42:46] DEBUG: 	Internal: {9,8362,2} {-46,3530,3}
[2026-02-20 16:42:46] DEBUG: [SIMPL] Masked 1 simple bubbles
[2026-02-20 16:42:46] DEBUG: [SIMPL] Masked 0 roundabouts
[2026-02-20 16:42:46] DEBUG: [SIMPL] Masked 0 superbubbles
[2026-02-20 16:42:46] DEBUG: Finding repeats
[2026-02-20 16:42:46] DEBUG: Read coverage cutoff: 3
[2026-02-20 16:42:46] DEBUG: Low-coverage: 9 2
[2026-02-20 16:42:46] DEBUG: Low-coverage: 39 1
[2026-02-20 16:42:46] DEBUG: Haplo-edge: 9
[2026-02-20 16:42:46] DEBUG: Haplo-edge: 46
[2026-02-20 16:42:46] DEBUG: Repeat detection iteration 1
[2026-02-20 16:42:46] DEBUG: Repeat detection iteration 2
[2026-02-20 16:42:46] DEBUG: Total unique edges: 14
[2026-02-20 16:42:46] DEBUG: [SIMPL] Resolved repeats: 0
[2026-02-20 16:42:46] DEBUG: RR links: 0
[2026-02-20 16:42:46] DEBUG: Unresolved: 0
[2026-02-20 16:42:46] DEBUG: Removed 0 simple and 0 double chimeric junctions
[2026-02-20 16:42:46] DEBUG: [SIMPL] == Iteration 2 ==
[2026-02-20 16:42:46] DEBUG: Splitting nodes
[2026-02-20 16:42:46] DEBUG: [SIMPL] Split 0 nodes
[2026-02-20 16:42:46] DEBUG: [SIMPL] Disconnected 0 minor paths
[2026-02-20 16:42:46] DEBUG: [SIMPL] Clipped 0 short and 0 long tips
[2026-02-20 16:42:46] DEBUG: [SIMPL] Masked 0 heterozygous loops
[2026-02-20 16:42:46] DEBUG: Regular bubble: {-8,1918,10} {-12,3226,13}
[2026-02-20 16:42:46] DEBUG: 	Internal: {9,8362,2} {-46,3530,3}
[2026-02-20 16:42:46] DEBUG: [SIMPL] Masked 1 simple bubbles
[2026-02-20 16:42:46] DEBUG: [SIMPL] Masked 0 roundabouts
[2026-02-20 16:42:46] DEBUG: [SIMPL] Masked 0 superbubbles
[2026-02-20 16:42:46] DEBUG: Finding repeats
[2026-02-20 16:42:46] DEBUG: Read coverage cutoff: 3
[2026-02-20 16:42:46] DEBUG: Low-coverage: 9 2
[2026-02-20 16:42:46] DEBUG: Low-coverage: 39 1
[2026-02-20 16:42:46] DEBUG: Haplo-edge: 9
[2026-02-20 16:42:46] DEBUG: Haplo-edge: 46
[2026-02-20 16:42:46] DEBUG: Repeat detection iteration 1
[2026-02-20 16:42:46] DEBUG: Repeat detection iteration 2
[2026-02-20 16:42:46] DEBUG: Total unique edges: 14
[2026-02-20 16:42:46] DEBUG: [SIMPL] Resolved repeats: 0
[2026-02-20 16:42:46] DEBUG: RR links: 0
[2026-02-20 16:42:46] DEBUG: Unresolved: 0
[2026-02-20 16:42:46] DEBUG: Removed 0 simple and 0 double chimeric junctions
[2026-02-20 16:42:46] DEBUG: [SIMPL] Simplified 0 forks
[2026-02-20 16:42:46] DEBUG: [SIMPL] Collapsed 1 haplotypes
[2026-02-20 16:42:46] DEBUG: [SIMPL] Resolved 0 simple repeats
[2026-02-20 16:42:46] DEBUG: Read coverage cutoff: 3
[2026-02-20 16:42:46] DEBUG: [SIMPL] Removed 1 paths with low coverage
[2026-02-20 16:42:46] DEBUG: Finding repeats
[2026-02-20 16:42:46] DEBUG: Read coverage cutoff: 3
[2026-02-20 16:42:46] DEBUG: Low-coverage: 9 2
[2026-02-20 16:42:46] DEBUG: Haplo-edge: 9
[2026-02-20 16:42:46] DEBUG: Haplo-edge: 46
[2026-02-20 16:42:46] DEBUG: Repeat detection iteration 1
[2026-02-20 16:42:46] DEBUG: Repeat detection iteration 2
[2026-02-20 16:42:46] DEBUG: Writing Dot
[2026-02-20 16:42:46] DEBUG: Writing FASTA
[2026-02-20 16:42:46] DEBUG: Peak RAM usage: 0 Gb
-----------End assembly log------------
[2026-02-20 16:42:46] root: INFO: >>>STAGE: contigger
[2026-02-20 16:42:46] root: INFO: Generating contigs
[2026-02-20 16:42:46] root: DEBUG: -----Begin contigger analyser log------
[2026-02-20 16:42:46] root: DEBUG: Running: flye-modules contigger --graph-edges /scratch/ky/characterization/results/barcode14/assembly/20-repeat/repeat_graph_edges.fasta --reads /scratch/ky/characterization/FASTQ/SQK-RBK114-96_barcode14.fastq --out-dir /scratch/ky/characterization/results/barcode14/assembly/30-contigger --config /data/softs/Miniforge3-25.11.0-0/envs/flye-2.9.6/lib/python3.12/site-packages/flye/config/bin_cfg/asm_nano_hq.cfg --repeat-graph /scratch/ky/characterization/results/barcode14/assembly/20-repeat/repeat_graph_dump --graph-aln /scratch/ky/characterization/results/barcode14/assembly/20-repeat/read_alignment_dump --log /scratch/ky/characterization/results/barcode14/assembly/flye.log --threads 16 --min-ovlp 1000
[2026-02-20 16:42:46] DEBUG: Build date: May  4 2025 23:18:25
[2026-02-20 16:42:46] DEBUG: Total RAM: 251 Gb
[2026-02-20 16:42:46] DEBUG: Available RAM: 247 Gb
[2026-02-20 16:42:46] DEBUG: Total CPUs: 32
[2026-02-20 16:42:46] DEBUG: Loading /data/softs/Miniforge3-25.11.0-0/envs/flye-2.9.6/lib/python3.12/site-packages/flye/config/bin_cfg/asm_nano_hq.cfg
[2026-02-20 16:42:46] DEBUG: Loading /data/softs/Miniforge3-25.11.0-0/envs/flye-2.9.6/lib/python3.12/site-packages/flye/config/bin_cfg/asm_defaults.cfg
[2026-02-20 16:42:46] DEBUG: 	big_genome_threshold=29000000
[2026-02-20 16:42:46] DEBUG: 	meta_read_filter_kmer_freq=100
[2026-02-20 16:42:46] DEBUG: 	chain_large_gap_penalty=2
[2026-02-20 16:42:46] DEBUG: 	chain_small_gap_penalty=0.5
[2026-02-20 16:42:46] DEBUG: 	chain_gap_jump_threshold=100
[2026-02-20 16:42:46] DEBUG: 	max_jump_gap=500
[2026-02-20 16:42:46] DEBUG: 	max_coverage_drop_rate=5
[2026-02-20 16:42:46] DEBUG: 	max_extensions_drop_rate=5
[2026-02-20 16:42:46] DEBUG: 	chimera_window=100
[2026-02-20 16:42:46] DEBUG: 	chimera_overhang=1000
[2026-02-20 16:42:46] DEBUG: 	min_reads_in_disjointig=4
[2026-02-20 16:42:46] DEBUG: 	max_inner_reads=10
[2026-02-20 16:42:46] DEBUG: 	max_inner_fraction=0.25
[2026-02-20 16:42:46] DEBUG: 	aggressive_dup_filter=1
[2026-02-20 16:42:46] DEBUG: 	max_separation=500
[2026-02-20 16:42:46] DEBUG: 	unique_edge_length=50000
[2026-02-20 16:42:46] DEBUG: 	min_repeat_res_support=0.51
[2026-02-20 16:42:46] DEBUG: 	out_paths_ratio=5
[2026-02-20 16:42:46] DEBUG: 	graph_cov_drop_rate=5
[2026-02-20 16:42:46] DEBUG: 	coverage_estimate_window=100
[2026-02-20 16:42:46] DEBUG: 	max_bubble_length=50000
[2026-02-20 16:42:46] DEBUG: 	loop_coverage_rate=1.5
[2026-02-20 16:42:46] DEBUG: 	repeat_edge_cov_mult=1.75
[2026-02-20 16:42:46] DEBUG: 	weak_detach_rate=5
[2026-02-20 16:42:46] DEBUG: 	tip_coverage_rate=2
[2026-02-20 16:42:46] DEBUG: 	tip_length_rate=2
[2026-02-20 16:42:46] DEBUG: 	output_gfa_before_rr=1
[2026-02-20 16:42:46] DEBUG: 	remove_alt_edges=0
[2026-02-20 16:42:46] DEBUG: 	low_cutoff_warning=0
[2026-02-20 16:42:46] DEBUG: 	kmer_size=17
[2026-02-20 16:42:46] DEBUG: 	use_minimizers=1
[2026-02-20 16:42:46] DEBUG: 	minimizer_window=10
[2026-02-20 16:42:46] DEBUG: 	reads_base_alignment=1
[2026-02-20 16:42:46] DEBUG: 	meta_read_top_kmer_rate=0.75
[2026-02-20 16:42:46] DEBUG: 	maximum_jump=1500
[2026-02-20 16:42:46] DEBUG: 	maximum_overhang=1500
[2026-02-20 16:42:46] DEBUG: 	repeat_kmer_rate=100
[2026-02-20 16:42:46] DEBUG: 	assemble_ovlp_divergence=0.03
[2026-02-20 16:42:46] DEBUG: 	assemble_divergence_relative=1
[2026-02-20 16:42:46] DEBUG: 	repeat_graph_ovlp_divergence=0.03
[2026-02-20 16:42:46] DEBUG: 	read_align_ovlp_divergence=0.10
[2026-02-20 16:42:46] DEBUG: 	hpc_scoring_on=1
[2026-02-20 16:42:46] DEBUG: 	add_unassembled_reads=0
[2026-02-20 16:42:46] DEBUG: 	extend_contigs_with_repeats=0
[2026-02-20 16:42:46] DEBUG: 	min_read_cov_cutoff=3
[2026-02-20 16:42:46] DEBUG: 	short_tip_length=20000
[2026-02-20 16:42:46] DEBUG: 	long_tip_length=100000
[2026-02-20 16:42:46] DEBUG: Running with k-mer size: 17
[2026-02-20 16:42:46] DEBUG: Selected minimum overlap 1000
[2026-02-20 16:42:46] INFO: Reading sequences
[2026-02-20 16:42:46] DEBUG: Building positional index
[2026-02-20 16:42:46] DEBUG: Total sequence: 3293359 bp
[2026-02-20 16:42:46] DEBUG: Flipped 1
[2026-02-20 16:42:46] DEBUG: UPath 1: 1
[2026-02-20 16:42:46] DEBUG: UPath 2: 12 -> -48 -> 8
[2026-02-20 16:42:46] DEBUG: UPath 3: 9
[2026-02-20 16:42:46] DEBUG: UPath 4: 10
[2026-02-20 16:42:46] DEBUG: UPath 5: 13
[2026-02-20 16:42:46] DEBUG: UPath 6: 15
[2026-02-20 16:42:46] DEBUG: UPath 7: 18
[2026-02-20 16:42:46] DEBUG: UPath 8: 21
[2026-02-20 16:42:46] DEBUG: UPath 9: 25
[2026-02-20 16:42:46] DEBUG: UPath 10: 30
[2026-02-20 16:42:46] DEBUG: UPath 11: 47 -> 40 -> 41
[2026-02-20 16:42:46] DEBUG: UPath 12: 45
[2026-02-20 16:42:46] DEBUG: UPath 13: -46
[2026-02-20 16:42:46] DEBUG: Final graph contains 13 egdes
[2026-02-20 16:42:46] DEBUG: Extending contigs into repeats
[2026-02-20 16:42:46] DEBUG: Covered 0 repetitive contigs
[2026-02-20 16:42:46] INFO: Generated 13 contigs
[2026-02-20 16:42:46] DEBUG: Writing FASTA
[2026-02-20 16:42:46] DEBUG: Generating scaffold connections
[2026-02-20 16:42:46] INFO: Added 0 scaffold connections
[2026-02-20 16:42:46] DEBUG: Writing Dot
[2026-02-20 16:42:46] DEBUG: Writing FASTA
[2026-02-20 16:42:46] DEBUG: Writing Gfa
[2026-02-20 16:42:46] DEBUG: Peak RAM usage: 0 Gb
-----------End assembly log------------
[2026-02-20 16:42:46] root: INFO: >>>STAGE: polishing
[2026-02-20 16:42:46] root: INFO: Polishing genome (1/1)
[2026-02-20 16:42:46] root: INFO: Running minimap2
[2026-02-20 16:42:46] root: INFO: Separating alignment into bubbles
[2026-02-20 16:42:47] root: DEBUG: Generated 6914 bubbles
[2026-02-20 16:42:47] root: DEBUG: Split 12 long bubbles
[2026-02-20 16:42:47] root: DEBUG: Skipped 1 empty bubbles
[2026-02-20 16:42:47] root: DEBUG: Skipped 0 bubbles with long branches
[2026-02-20 16:42:47] root: INFO: Alignment error rate: 0.015548
[2026-02-20 16:42:47] root: INFO: Correcting bubbles
[2026-02-20 16:42:47] root: DEBUG: Mean contig coverage: 5, selected threshold: 3
[2026-02-20 16:42:47] root: DEBUG: Filtered 0 contigs of total length 0
[2026-02-20 16:42:47] root: DEBUG: Generating polished GFA
[2026-02-20 16:42:48] root: DEBUG: 1 sequences remained unpolished
[2026-02-20 16:42:48] root: INFO: >>>STAGE: finalize
[2026-02-20 16:42:48] root: DEBUG: ---Output dir contents:----
[2026-02-20 16:42:48] root: DEBUG: assembly/
[2026-02-20 16:42:48] root: DEBUG:     51.0 K      flye.log
[2026-02-20 16:42:48] root: DEBUG:     92.0 B      params.json
[2026-02-20 16:42:48] root: DEBUG:     3.0 K       assembly_graph.gv
[2026-02-20 16:42:48] root: DEBUG:     123.0 K     assembly_graph.gfa
[2026-02-20 16:42:48] root: DEBUG:     116.0 K     assembly.fasta
[2026-02-20 16:42:48] root: DEBUG:     00-assembly/
[2026-02-20 16:42:48] root: DEBUG:         281.0 K     draft_assembly.fasta
[2026-02-20 16:42:48] root: DEBUG:         1.0 K       draft_assembly.fasta.fai
[2026-02-20 16:42:48] root: DEBUG:     10-consensus/
[2026-02-20 16:42:48] root: DEBUG:         964.0 B     minimap.stderr
[2026-02-20 16:42:48] root: DEBUG:         509.0 B     minimap.bam.csi
[2026-02-20 16:42:48] root: DEBUG:         281.0 K     consensus.fasta
[2026-02-20 16:42:48] root: DEBUG:     20-repeat/
[2026-02-20 16:42:48] root: DEBUG:         3.0 K       graph_before_rr.gv
[2026-02-20 16:42:48] root: DEBUG:         119.0 K     graph_before_rr.fasta
[2026-02-20 16:42:48] root: DEBUG:         118.0 K     graph_before_rr.gfa
[2026-02-20 16:42:48] root: DEBUG:         4.0 K       graph_after_rr.gv
[2026-02-20 16:42:48] root: DEBUG:         3.0 K       repeat_graph_dump
[2026-02-20 16:42:48] root: DEBUG:         71.0 K      read_alignment_dump
[2026-02-20 16:42:48] root: DEBUG:         283.0 K     repeat_graph_edges.fasta
[2026-02-20 16:42:48] root: DEBUG:     30-contigger/
[2026-02-20 16:42:48] root: DEBUG:         125.0 K     contigs.fasta
[2026-02-20 16:42:48] root: DEBUG:         493.0 B     contigs_stats.txt
[2026-02-20 16:42:48] root: DEBUG:         0.0 B       scaffolds_links.txt
[2026-02-20 16:42:48] root: DEBUG:         3.0 K       graph_final.gv
[2026-02-20 16:42:48] root: DEBUG:         125.0 K     graph_final.fasta
[2026-02-20 16:42:48] root: DEBUG:         123.0 K     graph_final.gfa
[2026-02-20 16:42:48] root: DEBUG:         345.0 B     contigs.fasta.fai
[2026-02-20 16:42:48] root: DEBUG:     40-polishing/
[2026-02-20 16:42:48] root: DEBUG:         924.0 B     minimap.stderr
[2026-02-20 16:42:48] root: DEBUG:         264.0 B     minimap_1.bam.csi
[2026-02-20 16:42:48] root: DEBUG:         227.0 B     contigs_stats.txt
[2026-02-20 16:42:48] root: DEBUG:         33.0 K      base_coverage.bed.gz
[2026-02-20 16:42:48] root: DEBUG:         116.0 K     filtered_contigs.fasta
[2026-02-20 16:42:48] root: DEBUG:         227.0 B     filtered_stats.txt
[2026-02-20 16:42:48] root: DEBUG:         316.0 B     filtered_contigs.fasta.fai
[2026-02-20 16:42:48] root: DEBUG:         233.0 B     edges_aln.bam.csi
[2026-02-20 16:42:48] root: DEBUG:         123.0 K     polished_edges.gfa
[2026-02-20 16:42:48] root: DEBUG: --------------------------
[2026-02-20 16:42:48] root: INFO: Assembly statistics:

	Total length:	117278
	Fragments:	12
	Fragments N50:	15900
	Largest frg:	29680
	Scaffolds:	0
	Mean coverage:	5

[2026-02-20 16:42:48] root: INFO: Final assembly: /scratch/ky/characterization/results/barcode14/assembly/assembly.fasta
