[2026-02-20 16:41:38] root: INFO: Starting Flye 2.9.6-b1802
[2026-02-20 16:41:38] root: DEBUG: Cmd: /data/softs/Miniforge3-25.11.0-0/envs/flye-2.9.6/bin/flye --meta --nano-hq /scratch/ky/characterization/FASTQ/SQK-RBK114-96_barcode11.fastq -o /scratch/ky/characterization/results/barcode11/assembly/ -t 16
[2026-02-20 16:41:38] root: DEBUG: Python version: 3.12.12 | packaged by conda-forge | (main, Jan 26 2026, 23:51:32) [GCC 14.3.0]
[2026-02-20 16:41:38] root: INFO: >>>STAGE: configure
[2026-02-20 16:41:38] root: INFO: Configuring run
[2026-02-20 16:41:38] root: INFO: Total read length: 5282581
[2026-02-20 16:41:38] root: INFO: Reads N50/N90: 16025 / 3797
[2026-02-20 16:41:38] root: INFO: Minimum overlap set to 4000
[2026-02-20 16:41:38] root: INFO: >>>STAGE: assembly
[2026-02-20 16:41:38] root: INFO: Assembling disjointigs
[2026-02-20 16:41:38] root: DEBUG: -----Begin assembly log------
[2026-02-20 16:41:38] root: DEBUG: Running: flye-modules assemble --reads /scratch/ky/characterization/FASTQ/SQK-RBK114-96_barcode11.fastq --out-asm /scratch/ky/characterization/results/barcode11/assembly/00-assembly/draft_assembly.fasta --config /data/softs/Miniforge3-25.11.0-0/envs/flye-2.9.6/lib/python3.12/site-packages/flye/config/bin_cfg/asm_nano_hq.cfg --log /scratch/ky/characterization/results/barcode11/assembly/flye.log --threads 16 --meta --min-ovlp 4000
[2026-02-20 16:41:38] DEBUG: Build date: May  4 2025 23:17:52
[2026-02-20 16:41:38] DEBUG: Total RAM: 251 Gb
[2026-02-20 16:41:38] DEBUG: Available RAM: 247 Gb
[2026-02-20 16:41:38] DEBUG: Total CPUs: 32
[2026-02-20 16:41:38] DEBUG: Loading /data/softs/Miniforge3-25.11.0-0/envs/flye-2.9.6/lib/python3.12/site-packages/flye/config/bin_cfg/asm_nano_hq.cfg
[2026-02-20 16:41:38] DEBUG: Loading /data/softs/Miniforge3-25.11.0-0/envs/flye-2.9.6/lib/python3.12/site-packages/flye/config/bin_cfg/asm_defaults.cfg
[2026-02-20 16:41:38] DEBUG: 	big_genome_threshold=29000000
[2026-02-20 16:41:38] DEBUG: 	meta_read_filter_kmer_freq=100
[2026-02-20 16:41:38] DEBUG: 	chain_large_gap_penalty=2
[2026-02-20 16:41:38] DEBUG: 	chain_small_gap_penalty=0.5
[2026-02-20 16:41:38] DEBUG: 	chain_gap_jump_threshold=100
[2026-02-20 16:41:38] DEBUG: 	max_jump_gap=500
[2026-02-20 16:41:38] DEBUG: 	max_coverage_drop_rate=5
[2026-02-20 16:41:38] DEBUG: 	max_extensions_drop_rate=5
[2026-02-20 16:41:38] DEBUG: 	chimera_window=100
[2026-02-20 16:41:38] DEBUG: 	chimera_overhang=1000
[2026-02-20 16:41:38] DEBUG: 	min_reads_in_disjointig=4
[2026-02-20 16:41:38] DEBUG: 	max_inner_reads=10
[2026-02-20 16:41:38] DEBUG: 	max_inner_fraction=0.25
[2026-02-20 16:41:38] DEBUG: 	aggressive_dup_filter=1
[2026-02-20 16:41:38] DEBUG: 	max_separation=500
[2026-02-20 16:41:38] DEBUG: 	unique_edge_length=50000
[2026-02-20 16:41:38] DEBUG: 	min_repeat_res_support=0.51
[2026-02-20 16:41:38] DEBUG: 	out_paths_ratio=5
[2026-02-20 16:41:38] DEBUG: 	graph_cov_drop_rate=5
[2026-02-20 16:41:38] DEBUG: 	coverage_estimate_window=100
[2026-02-20 16:41:38] DEBUG: 	max_bubble_length=50000
[2026-02-20 16:41:38] DEBUG: 	loop_coverage_rate=1.5
[2026-02-20 16:41:38] DEBUG: 	repeat_edge_cov_mult=1.75
[2026-02-20 16:41:38] DEBUG: 	weak_detach_rate=5
[2026-02-20 16:41:38] DEBUG: 	tip_coverage_rate=2
[2026-02-20 16:41:38] DEBUG: 	tip_length_rate=2
[2026-02-20 16:41:38] DEBUG: 	output_gfa_before_rr=1
[2026-02-20 16:41:38] DEBUG: 	remove_alt_edges=0
[2026-02-20 16:41:38] DEBUG: 	low_cutoff_warning=0
[2026-02-20 16:41:38] DEBUG: 	kmer_size=17
[2026-02-20 16:41:38] DEBUG: 	use_minimizers=1
[2026-02-20 16:41:38] DEBUG: 	minimizer_window=10
[2026-02-20 16:41:38] DEBUG: 	reads_base_alignment=1
[2026-02-20 16:41:38] DEBUG: 	meta_read_top_kmer_rate=0.75
[2026-02-20 16:41:38] DEBUG: 	maximum_jump=1500
[2026-02-20 16:41:38] DEBUG: 	maximum_overhang=1500
[2026-02-20 16:41:38] DEBUG: 	repeat_kmer_rate=100
[2026-02-20 16:41:38] DEBUG: 	assemble_ovlp_divergence=0.03
[2026-02-20 16:41:38] DEBUG: 	assemble_divergence_relative=1
[2026-02-20 16:41:38] DEBUG: 	repeat_graph_ovlp_divergence=0.03
[2026-02-20 16:41:38] DEBUG: 	read_align_ovlp_divergence=0.10
[2026-02-20 16:41:38] DEBUG: 	hpc_scoring_on=1
[2026-02-20 16:41:38] DEBUG: 	add_unassembled_reads=0
[2026-02-20 16:41:38] DEBUG: 	extend_contigs_with_repeats=0
[2026-02-20 16:41:38] DEBUG: 	min_read_cov_cutoff=3
[2026-02-20 16:41:38] DEBUG: 	short_tip_length=20000
[2026-02-20 16:41:38] DEBUG: 	long_tip_length=100000
[2026-02-20 16:41:38] DEBUG: Running with k-mer size: 17
[2026-02-20 16:41:38] DEBUG: Running with minimum overlap 4000
[2026-02-20 16:41:38] DEBUG: Metagenome mode: Y
[2026-02-20 16:41:38] DEBUG: Short mode: N
[2026-02-20 16:41:38] INFO: Reading sequences
[2026-02-20 16:41:38] DEBUG: Building positional index
[2026-02-20 16:41:38] DEBUG: Total sequence: 4720060 bp
[2026-02-20 16:41:38] INFO: Building minimizer index
[2026-02-20 16:41:38] INFO: Pre-calculating index storage
[2026-02-20 16:41:38] DEBUG: Mean k-mer frequency: 1.48991
[2026-02-20 16:41:38] DEBUG: Repetitive k-mer frequency: 148
[2026-02-20 16:41:38] DEBUG: Filtered 498 repetitive k-mers (0.000581702)
[2026-02-20 16:41:38] INFO: Filling index
[2026-02-20 16:41:38] DEBUG: Sorting k-mer index
[2026-02-20 16:41:38] DEBUG: Selected k-mers: 574602
[2026-02-20 16:41:38] DEBUG: K-mer index size: 855610
[2026-02-20 16:41:38] DEBUG: Mean k-mer frequency: 1.48905
[2026-02-20 16:41:38] DEBUG: Minimizer rate: 5.5166
[2026-02-20 16:41:38] DEBUG: Peak RAM usage: 0 Gb
[2026-02-20 16:41:38] DEBUG: Estimating k-mer identity bias
[2026-02-20 16:41:43] DEBUG: Initial divergence estimate : 0.00700175
[2026-02-20 16:41:43] DEBUG: Relative threshold: Y
[2026-02-20 16:41:43] DEBUG: Max divergence threshold set to 0.0370018
[2026-02-20 16:41:43] INFO: Extending reads
[2026-02-20 16:41:43] DEBUG: Estimating overlap coverage
[2026-02-20 16:41:47] INFO: Overlap-based coverage: 1
[2026-02-20 16:41:47] INFO: Median overlap divergence: 0.00666487
[2026-02-20 16:41:47] DEBUG: Sequence divergence distribution: 

    |*      |                                                                                            
    |*      |                                                                                            
    |*      |                                                                                            
    |*      |                                                                                            
    |**     |                                                                                            
    |**     |                                                                                            
    |**     |                                                                                            
    |**     |                                                                                            
    |**     |                                                                                            
    |**     |                                                                                            
    |**     |                                                                                            
    |***    |                                                                                            
    |***    |                                                                                            
    |***    |                                                                                            
    |***    |                                                                                            
    |***    |                                                                                            
    |***    |                                                                                            
    |****   |                                                                                            
    |*****  |                                                                                            
    |********* **  * *                          *                                                        
    ----------------------------------------------------------------------------------------------------
    0%        5%        10%       15%       20%       25%       30%       35%       40%       45%       

    Q25 = 0.004, Q50 = 0.0067, Q75 = 0.011

[2026-02-20 16:41:47] DEBUG: Assembled disjointig 1
	With 2 reads
	Start read: +e9779257-000e-4907-b109-6409fd23b1e6
	At position: 1
	leftTip: 1 rightTip: 1
	Suspicious: 1
	Short ext: 0
	Mean extensions: 1
	Avg overlap len: 11645
	Min overlap len: 11645
	Inner reads: 0
	Length: 16598
[2026-02-20 16:41:47] DEBUG: Inner: 10 covered: 53 total: 716
[2026-02-20 16:41:47] DEBUG: Assembled disjointig 2
	With 2 reads
	Start read: +e84c50d8-acb9-4a0f-b189-481aba9ce182
	At position: 1
	leftTip: 1 rightTip: 1
	Suspicious: 1
	Short ext: 0
	Mean extensions: 1
	Avg overlap len: 6827
	Min overlap len: 6827
	Inner reads: 0
	Length: 18018
[2026-02-20 16:41:47] DEBUG: Inner: 14 covered: 62 total: 716
[2026-02-20 16:41:47] DEBUG: Assembled disjointig 3
	With 3 reads
	Start read: +8a45024a-e89e-4e8f-99b0-e76d4f92cce2
	At position: 1
	leftTip: 1 rightTip: 1
	Suspicious: 2
	Short ext: 0
	Mean extensions: 1
	Avg overlap len: 7756
	Min overlap len: 5057
	Inner reads: 0
	Length: 36574
[2026-02-20 16:41:47] DEBUG: Inner: 22 covered: 76 total: 716
[2026-02-20 16:41:47] DEBUG: Assembled disjointig 4
	With 3 reads
	Start read: +ee045d79-c7e9-4b82-b0ef-77495b6a5a90
	At position: 1
	leftTip: 1 rightTip: 1
	Suspicious: 1
	Short ext: 0
	Mean extensions: 2
	Avg overlap len: 26578
	Min overlap len: 7058
	Inner reads: 0
	Length: 45154
[2026-02-20 16:41:47] DEBUG: Inner: 28 covered: 86 total: 716
[2026-02-20 16:41:47] DEBUG: Assembled disjointig 5
	With 4 reads
	Start read: +3e58f2cc-154e-4f95-94f3-7283db0d5999
	At position: 2
	leftTip: 1 rightTip: 0
	Suspicious: 3
	Short ext: 0
	Mean extensions: 1
	Avg overlap len: 4254
	Min overlap len: 4254
	Inner reads: 0
	Length: 46383
[2026-02-20 16:41:47] DEBUG: Inner: 34 covered: 96 total: 716
[2026-02-20 16:41:47] DEBUG: Assembled disjointig 6
	With 2 reads
	Start read: +50f99b7a-f6ea-439b-bd22-e186bb182a98
	At position: 2
	leftTip: 1 rightTip: 1
	Suspicious: 1
	Short ext: 0
	Mean extensions: 0
	Avg overlap len: 22851
	Min overlap len: 22851
	Inner reads: 0
	Length: 30186
[2026-02-20 16:41:47] DEBUG: Inner: 38 covered: 102 total: 716
[2026-02-20 16:41:47] DEBUG: Assembled disjointig 7
	With 3 reads
	Start read: +d0d56bfc-6436-460e-81b6-590ae78b0553
	At position: 2
	leftTip: 1 rightTip: 1
	Suspicious: 2
	Short ext: 0
	Mean extensions: 1
	Avg overlap len: 16073
	Min overlap len: 10521
	Inner reads: 0
	Length: 30719
[2026-02-20 16:41:47] DEBUG: Inner: 44 covered: 110 total: 716
[2026-02-20 16:41:47] DEBUG: Assembled disjointig 8
	With 2 reads
	Start read: +ab32b196-c398-4513-9c44-9b4a1d0084cb
	At position: 2
	leftTip: 1 rightTip: 1
	Suspicious: 1
	Short ext: 0
	Mean extensions: 0
	Avg overlap len: 6292
	Min overlap len: 6292
	Inner reads: 0
	Length: 8556
[2026-02-20 16:41:47] DEBUG: Inner: 48 covered: 116 total: 716
[2026-02-20 16:41:47] DEBUG: Assembled disjointig 9
	With 3 reads
	Start read: +8e3179f9-ab6b-4902-a7ef-7d4c6e8d95bc
	At position: 1
	leftTip: 1 rightTip: 1
	Suspicious: 2
	Short ext: 0
	Mean extensions: 1
	Avg overlap len: 9762
	Min overlap len: 6138
	Inner reads: 0
	Length: 36291
[2026-02-20 16:41:47] DEBUG: Inner: 58 covered: 128 total: 716
[2026-02-20 16:41:47] DEBUG: Assembled disjointig 10
	With 3 reads
	Start read: +783cbaa3-7811-44e5-8b85-7b5d9fefb46c
	At position: 3
	leftTip: 1 rightTip: 1
	Suspicious: 2
	Short ext: 0
	Mean extensions: 1
	Avg overlap len: 7765
	Min overlap len: 4521
	Inner reads: 0
	Length: 28078
[2026-02-20 16:41:47] DEBUG: Inner: 70 covered: 140 total: 716
[2026-02-20 16:41:47] DEBUG: Assembled disjointig 11
	With 3 reads
	Start read: +fcd58428-5c6a-4dc3-8a27-17bc8f47e4da
	At position: 2
	leftTip: 1 rightTip: 1
	Suspicious: 2
	Short ext: 1
	Mean extensions: 1
	Avg overlap len: 5768
	Min overlap len: 3103
	Inner reads: 0
	Length: 21890
[2026-02-20 16:41:47] DEBUG: Inner: 80 covered: 174 total: 716
[2026-02-20 16:41:47] DEBUG: Assembled disjointig 12
	With 3 reads
	Start read: +b351d57b-6230-43a0-ae9d-98faff0dbae6
	At position: 2
	leftTip: 1 rightTip: 1
	Suspicious: 2
	Short ext: 1
	Mean extensions: 1
	Avg overlap len: 7547
	Min overlap len: 2747
	Inner reads: 0
	Length: 14753
[2026-02-20 16:41:47] DEBUG: Inner: 86 covered: 182 total: 716
[2026-02-20 16:41:47] DEBUG: Assembled disjointig 13
	With 4 reads
	Start read: +3580993f-4898-493a-bbe4-4e5da7df4f93
	At position: 1
	leftTip: 1 rightTip: 1
	Suspicious: 2
	Short ext: 1
	Mean extensions: 1
	Avg overlap len: 4072
	Min overlap len: 2114
	Inner reads: 0
	Length: 23955
[2026-02-20 16:41:47] DEBUG: Inner: 96 covered: 196 total: 716
[2026-02-20 16:41:47] DEBUG: Assembled disjointig 14
	With 2 reads
	Start read: +a4dcab36-1171-4cc6-9db0-905aa6ac4245
	At position: 1
	leftTip: 1 rightTip: 1
	Suspicious: 1
	Short ext: 0
	Mean extensions: 0
	Avg overlap len: 7671
	Min overlap len: 7671
	Inner reads: 0
	Length: 50838
[2026-02-20 16:41:47] DEBUG: Inner: 108 covered: 208 total: 716
[2026-02-20 16:41:47] DEBUG: Assembled disjointig 15
	With 3 reads
	Start read: +2f1f8447-3038-4400-965d-e12fcb4aa907
	At position: 2
	leftTip: 1 rightTip: 1
	Suspicious: 2
	Short ext: 0
	Mean extensions: 1
	Avg overlap len: 10540
	Min overlap len: 9844
	Inner reads: 0
	Length: 24305
[2026-02-20 16:41:47] DEBUG: Inner: 114 covered: 212 total: 716
[2026-02-20 16:41:47] DEBUG: Assembled disjointig 16
	With 4 reads
	Start read: +9fe265b2-5c6e-48d5-9d47-70601fe09264
	At position: 3
	leftTip: 1 rightTip: 1
	Suspicious: 3
	Short ext: 1
	Mean extensions: 1
	Avg overlap len: 4182
	Min overlap len: 2906
	Inner reads: 0
	Length: 17489
[2026-02-20 16:41:47] DEBUG: Inner: 122 covered: 225 total: 716
[2026-02-20 16:41:47] DEBUG: Assembled disjointig 17
	With 3 reads
	Start read: +7b7a16c4-c5c1-4836-a177-70c3e14a2b21
	At position: 1
	leftTip: 1 rightTip: 1
	Suspicious: 2
	Short ext: 1
	Mean extensions: 1
	Avg overlap len: 6891
	Min overlap len: 1713
	Inner reads: 0
	Length: 26749
[2026-02-20 16:41:47] DEBUG: Inner: 130 covered: 246 total: 716
[2026-02-20 16:41:47] DEBUG: Assembled disjointig 18
	With 3 reads
	Start read: +203ee0ac-272e-458f-8d50-bddec5ac0d08
	At position: 1
	leftTip: 1 rightTip: 1
	Suspicious: 2
	Short ext: 0
	Mean extensions: 1
	Avg overlap len: 9819
	Min overlap len: 9424
	Inner reads: 0
	Length: 23352
[2026-02-20 16:41:47] DEBUG: Inner: 136 covered: 260 total: 716
[2026-02-20 16:41:47] DEBUG: Assembled disjointig 19
	With 5 reads
	Start read: +4620ea52-bdfb-437a-adc4-bff63bea4e0e
	At position: 1
	leftTip: 1 rightTip: 1
	Suspicious: 3
	Short ext: 2
	Mean extensions: 1
	Avg overlap len: 6697
	Min overlap len: 1484
	Inner reads: 0
	Length: 26241
[2026-02-20 16:41:47] DEBUG: Inner: 146 covered: 270 total: 716
[2026-02-20 16:41:47] DEBUG: Assembled disjointig 20
	With 5 reads
	Start read: +dac65062-c01b-49a1-9592-c1c2ac55dad3
	At position: 3
	leftTip: 0 rightTip: 1
	Suspicious: 3
	Short ext: 2
	Mean extensions: 1
	Avg overlap len: 8041
	Min overlap len: 1689
	Inner reads: 0
	Length: 47179
[2026-02-20 16:41:47] DEBUG: Inner: 156 covered: 278 total: 716
[2026-02-20 16:41:47] DEBUG: Assembled disjointig 21
	With 3 reads
	Start read: +4d6d838f-bc89-4376-a049-9f5357fd54a9
	At position: 1
	leftTip: 1 rightTip: 1
	Suspicious: 2
	Short ext: 1
	Mean extensions: 1
	Avg overlap len: 4155
	Min overlap len: 1123
	Inner reads: 0
	Length: 17630
[2026-02-20 16:41:47] DEBUG: Inner: 164 covered: 290 total: 716
[2026-02-20 16:41:47] DEBUG: Assembled disjointig 22
	With 5 reads
	Start read: +248e4e28-129c-4dbb-b26f-e17ac8ea7c11
	At position: 4
	leftTip: 1 rightTip: 1
	Suspicious: 3
	Short ext: 2
	Mean extensions: 1
	Avg overlap len: 5266
	Min overlap len: 2717
	Inner reads: 0
	Length: 43766
[2026-02-20 16:41:47] DEBUG: Inner: 178 covered: 303 total: 716
[2026-02-20 16:41:47] DEBUG: Assembled disjointig 23
	With 2 reads
	Start read: +304367f5-d226-4e3e-bfc9-49628610f8d6
	At position: 1
	leftTip: 1 rightTip: 1
	Suspicious: 1
	Short ext: 0
	Mean extensions: 0
	Avg overlap len: 6004
	Min overlap len: 6004
	Inner reads: 0
	Length: 13590
[2026-02-20 16:41:47] DEBUG: Inner: 184 covered: 312 total: 716
[2026-02-20 16:41:47] DEBUG: Assembled disjointig 24
	With 2 reads
	Start read: +781fce7d-219b-4dae-8300-d31093424f17
	At position: 2
	leftTip: 1 rightTip: 1
	Suspicious: 1
	Short ext: 0
	Mean extensions: 0
	Avg overlap len: 5682
	Min overlap len: 5682
	Inner reads: 0
	Length: 29723
[2026-02-20 16:41:47] DEBUG: Inner: 194 covered: 328 total: 716
[2026-02-20 16:41:47] DEBUG: Assembled disjointig 25
	With 4 reads
	Start read: +45325869-0cd7-4e0c-a65f-4af51a563386
	At position: 1
	leftTip: 1 rightTip: 1
	Suspicious: 3
	Short ext: 1
	Mean extensions: 1
	Avg overlap len: 4075
	Min overlap len: 3362
	Inner reads: 0
	Length: 15763
[2026-02-20 16:41:47] DEBUG: Inner: 202 covered: 340 total: 716
[2026-02-20 16:41:47] DEBUG: Assembled disjointig 26
	With 3 reads
	Start read: +8eaf4153-15d7-41c3-b88f-db3b3690c3e0
	At position: 2
	leftTip: 1 rightTip: 1
	Suspicious: 2
	Short ext: 1
	Mean extensions: 1
	Avg overlap len: 14840
	Min overlap len: 2406
	Inner reads: 0
	Length: 24507
[2026-02-20 16:41:47] DEBUG: Inner: 210 covered: 348 total: 716
[2026-02-20 16:41:47] DEBUG: Assembled disjointig 27
	With 4 reads
	Start read: +70f30ab6-8479-49c6-9b9d-54cceda0ee06
	At position: 1
	leftTip: 1 rightTip: 1
	Suspicious: 2
	Short ext: 0
	Mean extensions: 1
	Avg overlap len: 4825
	Min overlap len: 4800
	Inner reads: 0
	Length: 41142
[2026-02-20 16:41:47] DEBUG: Inner: 230 covered: 361 total: 716
[2026-02-20 16:41:47] DEBUG: Assembled disjointig 28
	With 2 reads
	Start read: +66143895-691c-40b8-b598-4f2c01e92682
	At position: 1
	leftTip: 1 rightTip: 1
	Suspicious: 1
	Short ext: 0
	Mean extensions: 1
	Avg overlap len: 5276
	Min overlap len: 5276
	Inner reads: 0
	Length: 7954
[2026-02-20 16:41:47] DEBUG: Inner: 234 covered: 364 total: 716
[2026-02-20 16:41:47] DEBUG: Assembled disjointig 29
	With 3 reads
	Start read: +e787ee8f-32ef-4c93-a4bf-25b0d55ab466
	At position: 2
	leftTip: 1 rightTip: 1
	Suspicious: 2
	Short ext: 1
	Mean extensions: 1
	Avg overlap len: 6968
	Min overlap len: 3252
	Inner reads: 0
	Length: 18514
[2026-02-20 16:41:47] DEBUG: Inner: 240 covered: 372 total: 716
[2026-02-20 16:41:47] DEBUG: Assembled disjointig 30
	With 3 reads
	Start read: +19f6958e-7ec0-4b52-b507-0b9b04872879
	At position: 2
	leftTip: 1 rightTip: 1
	Suspicious: 2
	Short ext: 1
	Mean extensions: 1
	Avg overlap len: 4371
	Min overlap len: 1226
	Inner reads: 0
	Length: 54880
[2026-02-20 16:41:47] DEBUG: Inner: 250 covered: 378 total: 716
[2026-02-20 16:41:47] DEBUG: Assembled disjointig 31
	With 2 reads
	Start read: +54c17765-5d37-4427-ac89-92c8bcf39153
	At position: 1
	leftTip: 1 rightTip: 1
	Suspicious: 1
	Short ext: 0
	Mean extensions: 1
	Avg overlap len: 5614
	Min overlap len: 5614
	Inner reads: 0
	Length: 10168
[2026-02-20 16:41:47] DEBUG: Inner: 254 covered: 393 total: 716
[2026-02-20 16:41:47] DEBUG: Assembled disjointig 32
	With 3 reads
	Start read: +544aa920-953c-4e86-9929-e80e5d21519c
	At position: 1
	leftTip: 1 rightTip: 1
	Suspicious: 1
	Short ext: 0
	Mean extensions: 1
	Avg overlap len: 10977
	Min overlap len: 6350
	Inner reads: 0
	Length: 19356
[2026-02-20 16:41:47] DEBUG: Inner: 260 covered: 400 total: 716
[2026-02-20 16:41:47] DEBUG: Discarded disjointig with 3 reads and 1 inner overlaps
[2026-02-20 16:41:47] DEBUG: Discarded disjointig with 3 reads and 1 inner overlaps
[2026-02-20 16:41:47] DEBUG: Assembled disjointig 33
	With 3 reads
	Start read: +ed67b64d-cd16-4bc6-8e18-afce0eccfc9d
	At position: 2
	leftTip: 1 rightTip: 1
	Suspicious: 2
	Short ext: 0
	Mean extensions: 1
	Avg overlap len: 11069
	Min overlap len: 6644
	Inner reads: 0
	Length: 53242
[2026-02-20 16:41:47] DEBUG: Inner: 270 covered: 416 total: 716
[2026-02-20 16:41:47] DEBUG: Assembled disjointig 34
	With 6 reads
	Start read: +bcbdcded-4cbb-4e8f-8d62-9efdc6c4ddc3
	At position: 4
	leftTip: 1 rightTip: 1
	Suspicious: 2
	Short ext: 0
	Mean extensions: 1
	Avg overlap len: 10578
	Min overlap len: 8509
	Inner reads: 0
	Length: 40771
[2026-02-20 16:41:47] DEBUG: Inner: 282 covered: 423 total: 716
[2026-02-20 16:41:47] DEBUG: Assembled disjointig 35
	With 2 reads
	Start read: +4b1b74b9-c97c-4d4c-a707-4fd4d755aa3b
	At position: 1
	leftTip: 1 rightTip: 1
	Suspicious: 1
	Short ext: 0
	Mean extensions: 1
	Avg overlap len: 10222
	Min overlap len: 10222
	Inner reads: 0
	Length: 29920
[2026-02-20 16:41:47] DEBUG: Inner: 286 covered: 428 total: 716
[2026-02-20 16:41:47] DEBUG: Assembled disjointig 36
	With 2 reads
	Start read: +c5eabd8a-72cd-4951-910c-57c114ac6eb0
	At position: 1
	leftTip: 1 rightTip: 1
	Suspicious: 1
	Short ext: 0
	Mean extensions: 0
	Avg overlap len: 12577
	Min overlap len: 12577
	Inner reads: 0
	Length: 27805
[2026-02-20 16:41:47] DEBUG: Inner: 290 covered: 443 total: 716
[2026-02-20 16:41:47] DEBUG: Assembled disjointig 37
	With 3 reads
	Start read: +06e6c06b-6581-4060-bd7f-a5a95006cd87
	At position: 1
	leftTip: 1 rightTip: 1
	Suspicious: 1
	Short ext: 0
	Mean extensions: 1
	Avg overlap len: 14620
	Min overlap len: 7661
	Inner reads: 0
	Length: 21460
[2026-02-20 16:41:47] DEBUG: Inner: 296 covered: 462 total: 716
[2026-02-20 16:41:47] DEBUG: Assembled disjointig 38
	With 2 reads
	Start read: +5e382ad8-c27c-411b-a3f0-36aedd3c1830
	At position: 1
	leftTip: 1 rightTip: 1
	Suspicious: 1
	Short ext: 0
	Mean extensions: 1
	Avg overlap len: 4236
	Min overlap len: 4236
	Inner reads: 0
	Length: 7330
[2026-02-20 16:41:47] DEBUG: Inner: 300 covered: 464 total: 716
[2026-02-20 16:41:47] DEBUG: Assembled disjointig 39
	With 4 reads
	Start read: +5193ef14-b43b-4f99-8359-b87583876ccd
	At position: 1
	leftTip: 1 rightTip: 1
	Suspicious: 3
	Short ext: 0
	Mean extensions: 1
	Avg overlap len: 6205
	Min overlap len: 4135
	Inner reads: 0
	Length: 64549
[2026-02-20 16:41:47] DEBUG: Inner: 308 covered: 472 total: 716
[2026-02-20 16:41:47] DEBUG: Discarded disjointig with 3 reads and 1 inner overlaps
[2026-02-20 16:41:47] DEBUG: Assembled disjointig 40
	With 8 reads
	Start read: +da71db6e-c2c3-47cd-8793-41ec9615a394
	At position: 3
	leftTip: 1 rightTip: 1
	Suspicious: 5
	Short ext: 2
	Mean extensions: 1
	Avg overlap len: 5430
	Min overlap len: 2776
	Inner reads: 0
	Length: 114107
[2026-02-20 16:41:47] DEBUG: Inner: 330 covered: 494 total: 716
[2026-02-20 16:41:47] DEBUG: Assembled disjointig 41
	With 3 reads
	Start read: +64463e29-27be-48dc-ab79-f23d7a583351
	At position: 3
	leftTip: 1 rightTip: 1
	Suspicious: 2
	Short ext: 1
	Mean extensions: 1
	Avg overlap len: 5945
	Min overlap len: 1081
	Inner reads: 0
	Length: 38925
[2026-02-20 16:41:47] DEBUG: Inner: 340 covered: 504 total: 716
[2026-02-20 16:41:47] DEBUG: Discarded disjointig with 3 reads and 1 inner overlaps
[2026-02-20 16:41:47] DEBUG: Assembled disjointig 42
	With 3 reads
	Start read: +507a9d98-bbd0-4dd6-a964-28ac032d9cae
	At position: 1
	leftTip: 1 rightTip: 1
	Suspicious: 1
	Short ext: 0
	Mean extensions: 1
	Avg overlap len: 20965
	Min overlap len: 6493
	Inner reads: 0
	Length: 26076
[2026-02-20 16:41:47] DEBUG: Inner: 348 covered: 518 total: 716
[2026-02-20 16:41:47] DEBUG: Discarded disjointig with 8 reads and 6 inner overlaps
[2026-02-20 16:41:47] DEBUG: Discarded disjointig with 7 reads and 5 inner overlaps
[2026-02-20 16:41:47] DEBUG: Assembled disjointig 43
	With 2 reads
	Start read: +5b78173f-4e63-42a7-99fe-4b05b9849290
	At position: 1
	leftTip: 1 rightTip: 1
	Suspicious: 1
	Short ext: 0
	Mean extensions: 1
	Avg overlap len: 4144
	Min overlap len: 4144
	Inner reads: 0
	Length: 8512
[2026-02-20 16:41:47] DEBUG: Inner: 352 covered: 530 total: 716
[2026-02-20 16:41:47] DEBUG: Assembled disjointig 44
	With 3 reads
	Start read: +909f39d0-6df1-4bc4-a004-032d3528c156
	At position: 2
	leftTip: 1 rightTip: 1
	Suspicious: 2
	Short ext: 1
	Mean extensions: 1
	Avg overlap len: 4371
	Min overlap len: 3666
	Inner reads: 0
	Length: 25197
[2026-02-20 16:41:47] DEBUG: Inner: 360 covered: 542 total: 716
[2026-02-20 16:41:47] DEBUG: Assembled disjointig 45
	With 2 reads
	Start read: +ff25961c-7c3c-4028-a98c-3dbcd5035432
	At position: 2
	leftTip: 1 rightTip: 1
	Suspicious: 1
	Short ext: 0
	Mean extensions: 0
	Avg overlap len: 4870
	Min overlap len: 4870
	Inner reads: 0
	Length: 26890
[2026-02-20 16:41:47] DEBUG: Inner: 366 covered: 556 total: 716
[2026-02-20 16:41:47] DEBUG: Assembled disjointig 46
	With 4 reads
	Start read: +2eca6445-a2ce-49b2-997a-af2719202144
	At position: 2
	leftTip: 1 rightTip: 1
	Suspicious: 3
	Short ext: 0
	Mean extensions: 1
	Avg overlap len: 4867
	Min overlap len: 4295
	Inner reads: 0
	Length: 49878
[2026-02-20 16:41:47] DEBUG: Inner: 374 covered: 576 total: 716
[2026-02-20 16:41:47] DEBUG: Assembled disjointig 47
	With 5 reads
	Start read: +4363ed27-5c85-4388-8e09-d67718f8817e
	At position: 2
	leftTip: 1 rightTip: 1
	Suspicious: 3
	Short ext: 2
	Mean extensions: 1
	Avg overlap len: 5918
	Min overlap len: 3229
	Inner reads: 0
	Length: 71253
[2026-02-20 16:41:47] DEBUG: Inner: 394 covered: 588 total: 716
[2026-02-20 16:41:47] DEBUG: Assembled disjointig 48
	With 5 reads
	Start read: +ed253f00-e316-4015-9675-3c5f20f801ea
	At position: 1
	leftTip: 1 rightTip: 1
	Suspicious: 4
	Short ext: 2
	Mean extensions: 1
	Avg overlap len: 4177
	Min overlap len: 1442
	Inner reads: 0
	Length: 30758
[2026-02-20 16:41:47] DEBUG: Inner: 408 covered: 600 total: 716
[2026-02-20 16:41:47] DEBUG: Assembled disjointig 49
	With 2 reads
	Start read: +1e60b44d-6d70-454c-a386-a7510d498341
	At position: 1
	leftTip: 1 rightTip: 1
	Suspicious: 1
	Short ext: 0
	Mean extensions: 0
	Avg overlap len: 17876
	Min overlap len: 17876
	Inner reads: 0
	Length: 20820
[2026-02-20 16:41:47] DEBUG: Inner: 414 covered: 610 total: 716
[2026-02-20 16:41:47] DEBUG: Assembled disjointig 50
	With 2 reads
	Start read: +f88e3034-2685-46b9-8b82-29159b352fa0
	At position: 1
	leftTip: 1 rightTip: 1
	Suspicious: 1
	Short ext: 0
	Mean extensions: 1
	Avg overlap len: 4207
	Min overlap len: 4207
	Inner reads: 0
	Length: 13731
[2026-02-20 16:41:47] DEBUG: Inner: 418 covered: 624 total: 716
[2026-02-20 16:41:47] DEBUG: Discarded disjointig with 5 reads and 3 inner overlaps
[2026-02-20 16:41:47] DEBUG: Assembled disjointig 51
	With 3 reads
	Start read: +b28f409e-9cd3-4471-8c88-2a105904702c
	At position: 2
	leftTip: 1 rightTip: 1
	Suspicious: 2
	Short ext: 1
	Mean extensions: 1
	Avg overlap len: 13185
	Min overlap len: 3822
	Inner reads: 0
	Length: 18688
[2026-02-20 16:41:47] DEBUG: Inner: 424 covered: 642 total: 716
[2026-02-20 16:41:47] DEBUG: Assembled disjointig 52
	With 2 reads
	Start read: +8615a7d1-0167-495d-aeed-fd4e0ab209d5
	At position: 1
	leftTip: 1 rightTip: 0
	Suspicious: 1
	Short ext: 1
	Mean extensions: 2
	Avg overlap len: 3837
	Min overlap len: 3837
	Inner reads: 0
	Length: 15199
[2026-02-20 16:41:47] DEBUG: Inner: 424 covered: 644 total: 716
[2026-02-20 16:41:47] DEBUG: Assembled disjointig 53
	With 2 reads
	Start read: +91737ef9-be31-40d5-bced-0becc59a8578
	At position: 1
	leftTip: 1 rightTip: 1
	Suspicious: 1
	Short ext: 0
	Mean extensions: 1
	Avg overlap len: 9344
	Min overlap len: 9344
	Inner reads: 0
	Length: 18259
[2026-02-20 16:41:47] DEBUG: Inner: 428 covered: 648 total: 716
[2026-02-20 16:41:47] DEBUG: Discarded disjointig with 7 reads and 4 inner overlaps
[2026-02-20 16:41:47] DEBUG: Assembled disjointig 54
	With 2 reads
	Start read: +555963d3-191c-4afe-8f7d-54f2d5ef2960
	At position: 1
	leftTip: 1 rightTip: 1
	Suspicious: 1
	Short ext: 0
	Mean extensions: 1
	Avg overlap len: 24298
	Min overlap len: 24298
	Inner reads: 0
	Length: 40318
[2026-02-20 16:41:47] DEBUG: Inner: 434 covered: 696 total: 716
[2026-02-20 16:41:47] DEBUG: Assembled disjointig 55
	With 4 reads
	Start read: +132c6731-4a6f-4dfa-a806-8112511ebc18
	At position: 1
	leftTip: 1 rightTip: 1
	Suspicious: 3
	Short ext: 1
	Mean extensions: 1
	Avg overlap len: 6353
	Min overlap len: 1424
	Inner reads: 0
	Length: 49938
[2026-02-20 16:41:47] DEBUG: Inner: 442 covered: 712 total: 716
[2026-02-20 16:41:47] DEBUG: Discarded disjointig with 8 reads and 5 inner overlaps
[2026-02-20 16:41:47] DEBUG: Assembled disjointig 56
	With 4 reads
	Start read: +922c5c09-015c-4ce2-9dfc-c0858e79bec0
	At position: 3
	leftTip: 1 rightTip: 1
	Suspicious: 3
	Short ext: 1
	Mean extensions: 1
	Avg overlap len: 5342
	Min overlap len: 3331
	Inner reads: 0
	Length: 25735
[2026-02-20 16:41:47] DEBUG: Inner: 450 covered: 712 total: 716
[2026-02-20 16:41:47] DEBUG: Discarded disjointig with 3 reads and 1 inner overlaps
[2026-02-20 16:41:50] INFO: Assembled 56 disjointigs
[2026-02-20 16:41:50] INFO: Generating sequence
[2026-02-20 16:41:50] DEBUG: Building positional index
[2026-02-20 16:41:50] DEBUG: Total sequence: 1709429 bp
[2026-02-20 16:41:50] DEBUG: Mean k-mer frequency: 1.03186
[2026-02-20 16:41:50] DEBUG: Repetitive k-mer frequency: 103
[2026-02-20 16:41:50] DEBUG: Filtered 0 repetitive k-mers (0)
[2026-02-20 16:41:50] DEBUG: Sorting k-mer index
[2026-02-20 16:41:50] DEBUG: Selected k-mers: 300829
[2026-02-20 16:41:50] DEBUG: K-mer index size: 310415
[2026-02-20 16:41:50] DEBUG: Mean k-mer frequency: 1.03187
[2026-02-20 16:41:50] DEBUG: Minimizer rate: 5.50692
[2026-02-20 16:41:50] INFO: Filtering contained disjointigs
[2026-02-20 16:41:50] DEBUG: Computing transitive closure for overlaps
[2026-02-20 16:41:50] DEBUG: Found 20 overlaps
[2026-02-20 16:41:50] DEBUG: Left 8 overlaps after filtering
[2026-02-20 16:41:50] INFO: Contained seqs: 2
[2026-02-20 16:41:50] DEBUG: Writing FASTA
[2026-02-20 16:41:50] DEBUG: Peak RAM usage: 0 Gb
-----------End assembly log------------
[2026-02-20 16:41:50] root: DEBUG: Disjointigs length: 1676227, N50: 38925
[2026-02-20 16:41:50] root: INFO: >>>STAGE: consensus
[2026-02-20 16:41:50] root: INFO: Running Minimap2
[2026-02-20 16:41:50] root: INFO: Computing consensus
[2026-02-20 16:41:51] root: INFO: Alignment error rate: 0.026569
[2026-02-20 16:41:51] root: INFO: >>>STAGE: repeat
[2026-02-20 16:41:51] root: INFO: Building and resolving repeat graph
[2026-02-20 16:41:51] root: DEBUG: -----Begin repeat analyser log------
[2026-02-20 16:41:51] root: DEBUG: Running: flye-modules repeat --disjointigs /scratch/ky/characterization/results/barcode11/assembly/10-consensus/consensus.fasta --reads /scratch/ky/characterization/FASTQ/SQK-RBK114-96_barcode11.fastq --out-dir /scratch/ky/characterization/results/barcode11/assembly/20-repeat --config /data/softs/Miniforge3-25.11.0-0/envs/flye-2.9.6/lib/python3.12/site-packages/flye/config/bin_cfg/asm_nano_hq.cfg --log /scratch/ky/characterization/results/barcode11/assembly/flye.log --threads 16 --meta --min-ovlp 4000
[2026-02-20 16:41:51] DEBUG: Build date: May  4 2025 23:18:08
[2026-02-20 16:41:51] DEBUG: Total RAM: 251 Gb
[2026-02-20 16:41:51] DEBUG: Available RAM: 247 Gb
[2026-02-20 16:41:51] DEBUG: Total CPUs: 32
[2026-02-20 16:41:51] DEBUG: Loading /data/softs/Miniforge3-25.11.0-0/envs/flye-2.9.6/lib/python3.12/site-packages/flye/config/bin_cfg/asm_nano_hq.cfg
[2026-02-20 16:41:51] DEBUG: Loading /data/softs/Miniforge3-25.11.0-0/envs/flye-2.9.6/lib/python3.12/site-packages/flye/config/bin_cfg/asm_defaults.cfg
[2026-02-20 16:41:51] DEBUG: 	big_genome_threshold=29000000
[2026-02-20 16:41:51] DEBUG: 	meta_read_filter_kmer_freq=100
[2026-02-20 16:41:51] DEBUG: 	chain_large_gap_penalty=2
[2026-02-20 16:41:51] DEBUG: 	chain_small_gap_penalty=0.5
[2026-02-20 16:41:51] DEBUG: 	chain_gap_jump_threshold=100
[2026-02-20 16:41:51] DEBUG: 	max_jump_gap=500
[2026-02-20 16:41:51] DEBUG: 	max_coverage_drop_rate=5
[2026-02-20 16:41:51] DEBUG: 	max_extensions_drop_rate=5
[2026-02-20 16:41:51] DEBUG: 	chimera_window=100
[2026-02-20 16:41:51] DEBUG: 	chimera_overhang=1000
[2026-02-20 16:41:51] DEBUG: 	min_reads_in_disjointig=4
[2026-02-20 16:41:51] DEBUG: 	max_inner_reads=10
[2026-02-20 16:41:51] DEBUG: 	max_inner_fraction=0.25
[2026-02-20 16:41:51] DEBUG: 	aggressive_dup_filter=1
[2026-02-20 16:41:51] DEBUG: 	max_separation=500
[2026-02-20 16:41:51] DEBUG: 	unique_edge_length=50000
[2026-02-20 16:41:51] DEBUG: 	min_repeat_res_support=0.51
[2026-02-20 16:41:51] DEBUG: 	out_paths_ratio=5
[2026-02-20 16:41:51] DEBUG: 	graph_cov_drop_rate=5
[2026-02-20 16:41:51] DEBUG: 	coverage_estimate_window=100
[2026-02-20 16:41:51] DEBUG: 	max_bubble_length=50000
[2026-02-20 16:41:51] DEBUG: 	loop_coverage_rate=1.5
[2026-02-20 16:41:51] DEBUG: 	repeat_edge_cov_mult=1.75
[2026-02-20 16:41:51] DEBUG: 	weak_detach_rate=5
[2026-02-20 16:41:51] DEBUG: 	tip_coverage_rate=2
[2026-02-20 16:41:51] DEBUG: 	tip_length_rate=2
[2026-02-20 16:41:51] DEBUG: 	output_gfa_before_rr=1
[2026-02-20 16:41:51] DEBUG: 	remove_alt_edges=0
[2026-02-20 16:41:51] DEBUG: 	low_cutoff_warning=0
[2026-02-20 16:41:51] DEBUG: 	kmer_size=17
[2026-02-20 16:41:51] DEBUG: 	use_minimizers=1
[2026-02-20 16:41:51] DEBUG: 	minimizer_window=10
[2026-02-20 16:41:51] DEBUG: 	reads_base_alignment=1
[2026-02-20 16:41:51] DEBUG: 	meta_read_top_kmer_rate=0.75
[2026-02-20 16:41:51] DEBUG: 	maximum_jump=1500
[2026-02-20 16:41:51] DEBUG: 	maximum_overhang=1500
[2026-02-20 16:41:51] DEBUG: 	repeat_kmer_rate=100
[2026-02-20 16:41:51] DEBUG: 	assemble_ovlp_divergence=0.03
[2026-02-20 16:41:51] DEBUG: 	assemble_divergence_relative=1
[2026-02-20 16:41:51] DEBUG: 	repeat_graph_ovlp_divergence=0.03
[2026-02-20 16:41:51] DEBUG: 	read_align_ovlp_divergence=0.10
[2026-02-20 16:41:51] DEBUG: 	hpc_scoring_on=1
[2026-02-20 16:41:51] DEBUG: 	add_unassembled_reads=0
[2026-02-20 16:41:51] DEBUG: 	extend_contigs_with_repeats=0
[2026-02-20 16:41:51] DEBUG: 	min_read_cov_cutoff=3
[2026-02-20 16:41:51] DEBUG: 	short_tip_length=20000
[2026-02-20 16:41:51] DEBUG: 	long_tip_length=100000
[2026-02-20 16:41:51] DEBUG: Running with k-mer size: 17
[2026-02-20 16:41:51] DEBUG: Selected minimum overlap 4000
[2026-02-20 16:41:51] DEBUG: Metagenome mode: Y
[2026-02-20 16:41:51] INFO: Parsing disjointigs
[2026-02-20 16:41:51] DEBUG: Building positional index
[2026-02-20 16:41:51] DEBUG: Total sequence: 1676257 bp
[2026-02-20 16:41:51] INFO: Building repeat graph
[2026-02-20 16:41:51] DEBUG: Mean k-mer frequency: 1.01161
[2026-02-20 16:41:51] DEBUG: Repetitive k-mer frequency: 101
[2026-02-20 16:41:51] DEBUG: Filtered 0 repetitive k-mers (0)
[2026-02-20 16:41:51] DEBUG: Sorting k-mer index
[2026-02-20 16:41:51] DEBUG: Selected k-mers: 300895
[2026-02-20 16:41:51] DEBUG: K-mer index size: 304389
[2026-02-20 16:41:51] DEBUG: Mean k-mer frequency: 1.01161
[2026-02-20 16:41:51] DEBUG: Minimizer rate: 5.50696
[2026-02-20 16:41:51] DEBUG: Computing transitive closure for overlaps
[2026-02-20 16:41:51] DEBUG: Found 0 overlaps
[2026-02-20 16:41:51] DEBUG: Left 0 overlaps after filtering
[2026-02-20 16:41:51] INFO: Median overlap divergence: 0
[2026-02-20 16:41:51] DEBUG: Sequence divergence distribution: 

    |      |                                                                                             
    |      |                                                                                             
    |      |                                                                                             
    |      |                                                                                             
    |      |                                                                                             
    |      |                                                                                             
    |      |                                                                                             
    |      |                                                                                             
    |      |                                                                                             
    |      |                                                                                             
    |      |                                                                                             
    |      |                                                                                             
    |      |                                                                                             
    |      |                                                                                             
    |      |                                                                                             
    |      |                                                                                             
    |      |                                                                                             
    |      |                                                                                             
    |      |                                                                                             
    |      |                                                                                             
    ----------------------------------------------------------------------------------------------------
    0%        5%        10%       15%       20%       25%       30%       35%       40%       45%       

    Q25 = 0, Q50 = 0, Q75 = 0

[2026-02-20 16:41:51] DEBUG: Computing gluepoints
[2026-02-20 16:41:51] DEBUG: Added 0 gluepoint projections
[2026-02-20 16:41:51] DEBUG: Created 216 gluepoints
[2026-02-20 16:41:51] DEBUG: Artificial loops removed: 0 left, 0 right, 0 both
[2026-02-20 16:41:51] DEBUG: Initializing edges
[2026-02-20 16:41:51] DEBUG: Edges length checksum: 19046672113
[2026-02-20 16:41:51] DEBUG: Filtered 0 singleton segments
[2026-02-20 16:41:51] DEBUG: Removed 0 simple and 0 double chimeric junctions
[2026-02-20 16:41:51] DEBUG: Collapsed 0 edges
[2026-02-20 16:41:51] DEBUG: *	1	+disjointig_1	0	16596	16596	
[2026-02-20 16:41:51] DEBUG: *	2	+disjointig_10	0	28071	28071	
[2026-02-20 16:41:51] DEBUG: *	3	+disjointig_11	0	21888	21888	
[2026-02-20 16:41:51] DEBUG: *	4	+disjointig_12	0	14748	14748	
[2026-02-20 16:41:51] DEBUG: *	5	+disjointig_13	0	23947	23947	
[2026-02-20 16:41:51] DEBUG: *	6	+disjointig_14	0	50936	50936	
[2026-02-20 16:41:51] DEBUG: *	7	+disjointig_15	0	24314	24314	
[2026-02-20 16:41:51] DEBUG: *	8	+disjointig_16	0	17488	17488	
[2026-02-20 16:41:51] DEBUG: *	9	+disjointig_17	0	26745	26745	
[2026-02-20 16:41:51] DEBUG: *	10	+disjointig_18	0	23353	23353	
[2026-02-20 16:41:51] DEBUG: *	11	+disjointig_19	0	26232	26232	
[2026-02-20 16:41:51] DEBUG: *	12	+disjointig_20	0	47193	47193	
[2026-02-20 16:41:51] DEBUG: *	13	+disjointig_21	0	17628	17628	
[2026-02-20 16:41:51] DEBUG: *	14	+disjointig_22	0	43772	43772	
[2026-02-20 16:41:51] DEBUG: *	15	+disjointig_23	0	13590	13590	
[2026-02-20 16:41:51] DEBUG: *	16	+disjointig_24	0	29740	29740	
[2026-02-20 16:41:51] DEBUG: *	17	+disjointig_25	0	15762	15762	
[2026-02-20 16:41:51] DEBUG: *	18	+disjointig_26	0	24549	24549	
[2026-02-20 16:41:51] DEBUG: *	19	+disjointig_27	0	41177	41177	
[2026-02-20 16:41:51] DEBUG: *	20	+disjointig_28	0	7959	7959	
[2026-02-20 16:41:51] DEBUG: *	21	+disjointig_29	0	18389	18389	
[2026-02-20 16:41:51] DEBUG: *	22	+disjointig_3	0	36579	36579	
[2026-02-20 16:41:51] DEBUG: *	23	+disjointig_30	0	54893	54893	
[2026-02-20 16:41:51] DEBUG: *	24	+disjointig_31	0	10168	10168	
[2026-02-20 16:41:51] DEBUG: *	25	+disjointig_32	0	19357	19357	
[2026-02-20 16:41:51] DEBUG: *	26	+disjointig_33	0	53231	53231	
[2026-02-20 16:41:51] DEBUG: *	27	+disjointig_34	0	40812	40812	
[2026-02-20 16:41:51] DEBUG: *	28	+disjointig_35	0	29916	29916	
[2026-02-20 16:41:51] DEBUG: *	29	+disjointig_36	0	27800	27800	
[2026-02-20 16:41:51] DEBUG: *	30	+disjointig_37	0	21299	21299	
[2026-02-20 16:41:51] DEBUG: *	31	+disjointig_38	0	7338	7338	
[2026-02-20 16:41:51] DEBUG: *	32	+disjointig_39	0	64534	64534	
[2026-02-20 16:41:51] DEBUG: *	33	+disjointig_4	0	45153	45153	
[2026-02-20 16:41:51] DEBUG: *	34	+disjointig_40	0	114130	114130	
[2026-02-20 16:41:51] DEBUG: *	35	+disjointig_41	0	38886	38886	
[2026-02-20 16:41:51] DEBUG: *	36	+disjointig_42	0	26068	26068	
[2026-02-20 16:41:51] DEBUG: *	37	+disjointig_43	0	8508	8508	
[2026-02-20 16:41:51] DEBUG: *	38	+disjointig_44	0	25201	25201	
[2026-02-20 16:41:51] DEBUG: *	39	+disjointig_45	0	26886	26886	
[2026-02-20 16:41:51] DEBUG: *	40	+disjointig_46	0	49883	49883	
[2026-02-20 16:41:51] DEBUG: *	41	+disjointig_47	0	71254	71254	
[2026-02-20 16:41:51] DEBUG: *	42	+disjointig_48	0	30744	30744	
[2026-02-20 16:41:51] DEBUG: *	43	+disjointig_49	0	20819	20819	
[2026-02-20 16:41:51] DEBUG: *	44	+disjointig_5	0	46374	46374	
[2026-02-20 16:41:51] DEBUG: *	45	+disjointig_50	0	13728	13728	
[2026-02-20 16:41:51] DEBUG: *	46	+disjointig_51	0	18689	18689	
[2026-02-20 16:41:51] DEBUG: *	47	+disjointig_53	0	18256	18256	
[2026-02-20 16:41:51] DEBUG: *	48	+disjointig_54	0	40318	40318	
[2026-02-20 16:41:51] DEBUG: *	49	+disjointig_55	0	49950	49950	
[2026-02-20 16:41:51] DEBUG: *	50	+disjointig_56	0	25745	25745	
[2026-02-20 16:41:51] DEBUG: *	51	+disjointig_6	0	29994	29994	
[2026-02-20 16:41:51] DEBUG: *	52	+disjointig_7	0	30701	30701	
[2026-02-20 16:41:51] DEBUG: *	53	+disjointig_8	0	8550	8550	
[2026-02-20 16:41:51] DEBUG: *	54	+disjointig_9	0	36362	36362	
[2026-02-20 16:41:51] DEBUG: Total edges: 54
[2026-02-20 16:41:51] INFO: Parsing reads
[2026-02-20 16:41:51] DEBUG: Building positional index
[2026-02-20 16:41:51] DEBUG: Total sequence: 5282581 bp
[2026-02-20 16:41:51] DEBUG: Building positional index
[2026-02-20 16:41:51] DEBUG: Total sequence: 1676203 bp
[2026-02-20 16:41:51] INFO: Aligning reads to the graph
[2026-02-20 16:41:51] DEBUG: Mean k-mer frequency: 1.01161
[2026-02-20 16:41:51] DEBUG: Repetitive k-mer frequency: 101
[2026-02-20 16:41:51] DEBUG: Filtered 0 repetitive k-mers (0)
[2026-02-20 16:41:51] DEBUG: Sorting k-mer index
[2026-02-20 16:41:51] DEBUG: Selected k-mers: 300884
[2026-02-20 16:41:51] DEBUG: K-mer index size: 304378
[2026-02-20 16:41:51] DEBUG: Mean k-mer frequency: 1.01161
[2026-02-20 16:41:51] DEBUG: Minimizer rate: 5.50698
[2026-02-20 16:41:52] DEBUG: Total reads : 358
[2026-02-20 16:41:52] DEBUG: Read with aligned parts : 222
[2026-02-20 16:41:52] DEBUG: Aligned in one piece : 221
[2026-02-20 16:41:52] INFO: Aligned read sequence: 3024872 / 4720060 (0.640855)
[2026-02-20 16:41:52] INFO: Median overlap divergence: 0.00266862
[2026-02-20 16:41:52] DEBUG: Sequence divergence distribution: 

    |*                   |                                                                               
    |*                   |                                                                               
    |*                   |                                                                               
    |*                   |                                                                               
    |*                   |                                                                               
    |*                   |                                                                               
    |*                   |                                                                               
    |*                   |                                                                               
    |*                   |                                                                               
    |*                   |                                                                               
    |*                   |                                                                               
    |*                   |                                                                               
    |*                   |                                                                               
    |*                   |                                                                               
    |*                   |                                                                               
    |*                   |                                                                               
    |**                  |                                                                               
    |**                  |                                                                               
    |**                  |                                                                               
    |****** * *          |                                                                               
    ----------------------------------------------------------------------------------------------------
    0%        5%        10%       15%       20%       25%       30%       35%       40%       45%       

    Q25 = 0.0015, Q50 = 0.0027, Q75 = 0.0048

[2026-02-20 16:41:52] INFO: Mean edge coverage: 1
[2026-02-20 16:41:52] DEBUG: 1	len:16596	cov:2	mult:2
[2026-02-20 16:41:52] DEBUG: -1	len:16596	cov:2	mult:2
[2026-02-20 16:41:52] DEBUG: 2	len:28071	cov:2	mult:2
[2026-02-20 16:41:52] DEBUG: -2	len:28071	cov:2	mult:2
[2026-02-20 16:41:52] DEBUG: 3	len:21888	cov:2	mult:2
[2026-02-20 16:41:52] DEBUG: -3	len:21888	cov:2	mult:2
[2026-02-20 16:41:52] DEBUG: 4	len:14748	cov:2	mult:2
[2026-02-20 16:41:52] DEBUG: -4	len:14748	cov:2	mult:2
[2026-02-20 16:41:52] DEBUG: 5	len:23947	cov:2	mult:2
[2026-02-20 16:41:52] DEBUG: -5	len:23947	cov:2	mult:2
[2026-02-20 16:41:52] DEBUG: 6	len:50936	cov:2	mult:2
[2026-02-20 16:41:52] DEBUG: -6	len:50936	cov:2	mult:2
[2026-02-20 16:41:52] DEBUG: 7	len:24314	cov:2	mult:2
[2026-02-20 16:41:52] DEBUG: -7	len:24314	cov:2	mult:2
[2026-02-20 16:41:52] DEBUG: 8	len:17488	cov:2	mult:2
[2026-02-20 16:41:52] DEBUG: -8	len:17488	cov:2	mult:2
[2026-02-20 16:41:52] DEBUG: 9	len:26745	cov:1	mult:1
[2026-02-20 16:41:52] DEBUG: -9	len:26745	cov:1	mult:1
[2026-02-20 16:41:52] DEBUG: 10	len:23353	cov:2	mult:2
[2026-02-20 16:41:52] DEBUG: -10	len:23353	cov:2	mult:2
[2026-02-20 16:41:52] DEBUG: 11	len:26232	cov:1	mult:1
[2026-02-20 16:41:52] DEBUG: -11	len:26232	cov:1	mult:1
[2026-02-20 16:41:52] DEBUG: 12	len:47193	cov:2	mult:2
[2026-02-20 16:41:52] DEBUG: -12	len:47193	cov:2	mult:2
[2026-02-20 16:41:52] DEBUG: 13	len:17628	cov:2	mult:2
[2026-02-20 16:41:52] DEBUG: -13	len:17628	cov:2	mult:2
[2026-02-20 16:41:52] DEBUG: 14	len:43772	cov:1	mult:1
[2026-02-20 16:41:52] DEBUG: -14	len:43772	cov:1	mult:1
[2026-02-20 16:41:52] DEBUG: 15	len:13590	cov:2	mult:2
[2026-02-20 16:41:52] DEBUG: -15	len:13590	cov:2	mult:2
[2026-02-20 16:41:52] DEBUG: 16	len:29740	cov:2	mult:2
[2026-02-20 16:41:52] DEBUG: -16	len:29740	cov:2	mult:2
[2026-02-20 16:41:52] DEBUG: 17	len:15762	cov:2	mult:2
[2026-02-20 16:41:52] DEBUG: -17	len:15762	cov:2	mult:2
[2026-02-20 16:41:52] DEBUG: 18	len:24549	cov:3	mult:3
[2026-02-20 16:41:52] DEBUG: -18	len:24549	cov:3	mult:3
[2026-02-20 16:41:52] DEBUG: 19	len:41177	cov:2	mult:2
[2026-02-20 16:41:52] DEBUG: -19	len:41177	cov:2	mult:2
[2026-02-20 16:41:52] DEBUG: 20	len:7959	cov:2	mult:2
[2026-02-20 16:41:52] DEBUG: -20	len:7959	cov:2	mult:2
[2026-02-20 16:41:52] DEBUG: 21	len:18389	cov:2	mult:2
[2026-02-20 16:41:52] DEBUG: -21	len:18389	cov:2	mult:2
[2026-02-20 16:41:52] DEBUG: 22	len:36579	cov:1	mult:1
[2026-02-20 16:41:52] DEBUG: -22	len:36579	cov:1	mult:1
[2026-02-20 16:41:52] DEBUG: 23	len:54893	cov:1	mult:1
[2026-02-20 16:41:52] DEBUG: -23	len:54893	cov:1	mult:1
[2026-02-20 16:41:52] DEBUG: 24	len:10168	cov:2	mult:2
[2026-02-20 16:41:52] DEBUG: -24	len:10168	cov:2	mult:2
[2026-02-20 16:41:52] DEBUG: 25	len:19357	cov:2	mult:2
[2026-02-20 16:41:52] DEBUG: -25	len:19357	cov:2	mult:2
[2026-02-20 16:41:52] DEBUG: 26	len:53231	cov:1	mult:1
[2026-02-20 16:41:52] DEBUG: -26	len:53231	cov:1	mult:1
[2026-02-20 16:41:52] DEBUG: 27	len:40812	cov:2	mult:2
[2026-02-20 16:41:52] DEBUG: -27	len:40812	cov:2	mult:2
[2026-02-20 16:41:52] DEBUG: 28	len:29916	cov:1	mult:1
[2026-02-20 16:41:52] DEBUG: -28	len:29916	cov:1	mult:1
[2026-02-20 16:41:52] DEBUG: 29	len:27800	cov:1	mult:1
[2026-02-20 16:41:52] DEBUG: -29	len:27800	cov:1	mult:1
[2026-02-20 16:41:52] DEBUG: 30	len:21299	cov:2	mult:2
[2026-02-20 16:41:52] DEBUG: -30	len:21299	cov:2	mult:2
[2026-02-20 16:41:52] DEBUG: 31	len:7338	cov:2	mult:2
[2026-02-20 16:41:52] DEBUG: -31	len:7338	cov:2	mult:2
[2026-02-20 16:41:52] DEBUG: 32	len:64534	cov:1	mult:1
[2026-02-20 16:41:52] DEBUG: -32	len:64534	cov:1	mult:1
[2026-02-20 16:41:52] DEBUG: 33	len:45153	cov:1	mult:1
[2026-02-20 16:41:52] DEBUG: -33	len:45153	cov:1	mult:1
[2026-02-20 16:41:52] DEBUG: 34	len:114130	cov:1	mult:1
[2026-02-20 16:41:52] DEBUG: -34	len:114130	cov:1	mult:1
[2026-02-20 16:41:52] DEBUG: 35	len:38886	cov:2	mult:2
[2026-02-20 16:41:52] DEBUG: -35	len:38886	cov:2	mult:2
[2026-02-20 16:41:52] DEBUG: 36	len:26068	cov:2	mult:2
[2026-02-20 16:41:52] DEBUG: -36	len:26068	cov:2	mult:2
[2026-02-20 16:41:52] DEBUG: 37	len:8508	cov:1	mult:1
[2026-02-20 16:41:52] DEBUG: -37	len:8508	cov:1	mult:1
[2026-02-20 16:41:52] DEBUG: 38	len:25201	cov:1	mult:1
[2026-02-20 16:41:52] DEBUG: -38	len:25201	cov:1	mult:1
[2026-02-20 16:41:52] DEBUG: 39	len:26886	cov:1	mult:1
[2026-02-20 16:41:52] DEBUG: -39	len:26886	cov:1	mult:1
[2026-02-20 16:41:52] DEBUG: 40	len:49883	cov:1	mult:1
[2026-02-20 16:41:52] DEBUG: -40	len:49883	cov:1	mult:1
[2026-02-20 16:41:52] DEBUG: 41	len:71254	cov:2	mult:2
[2026-02-20 16:41:52] DEBUG: -41	len:71254	cov:2	mult:2
[2026-02-20 16:41:52] DEBUG: 42	len:30744	cov:2	mult:2
[2026-02-20 16:41:52] DEBUG: -42	len:30744	cov:2	mult:2
[2026-02-20 16:41:52] DEBUG: 43	len:20819	cov:2	mult:2
[2026-02-20 16:41:52] DEBUG: -43	len:20819	cov:2	mult:2
[2026-02-20 16:41:52] DEBUG: 44	len:46374	cov:1	mult:1
[2026-02-20 16:41:52] DEBUG: -44	len:46374	cov:1	mult:1
[2026-02-20 16:41:52] DEBUG: 45	len:13728	cov:1	mult:1
[2026-02-20 16:41:52] DEBUG: -45	len:13728	cov:1	mult:1
[2026-02-20 16:41:52] DEBUG: 46	len:18689	cov:2	mult:2
[2026-02-20 16:41:52] DEBUG: -46	len:18689	cov:2	mult:2
[2026-02-20 16:41:52] DEBUG: 47	len:18256	cov:2	mult:2
[2026-02-20 16:41:52] DEBUG: -47	len:18256	cov:2	mult:2
[2026-02-20 16:41:52] DEBUG: 48	len:40318	cov:2	mult:2
[2026-02-20 16:41:52] DEBUG: -48	len:40318	cov:2	mult:2
[2026-02-20 16:41:52] DEBUG: 49	len:49950	cov:1	mult:1
[2026-02-20 16:41:52] DEBUG: -49	len:49950	cov:1	mult:1
[2026-02-20 16:41:52] DEBUG: 50	len:25745	cov:1	mult:1
[2026-02-20 16:41:52] DEBUG: -50	len:25745	cov:1	mult:1
[2026-02-20 16:41:52] DEBUG: 51	len:29994	cov:2	mult:2
[2026-02-20 16:41:52] DEBUG: -51	len:29994	cov:2	mult:2
[2026-02-20 16:41:52] DEBUG: 52	len:30701	cov:2	mult:2
[2026-02-20 16:41:52] DEBUG: -52	len:30701	cov:2	mult:2
[2026-02-20 16:41:52] DEBUG: 53	len:8550	cov:2	mult:2
[2026-02-20 16:41:52] DEBUG: -53	len:8550	cov:2	mult:2
[2026-02-20 16:41:52] DEBUG: 54	len:36362	cov:2	mult:2
[2026-02-20 16:41:52] DEBUG: -54	len:36362	cov:2	mult:2
[2026-02-20 16:41:52] DEBUG: Unique coverage threshold 1
[2026-02-20 16:41:52] INFO: Simplifying the graph
[2026-02-20 16:41:52] DEBUG: Read coverage cutoff: 3
[2026-02-20 16:41:52] DEBUG: [SIMPL] Removed 53 paths with low coverage
[2026-02-20 16:41:52] DEBUG: [SIMPL] Masked 0 heterozygous loops
[2026-02-20 16:41:52] DEBUG: [SIMPL] Masked 0 simple bubbles
[2026-02-20 16:41:52] DEBUG: [SIMPL] Masked 0 roundabouts
[2026-02-20 16:41:52] DEBUG: [SIMPL] Masked 0 superbubbles
[2026-02-20 16:41:52] DEBUG: Finding repeats
[2026-02-20 16:41:52] DEBUG: Read coverage cutoff: 3
[2026-02-20 16:41:52] DEBUG: Repeat detection iteration 1
[2026-02-20 16:41:52] DEBUG: Repeat detection iteration 2
[2026-02-20 16:41:52] DEBUG: Writing Dot
[2026-02-20 16:41:52] DEBUG: Writing FASTA
[2026-02-20 16:41:52] DEBUG: Writing Gfa
[2026-02-20 16:41:52] DEBUG: [SIMPL] Resolved 0 simple repeats
[2026-02-20 16:41:52] DEBUG: [SIMPL] == Iteration 1 ==
[2026-02-20 16:41:52] DEBUG: Splitting nodes
[2026-02-20 16:41:52] DEBUG: [SIMPL] Split 0 nodes
[2026-02-20 16:41:52] DEBUG: [SIMPL] Disconnected 0 minor paths
[2026-02-20 16:41:52] DEBUG: [SIMPL] Clipped 0 short and 0 long tips
[2026-02-20 16:41:52] DEBUG: [SIMPL] Masked 0 heterozygous loops
[2026-02-20 16:41:52] DEBUG: [SIMPL] Masked 0 simple bubbles
[2026-02-20 16:41:52] DEBUG: [SIMPL] Masked 0 roundabouts
[2026-02-20 16:41:52] DEBUG: [SIMPL] Masked 0 superbubbles
[2026-02-20 16:41:52] DEBUG: Finding repeats
[2026-02-20 16:41:52] DEBUG: Read coverage cutoff: 3
[2026-02-20 16:41:52] DEBUG: Repeat detection iteration 1
[2026-02-20 16:41:52] DEBUG: Repeat detection iteration 2
[2026-02-20 16:41:52] DEBUG: Total unique edges: 1
[2026-02-20 16:41:52] DEBUG: [SIMPL] Resolved repeats: 0
[2026-02-20 16:41:52] DEBUG: RR links: 0
[2026-02-20 16:41:52] DEBUG: Unresolved: 0
[2026-02-20 16:41:52] DEBUG: Removed 0 simple and 0 double chimeric junctions
[2026-02-20 16:41:52] DEBUG: [SIMPL] Simplified 0 forks
[2026-02-20 16:41:52] DEBUG: [SIMPL] Collapsed 0 haplotypes
[2026-02-20 16:41:52] DEBUG: [SIMPL] Resolved 0 simple repeats
[2026-02-20 16:41:52] DEBUG: Read coverage cutoff: 3
[2026-02-20 16:41:52] DEBUG: [SIMPL] Removed 0 paths with low coverage
[2026-02-20 16:41:52] DEBUG: Finding repeats
[2026-02-20 16:41:52] DEBUG: Read coverage cutoff: 3
[2026-02-20 16:41:52] DEBUG: Repeat detection iteration 1
[2026-02-20 16:41:52] DEBUG: Repeat detection iteration 2
[2026-02-20 16:41:52] DEBUG: Writing Dot
[2026-02-20 16:41:52] DEBUG: Writing FASTA
[2026-02-20 16:41:52] DEBUG: Peak RAM usage: 0 Gb
-----------End assembly log------------
[2026-02-20 16:41:52] root: INFO: >>>STAGE: contigger
[2026-02-20 16:41:52] root: INFO: Generating contigs
[2026-02-20 16:41:52] root: DEBUG: -----Begin contigger analyser log------
[2026-02-20 16:41:52] root: DEBUG: Running: flye-modules contigger --graph-edges /scratch/ky/characterization/results/barcode11/assembly/20-repeat/repeat_graph_edges.fasta --reads /scratch/ky/characterization/FASTQ/SQK-RBK114-96_barcode11.fastq --out-dir /scratch/ky/characterization/results/barcode11/assembly/30-contigger --config /data/softs/Miniforge3-25.11.0-0/envs/flye-2.9.6/lib/python3.12/site-packages/flye/config/bin_cfg/asm_nano_hq.cfg --repeat-graph /scratch/ky/characterization/results/barcode11/assembly/20-repeat/repeat_graph_dump --graph-aln /scratch/ky/characterization/results/barcode11/assembly/20-repeat/read_alignment_dump --log /scratch/ky/characterization/results/barcode11/assembly/flye.log --threads 16 --min-ovlp 4000
[2026-02-20 16:41:52] DEBUG: Build date: May  4 2025 23:18:25
[2026-02-20 16:41:52] DEBUG: Total RAM: 251 Gb
[2026-02-20 16:41:52] DEBUG: Available RAM: 247 Gb
[2026-02-20 16:41:52] DEBUG: Total CPUs: 32
[2026-02-20 16:41:52] DEBUG: Loading /data/softs/Miniforge3-25.11.0-0/envs/flye-2.9.6/lib/python3.12/site-packages/flye/config/bin_cfg/asm_nano_hq.cfg
[2026-02-20 16:41:52] DEBUG: Loading /data/softs/Miniforge3-25.11.0-0/envs/flye-2.9.6/lib/python3.12/site-packages/flye/config/bin_cfg/asm_defaults.cfg
[2026-02-20 16:41:52] DEBUG: 	big_genome_threshold=29000000
[2026-02-20 16:41:52] DEBUG: 	meta_read_filter_kmer_freq=100
[2026-02-20 16:41:52] DEBUG: 	chain_large_gap_penalty=2
[2026-02-20 16:41:52] DEBUG: 	chain_small_gap_penalty=0.5
[2026-02-20 16:41:52] DEBUG: 	chain_gap_jump_threshold=100
[2026-02-20 16:41:52] DEBUG: 	max_jump_gap=500
[2026-02-20 16:41:52] DEBUG: 	max_coverage_drop_rate=5
[2026-02-20 16:41:52] DEBUG: 	max_extensions_drop_rate=5
[2026-02-20 16:41:52] DEBUG: 	chimera_window=100
[2026-02-20 16:41:52] DEBUG: 	chimera_overhang=1000
[2026-02-20 16:41:52] DEBUG: 	min_reads_in_disjointig=4
[2026-02-20 16:41:52] DEBUG: 	max_inner_reads=10
[2026-02-20 16:41:52] DEBUG: 	max_inner_fraction=0.25
[2026-02-20 16:41:52] DEBUG: 	aggressive_dup_filter=1
[2026-02-20 16:41:52] DEBUG: 	max_separation=500
[2026-02-20 16:41:52] DEBUG: 	unique_edge_length=50000
[2026-02-20 16:41:52] DEBUG: 	min_repeat_res_support=0.51
[2026-02-20 16:41:52] DEBUG: 	out_paths_ratio=5
[2026-02-20 16:41:52] DEBUG: 	graph_cov_drop_rate=5
[2026-02-20 16:41:52] DEBUG: 	coverage_estimate_window=100
[2026-02-20 16:41:52] DEBUG: 	max_bubble_length=50000
[2026-02-20 16:41:52] DEBUG: 	loop_coverage_rate=1.5
[2026-02-20 16:41:52] DEBUG: 	repeat_edge_cov_mult=1.75
[2026-02-20 16:41:52] DEBUG: 	weak_detach_rate=5
[2026-02-20 16:41:52] DEBUG: 	tip_coverage_rate=2
[2026-02-20 16:41:52] DEBUG: 	tip_length_rate=2
[2026-02-20 16:41:52] DEBUG: 	output_gfa_before_rr=1
[2026-02-20 16:41:52] DEBUG: 	remove_alt_edges=0
[2026-02-20 16:41:52] DEBUG: 	low_cutoff_warning=0
[2026-02-20 16:41:52] DEBUG: 	kmer_size=17
[2026-02-20 16:41:52] DEBUG: 	use_minimizers=1
[2026-02-20 16:41:52] DEBUG: 	minimizer_window=10
[2026-02-20 16:41:52] DEBUG: 	reads_base_alignment=1
[2026-02-20 16:41:52] DEBUG: 	meta_read_top_kmer_rate=0.75
[2026-02-20 16:41:52] DEBUG: 	maximum_jump=1500
[2026-02-20 16:41:52] DEBUG: 	maximum_overhang=1500
[2026-02-20 16:41:52] DEBUG: 	repeat_kmer_rate=100
[2026-02-20 16:41:52] DEBUG: 	assemble_ovlp_divergence=0.03
[2026-02-20 16:41:52] DEBUG: 	assemble_divergence_relative=1
[2026-02-20 16:41:52] DEBUG: 	repeat_graph_ovlp_divergence=0.03
[2026-02-20 16:41:52] DEBUG: 	read_align_ovlp_divergence=0.10
[2026-02-20 16:41:52] DEBUG: 	hpc_scoring_on=1
[2026-02-20 16:41:52] DEBUG: 	add_unassembled_reads=0
[2026-02-20 16:41:52] DEBUG: 	extend_contigs_with_repeats=0
[2026-02-20 16:41:52] DEBUG: 	min_read_cov_cutoff=3
[2026-02-20 16:41:52] DEBUG: 	short_tip_length=20000
[2026-02-20 16:41:52] DEBUG: 	long_tip_length=100000
[2026-02-20 16:41:52] DEBUG: Running with k-mer size: 17
[2026-02-20 16:41:52] DEBUG: Selected minimum overlap 4000
[2026-02-20 16:41:52] INFO: Reading sequences
[2026-02-20 16:41:52] DEBUG: Building positional index
[2026-02-20 16:41:52] DEBUG: Total sequence: 5282581 bp
[2026-02-20 16:41:52] DEBUG: Flipped 0
[2026-02-20 16:41:52] DEBUG: UPath 1: 18
[2026-02-20 16:41:52] DEBUG: Final graph contains 1 egdes
[2026-02-20 16:41:52] DEBUG: Extending contigs into repeats
[2026-02-20 16:41:52] DEBUG: Covered 0 repetitive contigs
[2026-02-20 16:41:52] INFO: Generated 1 contigs
[2026-02-20 16:41:52] DEBUG: Writing FASTA
[2026-02-20 16:41:52] DEBUG: Generating scaffold connections
[2026-02-20 16:41:52] INFO: Added 0 scaffold connections
[2026-02-20 16:41:52] DEBUG: Writing Dot
[2026-02-20 16:41:52] DEBUG: Writing FASTA
[2026-02-20 16:41:52] DEBUG: Writing Gfa
[2026-02-20 16:41:52] DEBUG: Peak RAM usage: 0 Gb
-----------End assembly log------------
[2026-02-20 16:41:52] root: INFO: >>>STAGE: polishing
[2026-02-20 16:41:52] root: INFO: Polishing genome (1/1)
[2026-02-20 16:41:52] root: INFO: Running minimap2
[2026-02-20 16:41:52] root: INFO: Separating alignment into bubbles
[2026-02-20 16:41:52] root: DEBUG: Generated 1621 bubbles
[2026-02-20 16:41:52] root: DEBUG: Split 0 long bubbles
[2026-02-20 16:41:52] root: DEBUG: Skipped 0 empty bubbles
[2026-02-20 16:41:52] root: DEBUG: Skipped 0 bubbles with long branches
[2026-02-20 16:41:52] root: INFO: Alignment error rate: 0.008928
[2026-02-20 16:41:52] root: INFO: Correcting bubbles
[2026-02-20 16:41:52] root: DEBUG: Mean contig coverage: 3, selected threshold: 3
[2026-02-20 16:41:52] root: DEBUG: Filtered 0 contigs of total length 0
[2026-02-20 16:41:52] root: DEBUG: Generating polished GFA
[2026-02-20 16:41:52] root: DEBUG: 0 sequences remained unpolished
[2026-02-20 16:41:52] root: INFO: >>>STAGE: finalize
[2026-02-20 16:41:52] root: DEBUG: ---Output dir contents:----
[2026-02-20 16:41:52] root: DEBUG: assembly/
[2026-02-20 16:41:52] root: DEBUG:     57.0 K      flye.log
[2026-02-20 16:41:52] root: DEBUG:     92.0 B      params.json
[2026-02-20 16:41:52] root: DEBUG:     363.0 B     assembly_graph.gv
[2026-02-20 16:41:52] root: DEBUG:     24.0 K      assembly_graph.gfa
[2026-02-20 16:41:52] root: DEBUG:     24.0 K      assembly.fasta
[2026-02-20 16:41:52] root: DEBUG:     00-assembly/
[2026-02-20 16:41:52] root: DEBUG:         1.0 M       draft_assembly.fasta
[2026-02-20 16:41:52] root: DEBUG:         1.0 K       draft_assembly.fasta.fai
[2026-02-20 16:41:52] root: DEBUG:     10-consensus/
[2026-02-20 16:41:52] root: DEBUG:         966.0 B     minimap.stderr
[2026-02-20 16:41:52] root: DEBUG:         809.0 B     minimap.bam.csi
[2026-02-20 16:41:52] root: DEBUG:         1.0 M       consensus.fasta
[2026-02-20 16:41:52] root: DEBUG:     20-repeat/
[2026-02-20 16:41:52] root: DEBUG:         365.0 B     graph_before_rr.gv
[2026-02-20 16:41:52] root: DEBUG:         24.0 K      graph_before_rr.fasta
[2026-02-20 16:41:52] root: DEBUG:         24.0 K      graph_before_rr.gfa
[2026-02-20 16:41:52] root: DEBUG:         365.0 B     graph_after_rr.gv
[2026-02-20 16:41:52] root: DEBUG:         181.0 B     repeat_graph_dump
[2026-02-20 16:41:52] root: DEBUG:         60.0 K      read_alignment_dump
[2026-02-20 16:41:52] root: DEBUG:         1.0 M       repeat_graph_edges.fasta
[2026-02-20 16:41:52] root: DEBUG:     30-contigger/
[2026-02-20 16:41:52] root: DEBUG:         24.0 K      contigs.fasta
[2026-02-20 16:41:52] root: DEBUG:         109.0 B     contigs_stats.txt
[2026-02-20 16:41:52] root: DEBUG:         0.0 B       scaffolds_links.txt
[2026-02-20 16:41:52] root: DEBUG:         363.0 B     graph_final.gv
[2026-02-20 16:41:52] root: DEBUG:         24.0 K      graph_final.fasta
[2026-02-20 16:41:52] root: DEBUG:         24.0 K      graph_final.gfa
[2026-02-20 16:41:52] root: DEBUG:         24.0 B      contigs.fasta.fai
[2026-02-20 16:41:52] root: DEBUG:     40-polishing/
[2026-02-20 16:41:52] root: DEBUG:         919.0 B     minimap.stderr
[2026-02-20 16:41:52] root: DEBUG:         94.0 B      minimap_1.bam.csi
[2026-02-20 16:41:52] root: DEBUG:         43.0 B      contigs_stats.txt
[2026-02-20 16:41:52] root: DEBUG:         7.0 K       base_coverage.bed.gz
[2026-02-20 16:41:52] root: DEBUG:         24.0 K      filtered_contigs.fasta
[2026-02-20 16:41:52] root: DEBUG:         43.0 B      filtered_stats.txt
[2026-02-20 16:41:52] root: DEBUG:         24.0 B      filtered_contigs.fasta.fai
[2026-02-20 16:41:52] root: DEBUG:         94.0 B      edges_aln.bam.csi
[2026-02-20 16:41:52] root: DEBUG:         24.0 K      polished_edges.gfa
[2026-02-20 16:41:52] root: DEBUG: --------------------------
[2026-02-20 16:41:52] root: INFO: Assembly statistics:

	Total length:	24598
	Fragments:	1
	Fragments N50:	24598
	Largest frg:	24598
	Scaffolds:	0
	Mean coverage:	3

[2026-02-20 16:41:52] root: INFO: Final assembly: /scratch/ky/characterization/results/barcode11/assembly/assembly.fasta
