[2026-02-20 16:54:44] root: INFO: Starting Flye 2.9.6-b1802
[2026-02-20 16:54:44] root: DEBUG: Cmd: /data/softs/Miniforge3-25.11.0-0/envs/flye-2.9.6/bin/flye --meta --nano-hq /scratch/ky/characterization/FASTQ/SQK-RBK114-96_barcode22.fastq -o /scratch/ky/characterization/results/barcode22/assembly/ -t 16
[2026-02-20 16:54:44] root: DEBUG: Python version: 3.12.12 | packaged by conda-forge | (main, Jan 26 2026, 23:51:32) [GCC 14.3.0]
[2026-02-20 16:54:44] root: INFO: >>>STAGE: configure
[2026-02-20 16:54:44] root: INFO: Configuring run
[2026-02-20 16:54:45] root: INFO: Total read length: 216942358
[2026-02-20 16:54:45] root: INFO: Reads N50/N90: 11010 / 2642
[2026-02-20 16:54:45] root: INFO: Minimum overlap set to 3000
[2026-02-20 16:54:45] root: INFO: >>>STAGE: assembly
[2026-02-20 16:54:45] root: INFO: Assembling disjointigs
[2026-02-20 16:54:45] root: DEBUG: -----Begin assembly log------
[2026-02-20 16:54:45] root: DEBUG: Running: flye-modules assemble --reads /scratch/ky/characterization/FASTQ/SQK-RBK114-96_barcode22.fastq --out-asm /scratch/ky/characterization/results/barcode22/assembly/00-assembly/draft_assembly.fasta --config /data/softs/Miniforge3-25.11.0-0/envs/flye-2.9.6/lib/python3.12/site-packages/flye/config/bin_cfg/asm_nano_hq.cfg --log /scratch/ky/characterization/results/barcode22/assembly/flye.log --threads 16 --meta --min-ovlp 3000
[2026-02-20 16:54:45] DEBUG: Build date: May  4 2025 23:17:52
[2026-02-20 16:54:45] DEBUG: Total RAM: 251 Gb
[2026-02-20 16:54:45] DEBUG: Available RAM: 246 Gb
[2026-02-20 16:54:45] DEBUG: Total CPUs: 32
[2026-02-20 16:54:45] DEBUG: Loading /data/softs/Miniforge3-25.11.0-0/envs/flye-2.9.6/lib/python3.12/site-packages/flye/config/bin_cfg/asm_nano_hq.cfg
[2026-02-20 16:54:45] DEBUG: Loading /data/softs/Miniforge3-25.11.0-0/envs/flye-2.9.6/lib/python3.12/site-packages/flye/config/bin_cfg/asm_defaults.cfg
[2026-02-20 16:54:45] DEBUG: 	big_genome_threshold=29000000
[2026-02-20 16:54:45] DEBUG: 	meta_read_filter_kmer_freq=100
[2026-02-20 16:54:45] DEBUG: 	chain_large_gap_penalty=2
[2026-02-20 16:54:45] DEBUG: 	chain_small_gap_penalty=0.5
[2026-02-20 16:54:45] DEBUG: 	chain_gap_jump_threshold=100
[2026-02-20 16:54:45] DEBUG: 	max_jump_gap=500
[2026-02-20 16:54:45] DEBUG: 	max_coverage_drop_rate=5
[2026-02-20 16:54:45] DEBUG: 	max_extensions_drop_rate=5
[2026-02-20 16:54:45] DEBUG: 	chimera_window=100
[2026-02-20 16:54:45] DEBUG: 	chimera_overhang=1000
[2026-02-20 16:54:45] DEBUG: 	min_reads_in_disjointig=4
[2026-02-20 16:54:45] DEBUG: 	max_inner_reads=10
[2026-02-20 16:54:45] DEBUG: 	max_inner_fraction=0.25
[2026-02-20 16:54:45] DEBUG: 	aggressive_dup_filter=1
[2026-02-20 16:54:45] DEBUG: 	max_separation=500
[2026-02-20 16:54:45] DEBUG: 	unique_edge_length=50000
[2026-02-20 16:54:45] DEBUG: 	min_repeat_res_support=0.51
[2026-02-20 16:54:45] DEBUG: 	out_paths_ratio=5
[2026-02-20 16:54:45] DEBUG: 	graph_cov_drop_rate=5
[2026-02-20 16:54:45] DEBUG: 	coverage_estimate_window=100
[2026-02-20 16:54:45] DEBUG: 	max_bubble_length=50000
[2026-02-20 16:54:45] DEBUG: 	loop_coverage_rate=1.5
[2026-02-20 16:54:45] DEBUG: 	repeat_edge_cov_mult=1.75
[2026-02-20 16:54:45] DEBUG: 	weak_detach_rate=5
[2026-02-20 16:54:45] DEBUG: 	tip_coverage_rate=2
[2026-02-20 16:54:45] DEBUG: 	tip_length_rate=2
[2026-02-20 16:54:45] DEBUG: 	output_gfa_before_rr=1
[2026-02-20 16:54:45] DEBUG: 	remove_alt_edges=0
[2026-02-20 16:54:45] DEBUG: 	low_cutoff_warning=0
[2026-02-20 16:54:45] DEBUG: 	kmer_size=17
[2026-02-20 16:54:45] DEBUG: 	use_minimizers=1
[2026-02-20 16:54:45] DEBUG: 	minimizer_window=10
[2026-02-20 16:54:45] DEBUG: 	reads_base_alignment=1
[2026-02-20 16:54:45] DEBUG: 	meta_read_top_kmer_rate=0.75
[2026-02-20 16:54:45] DEBUG: 	maximum_jump=1500
[2026-02-20 16:54:45] DEBUG: 	maximum_overhang=1500
[2026-02-20 16:54:45] DEBUG: 	repeat_kmer_rate=100
[2026-02-20 16:54:45] DEBUG: 	assemble_ovlp_divergence=0.03
[2026-02-20 16:54:45] DEBUG: 	assemble_divergence_relative=1
[2026-02-20 16:54:45] DEBUG: 	repeat_graph_ovlp_divergence=0.03
[2026-02-20 16:54:45] DEBUG: 	read_align_ovlp_divergence=0.10
[2026-02-20 16:54:45] DEBUG: 	hpc_scoring_on=1
[2026-02-20 16:54:45] DEBUG: 	add_unassembled_reads=0
[2026-02-20 16:54:45] DEBUG: 	extend_contigs_with_repeats=0
[2026-02-20 16:54:45] DEBUG: 	min_read_cov_cutoff=3
[2026-02-20 16:54:45] DEBUG: 	short_tip_length=20000
[2026-02-20 16:54:45] DEBUG: 	long_tip_length=100000
[2026-02-20 16:54:45] DEBUG: Running with k-mer size: 17
[2026-02-20 16:54:45] DEBUG: Running with minimum overlap 3000
[2026-02-20 16:54:45] DEBUG: Metagenome mode: Y
[2026-02-20 16:54:45] DEBUG: Short mode: N
[2026-02-20 16:54:45] INFO: Reading sequences
[2026-02-20 16:54:45] DEBUG: Building positional index
[2026-02-20 16:54:45] DEBUG: Total sequence: 191389205 bp
[2026-02-20 16:54:45] INFO: Building minimizer index
[2026-02-20 16:54:45] INFO: Pre-calculating index storage
[2026-02-20 16:54:46] DEBUG: Mean k-mer frequency: 13.0636
[2026-02-20 16:54:46] DEBUG: Repetitive k-mer frequency: 1306
[2026-02-20 16:54:46] DEBUG: Filtered 58787 repetitive k-mers (0.00169372)
[2026-02-20 16:54:46] INFO: Filling index
[2026-02-20 16:54:47] DEBUG: Sorting k-mer index
[2026-02-20 16:54:48] DEBUG: Selected k-mers: 2656906
[2026-02-20 16:54:48] DEBUG: K-mer index size: 34650078
[2026-02-20 16:54:48] DEBUG: Mean k-mer frequency: 13.0415
[2026-02-20 16:54:48] DEBUG: Minimizer rate: 5.52349
[2026-02-20 16:54:48] DEBUG: Peak RAM usage: 0 Gb
[2026-02-20 16:54:48] DEBUG: Estimating k-mer identity bias
[2026-02-20 16:54:50] DEBUG: Initial divergence estimate : 0.00677621
[2026-02-20 16:54:50] DEBUG: Relative threshold: Y
[2026-02-20 16:54:50] DEBUG: Max divergence threshold set to 0.0367762
[2026-02-20 16:54:50] INFO: Extending reads
[2026-02-20 16:54:50] DEBUG: Estimating overlap coverage
[2026-02-20 16:55:15] INFO: Overlap-based coverage: 34
[2026-02-20 16:55:15] INFO: Median overlap divergence: 0.00665083
[2026-02-20 16:55:15] DEBUG: Sequence divergence distribution: 

    |**     |                                                                                            
    |**     |                                                                                            
    |**     |                                                                                            
    |**     |                                                                                            
    |**     |                                                                                            
    |**     |                                                                                            
    |**     |                                                                                            
    |**     |                                                                                            
    |**     |                                                                                            
    |**     |                                                                                            
    |**     |                                                                                            
    |**     |                                                                                            
    |**     |                                                                                            
    |***    |                                                                                            
    |***    |                                                                                            
    |***    |                                                                                            
    |****   |                                                                                            
    |*****  |                                                                                            
    |****** |                                                                                            
    |************* ************                                                                          
    ----------------------------------------------------------------------------------------------------
    0%        5%        10%       15%       20%       25%       30%       35%       40%       45%       

    Q25 = 0.004, Q50 = 0.0067, Q75 = 0.012

[2026-02-20 16:55:32] DEBUG: Assembled disjointig 1
	With 599 reads
	Start read: +0f45c658-16a7-43b5-a723-47713de66a0a
	At position: 593
	leftTip: 0 rightTip: 0
	Suspicious: 1
	Short ext: 1
	Mean extensions: 25
	Avg overlap len: 22383
	Min overlap len: 1965
	Inner reads: 0
	Length: 5122412
[2026-02-20 16:55:32] DEBUG: Inner: 36562 covered: 36706 total: 39180
[2026-02-20 16:55:32] DEBUG: Discarded disjointig with 598 reads and 596 inner overlaps
[2026-02-20 16:55:32] DEBUG: Discarded disjointig with 590 reads and 588 inner overlaps
[2026-02-20 16:55:32] DEBUG: Discarded disjointig with 595 reads and 593 inner overlaps
[2026-02-20 16:55:32] DEBUG: Discarded disjointig with 382 reads and 377 inner overlaps
[2026-02-20 16:55:32] DEBUG: Discarded disjointig with 593 reads and 591 inner overlaps
[2026-02-20 16:55:32] DEBUG: Discarded disjointig with 594 reads and 592 inner overlaps
[2026-02-20 16:55:32] DEBUG: Discarded disjointig with 595 reads and 593 inner overlaps
[2026-02-20 16:55:32] DEBUG: Discarded disjointig with 592 reads and 590 inner overlaps
[2026-02-20 16:55:32] DEBUG: Discarded disjointig with 598 reads and 596 inner overlaps
[2026-02-20 16:55:32] DEBUG: Discarded disjointig with 526 reads and 521 inner overlaps
[2026-02-20 16:55:32] DEBUG: Discarded disjointig with 512 reads and 507 inner overlaps
[2026-02-20 16:55:32] DEBUG: Discarded disjointig with 593 reads and 591 inner overlaps
[2026-02-20 16:55:32] DEBUG: Discarded disjointig with 596 reads and 594 inner overlaps
[2026-02-20 16:55:32] DEBUG: Discarded disjointig with 430 reads and 425 inner overlaps
[2026-02-20 16:55:32] DEBUG: Discarded disjointig with 466 reads and 461 inner overlaps
[2026-02-20 16:55:33] DEBUG: Assembled disjointig 2
	With 17 reads
	Start read: +6b249ffa-7ca2-4136-b043-5693d5200a46
	At position: 14
	leftTip: 1 rightTip: 0
	Suspicious: 0
	Short ext: 0
	Mean extensions: 8
	Avg overlap len: 17050
	Min overlap len: 4256
	Inner reads: 0
	Length: 129869
[2026-02-20 16:55:33] DEBUG: Inner: 36804 covered: 36982 total: 39180
[2026-02-20 16:55:33] DEBUG: Discarded disjointig with 14 reads and 12 inner overlaps
[2026-02-20 16:55:33] DEBUG: Assembled disjointig 3
	With 12 reads
	Start read: +1cdeb7e6-d9ec-4c45-8fdc-9079123aebfa
	At position: 5
	leftTip: 1 rightTip: 0
	Suspicious: 0
	Short ext: 0
	Mean extensions: 8
	Avg overlap len: 12009
	Min overlap len: 5911
	Inner reads: 0
	Length: 96072
[2026-02-20 16:55:33] DEBUG: Inner: 37036 covered: 37220 total: 39180
[2026-02-20 16:55:33] DEBUG: Discarded disjointig with 11 reads and 9 inner overlaps
[2026-02-20 16:55:33] DEBUG: Discarded disjointig with 10 reads and 8 inner overlaps
[2026-02-20 16:55:33] DEBUG: Discarded disjointig with 12 reads and 10 inner overlaps
[2026-02-20 16:55:33] DEBUG: Discarded disjointig with 19 reads and 17 inner overlaps
[2026-02-20 16:55:33] DEBUG: Assembled disjointig 4
	With 18 reads
	Start read: +8505ec06-bc79-4171-9bbe-99e3c1554e16
	At position: 13
	leftTip: 1 rightTip: 0
	Suspicious: 0
	Short ext: 0
	Mean extensions: 21
	Avg overlap len: 19755
	Min overlap len: 7034
	Inner reads: 0
	Length: 203434
[2026-02-20 16:55:33] DEBUG: Inner: 37790 covered: 37970 total: 39180
[2026-02-20 16:55:33] DEBUG: Discarded disjointig with 10 reads and 7 inner overlaps
[2026-02-20 16:55:33] DEBUG: Discarded disjointig with 19 reads and 17 inner overlaps
[2026-02-20 16:55:33] DEBUG: Discarded disjointig with 5 reads and 3 inner overlaps
[2026-02-20 16:55:33] DEBUG: Discarded disjointig with 16 reads and 14 inner overlaps
[2026-02-20 16:55:33] DEBUG: Discarded disjointig with 16 reads and 14 inner overlaps
[2026-02-20 16:55:33] DEBUG: Discarded disjointig with 10 reads and 7 inner overlaps
[2026-02-20 16:55:33] DEBUG: Discarded disjointig with 11 reads and 8 inner overlaps
[2026-02-20 16:55:33] DEBUG: Discarded disjointig with 9 reads and 6 inner overlaps
[2026-02-20 16:55:33] DEBUG: Discarded disjointig with 15 reads and 12 inner overlaps
[2026-02-20 16:55:33] DEBUG: Discarded disjointig with 13 reads and 11 inner overlaps
[2026-02-20 16:55:33] DEBUG: Discarded disjointig with 16 reads and 14 inner overlaps
[2026-02-20 16:55:33] DEBUG: Discarded disjointig with 16 reads and 13 inner overlaps
[2026-02-20 16:55:33] DEBUG: Discarded disjointig with 15 reads and 13 inner overlaps
[2026-02-20 16:55:52] INFO: Assembled 4 disjointigs
[2026-02-20 16:55:53] INFO: Generating sequence
[2026-02-20 16:55:53] DEBUG: Building positional index
[2026-02-20 16:55:53] DEBUG: Total sequence: 5551649 bp
[2026-02-20 16:55:53] DEBUG: Mean k-mer frequency: 1.06002
[2026-02-20 16:55:53] DEBUG: Repetitive k-mer frequency: 106
[2026-02-20 16:55:53] DEBUG: Filtered 0 repetitive k-mers (0)
[2026-02-20 16:55:53] DEBUG: Sorting k-mer index
[2026-02-20 16:55:53] DEBUG: Selected k-mers: 952351
[2026-02-20 16:55:53] DEBUG: K-mer index size: 1009514
[2026-02-20 16:55:53] DEBUG: Mean k-mer frequency: 1.06002
[2026-02-20 16:55:53] DEBUG: Minimizer rate: 5.49933
[2026-02-20 16:55:53] INFO: Filtering contained disjointigs
[2026-02-20 16:55:55] DEBUG: Computing transitive closure for overlaps
[2026-02-20 16:55:55] DEBUG: Found 16 overlaps
[2026-02-20 16:55:55] DEBUG: Left 16 overlaps after filtering
[2026-02-20 16:55:55] INFO: Contained seqs: 0
[2026-02-20 16:55:55] DEBUG: Writing FASTA
[2026-02-20 16:55:55] DEBUG: Peak RAM usage: 0 Gb
-----------End assembly log------------
[2026-02-20 16:55:55] root: DEBUG: Disjointigs length: 5551649, N50: 5122382
[2026-02-20 16:55:55] root: INFO: >>>STAGE: consensus
[2026-02-20 16:55:55] root: INFO: Running Minimap2
[2026-02-20 16:56:02] root: INFO: Computing consensus
[2026-02-20 16:56:21] root: INFO: Alignment error rate: 0.012660
[2026-02-20 16:56:21] root: INFO: >>>STAGE: repeat
[2026-02-20 16:56:21] root: INFO: Building and resolving repeat graph
[2026-02-20 16:56:21] root: DEBUG: -----Begin repeat analyser log------
[2026-02-20 16:56:21] root: DEBUG: Running: flye-modules repeat --disjointigs /scratch/ky/characterization/results/barcode22/assembly/10-consensus/consensus.fasta --reads /scratch/ky/characterization/FASTQ/SQK-RBK114-96_barcode22.fastq --out-dir /scratch/ky/characterization/results/barcode22/assembly/20-repeat --config /data/softs/Miniforge3-25.11.0-0/envs/flye-2.9.6/lib/python3.12/site-packages/flye/config/bin_cfg/asm_nano_hq.cfg --log /scratch/ky/characterization/results/barcode22/assembly/flye.log --threads 16 --meta --min-ovlp 3000
[2026-02-20 16:56:21] DEBUG: Build date: May  4 2025 23:18:08
[2026-02-20 16:56:21] DEBUG: Total RAM: 251 Gb
[2026-02-20 16:56:21] DEBUG: Available RAM: 247 Gb
[2026-02-20 16:56:21] DEBUG: Total CPUs: 32
[2026-02-20 16:56:21] DEBUG: Loading /data/softs/Miniforge3-25.11.0-0/envs/flye-2.9.6/lib/python3.12/site-packages/flye/config/bin_cfg/asm_nano_hq.cfg
[2026-02-20 16:56:21] DEBUG: Loading /data/softs/Miniforge3-25.11.0-0/envs/flye-2.9.6/lib/python3.12/site-packages/flye/config/bin_cfg/asm_defaults.cfg
[2026-02-20 16:56:21] DEBUG: 	big_genome_threshold=29000000
[2026-02-20 16:56:21] DEBUG: 	meta_read_filter_kmer_freq=100
[2026-02-20 16:56:21] DEBUG: 	chain_large_gap_penalty=2
[2026-02-20 16:56:21] DEBUG: 	chain_small_gap_penalty=0.5
[2026-02-20 16:56:21] DEBUG: 	chain_gap_jump_threshold=100
[2026-02-20 16:56:21] DEBUG: 	max_jump_gap=500
[2026-02-20 16:56:21] DEBUG: 	max_coverage_drop_rate=5
[2026-02-20 16:56:21] DEBUG: 	max_extensions_drop_rate=5
[2026-02-20 16:56:21] DEBUG: 	chimera_window=100
[2026-02-20 16:56:21] DEBUG: 	chimera_overhang=1000
[2026-02-20 16:56:21] DEBUG: 	min_reads_in_disjointig=4
[2026-02-20 16:56:21] DEBUG: 	max_inner_reads=10
[2026-02-20 16:56:21] DEBUG: 	max_inner_fraction=0.25
[2026-02-20 16:56:21] DEBUG: 	aggressive_dup_filter=1
[2026-02-20 16:56:21] DEBUG: 	max_separation=500
[2026-02-20 16:56:21] DEBUG: 	unique_edge_length=50000
[2026-02-20 16:56:21] DEBUG: 	min_repeat_res_support=0.51
[2026-02-20 16:56:21] DEBUG: 	out_paths_ratio=5
[2026-02-20 16:56:21] DEBUG: 	graph_cov_drop_rate=5
[2026-02-20 16:56:21] DEBUG: 	coverage_estimate_window=100
[2026-02-20 16:56:21] DEBUG: 	max_bubble_length=50000
[2026-02-20 16:56:21] DEBUG: 	loop_coverage_rate=1.5
[2026-02-20 16:56:21] DEBUG: 	repeat_edge_cov_mult=1.75
[2026-02-20 16:56:21] DEBUG: 	weak_detach_rate=5
[2026-02-20 16:56:21] DEBUG: 	tip_coverage_rate=2
[2026-02-20 16:56:21] DEBUG: 	tip_length_rate=2
[2026-02-20 16:56:21] DEBUG: 	output_gfa_before_rr=1
[2026-02-20 16:56:21] DEBUG: 	remove_alt_edges=0
[2026-02-20 16:56:21] DEBUG: 	low_cutoff_warning=0
[2026-02-20 16:56:21] DEBUG: 	kmer_size=17
[2026-02-20 16:56:21] DEBUG: 	use_minimizers=1
[2026-02-20 16:56:21] DEBUG: 	minimizer_window=10
[2026-02-20 16:56:21] DEBUG: 	reads_base_alignment=1
[2026-02-20 16:56:21] DEBUG: 	meta_read_top_kmer_rate=0.75
[2026-02-20 16:56:21] DEBUG: 	maximum_jump=1500
[2026-02-20 16:56:21] DEBUG: 	maximum_overhang=1500
[2026-02-20 16:56:21] DEBUG: 	repeat_kmer_rate=100
[2026-02-20 16:56:21] DEBUG: 	assemble_ovlp_divergence=0.03
[2026-02-20 16:56:21] DEBUG: 	assemble_divergence_relative=1
[2026-02-20 16:56:21] DEBUG: 	repeat_graph_ovlp_divergence=0.03
[2026-02-20 16:56:21] DEBUG: 	read_align_ovlp_divergence=0.10
[2026-02-20 16:56:21] DEBUG: 	hpc_scoring_on=1
[2026-02-20 16:56:21] DEBUG: 	add_unassembled_reads=0
[2026-02-20 16:56:21] DEBUG: 	extend_contigs_with_repeats=0
[2026-02-20 16:56:21] DEBUG: 	min_read_cov_cutoff=3
[2026-02-20 16:56:21] DEBUG: 	short_tip_length=20000
[2026-02-20 16:56:21] DEBUG: 	long_tip_length=100000
[2026-02-20 16:56:21] DEBUG: Running with k-mer size: 17
[2026-02-20 16:56:21] DEBUG: Selected minimum overlap 3000
[2026-02-20 16:56:21] DEBUG: Metagenome mode: Y
[2026-02-20 16:56:21] INFO: Parsing disjointigs
[2026-02-20 16:56:21] DEBUG: Building positional index
[2026-02-20 16:56:21] DEBUG: Total sequence: 5552666 bp
[2026-02-20 16:56:21] INFO: Building repeat graph
[2026-02-20 16:56:21] DEBUG: Mean k-mer frequency: 1.06294
[2026-02-20 16:56:21] DEBUG: Repetitive k-mer frequency: 106
[2026-02-20 16:56:21] DEBUG: Filtered 0 repetitive k-mers (0)
[2026-02-20 16:56:21] DEBUG: Sorting k-mer index
[2026-02-20 16:56:21] DEBUG: Selected k-mers: 949866
[2026-02-20 16:56:21] DEBUG: K-mer index size: 1009649
[2026-02-20 16:56:21] DEBUG: Mean k-mer frequency: 1.06294
[2026-02-20 16:56:21] DEBUG: Minimizer rate: 5.4996
[2026-02-20 16:56:23] DEBUG: Computing transitive closure for overlaps
[2026-02-20 16:56:23] DEBUG: Found 330 overlaps
[2026-02-20 16:56:23] DEBUG: Left 144 overlaps after filtering
[2026-02-20 16:56:23] INFO: Median overlap divergence: 0.0246999
[2026-02-20 16:56:23] DEBUG: Sequence divergence distribution: 

    |  *   |                                                                                             
    |  *   |                                                                                             
    |  *   |                                                                                             
    |  *   |                                                                                             
    |  *   |                                                                                             
    |  *   |                                                                                             
    |  *   |                                                                                             
    |  *   |                                                                                             
    |* *   |                                                                                             
    |* *   |                                                                                             
    |* *   |                                                                                             
    |* *   |                                                                                             
    |* * * |                                           *                                                 
    |* * * |                                           *                                                 
    |* * * |                                           *                                                 
    |* * * |                                           *                                                 
    |* * * |*      *     *        *                    * *                                               
    |* * * |*      *     *        *                    * *                                               
    |***** **      *     *   *    *  *               * * ***                                             
    |***** **      *     *   *    *  *               * * ***                                             
    ----------------------------------------------------------------------------------------------------
    0%        5%        10%       15%       20%       25%       30%       35%       40%       45%       

    Q25 = 0.012, Q50 = 0.025, Q75 = 0.15

[2026-02-20 16:56:23] DEBUG: Computing gluepoints
[2026-02-20 16:56:23] DEBUG: Added 0 gluepoint projections
[2026-02-20 16:56:23] DEBUG: Created 132 gluepoints
[2026-02-20 16:56:23] DEBUG: Artificial loops removed: 0 left, 0 right, 2 both
[2026-02-20 16:56:23] DEBUG: Initializing edges
[2026-02-20 16:56:23] DEBUG: Edges length checksum: 4748014964
[2026-02-20 16:56:23] DEBUG: Filtered 0 singleton segments
[2026-02-20 16:56:23] DEBUG: Removed 0 simple and 0 double chimeric junctions
[2026-02-20 16:56:23] DEBUG: Collapsed 6 edges
[2026-02-20 16:56:23] DEBUG: *	38	+disjointig_1	44551	57566	13015	
[2026-02-20 16:56:23] DEBUG:  	4	+disjointig_1	57566	61266	3700	
[2026-02-20 16:56:23] DEBUG: *	8	+disjointig_1	61266	153581	92315	
[2026-02-20 16:56:23] DEBUG:  	11	+disjointig_1	153581	156808	3227	
[2026-02-20 16:56:23] DEBUG:  	17	+disjointig_1	156808	158816	2008	
[2026-02-20 16:56:23] DEBUG: *	-13	+disjointig_1	158816	250806	91990	
[2026-02-20 16:56:23] DEBUG:  	11	+disjointig_1	250806	254045	3239	
[2026-02-20 16:56:23] DEBUG:  	18	+disjointig_1	254045	256147	2102	
[2026-02-20 16:56:23] DEBUG: *	19	+disjointig_1	256147	382837	126690	
[2026-02-20 16:56:23] DEBUG:  	21	+disjointig_1	382837	388833	5996	
[2026-02-20 16:56:23] DEBUG: *	-6	+disjointig_1	388833	472155	83322	
[2026-02-20 16:56:23] DEBUG:  	4	+disjointig_1	472155	475855	3700	
[2026-02-20 16:56:23] DEBUG: *	-5	+disjointig_1	475855	657979	182124	
[2026-02-20 16:56:23] DEBUG:  	4	+disjointig_1	657979	661679	3700	
[2026-02-20 16:56:23] DEBUG: *	10	+disjointig_1	661679	837716	176037	
[2026-02-20 16:56:23] DEBUG:  	-17	+disjointig_1	837716	839720	2004	
[2026-02-20 16:56:23] DEBUG:  	-11	+disjointig_1	839720	842954	3234	
[2026-02-20 16:56:23] DEBUG: *	15	+disjointig_1	842954	1539228	696274	
[2026-02-20 16:56:23] DEBUG:  	21	+disjointig_1	1539228	1545233	6005	
[2026-02-20 16:56:23] DEBUG: *	-20	+disjointig_1	1545233	1575418	30185	
[2026-02-20 16:56:23] DEBUG:  	-18	+disjointig_1	1575418	1577513	2095	
[2026-02-20 16:56:23] DEBUG:  	-11	+disjointig_1	1577513	1580752	3239	
[2026-02-20 16:56:23] DEBUG: *	16	+disjointig_1	1580752	2333164	752412	
[2026-02-20 16:56:23] DEBUG:  	39	+disjointig_1	2333164	2348146	14982	
[2026-02-20 16:56:23] DEBUG: *	24	+disjointig_1	2348146	3650297	1302151	
[2026-02-20 16:56:23] DEBUG:  	-39	+disjointig_1	3650297	3662565	12268	
[2026-02-20 16:56:23] DEBUG: *	-7	+disjointig_1	3662565	3762312	99747	
[2026-02-20 16:56:23] DEBUG:  	4	+disjointig_1	3762312	3766012	3700	
[2026-02-20 16:56:23] DEBUG: *	9	+disjointig_1	3766012	4331241	565229	
[2026-02-20 16:56:23] DEBUG:  	11	+disjointig_1	4331241	4334480	3239	
[2026-02-20 16:56:23] DEBUG:  	17	+disjointig_1	4334480	4336652	2172	
[2026-02-20 16:56:23] DEBUG: *	-12	+disjointig_1	4336652	5030218	693566	
[2026-02-20 16:56:23] DEBUG:  	11	+disjointig_1	5030218	5033455	3237	
[2026-02-20 16:56:23] DEBUG:  	18	+disjointig_1	5033455	5035538	2083	
[2026-02-20 16:56:23] DEBUG: *	-14	+disjointig_1	5035538	5071456	35918	
[2026-02-20 16:56:23] DEBUG:  	11	+disjointig_1	5071456	5074696	3240	
[2026-02-20 16:56:23] DEBUG:  	18	+disjointig_1	5074696	5076791	2095	
[2026-02-20 16:56:23] DEBUG: *	37	+disjointig_1	5076791	5123337	46546	
[2026-02-20 16:56:23] DEBUG: *	40	+disjointig_2	31596	129947	98351	
[2026-02-20 16:56:23] DEBUG: *	28	+disjointig_3	16573	18078	1505	
[2026-02-20 16:56:23] DEBUG: *	41	+disjointig_3	18078	75018	56940	
[2026-02-20 16:56:23] DEBUG: *	29	+disjointig_3	75018	76605	1587	
[2026-02-20 16:56:23] DEBUG: *	43	+disjointig_4	54927	88787	33860	
[2026-02-20 16:56:23] DEBUG:  	35	+disjointig_4	88787	89605	818	
[2026-02-20 16:56:23] DEBUG:  	-36	+disjointig_4	89605	94775	5170	
[2026-02-20 16:56:23] DEBUG:  	35	+disjointig_4	94775	95593	818	
[2026-02-20 16:56:23] DEBUG:  	-36	+disjointig_4	95593	100763	5170	
[2026-02-20 16:56:23] DEBUG:  	35	+disjointig_4	100763	101581	818	
[2026-02-20 16:56:23] DEBUG: *	42	+disjointig_4	101581	203557	101976	
[2026-02-20 16:56:23] DEBUG: Total edges: 43
[2026-02-20 16:56:23] INFO: Parsing reads
[2026-02-20 16:56:23] DEBUG: Building positional index
[2026-02-20 16:56:23] DEBUG: Total sequence: 216942358 bp
[2026-02-20 16:56:23] DEBUG: Building positional index
[2026-02-20 16:56:23] DEBUG: Total sequence: 5385799 bp
[2026-02-20 16:56:23] INFO: Aligning reads to the graph
[2026-02-20 16:56:24] DEBUG: Mean k-mer frequency: 1.0325
[2026-02-20 16:56:24] DEBUG: Repetitive k-mer frequency: 103
[2026-02-20 16:56:24] DEBUG: Filtered 0 repetitive k-mers (0)
[2026-02-20 16:56:24] DEBUG: Sorting k-mer index
[2026-02-20 16:56:24] DEBUG: Selected k-mers: 948219
[2026-02-20 16:56:24] DEBUG: K-mer index size: 979036
[2026-02-20 16:56:24] DEBUG: Mean k-mer frequency: 1.0325
[2026-02-20 16:56:24] DEBUG: Minimizer rate: 5.50112
[2026-02-20 16:56:29] DEBUG: Total reads : 19590
[2026-02-20 16:56:29] DEBUG: Read with aligned parts : 19366
[2026-02-20 16:56:29] DEBUG: Aligned in one piece : 19299
[2026-02-20 16:56:29] INFO: Aligned read sequence: 188791268 / 191389205 (0.986426)
[2026-02-20 16:56:29] INFO: Median overlap divergence: 0.00280112
[2026-02-20 16:56:29] DEBUG: Sequence divergence distribution: 

    |*                   |                                                                               
    |*                   |                                                                               
    |*                   |                                                                               
    |*                   |                                                                               
    |*                   |                                                                               
    |*                   |                                                                               
    |*                   |                                                                               
    |*                   |                                                                               
    |*                   |                                                                               
    |*                   |                                                                               
    |*                   |                                                                               
    |*                   |                                                                               
    |*                   |                                                                               
    |*                   |                                                                               
    |*                   |                                                                               
    |**                  |                                                                               
    |**                  |                                                                               
    |**                  |                                                                               
    |***                 |                                                                               
    |************************* ****  *     *  *      *                                                   
    ----------------------------------------------------------------------------------------------------
    0%        5%        10%       15%       20%       25%       30%       35%       40%       45%       

    Q25 = 0.0015, Q50 = 0.0028, Q75 = 0.0058

[2026-02-20 16:56:29] INFO: Mean edge coverage: 35
[2026-02-20 16:56:29] DEBUG: 4	len:3700	cov:124	mult:3.54286
[2026-02-20 16:56:29] DEBUG: -4	len:3700	cov:124	mult:3.54286
[2026-02-20 16:56:29] DEBUG: 5	len:182124	cov:38	mult:1.08571
[2026-02-20 16:56:29] DEBUG: -5	len:182124	cov:38	mult:1.08571
[2026-02-20 16:56:29] DEBUG: 6	len:83322	cov:39	mult:1.11429
[2026-02-20 16:56:29] DEBUG: -6	len:83322	cov:39	mult:1.11429
[2026-02-20 16:56:29] DEBUG: 7	len:99747	cov:33	mult:0.942857
[2026-02-20 16:56:29] DEBUG: -7	len:99747	cov:33	mult:0.942857
[2026-02-20 16:56:29] DEBUG: 8	len:92315	cov:39	mult:1.11429
[2026-02-20 16:56:29] DEBUG: -8	len:92315	cov:39	mult:1.11429
[2026-02-20 16:56:29] DEBUG: 9	len:565229	cov:34	mult:0.971429
[2026-02-20 16:56:29] DEBUG: -9	len:565229	cov:34	mult:0.971429
[2026-02-20 16:56:29] DEBUG: 10	len:176037	cov:37	mult:1.05714
[2026-02-20 16:56:29] DEBUG: -10	len:176037	cov:37	mult:1.05714
[2026-02-20 16:56:29] DEBUG: 11	len:3236	cov:230	mult:6.57143
[2026-02-20 16:56:29] DEBUG: -11	len:3236	cov:230	mult:6.57143
[2026-02-20 16:56:29] DEBUG: 12	len:693566	cov:37	mult:1.05714
[2026-02-20 16:56:29] DEBUG: -12	len:693566	cov:37	mult:1.05714
[2026-02-20 16:56:29] DEBUG: 13	len:91990	cov:33	mult:0.942857
[2026-02-20 16:56:29] DEBUG: -13	len:91990	cov:33	mult:0.942857
[2026-02-20 16:56:29] DEBUG: 14	len:35918	cov:28	mult:0.8
[2026-02-20 16:56:29] DEBUG: -14	len:35918	cov:28	mult:0.8
[2026-02-20 16:56:29] DEBUG: 15	len:696274	cov:35	mult:1
[2026-02-20 16:56:29] DEBUG: -15	len:696274	cov:35	mult:1
[2026-02-20 16:56:29] DEBUG: 16	len:752412	cov:35	mult:1
[2026-02-20 16:56:29] DEBUG: -16	len:752412	cov:35	mult:1
[2026-02-20 16:56:29] DEBUG: 17	len:2061	cov:113	mult:3.22857
[2026-02-20 16:56:29] DEBUG: -17	len:2061	cov:113	mult:3.22857
[2026-02-20 16:56:29] DEBUG: 18	len:2093	cov:126	mult:3.6
[2026-02-20 16:56:29] DEBUG: -18	len:2093	cov:126	mult:3.6
[2026-02-20 16:56:29] DEBUG: 19	len:126690	cov:38	mult:1.08571
[2026-02-20 16:56:29] DEBUG: -19	len:126690	cov:38	mult:1.08571
[2026-02-20 16:56:29] DEBUG: 20	len:30185	cov:33	mult:0.942857
[2026-02-20 16:56:29] DEBUG: -20	len:30185	cov:33	mult:0.942857
[2026-02-20 16:56:29] DEBUG: 21	len:6000	cov:62	mult:1.77143
[2026-02-20 16:56:29] DEBUG: -21	len:6000	cov:62	mult:1.77143
[2026-02-20 16:56:29] DEBUG: 24	len:1302151	cov:36	mult:1.02857
[2026-02-20 16:56:29] DEBUG: -24	len:1302151	cov:36	mult:1.02857
[2026-02-20 16:56:29] DEBUG: 28	len:1505	cov:7	mult:0.2
[2026-02-20 16:56:29] DEBUG: -28	len:1505	cov:7	mult:0.2
[2026-02-20 16:56:29] DEBUG: 29	len:1587	cov:8	mult:0.228571
[2026-02-20 16:56:29] DEBUG: -29	len:1587	cov:8	mult:0.228571
[2026-02-20 16:56:29] DEBUG: 35	len:818	cov:86	mult:2.45714
[2026-02-20 16:56:29] DEBUG: -35	len:818	cov:86	mult:2.45714
[2026-02-20 16:56:29] DEBUG: 36	len:5170	cov:60	mult:1.71429
[2026-02-20 16:56:29] DEBUG: -36	len:5170	cov:60	mult:1.71429
[2026-02-20 16:56:29] DEBUG: 37	len:46546	cov:34	mult:0.971429
[2026-02-20 16:56:29] DEBUG: -37	len:46546	cov:34	mult:0.971429
[2026-02-20 16:56:29] DEBUG: 38	len:13015	cov:23	mult:0.657143
[2026-02-20 16:56:29] DEBUG: -38	len:13015	cov:23	mult:0.657143
[2026-02-20 16:56:29] DEBUG: 39	len:13625	cov:76	mult:2.17143
[2026-02-20 16:56:29] DEBUG: -39	len:13625	cov:76	mult:2.17143
[2026-02-20 16:56:29] DEBUG: 40	len:98351	cov:12	mult:0.342857
[2026-02-20 16:56:29] DEBUG: -40	len:98351	cov:12	mult:0.342857
[2026-02-20 16:56:29] DEBUG: 41	len:56940	cov:18	mult:0.514286
[2026-02-20 16:56:29] DEBUG: -41	len:56940	cov:18	mult:0.514286
[2026-02-20 16:56:29] DEBUG: 42	len:101976	cov:27	mult:0.771429
[2026-02-20 16:56:29] DEBUG: -42	len:101976	cov:27	mult:0.771429
[2026-02-20 16:56:29] DEBUG: 43	len:33860	cov:26	mult:0.742857
[2026-02-20 16:56:29] DEBUG: -43	len:33860	cov:26	mult:0.742857
[2026-02-20 16:56:29] DEBUG: Unique coverage threshold 64
[2026-02-20 16:56:29] INFO: Simplifying the graph
[2026-02-20 16:56:29] DEBUG: Read coverage cutoff: 3
[2026-02-20 16:56:29] DEBUG: [SIMPL] Removed 0 paths with low coverage
[2026-02-20 16:56:29] DEBUG: [SIMPL] Masked 0 heterozygous loops
[2026-02-20 16:56:29] DEBUG: Regular bubble: {41,56940,18} {41,56940,18}
[2026-02-20 16:56:29] DEBUG: 	Internal: {28,1505,7} {29,1587,8}
[2026-02-20 16:56:29] DEBUG: [SIMPL] Masked 1 simple bubbles
[2026-02-20 16:56:29] DEBUG: Roundabout: {43,33860,26} : {42,101976,27}
[2026-02-20 16:56:29] DEBUG: 	Internal: {35,818,86} {-36,5170,60} {35,818,86} {35,818,86} {-36,5170,60} {35,818,86} {-36,5170,60} {35,818,86} 
[2026-02-20 16:56:29] DEBUG: [SIMPL] Masked 1 roundabouts
[2026-02-20 16:56:29] DEBUG: [SIMPL] Masked 0 superbubbles
[2026-02-20 16:56:29] DEBUG: Finding repeats
[2026-02-20 16:56:29] DEBUG: Read coverage cutoff: 3
[2026-02-20 16:56:29] DEBUG: Haplo-edge: 28
[2026-02-20 16:56:29] DEBUG: Haplo-edge: 29
[2026-02-20 16:56:29] DEBUG: Haplo-edge: 35
[2026-02-20 16:56:29] DEBUG: Haplo-edge: 36
[2026-02-20 16:56:29] DEBUG: Repeat detection iteration 1
[2026-02-20 16:56:29] DEBUG: Starting 17 aln:125
[2026-02-20 16:56:29] DEBUG: 	      -12	num:31	flank:13621	span:12
[2026-02-20 16:56:29] DEBUG: 	      -13	num:26	flank:8842	span:24
[2026-02-20 16:56:29] DEBUG: 	      -10	num:44	flank:14842	span:18
[2026-02-20 16:56:29] DEBUG: Mult: 17	2061	113	 (0,1)
[2026-02-20 16:56:29] DEBUG: Starting 18 aln:141
[2026-02-20 16:56:29] DEBUG: 	      -14	num:22	flank:14743	span:12
[2026-02-20 16:56:29] DEBUG: 	      19	num:34	flank:16602	span:13
[2026-02-20 16:56:29] DEBUG: 	      37	num:21	flank:15755	span:7
[2026-02-20 16:56:29] DEBUG: 	      20	num:33	flank:16653	span:4
[2026-02-20 16:56:29] DEBUG: Mult: 18	2093	126	 (0,1)
[2026-02-20 16:56:29] DEBUG: Starting 11 aln:283
[2026-02-20 16:56:29] DEBUG: 	      20	num:26	flank:14803	span:2081
[2026-02-20 16:56:29] DEBUG: 	      19	num:24	flank:16602	span:2098
[2026-02-20 16:56:29] DEBUG: 	      37	num:17	flank:15755	span:2093
[2026-02-20 16:56:29] DEBUG: 	      -12	num:19	flank:12777	span:2173
[2026-02-20 16:56:29] DEBUG: 	      -14	num:18	flank:14743	span:2076
[2026-02-20 16:56:29] DEBUG: 	      -13	num:21	flank:8415	span:1974
[2026-02-20 16:56:29] DEBUG: 	      -10	num:36	flank:12753	span:2004
[2026-02-20 16:56:29] DEBUG: Starting -11 aln:283
[2026-02-20 16:56:29] DEBUG: 	      -9	num:35	flank:12312	span:8
[2026-02-20 16:56:29] DEBUG: 	      12	num:27	flank:12339	span:1
[2026-02-20 16:56:29] DEBUG: 	      14	num:24	flank:21081	span:4
[2026-02-20 16:56:29] DEBUG: 	      -8	num:25	flank:11443	span:14
[2026-02-20 16:56:29] DEBUG: 	      16	num:27	flank:11575	span:3
[2026-02-20 16:56:29] DEBUG: 	      13	num:31	flank:19034	span:1
[2026-02-20 16:56:29] DEBUG: 	      15	num:41	flank:13463	span:0
[2026-02-20 16:56:29] DEBUG: Mult: 11	3236	230	 (1,1)
[2026-02-20 16:56:29] DEBUG: Starting 4 aln:152
[2026-02-20 16:56:29] DEBUG: 	      10	num:41	flank:17518	span:8
[2026-02-20 16:56:29] DEBUG: 	      9	num:27	flank:18971	span:5
[2026-02-20 16:56:29] DEBUG: 	      -5	num:30	flank:17409	span:15
[2026-02-20 16:56:29] DEBUG: 	      8	num:20	flank:15569	span:10
[2026-02-20 16:56:29] DEBUG: Starting -4 aln:152
[2026-02-20 16:56:29] DEBUG: 	      6	num:22	flank:13713	span:1
[2026-02-20 16:56:29] DEBUG: 	      5	num:34	flank:14454	span:0
[2026-02-20 16:56:29] DEBUG: 	      7	num:25	flank:15295	span:0
[2026-02-20 16:56:29] DEBUG: 	      -38	num:23	flank:11863	span:11
[2026-02-20 16:56:29] DEBUG: Mult: 4	3700	124	 (1,1)
[2026-02-20 16:56:29] DEBUG: Starting 21 aln:87
[2026-02-20 16:56:29] DEBUG: 	      -20	num:32	flank:12081	span:20
[2026-02-20 16:56:29] DEBUG: 	      -6	num:28	flank:18286	span:26
[2026-02-20 16:56:29] DEBUG: Starting -21 aln:87
[2026-02-20 16:56:29] DEBUG: 	      -15	num:26	flank:9813	span:4
[2026-02-20 16:56:29] DEBUG: 	      -19	num:26	flank:12540	span:12
[2026-02-20 16:56:29] DEBUG: Mult: 21	6000	62	 (1,1)
[2026-02-20 16:56:29] DEBUG: Starting 39 aln:113
[2026-02-20 16:56:29] DEBUG: 	      24	num:29	flank:15530	span:5
[2026-02-20 16:56:29] DEBUG: 	      -24	num:28	flank:14487	span:24
[2026-02-20 16:56:29] DEBUG: Starting -39 aln:113
[2026-02-20 16:56:29] DEBUG: 	      -16	num:36	flank:14974	span:10
[2026-02-20 16:56:29] DEBUG: 	      -7	num:36	flank:16444	span:3
[2026-02-20 16:56:29] DEBUG: Mult: 39	13625	76	 (1,1)
[2026-02-20 16:56:29] DEBUG: Repeat detection iteration 2
[2026-02-20 16:56:29] DEBUG: Writing Dot
[2026-02-20 16:56:29] DEBUG: Writing FASTA
[2026-02-20 16:56:29] DEBUG: Writing Gfa
[2026-02-20 16:56:29] DEBUG: 	Connection -5	10	25
[2026-02-20 16:56:29] DEBUG: 	Connection -6	-5	12
[2026-02-20 16:56:29] DEBUG: 	Connection -7	9	17
[2026-02-20 16:56:29] DEBUG: 	Connection 38	8	16
[2026-02-20 16:56:29] DEBUG: 	Connection 15	-20	12
[2026-02-20 16:56:29] DEBUG: 	Connection 19	-6	13
[2026-02-20 16:56:29] DEBUG: 	Connection 7	-24	8
[2026-02-20 16:56:29] DEBUG: 	Connection 16	24	8
[2026-02-20 16:56:29] DEBUG: [SIMPL] Resolved 8 simple repeats
[2026-02-20 16:56:29] DEBUG: [SIMPL] == Iteration 1 ==
[2026-02-20 16:56:29] DEBUG: Splitting nodes
[2026-02-20 16:56:29] DEBUG: [SIMPL] Split 0 nodes
[2026-02-20 16:56:29] DEBUG: [SIMPL] Disconnected 0 minor paths
[2026-02-20 16:56:29] DEBUG: [SIMPL] Clipped 0 short and 0 long tips
[2026-02-20 16:56:29] DEBUG: [SIMPL] Masked 0 heterozygous loops
[2026-02-20 16:56:29] DEBUG: Regular bubble: {41,56940,18} {41,56940,18}
[2026-02-20 16:56:29] DEBUG: 	Internal: {28,1505,7} {29,1587,8}
[2026-02-20 16:56:29] DEBUG: [SIMPL] Masked 1 simple bubbles
[2026-02-20 16:56:29] DEBUG: Roundabout: {43,33860,26} : {42,101976,27}
[2026-02-20 16:56:29] DEBUG: 	Internal: {35,818,86} {-36,5170,60} {35,818,86} {35,818,86} {-36,5170,60} {35,818,86} {-36,5170,60} {35,818,86} 
[2026-02-20 16:56:29] DEBUG: [SIMPL] Masked 1 roundabouts
[2026-02-20 16:56:29] DEBUG: [SIMPL] Masked 0 superbubbles
[2026-02-20 16:56:29] DEBUG: Finding repeats
[2026-02-20 16:56:29] DEBUG: Read coverage cutoff: 3
[2026-02-20 16:56:29] DEBUG: Haplo-edge: 28
[2026-02-20 16:56:29] DEBUG: Haplo-edge: 29
[2026-02-20 16:56:29] DEBUG: Haplo-edge: 35
[2026-02-20 16:56:29] DEBUG: Haplo-edge: 36
[2026-02-20 16:56:29] DEBUG: Repeat detection iteration 1
[2026-02-20 16:56:29] DEBUG: Starting 17 aln:125
[2026-02-20 16:56:29] DEBUG: 	      -12	num:31	flank:13621	span:12
[2026-02-20 16:56:29] DEBUG: 	      -13	num:26	flank:8842	span:24
[2026-02-20 16:56:29] DEBUG: 	      -10	num:44	flank:14842	span:18
[2026-02-20 16:56:29] DEBUG: Mult: 17	2061	113	 (0,1)
[2026-02-20 16:56:29] DEBUG: Starting 18 aln:141
[2026-02-20 16:56:29] DEBUG: 	      -14	num:22	flank:14743	span:12
[2026-02-20 16:56:29] DEBUG: 	      19	num:34	flank:16602	span:13
[2026-02-20 16:56:29] DEBUG: 	      37	num:21	flank:15755	span:7
[2026-02-20 16:56:29] DEBUG: 	      20	num:33	flank:16653	span:4
[2026-02-20 16:56:29] DEBUG: Mult: 18	2093	126	 (0,1)
[2026-02-20 16:56:29] DEBUG: Starting 11 aln:283
[2026-02-20 16:56:29] DEBUG: 	      20	num:26	flank:14803	span:2081
[2026-02-20 16:56:29] DEBUG: 	      19	num:24	flank:16602	span:2098
[2026-02-20 16:56:29] DEBUG: 	      37	num:17	flank:15755	span:2093
[2026-02-20 16:56:29] DEBUG: 	      -12	num:19	flank:12777	span:2173
[2026-02-20 16:56:29] DEBUG: 	      -14	num:18	flank:14743	span:2076
[2026-02-20 16:56:29] DEBUG: 	      -13	num:21	flank:8415	span:1974
[2026-02-20 16:56:29] DEBUG: 	      -10	num:36	flank:12753	span:2004
[2026-02-20 16:56:29] DEBUG: Starting -11 aln:283
[2026-02-20 16:56:29] DEBUG: 	      -9	num:35	flank:12312	span:8
[2026-02-20 16:56:29] DEBUG: 	      12	num:27	flank:12339	span:1
[2026-02-20 16:56:29] DEBUG: 	      14	num:24	flank:21081	span:4
[2026-02-20 16:56:29] DEBUG: 	      -8	num:25	flank:11443	span:14
[2026-02-20 16:56:29] DEBUG: 	      16	num:27	flank:11575	span:3
[2026-02-20 16:56:29] DEBUG: 	      13	num:31	flank:19034	span:1
[2026-02-20 16:56:29] DEBUG: 	      15	num:41	flank:13463	span:0
[2026-02-20 16:56:29] DEBUG: Mult: 11	3236	230	 (1,1)
[2026-02-20 16:56:29] DEBUG: Repeat detection iteration 2
[2026-02-20 16:56:29] DEBUG: Total unique edges: 31
[2026-02-20 16:56:29] DEBUG: 	Connection -12	-14	10	1
[2026-02-20 16:56:29] DEBUG: 	Connection 10	15	25	1
[2026-02-20 16:56:29] DEBUG: 	Connection 8	-13	14	1
[2026-02-20 16:56:29] DEBUG: 	Connection 9	-12	13	1
[2026-02-20 16:56:29] DEBUG: 	Connection -14	37	11	1
[2026-02-20 16:56:29] DEBUG: 	Connection -19	13	13	1
[2026-02-20 16:56:29] DEBUG: 	Connection -16	20	16	1
[2026-02-20 16:56:29] DEBUG: [SIMPL] Resolved repeats: 7
[2026-02-20 16:56:29] DEBUG: RR links: 204
[2026-02-20 16:56:29] DEBUG: Unresolved: 0
[2026-02-20 16:56:29] DEBUG: Removed 0 simple and 0 double chimeric junctions
[2026-02-20 16:56:29] DEBUG: [SIMPL] == Iteration 2 ==
[2026-02-20 16:56:29] DEBUG: Splitting nodes
[2026-02-20 16:56:29] DEBUG: [SIMPL] Split 0 nodes
[2026-02-20 16:56:29] DEBUG: [SIMPL] Disconnected 0 minor paths
[2026-02-20 16:56:29] DEBUG: [SIMPL] Clipped 0 short and 0 long tips
[2026-02-20 16:56:29] DEBUG: [SIMPL] Masked 0 heterozygous loops
[2026-02-20 16:56:29] DEBUG: Regular bubble: {41,56940,18} {41,56940,18}
[2026-02-20 16:56:29] DEBUG: 	Internal: {28,1505,7} {29,1587,8}
[2026-02-20 16:56:29] DEBUG: [SIMPL] Masked 1 simple bubbles
[2026-02-20 16:56:29] DEBUG: Roundabout: {43,33860,26} : {42,101976,27}
[2026-02-20 16:56:29] DEBUG: 	Internal: {35,818,86} {-36,5170,60} {35,818,86} {35,818,86} {-36,5170,60} {35,818,86} {-36,5170,60} {35,818,86} 
[2026-02-20 16:56:29] DEBUG: [SIMPL] Masked 1 roundabouts
[2026-02-20 16:56:29] DEBUG: [SIMPL] Masked 0 superbubbles
[2026-02-20 16:56:29] DEBUG: Finding repeats
[2026-02-20 16:56:29] DEBUG: Read coverage cutoff: 3
[2026-02-20 16:56:29] DEBUG: Haplo-edge: 28
[2026-02-20 16:56:29] DEBUG: Haplo-edge: 29
[2026-02-20 16:56:29] DEBUG: Haplo-edge: 35
[2026-02-20 16:56:29] DEBUG: Haplo-edge: 36
[2026-02-20 16:56:29] DEBUG: Repeat detection iteration 1
[2026-02-20 16:56:29] DEBUG: Repeat detection iteration 2
[2026-02-20 16:56:29] DEBUG: Total unique edges: 35
[2026-02-20 16:56:29] DEBUG: [SIMPL] Resolved repeats: 0
[2026-02-20 16:56:29] DEBUG: RR links: 0
[2026-02-20 16:56:29] DEBUG: Unresolved: 0
[2026-02-20 16:56:29] DEBUG: Removed 0 simple and 0 double chimeric junctions
[2026-02-20 16:56:29] DEBUG: [SIMPL] Simplified 0 forks
[2026-02-20 16:56:29] DEBUG: [SIMPL] Collapsed 2 haplotypes
[2026-02-20 16:56:29] DEBUG: [SIMPL] Resolved 0 simple repeats
[2026-02-20 16:56:29] DEBUG: Read coverage cutoff: 3
[2026-02-20 16:56:29] DEBUG: [SIMPL] Removed 0 paths with low coverage
[2026-02-20 16:56:29] DEBUG: Finding repeats
[2026-02-20 16:56:29] DEBUG: Read coverage cutoff: 3
[2026-02-20 16:56:29] DEBUG: Haplo-edge: 28
[2026-02-20 16:56:29] DEBUG: Haplo-edge: 29
[2026-02-20 16:56:29] DEBUG: Haplo-edge: -36 -> 35
[2026-02-20 16:56:29] DEBUG: Repeat detection iteration 1
[2026-02-20 16:56:29] DEBUG: Repeat detection iteration 2
[2026-02-20 16:56:29] DEBUG: Writing Dot
[2026-02-20 16:56:29] DEBUG: Writing FASTA
[2026-02-20 16:56:29] DEBUG: Peak RAM usage: 0 Gb
-----------End assembly log------------
[2026-02-20 16:56:29] root: INFO: >>>STAGE: contigger
[2026-02-20 16:56:29] root: INFO: Generating contigs
[2026-02-20 16:56:29] root: DEBUG: -----Begin contigger analyser log------
[2026-02-20 16:56:29] root: DEBUG: Running: flye-modules contigger --graph-edges /scratch/ky/characterization/results/barcode22/assembly/20-repeat/repeat_graph_edges.fasta --reads /scratch/ky/characterization/FASTQ/SQK-RBK114-96_barcode22.fastq --out-dir /scratch/ky/characterization/results/barcode22/assembly/30-contigger --config /data/softs/Miniforge3-25.11.0-0/envs/flye-2.9.6/lib/python3.12/site-packages/flye/config/bin_cfg/asm_nano_hq.cfg --repeat-graph /scratch/ky/characterization/results/barcode22/assembly/20-repeat/repeat_graph_dump --graph-aln /scratch/ky/characterization/results/barcode22/assembly/20-repeat/read_alignment_dump --log /scratch/ky/characterization/results/barcode22/assembly/flye.log --threads 16 --min-ovlp 3000
[2026-02-20 16:56:29] DEBUG: Build date: May  4 2025 23:18:25
[2026-02-20 16:56:29] DEBUG: Total RAM: 251 Gb
[2026-02-20 16:56:29] DEBUG: Available RAM: 247 Gb
[2026-02-20 16:56:29] DEBUG: Total CPUs: 32
[2026-02-20 16:56:29] DEBUG: Loading /data/softs/Miniforge3-25.11.0-0/envs/flye-2.9.6/lib/python3.12/site-packages/flye/config/bin_cfg/asm_nano_hq.cfg
[2026-02-20 16:56:29] DEBUG: Loading /data/softs/Miniforge3-25.11.0-0/envs/flye-2.9.6/lib/python3.12/site-packages/flye/config/bin_cfg/asm_defaults.cfg
[2026-02-20 16:56:29] DEBUG: 	big_genome_threshold=29000000
[2026-02-20 16:56:29] DEBUG: 	meta_read_filter_kmer_freq=100
[2026-02-20 16:56:29] DEBUG: 	chain_large_gap_penalty=2
[2026-02-20 16:56:29] DEBUG: 	chain_small_gap_penalty=0.5
[2026-02-20 16:56:29] DEBUG: 	chain_gap_jump_threshold=100
[2026-02-20 16:56:29] DEBUG: 	max_jump_gap=500
[2026-02-20 16:56:29] DEBUG: 	max_coverage_drop_rate=5
[2026-02-20 16:56:29] DEBUG: 	max_extensions_drop_rate=5
[2026-02-20 16:56:29] DEBUG: 	chimera_window=100
[2026-02-20 16:56:29] DEBUG: 	chimera_overhang=1000
[2026-02-20 16:56:29] DEBUG: 	min_reads_in_disjointig=4
[2026-02-20 16:56:29] DEBUG: 	max_inner_reads=10
[2026-02-20 16:56:29] DEBUG: 	max_inner_fraction=0.25
[2026-02-20 16:56:29] DEBUG: 	aggressive_dup_filter=1
[2026-02-20 16:56:29] DEBUG: 	max_separation=500
[2026-02-20 16:56:29] DEBUG: 	unique_edge_length=50000
[2026-02-20 16:56:29] DEBUG: 	min_repeat_res_support=0.51
[2026-02-20 16:56:29] DEBUG: 	out_paths_ratio=5
[2026-02-20 16:56:29] DEBUG: 	graph_cov_drop_rate=5
[2026-02-20 16:56:29] DEBUG: 	coverage_estimate_window=100
[2026-02-20 16:56:29] DEBUG: 	max_bubble_length=50000
[2026-02-20 16:56:29] DEBUG: 	loop_coverage_rate=1.5
[2026-02-20 16:56:29] DEBUG: 	repeat_edge_cov_mult=1.75
[2026-02-20 16:56:29] DEBUG: 	weak_detach_rate=5
[2026-02-20 16:56:29] DEBUG: 	tip_coverage_rate=2
[2026-02-20 16:56:29] DEBUG: 	tip_length_rate=2
[2026-02-20 16:56:29] DEBUG: 	output_gfa_before_rr=1
[2026-02-20 16:56:29] DEBUG: 	remove_alt_edges=0
[2026-02-20 16:56:29] DEBUG: 	low_cutoff_warning=0
[2026-02-20 16:56:29] DEBUG: 	kmer_size=17
[2026-02-20 16:56:29] DEBUG: 	use_minimizers=1
[2026-02-20 16:56:29] DEBUG: 	minimizer_window=10
[2026-02-20 16:56:29] DEBUG: 	reads_base_alignment=1
[2026-02-20 16:56:29] DEBUG: 	meta_read_top_kmer_rate=0.75
[2026-02-20 16:56:29] DEBUG: 	maximum_jump=1500
[2026-02-20 16:56:29] DEBUG: 	maximum_overhang=1500
[2026-02-20 16:56:29] DEBUG: 	repeat_kmer_rate=100
[2026-02-20 16:56:29] DEBUG: 	assemble_ovlp_divergence=0.03
[2026-02-20 16:56:29] DEBUG: 	assemble_divergence_relative=1
[2026-02-20 16:56:29] DEBUG: 	repeat_graph_ovlp_divergence=0.03
[2026-02-20 16:56:29] DEBUG: 	read_align_ovlp_divergence=0.10
[2026-02-20 16:56:29] DEBUG: 	hpc_scoring_on=1
[2026-02-20 16:56:29] DEBUG: 	add_unassembled_reads=0
[2026-02-20 16:56:29] DEBUG: 	extend_contigs_with_repeats=0
[2026-02-20 16:56:29] DEBUG: 	min_read_cov_cutoff=3
[2026-02-20 16:56:29] DEBUG: 	short_tip_length=20000
[2026-02-20 16:56:29] DEBUG: 	long_tip_length=100000
[2026-02-20 16:56:29] DEBUG: Running with k-mer size: 17
[2026-02-20 16:56:29] DEBUG: Selected minimum overlap 3000
[2026-02-20 16:56:29] INFO: Reading sequences
[2026-02-20 16:56:30] DEBUG: Building positional index
[2026-02-20 16:56:30] DEBUG: Total sequence: 216942358 bp
[2026-02-20 16:56:30] DEBUG: Flipped 0
[2026-02-20 16:56:30] DEBUG: UPath 1: -45 -> 6 -> -49 -> -19 -> 57 -> 13 -> -54 -> -8 -> -47 -> -38 -> -37 -> -56 -> 14 -> -52 -> 12 -> 55 -> -9 -> -46 -> 7 -> 50 -> -24 -> -51 -> -16 -> -58 -> 20 -> -48 -> -15 -> -53 -> -10 -> -44 -> 5
[2026-02-20 16:56:30] DEBUG: UPath 2: 28
[2026-02-20 16:56:30] DEBUG: UPath 3: 29
[2026-02-20 16:56:30] DEBUG: UPath 4: -36 -> 35
[2026-02-20 16:56:30] DEBUG: UPath 5: 40
[2026-02-20 16:56:30] DEBUG: UPath 6: 59 -> 41
[2026-02-20 16:56:30] DEBUG: UPath 7: 43 -> -60 -> 42
[2026-02-20 16:56:30] DEBUG: Final graph contains 7 egdes
[2026-02-20 16:56:30] DEBUG: Extending contigs into repeats
[2026-02-20 16:56:30] DEBUG: Covered 0 repetitive contigs
[2026-02-20 16:56:30] INFO: Generated 7 contigs
[2026-02-20 16:56:30] DEBUG: Writing FASTA
[2026-02-20 16:56:30] DEBUG: Generating scaffold connections
[2026-02-20 16:56:30] INFO: Added 0 scaffold connections
[2026-02-20 16:56:30] DEBUG: Writing Dot
[2026-02-20 16:56:30] DEBUG: Writing FASTA
[2026-02-20 16:56:30] DEBUG: Writing Gfa
[2026-02-20 16:56:30] DEBUG: Peak RAM usage: 0 Gb
-----------End assembly log------------
[2026-02-20 16:56:30] root: INFO: >>>STAGE: polishing
[2026-02-20 16:56:30] root: INFO: Polishing genome (1/1)
[2026-02-20 16:56:30] root: INFO: Running minimap2
[2026-02-20 16:56:38] root: INFO: Separating alignment into bubbles
[2026-02-20 16:57:03] root: DEBUG: Generated 374222 bubbles
[2026-02-20 16:57:03] root: DEBUG: Split 2 long bubbles
[2026-02-20 16:57:03] root: DEBUG: Skipped 2 empty bubbles
[2026-02-20 16:57:03] root: DEBUG: Skipped 0 bubbles with long branches
[2026-02-20 16:57:03] root: INFO: Alignment error rate: 0.007687
[2026-02-20 16:57:03] root: INFO: Correcting bubbles
[2026-02-20 16:57:23] root: DEBUG: Mean contig coverage: 39, selected threshold: 3
[2026-02-20 16:57:23] root: DEBUG: Filtered 1 contigs of total length 1113
[2026-02-20 16:57:23] root: DEBUG: Generating polished GFA
[2026-02-20 16:57:26] root: DEBUG: 0 sequences remained unpolished
[2026-02-20 16:57:26] root: INFO: >>>STAGE: finalize
[2026-02-20 16:57:26] root: DEBUG: ---Output dir contents:----
[2026-02-20 16:57:26] root: DEBUG: assembly/
[2026-02-20 16:57:26] root: DEBUG:     48.0 K      flye.log
[2026-02-20 16:57:26] root: DEBUG:     92.0 B      params.json
[2026-02-20 16:57:26] root: DEBUG:     1.0 K       assembly_graph.gv
[2026-02-20 16:57:26] root: DEBUG:     5.0 M       assembly_graph.gfa
[2026-02-20 16:57:26] root: DEBUG:     5.0 M       assembly.fasta
[2026-02-20 16:57:26] root: DEBUG:     00-assembly/
[2026-02-20 16:57:26] root: DEBUG:         5.0 M       draft_assembly.fasta
[2026-02-20 16:57:26] root: DEBUG:         131.0 B     draft_assembly.fasta.fai
[2026-02-20 16:57:26] root: DEBUG:     10-consensus/
[2026-02-20 16:57:26] root: DEBUG:         967.0 B     minimap.stderr
[2026-02-20 16:57:26] root: DEBUG:         46.0 K      minimap.bam.csi
[2026-02-20 16:57:26] root: DEBUG:         5.0 M       consensus.fasta
[2026-02-20 16:57:26] root: DEBUG:     20-repeat/
[2026-02-20 16:57:26] root: DEBUG:         3.0 K       graph_before_rr.gv
[2026-02-20 16:57:26] root: DEBUG:         5.0 M       graph_before_rr.fasta
[2026-02-20 16:57:26] root: DEBUG:         5.0 M       graph_before_rr.gfa
[2026-02-20 16:57:26] root: DEBUG:         5.0 K       graph_after_rr.gv
[2026-02-20 16:57:26] root: DEBUG:         8.0 K       repeat_graph_dump
[2026-02-20 16:57:26] root: DEBUG:         5.0 M       read_alignment_dump
[2026-02-20 16:57:26] root: DEBUG:         5.0 M       repeat_graph_edges.fasta
[2026-02-20 16:57:26] root: DEBUG:     30-contigger/
[2026-02-20 16:57:26] root: DEBUG:         5.0 M       contigs.fasta
[2026-02-20 16:57:26] root: DEBUG:         306.0 B     contigs_stats.txt
[2026-02-20 16:57:26] root: DEBUG:         0.0 B       scaffolds_links.txt
[2026-02-20 16:57:26] root: DEBUG:         1.0 K       graph_final.gv
[2026-02-20 16:57:26] root: DEBUG:         5.0 M       graph_final.fasta
[2026-02-20 16:57:26] root: DEBUG:         5.0 M       graph_final.gfa
[2026-02-20 16:57:26] root: DEBUG:         198.0 B     contigs.fasta.fai
[2026-02-20 16:57:26] root: DEBUG:     40-polishing/
[2026-02-20 16:57:26] root: DEBUG:         923.0 B     minimap.stderr
[2026-02-20 16:57:26] root: DEBUG:         46.0 K      minimap_1.bam.csi
[2026-02-20 16:57:26] root: DEBUG:         149.0 B     contigs_stats.txt
[2026-02-20 16:57:26] root: DEBUG:         1.0 M       base_coverage.bed.gz
[2026-02-20 16:57:26] root: DEBUG:         5.0 M       filtered_contigs.fasta
[2026-02-20 16:57:26] root: DEBUG:         133.0 B     filtered_stats.txt
[2026-02-20 16:57:26] root: DEBUG:         170.0 B     filtered_contigs.fasta.fai
[2026-02-20 16:57:26] root: DEBUG:         191.0 B     edges_aln.bam.csi
[2026-02-20 16:57:26] root: DEBUG:         5.0 M       polished_edges.gfa
[2026-02-20 16:57:26] root: DEBUG: --------------------------
[2026-02-20 16:57:26] root: INFO: Assembly statistics:

	Total length:	5391962
	Fragments:	6
	Fragments N50:	5079002
	Largest frg:	5079002
	Scaffolds:	0
	Mean coverage:	40

[2026-02-20 16:57:26] root: INFO: Final assembly: /scratch/ky/characterization/results/barcode22/assembly/assembly.fasta
