[2026-02-20 16:48:41] root: INFO: Starting Flye 2.9.6-b1802
[2026-02-20 16:48:41] root: DEBUG: Cmd: /data/softs/Miniforge3-25.11.0-0/envs/flye-2.9.6/bin/flye --meta --nano-hq /scratch/ky/characterization/FASTQ/SQK-RBK114-96_barcode19.fastq -o /scratch/ky/characterization/results/barcode19/assembly/ -t 16
[2026-02-20 16:48:41] root: DEBUG: Python version: 3.12.12 | packaged by conda-forge | (main, Jan 26 2026, 23:51:32) [GCC 14.3.0]
[2026-02-20 16:48:41] root: INFO: >>>STAGE: configure
[2026-02-20 16:48:41] root: INFO: Configuring run
[2026-02-20 16:48:41] root: INFO: Total read length: 2152002
[2026-02-20 16:48:41] root: INFO: Reads N50/N90: 4524 / 999
[2026-02-20 16:48:41] root: INFO: Minimum overlap set to 1000
[2026-02-20 16:48:41] root: INFO: >>>STAGE: assembly
[2026-02-20 16:48:41] root: INFO: Assembling disjointigs
[2026-02-20 16:48:41] root: DEBUG: -----Begin assembly log------
[2026-02-20 16:48:41] root: DEBUG: Running: flye-modules assemble --reads /scratch/ky/characterization/FASTQ/SQK-RBK114-96_barcode19.fastq --out-asm /scratch/ky/characterization/results/barcode19/assembly/00-assembly/draft_assembly.fasta --config /data/softs/Miniforge3-25.11.0-0/envs/flye-2.9.6/lib/python3.12/site-packages/flye/config/bin_cfg/asm_nano_hq.cfg --log /scratch/ky/characterization/results/barcode19/assembly/flye.log --threads 16 --meta --min-ovlp 1000
[2026-02-20 16:48:41] DEBUG: Build date: May  4 2025 23:17:52
[2026-02-20 16:48:41] DEBUG: Total RAM: 251 Gb
[2026-02-20 16:48:41] DEBUG: Available RAM: 247 Gb
[2026-02-20 16:48:41] DEBUG: Total CPUs: 32
[2026-02-20 16:48:41] DEBUG: Loading /data/softs/Miniforge3-25.11.0-0/envs/flye-2.9.6/lib/python3.12/site-packages/flye/config/bin_cfg/asm_nano_hq.cfg
[2026-02-20 16:48:41] DEBUG: Loading /data/softs/Miniforge3-25.11.0-0/envs/flye-2.9.6/lib/python3.12/site-packages/flye/config/bin_cfg/asm_defaults.cfg
[2026-02-20 16:48:41] DEBUG: 	big_genome_threshold=29000000
[2026-02-20 16:48:41] DEBUG: 	meta_read_filter_kmer_freq=100
[2026-02-20 16:48:41] DEBUG: 	chain_large_gap_penalty=2
[2026-02-20 16:48:41] DEBUG: 	chain_small_gap_penalty=0.5
[2026-02-20 16:48:41] DEBUG: 	chain_gap_jump_threshold=100
[2026-02-20 16:48:41] DEBUG: 	max_jump_gap=500
[2026-02-20 16:48:41] DEBUG: 	max_coverage_drop_rate=5
[2026-02-20 16:48:41] DEBUG: 	max_extensions_drop_rate=5
[2026-02-20 16:48:41] DEBUG: 	chimera_window=100
[2026-02-20 16:48:41] DEBUG: 	chimera_overhang=1000
[2026-02-20 16:48:41] DEBUG: 	min_reads_in_disjointig=4
[2026-02-20 16:48:41] DEBUG: 	max_inner_reads=10
[2026-02-20 16:48:41] DEBUG: 	max_inner_fraction=0.25
[2026-02-20 16:48:41] DEBUG: 	aggressive_dup_filter=1
[2026-02-20 16:48:41] DEBUG: 	max_separation=500
[2026-02-20 16:48:41] DEBUG: 	unique_edge_length=50000
[2026-02-20 16:48:41] DEBUG: 	min_repeat_res_support=0.51
[2026-02-20 16:48:41] DEBUG: 	out_paths_ratio=5
[2026-02-20 16:48:41] DEBUG: 	graph_cov_drop_rate=5
[2026-02-20 16:48:41] DEBUG: 	coverage_estimate_window=100
[2026-02-20 16:48:41] DEBUG: 	max_bubble_length=50000
[2026-02-20 16:48:41] DEBUG: 	loop_coverage_rate=1.5
[2026-02-20 16:48:41] DEBUG: 	repeat_edge_cov_mult=1.75
[2026-02-20 16:48:41] DEBUG: 	weak_detach_rate=5
[2026-02-20 16:48:41] DEBUG: 	tip_coverage_rate=2
[2026-02-20 16:48:41] DEBUG: 	tip_length_rate=2
[2026-02-20 16:48:41] DEBUG: 	output_gfa_before_rr=1
[2026-02-20 16:48:41] DEBUG: 	remove_alt_edges=0
[2026-02-20 16:48:41] DEBUG: 	low_cutoff_warning=0
[2026-02-20 16:48:41] DEBUG: 	kmer_size=17
[2026-02-20 16:48:41] DEBUG: 	use_minimizers=1
[2026-02-20 16:48:41] DEBUG: 	minimizer_window=10
[2026-02-20 16:48:41] DEBUG: 	reads_base_alignment=1
[2026-02-20 16:48:41] DEBUG: 	meta_read_top_kmer_rate=0.75
[2026-02-20 16:48:41] DEBUG: 	maximum_jump=1500
[2026-02-20 16:48:41] DEBUG: 	maximum_overhang=1500
[2026-02-20 16:48:41] DEBUG: 	repeat_kmer_rate=100
[2026-02-20 16:48:41] DEBUG: 	assemble_ovlp_divergence=0.03
[2026-02-20 16:48:41] DEBUG: 	assemble_divergence_relative=1
[2026-02-20 16:48:41] DEBUG: 	repeat_graph_ovlp_divergence=0.03
[2026-02-20 16:48:41] DEBUG: 	read_align_ovlp_divergence=0.10
[2026-02-20 16:48:41] DEBUG: 	hpc_scoring_on=1
[2026-02-20 16:48:41] DEBUG: 	add_unassembled_reads=0
[2026-02-20 16:48:41] DEBUG: 	extend_contigs_with_repeats=0
[2026-02-20 16:48:41] DEBUG: 	min_read_cov_cutoff=3
[2026-02-20 16:48:41] DEBUG: 	short_tip_length=20000
[2026-02-20 16:48:41] DEBUG: 	long_tip_length=100000
[2026-02-20 16:48:41] DEBUG: Running with k-mer size: 17
[2026-02-20 16:48:41] DEBUG: Running with minimum overlap 1000
[2026-02-20 16:48:41] DEBUG: Metagenome mode: Y
[2026-02-20 16:48:41] DEBUG: Short mode: N
[2026-02-20 16:48:41] INFO: Reading sequences
[2026-02-20 16:48:41] DEBUG: Building positional index
[2026-02-20 16:48:41] DEBUG: Total sequence: 1936563 bp
[2026-02-20 16:48:41] INFO: Building minimizer index
[2026-02-20 16:48:41] INFO: Pre-calculating index storage
[2026-02-20 16:48:41] DEBUG: Mean k-mer frequency: 1.23314
[2026-02-20 16:48:41] DEBUG: Repetitive k-mer frequency: 123
[2026-02-20 16:48:41] DEBUG: Filtered 161 repetitive k-mers (0.000459575)
[2026-02-20 16:48:41] INFO: Filling index
[2026-02-20 16:48:41] DEBUG: Sorting k-mer index
[2026-02-20 16:48:41] DEBUG: Selected k-mers: 284089
[2026-02-20 16:48:41] DEBUG: K-mer index size: 350163
[2026-02-20 16:48:41] DEBUG: Mean k-mer frequency: 1.23258
[2026-02-20 16:48:41] DEBUG: Minimizer rate: 5.53046
[2026-02-20 16:48:41] DEBUG: Peak RAM usage: 0 Gb
[2026-02-20 16:48:41] DEBUG: Estimating k-mer identity bias
[2026-02-20 16:48:41] DEBUG: Initial divergence estimate : 0.0071589
[2026-02-20 16:48:41] DEBUG: Relative threshold: Y
[2026-02-20 16:48:41] DEBUG: Max divergence threshold set to 0.0371589
[2026-02-20 16:48:41] INFO: Extending reads
[2026-02-20 16:48:41] DEBUG: Estimating overlap coverage
[2026-02-20 16:48:42] INFO: Overlap-based coverage: 1
[2026-02-20 16:48:42] INFO: Median overlap divergence: 0.00666667
[2026-02-20 16:48:42] DEBUG: Sequence divergence distribution: 

    |*      |                                                                                            
    |*      |                                                                                            
    |*      |                                                                                            
    |*      |                                                                                            
    |*      |                                                                                            
    |**     |                                                                                            
    |**     |                                                                                            
    |**     |                                                                                            
    |**     |                                                                                            
    |**     |                                                                                            
    |**     |                                                                                            
    |**     |                                                                                            
    |***    |                                                                                            
    |***    |                                                                                            
    |***    |                                                                                            
    |***    |                                                                                            
    |****   |                                                                                            
    |****   |                                                                                            
    |****** *    *                                                                                       
    |********** *****                                                                                    
    ----------------------------------------------------------------------------------------------------
    0%        5%        10%       15%       20%       25%       30%       35%       40%       45%       

    Q25 = 0.0034, Q50 = 0.0067, Q75 = 0.014

[2026-02-20 16:48:42] DEBUG: Assembled disjointig 1
	With 1 reads
	Start read: +7f4afdba-cfda-4b17-87e2-f8318028a146
	At position: 1
	leftTip: 1 rightTip: 1
	Suspicious: 0
	Short ext: 0
	Mean extensions: 0
	Avg overlap len: 0
	Min overlap len: 0
	Inner reads: 0
	Length: 3141
[2026-02-20 16:48:42] DEBUG: Inner: 4 covered: 102 total: 1026
[2026-02-20 16:48:42] DEBUG: Assembled disjointig 2
	With 2 reads
	Start read: +39e9f24e-2957-4625-854c-575b9cb36f1a
	At position: 1
	leftTip: 1 rightTip: 1
	Suspicious: 1
	Short ext: 0
	Mean extensions: 0
	Avg overlap len: 3023
	Min overlap len: 3023
	Inner reads: 0
	Length: 10438
[2026-02-20 16:48:42] DEBUG: Inner: 16 covered: 127 total: 1026
[2026-02-20 16:48:42] DEBUG: Assembled disjointig 3
	With 1 reads
	Start read: +7577be1e-f35b-4bdc-9323-11e490f7c977
	At position: 1
	leftTip: 1 rightTip: 1
	Suspicious: 0
	Short ext: 0
	Mean extensions: 0
	Avg overlap len: 0
	Min overlap len: 0
	Inner reads: 0
	Length: 2855
[2026-02-20 16:48:42] DEBUG: Inner: 20 covered: 187 total: 1026
[2026-02-20 16:48:42] DEBUG: Assembled disjointig 4
	With 1 reads
	Start read: +0794f8b9-a752-47e2-9cbd-716485df1812
	At position: 1
	leftTip: 1 rightTip: 1
	Suspicious: 0
	Short ext: 0
	Mean extensions: 0
	Avg overlap len: 0
	Min overlap len: 0
	Inner reads: 0
	Length: 2922
[2026-02-20 16:48:42] DEBUG: Inner: 24 covered: 200 total: 1026
[2026-02-20 16:48:42] DEBUG: Assembled disjointig 5
	With 2 reads
	Start read: +9fb1fc28-cbf6-4368-9b4b-ae39e8637575
	At position: 1
	leftTip: 1 rightTip: 1
	Suspicious: 1
	Short ext: 0
	Mean extensions: 1
	Avg overlap len: 2479
	Min overlap len: 2479
	Inner reads: 0
	Length: 5635
[2026-02-20 16:48:42] DEBUG: Inner: 28 covered: 242 total: 1026
[2026-02-20 16:48:42] DEBUG: Assembled disjointig 6
	With 1 reads
	Start read: +d3a2d7e9-1b79-4a07-a8b3-3bed3a29ba96
	At position: 1
	leftTip: 1 rightTip: 1
	Suspicious: 0
	Short ext: 0
	Mean extensions: 0
	Avg overlap len: 0
	Min overlap len: 0
	Inner reads: 0
	Length: 14317
[2026-02-20 16:48:42] DEBUG: Inner: 32 covered: 283 total: 1026
[2026-02-20 16:48:42] DEBUG: Assembled disjointig 7
	With 2 reads
	Start read: +eeba3667-0416-4d73-bc44-f492cb995e1b
	At position: 1
	leftTip: 1 rightTip: 1
	Suspicious: 1
	Short ext: 0
	Mean extensions: 0
	Avg overlap len: 4237
	Min overlap len: 4237
	Inner reads: 0
	Length: 7134
[2026-02-20 16:48:42] DEBUG: Inner: 38 covered: 301 total: 1026
[2026-02-20 16:48:42] DEBUG: Assembled disjointig 8
	With 1 reads
	Start read: +5ed3f6ca-8d55-439d-9bdd-c885509d568a
	At position: 1
	leftTip: 1 rightTip: 1
	Suspicious: 0
	Short ext: 0
	Mean extensions: 0
	Avg overlap len: 0
	Min overlap len: 0
	Inner reads: 0
	Length: 4248
[2026-02-20 16:48:42] DEBUG: Inner: 42 covered: 314 total: 1026
[2026-02-20 16:48:42] DEBUG: Assembled disjointig 9
	With 3 reads
	Start read: +6b738de4-343a-4f61-89f6-a356dc9ac1d1
	At position: 2
	leftTip: 1 rightTip: 1
	Suspicious: 2
	Short ext: 0
	Mean extensions: 1
	Avg overlap len: 10332
	Min overlap len: 2258
	Inner reads: 0
	Length: 30896
[2026-02-20 16:48:42] DEBUG: Inner: 52 covered: 326 total: 1026
[2026-02-20 16:48:42] DEBUG: Assembled disjointig 10
	With 3 reads
	Start read: +8f6ac3ca-e445-4e7a-9422-6eb41ba3a83c
	At position: 1
	leftTip: 1 rightTip: 1
	Suspicious: 1
	Short ext: 0
	Mean extensions: 1
	Avg overlap len: 5188
	Min overlap len: 4946
	Inner reads: 0
	Length: 16110
[2026-02-20 16:48:42] DEBUG: Inner: 60 covered: 340 total: 1026
[2026-02-20 16:48:42] DEBUG: Assembled disjointig 11
	With 1 reads
	Start read: +9c0a9540-230a-4110-8e58-c139432682ee
	At position: 1
	leftTip: 1 rightTip: 1
	Suspicious: 0
	Short ext: 0
	Mean extensions: 0
	Avg overlap len: 0
	Min overlap len: 0
	Inner reads: 0
	Length: 2514
[2026-02-20 16:48:42] DEBUG: Inner: 64 covered: 372 total: 1026
[2026-02-20 16:48:42] DEBUG: Assembled disjointig 12
	With 1 reads
	Start read: +ba18de6d-8c59-4fe8-ae07-916e69b7d60c
	At position: 1
	leftTip: 1 rightTip: 1
	Suspicious: 0
	Short ext: 0
	Mean extensions: 0
	Avg overlap len: 0
	Min overlap len: 0
	Inner reads: 0
	Length: 9100
[2026-02-20 16:48:42] DEBUG: Inner: 70 covered: 384 total: 1026
[2026-02-20 16:48:42] DEBUG: Assembled disjointig 13
	With 2 reads
	Start read: +5e21e414-eaf6-46f4-9d88-309710a5d3f6
	At position: 1
	leftTip: 1 rightTip: 1
	Suspicious: 1
	Short ext: 0
	Mean extensions: 1
	Avg overlap len: 2866
	Min overlap len: 2866
	Inner reads: 0
	Length: 5245
[2026-02-20 16:48:42] DEBUG: Inner: 74 covered: 398 total: 1026
[2026-02-20 16:48:42] DEBUG: Assembled disjointig 14
	With 2 reads
	Start read: +d5db882a-fed1-4825-bca2-d16fdff826d6
	At position: 1
	leftTip: 1 rightTip: 1
	Suspicious: 1
	Short ext: 0
	Mean extensions: 0
	Avg overlap len: 5634
	Min overlap len: 5634
	Inner reads: 0
	Length: 22194
[2026-02-20 16:48:42] DEBUG: Inner: 80 covered: 413 total: 1026
[2026-02-20 16:48:42] DEBUG: Assembled disjointig 15
	With 4 reads
	Start read: +f92c491e-583b-4c19-8007-80e3d23ac490
	At position: 4
	leftTip: 1 rightTip: 1
	Suspicious: 3
	Short ext: 0
	Mean extensions: 1
	Avg overlap len: 1671
	Min overlap len: 1647
	Inner reads: 0
	Length: 26383
[2026-02-20 16:48:42] DEBUG: Inner: 90 covered: 426 total: 1026
[2026-02-20 16:48:42] DEBUG: Assembled disjointig 16
	With 1 reads
	Start read: +1895a7e1-ce4e-48c7-93e8-c29b87e671f9
	At position: 1
	leftTip: 1 rightTip: 1
	Suspicious: 0
	Short ext: 0
	Mean extensions: 0
	Avg overlap len: 0
	Min overlap len: 0
	Inner reads: 0
	Length: 4318
[2026-02-20 16:48:42] DEBUG: Inner: 94 covered: 434 total: 1026
[2026-02-20 16:48:42] DEBUG: Assembled disjointig 17
	With 2 reads
	Start read: +d3bef71b-56d5-4989-bb4a-ec3f5d19d532
	At position: 2
	leftTip: 1 rightTip: 1
	Suspicious: 1
	Short ext: 0
	Mean extensions: 0
	Avg overlap len: 4412
	Min overlap len: 4412
	Inner reads: 0
	Length: 20884
[2026-02-20 16:48:42] DEBUG: Inner: 100 covered: 444 total: 1026
[2026-02-20 16:48:42] DEBUG: Assembled disjointig 18
	With 11 reads
	Start read: +68c6bd5b-e887-457a-ad95-337339a5dc6d
	At position: 6
	leftTip: 1 rightTip: 0
	Suspicious: 0
	Short ext: 0
	Mean extensions: 4
	Avg overlap len: 3542
	Min overlap len: 1032
	Inner reads: 0
	Length: 29095
[2026-02-20 16:48:42] DEBUG: Inner: 174 covered: 514 total: 1026
[2026-02-20 16:48:42] DEBUG: Assembled disjointig 19
	With 1 reads
	Start read: +e8fa206f-8d93-4685-98c6-ec51d387ed4a
	At position: 1
	leftTip: 1 rightTip: 1
	Suspicious: 0
	Short ext: 0
	Mean extensions: 0
	Avg overlap len: 0
	Min overlap len: 0
	Inner reads: 0
	Length: 2599
[2026-02-20 16:48:42] DEBUG: Inner: 178 covered: 526 total: 1026
[2026-02-20 16:48:42] DEBUG: Assembled disjointig 20
	With 2 reads
	Start read: +fda1c23d-3f77-45ce-a08c-fa37a71ec001
	At position: 1
	leftTip: 1 rightTip: 1
	Suspicious: 1
	Short ext: 0
	Mean extensions: 0
	Avg overlap len: 4019
	Min overlap len: 4019
	Inner reads: 0
	Length: 7887
[2026-02-20 16:48:42] DEBUG: Inner: 182 covered: 531 total: 1026
[2026-02-20 16:48:42] DEBUG: Assembled disjointig 21
	With 2 reads
	Start read: +81d47c80-7457-4ad2-a99a-b48516429dae
	At position: 1
	leftTip: 1 rightTip: 1
	Suspicious: 1
	Short ext: 0
	Mean extensions: 1
	Avg overlap len: 3610
	Min overlap len: 3610
	Inner reads: 0
	Length: 20881
[2026-02-20 16:48:42] DEBUG: Inner: 186 covered: 540 total: 1026
[2026-02-20 16:48:42] DEBUG: Assembled disjointig 22
	With 2 reads
	Start read: +2a01e0cf-d7c6-42ee-bde1-930995a6ad33
	At position: 2
	leftTip: 1 rightTip: 1
	Suspicious: 1
	Short ext: 0
	Mean extensions: 0
	Avg overlap len: 2643
	Min overlap len: 2643
	Inner reads: 0
	Length: 6189
[2026-02-20 16:48:42] DEBUG: Inner: 192 covered: 638 total: 1026
[2026-02-20 16:48:42] DEBUG: Assembled disjointig 23
	With 2 reads
	Start read: +6a774088-2694-4aba-a4a2-9542fb0b68d8
	At position: 1
	leftTip: 1 rightTip: 1
	Suspicious: 1
	Short ext: 0
	Mean extensions: 0
	Avg overlap len: 2306
	Min overlap len: 2306
	Inner reads: 0
	Length: 12875
[2026-02-20 16:48:42] DEBUG: Inner: 196 covered: 653 total: 1026
[2026-02-20 16:48:42] DEBUG: Assembled disjointig 24
	With 2 reads
	Start read: +25124a28-7c00-406a-b1cd-1c69fba82d36
	At position: 2
	leftTip: 1 rightTip: 1
	Suspicious: 1
	Short ext: 0
	Mean extensions: 0
	Avg overlap len: 6282
	Min overlap len: 6282
	Inner reads: 0
	Length: 9512
[2026-02-20 16:48:42] DEBUG: Inner: 200 covered: 670 total: 1026
[2026-02-20 16:48:42] DEBUG: Assembled disjointig 25
	With 1 reads
	Start read: +a6a87654-6509-44f1-a907-816e7689a490
	At position: 1
	leftTip: 1 rightTip: 1
	Suspicious: 0
	Short ext: 0
	Mean extensions: 0
	Avg overlap len: 0
	Min overlap len: 0
	Inner reads: 0
	Length: 2851
[2026-02-20 16:48:42] DEBUG: Inner: 204 covered: 684 total: 1026
[2026-02-20 16:48:42] DEBUG: Assembled disjointig 26
	With 1 reads
	Start read: +adff35ad-c544-48da-a0ae-7bd6c076d973
	At position: 1
	leftTip: 1 rightTip: 1
	Suspicious: 0
	Short ext: 0
	Mean extensions: 0
	Avg overlap len: 0
	Min overlap len: 0
	Inner reads: 0
	Length: 2619
[2026-02-20 16:48:42] DEBUG: Inner: 208 covered: 759 total: 1026
[2026-02-20 16:48:42] DEBUG: Assembled disjointig 27
	With 2 reads
	Start read: +b3ce9e48-6c9e-42fc-b919-ad0e8a8043fd
	At position: 2
	leftTip: 1 rightTip: 1
	Suspicious: 1
	Short ext: 0
	Mean extensions: 0
	Avg overlap len: 3130
	Min overlap len: 3130
	Inner reads: 0
	Length: 6693
[2026-02-20 16:48:42] DEBUG: Inner: 212 covered: 768 total: 1026
[2026-02-20 16:48:42] DEBUG: Assembled disjointig 28
	With 1 reads
	Start read: +62be956f-d52e-4e6c-991e-e274a01d6cbc
	At position: 1
	leftTip: 1 rightTip: 1
	Suspicious: 0
	Short ext: 0
	Mean extensions: 0
	Avg overlap len: 0
	Min overlap len: 0
	Inner reads: 0
	Length: 2301
[2026-02-20 16:48:42] DEBUG: Inner: 216 covered: 848 total: 1026
[2026-02-20 16:48:42] DEBUG: Assembled disjointig 29
	With 2 reads
	Start read: +11d368d8-739a-4e32-a261-0fa962d067fb
	At position: 2
	leftTip: 1 rightTip: 1
	Suspicious: 1
	Short ext: 0
	Mean extensions: 0
	Avg overlap len: 3011
	Min overlap len: 3011
	Inner reads: 0
	Length: 5715
[2026-02-20 16:48:42] DEBUG: Inner: 222 covered: 854 total: 1026
[2026-02-20 16:48:42] DEBUG: Assembled disjointig 30
	With 2 reads
	Start read: +45bd7490-5d77-4a97-8324-acec9a9b937e
	At position: 1
	leftTip: 1 rightTip: 1
	Suspicious: 1
	Short ext: 0
	Mean extensions: 0
	Avg overlap len: 2732
	Min overlap len: 2732
	Inner reads: 0
	Length: 9642
[2026-02-20 16:48:42] DEBUG: Inner: 226 covered: 866 total: 1026
[2026-02-20 16:48:42] DEBUG: Assembled disjointig 31
	With 3 reads
	Start read: +9e5abaad-c074-4491-9e7f-64f40feabeaa
	At position: 1
	leftTip: 1 rightTip: 1
	Suspicious: 2
	Short ext: 0
	Mean extensions: 1
	Avg overlap len: 3612
	Min overlap len: 2529
	Inner reads: 0
	Length: 12993
[2026-02-20 16:48:42] DEBUG: Inner: 234 covered: 870 total: 1026
[2026-02-20 16:48:42] DEBUG: Assembled disjointig 32
	With 2 reads
	Start read: +de4cf633-25de-43df-b566-919708ec1525
	At position: 1
	leftTip: 1 rightTip: 1
	Suspicious: 1
	Short ext: 0
	Mean extensions: 0
	Avg overlap len: 1817
	Min overlap len: 1817
	Inner reads: 0
	Length: 7045
[2026-02-20 16:48:42] DEBUG: Inner: 238 covered: 878 total: 1026
[2026-02-20 16:48:42] DEBUG: Assembled disjointig 33
	With 2 reads
	Start read: +ecf788c5-3045-4c48-9a02-31231acd519a
	At position: 2
	leftTip: 1 rightTip: 1
	Suspicious: 1
	Short ext: 0
	Mean extensions: 0
	Avg overlap len: 3499
	Min overlap len: 3499
	Inner reads: 0
	Length: 7501
[2026-02-20 16:48:42] DEBUG: Inner: 242 covered: 890 total: 1026
[2026-02-20 16:48:42] DEBUG: Assembled disjointig 34
	With 2 reads
	Start read: +30580376-3f09-478f-8ec9-85e3a8657d4e
	At position: 2
	leftTip: 1 rightTip: 1
	Suspicious: 1
	Short ext: 0
	Mean extensions: 0
	Avg overlap len: 2998
	Min overlap len: 2998
	Inner reads: 0
	Length: 6793
[2026-02-20 16:48:42] DEBUG: Inner: 246 covered: 903 total: 1026
[2026-02-20 16:48:42] DEBUG: Assembled disjointig 35
	With 1 reads
	Start read: +c231d366-25c1-4f56-9641-d87242ff1db0
	At position: 1
	leftTip: 1 rightTip: 1
	Suspicious: 0
	Short ext: 0
	Mean extensions: 0
	Avg overlap len: 0
	Min overlap len: 0
	Inner reads: 0
	Length: 2870
[2026-02-20 16:48:42] DEBUG: Inner: 250 covered: 1005 total: 1026
[2026-02-20 16:48:42] DEBUG: Assembled disjointig 36
	With 2 reads
	Start read: +69490edc-df8d-449c-b82b-c4ffc5e49395
	At position: 1
	leftTip: 1 rightTip: 1
	Suspicious: 1
	Short ext: 0
	Mean extensions: 1
	Avg overlap len: 3334
	Min overlap len: 3334
	Inner reads: 0
	Length: 5283
[2026-02-20 16:48:42] DEBUG: Inner: 256 covered: 1026 total: 1026
[2026-02-20 16:48:42] INFO: Assembled 36 disjointigs
[2026-02-20 16:48:42] INFO: Generating sequence
[2026-02-20 16:48:42] DEBUG: Building positional index
[2026-02-20 16:48:42] DEBUG: Total sequence: 349683 bp
[2026-02-20 16:48:42] DEBUG: Mean k-mer frequency: 1.079
[2026-02-20 16:48:42] DEBUG: Repetitive k-mer frequency: 107
[2026-02-20 16:48:42] DEBUG: Filtered 0 repetitive k-mers (0)
[2026-02-20 16:48:42] DEBUG: Sorting k-mer index
[2026-02-20 16:48:42] DEBUG: Selected k-mers: 58758
[2026-02-20 16:48:42] DEBUG: K-mer index size: 63401
[2026-02-20 16:48:42] DEBUG: Mean k-mer frequency: 1.07902
[2026-02-20 16:48:42] DEBUG: Minimizer rate: 5.51542
[2026-02-20 16:48:42] INFO: Filtering contained disjointigs
[2026-02-20 16:48:42] DEBUG: Computing transitive closure for overlaps
[2026-02-20 16:48:42] DEBUG: Found 8 overlaps
[2026-02-20 16:48:42] DEBUG: Left 8 overlaps after filtering
[2026-02-20 16:48:42] INFO: Contained seqs: 0
[2026-02-20 16:48:42] DEBUG: Writing FASTA
[2026-02-20 16:48:42] DEBUG: Peak RAM usage: 0 Gb
-----------End assembly log------------
[2026-02-20 16:48:42] root: DEBUG: Disjointigs length: 349683, N50: 14317
[2026-02-20 16:48:42] root: INFO: >>>STAGE: consensus
[2026-02-20 16:48:42] root: INFO: Running Minimap2
[2026-02-20 16:48:42] root: INFO: Computing consensus
[2026-02-20 16:48:42] root: INFO: Alignment error rate: 0.007331
[2026-02-20 16:48:42] root: INFO: >>>STAGE: repeat
[2026-02-20 16:48:42] root: INFO: Building and resolving repeat graph
[2026-02-20 16:48:42] root: DEBUG: -----Begin repeat analyser log------
[2026-02-20 16:48:42] root: DEBUG: Running: flye-modules repeat --disjointigs /scratch/ky/characterization/results/barcode19/assembly/10-consensus/consensus.fasta --reads /scratch/ky/characterization/FASTQ/SQK-RBK114-96_barcode19.fastq --out-dir /scratch/ky/characterization/results/barcode19/assembly/20-repeat --config /data/softs/Miniforge3-25.11.0-0/envs/flye-2.9.6/lib/python3.12/site-packages/flye/config/bin_cfg/asm_nano_hq.cfg --log /scratch/ky/characterization/results/barcode19/assembly/flye.log --threads 16 --meta --min-ovlp 1000
[2026-02-20 16:48:42] DEBUG: Build date: May  4 2025 23:18:08
[2026-02-20 16:48:42] DEBUG: Total RAM: 251 Gb
[2026-02-20 16:48:42] DEBUG: Available RAM: 247 Gb
[2026-02-20 16:48:42] DEBUG: Total CPUs: 32
[2026-02-20 16:48:42] DEBUG: Loading /data/softs/Miniforge3-25.11.0-0/envs/flye-2.9.6/lib/python3.12/site-packages/flye/config/bin_cfg/asm_nano_hq.cfg
[2026-02-20 16:48:42] DEBUG: Loading /data/softs/Miniforge3-25.11.0-0/envs/flye-2.9.6/lib/python3.12/site-packages/flye/config/bin_cfg/asm_defaults.cfg
[2026-02-20 16:48:42] DEBUG: 	big_genome_threshold=29000000
[2026-02-20 16:48:42] DEBUG: 	meta_read_filter_kmer_freq=100
[2026-02-20 16:48:42] DEBUG: 	chain_large_gap_penalty=2
[2026-02-20 16:48:42] DEBUG: 	chain_small_gap_penalty=0.5
[2026-02-20 16:48:42] DEBUG: 	chain_gap_jump_threshold=100
[2026-02-20 16:48:42] DEBUG: 	max_jump_gap=500
[2026-02-20 16:48:42] DEBUG: 	max_coverage_drop_rate=5
[2026-02-20 16:48:42] DEBUG: 	max_extensions_drop_rate=5
[2026-02-20 16:48:42] DEBUG: 	chimera_window=100
[2026-02-20 16:48:42] DEBUG: 	chimera_overhang=1000
[2026-02-20 16:48:42] DEBUG: 	min_reads_in_disjointig=4
[2026-02-20 16:48:42] DEBUG: 	max_inner_reads=10
[2026-02-20 16:48:42] DEBUG: 	max_inner_fraction=0.25
[2026-02-20 16:48:42] DEBUG: 	aggressive_dup_filter=1
[2026-02-20 16:48:42] DEBUG: 	max_separation=500
[2026-02-20 16:48:42] DEBUG: 	unique_edge_length=50000
[2026-02-20 16:48:42] DEBUG: 	min_repeat_res_support=0.51
[2026-02-20 16:48:42] DEBUG: 	out_paths_ratio=5
[2026-02-20 16:48:42] DEBUG: 	graph_cov_drop_rate=5
[2026-02-20 16:48:42] DEBUG: 	coverage_estimate_window=100
[2026-02-20 16:48:42] DEBUG: 	max_bubble_length=50000
[2026-02-20 16:48:42] DEBUG: 	loop_coverage_rate=1.5
[2026-02-20 16:48:42] DEBUG: 	repeat_edge_cov_mult=1.75
[2026-02-20 16:48:42] DEBUG: 	weak_detach_rate=5
[2026-02-20 16:48:42] DEBUG: 	tip_coverage_rate=2
[2026-02-20 16:48:42] DEBUG: 	tip_length_rate=2
[2026-02-20 16:48:42] DEBUG: 	output_gfa_before_rr=1
[2026-02-20 16:48:42] DEBUG: 	remove_alt_edges=0
[2026-02-20 16:48:42] DEBUG: 	low_cutoff_warning=0
[2026-02-20 16:48:42] DEBUG: 	kmer_size=17
[2026-02-20 16:48:42] DEBUG: 	use_minimizers=1
[2026-02-20 16:48:42] DEBUG: 	minimizer_window=10
[2026-02-20 16:48:42] DEBUG: 	reads_base_alignment=1
[2026-02-20 16:48:42] DEBUG: 	meta_read_top_kmer_rate=0.75
[2026-02-20 16:48:42] DEBUG: 	maximum_jump=1500
[2026-02-20 16:48:42] DEBUG: 	maximum_overhang=1500
[2026-02-20 16:48:42] DEBUG: 	repeat_kmer_rate=100
[2026-02-20 16:48:42] DEBUG: 	assemble_ovlp_divergence=0.03
[2026-02-20 16:48:42] DEBUG: 	assemble_divergence_relative=1
[2026-02-20 16:48:42] DEBUG: 	repeat_graph_ovlp_divergence=0.03
[2026-02-20 16:48:42] DEBUG: 	read_align_ovlp_divergence=0.10
[2026-02-20 16:48:42] DEBUG: 	hpc_scoring_on=1
[2026-02-20 16:48:42] DEBUG: 	add_unassembled_reads=0
[2026-02-20 16:48:42] DEBUG: 	extend_contigs_with_repeats=0
[2026-02-20 16:48:42] DEBUG: 	min_read_cov_cutoff=3
[2026-02-20 16:48:42] DEBUG: 	short_tip_length=20000
[2026-02-20 16:48:42] DEBUG: 	long_tip_length=100000
[2026-02-20 16:48:42] DEBUG: Running with k-mer size: 17
[2026-02-20 16:48:42] DEBUG: Selected minimum overlap 1000
[2026-02-20 16:48:42] DEBUG: Metagenome mode: Y
[2026-02-20 16:48:42] INFO: Parsing disjointigs
[2026-02-20 16:48:42] DEBUG: Building positional index
[2026-02-20 16:48:42] DEBUG: Total sequence: 349733 bp
[2026-02-20 16:48:42] INFO: Building repeat graph
[2026-02-20 16:48:43] DEBUG: Mean k-mer frequency: 1.079
[2026-02-20 16:48:43] DEBUG: Repetitive k-mer frequency: 107
[2026-02-20 16:48:43] DEBUG: Filtered 0 repetitive k-mers (0)
[2026-02-20 16:48:43] DEBUG: Sorting k-mer index
[2026-02-20 16:48:43] DEBUG: Selected k-mers: 58745
[2026-02-20 16:48:43] DEBUG: K-mer index size: 63387
[2026-02-20 16:48:43] DEBUG: Mean k-mer frequency: 1.07902
[2026-02-20 16:48:43] DEBUG: Minimizer rate: 5.51742
[2026-02-20 16:48:43] DEBUG: Computing transitive closure for overlaps
[2026-02-20 16:48:43] DEBUG: Found 20 overlaps
[2026-02-20 16:48:43] DEBUG: Left 8 overlaps after filtering
[2026-02-20 16:48:43] INFO: Median overlap divergence: 0.0208054
[2026-02-20 16:48:43] DEBUG: Sequence divergence distribution: 

    |    * |                                                                                             
    |    * |                                                                                             
    |    * |                                                                                             
    |    * |                                                                                             
    |    * |                                                                                             
    |    * |                                                                                             
    |    * |                                                                                             
    |    * |                                                                                             
    |    * |                                                                                             
    |    * |                                                                                             
    |*   * |                                                                                             
    |*   * |                                                                                             
    |*   * |                                                                                             
    |*   * |                                                                                             
    |*   * |                                                                                             
    |*   * |                                                                                             
    |*   * |                                                                                             
    |*   * |                                                                                             
    |*   * |                                                                                             
    |*   * |                                                                                             
    ----------------------------------------------------------------------------------------------------
    0%        5%        10%       15%       20%       25%       30%       35%       40%       45%       

    Q25 = 0.0032, Q50 = 0.021, Q75 = 0.021

[2026-02-20 16:48:43] DEBUG: Computing gluepoints
[2026-02-20 16:48:43] DEBUG: Added 0 gluepoint projections
[2026-02-20 16:48:43] DEBUG: Created 152 gluepoints
[2026-02-20 16:48:43] DEBUG: Artificial loops removed: 0 left, 0 right, 0 both
[2026-02-20 16:48:43] DEBUG: Initializing edges
[2026-02-20 16:48:43] DEBUG: Edges length checksum: 4903831865
[2026-02-20 16:48:43] DEBUG: Filtered 0 singleton segments
[2026-02-20 16:48:43] DEBUG: Removed 0 simple and 0 double chimeric junctions
[2026-02-20 16:48:43] DEBUG: Collapsed 2 edges
[2026-02-20 16:48:43] DEBUG: *	1	+disjointig_1	0	3146	3146	
[2026-02-20 16:48:43] DEBUG: *	39	+disjointig_10	7333	16105	8772	
[2026-02-20 16:48:43] DEBUG: *	4	+disjointig_11	0	2486	2486	
[2026-02-20 16:48:43] DEBUG: *	5	+disjointig_12	0	9105	9105	
[2026-02-20 16:48:43] DEBUG: *	6	+disjointig_13	0	5245	5245	
[2026-02-20 16:48:43] DEBUG: *	7	+disjointig_14	0	22210	22210	
[2026-02-20 16:48:43] DEBUG: *	8	+disjointig_15	0	26383	26383	
[2026-02-20 16:48:43] DEBUG: *	9	+disjointig_16	0	4315	4315	
[2026-02-20 16:48:43] DEBUG: *	10	+disjointig_17	0	20888	20888	
[2026-02-20 16:48:43] DEBUG: *	40	+disjointig_18	10918	29070	18152	
[2026-02-20 16:48:43] DEBUG: *	13	+disjointig_19	0	2592	2592	
[2026-02-20 16:48:43] DEBUG: *	14	+disjointig_2	0	10485	10485	
[2026-02-20 16:48:43] DEBUG: *	15	+disjointig_20	0	7880	7880	
[2026-02-20 16:48:43] DEBUG: *	16	+disjointig_21	0	20878	20878	
[2026-02-20 16:48:43] DEBUG: *	17	+disjointig_22	0	6208	6208	
[2026-02-20 16:48:43] DEBUG: *	18	+disjointig_23	0	12876	12876	
[2026-02-20 16:48:43] DEBUG: *	19	+disjointig_24	0	9522	9522	
[2026-02-20 16:48:43] DEBUG: *	20	+disjointig_25	0	2845	2845	
[2026-02-20 16:48:43] DEBUG: *	21	+disjointig_26	0	2618	2618	
[2026-02-20 16:48:43] DEBUG: *	22	+disjointig_27	0	6687	6687	
[2026-02-20 16:48:43] DEBUG: *	23	+disjointig_28	0	2291	2291	
[2026-02-20 16:48:43] DEBUG: *	24	+disjointig_29	0	5713	5713	
[2026-02-20 16:48:43] DEBUG: *	25	+disjointig_3	0	2859	2859	
[2026-02-20 16:48:43] DEBUG: *	26	+disjointig_30	0	9641	9641	
[2026-02-20 16:48:43] DEBUG: *	27	+disjointig_31	0	12994	12994	
[2026-02-20 16:48:43] DEBUG: *	28	+disjointig_32	0	7043	7043	
[2026-02-20 16:48:43] DEBUG: *	29	+disjointig_33	0	7487	7487	
[2026-02-20 16:48:43] DEBUG: *	30	+disjointig_34	0	6795	6795	
[2026-02-20 16:48:43] DEBUG: *	31	+disjointig_35	0	2867	2867	
[2026-02-20 16:48:43] DEBUG: *	32	+disjointig_36	0	5284	5284	
[2026-02-20 16:48:43] DEBUG: *	33	+disjointig_4	0	2920	2920	
[2026-02-20 16:48:43] DEBUG: *	34	+disjointig_5	0	5631	5631	
[2026-02-20 16:48:43] DEBUG: *	35	+disjointig_6	0	14331	14331	
[2026-02-20 16:48:43] DEBUG: *	36	+disjointig_7	0	7131	7131	
[2026-02-20 16:48:43] DEBUG: *	37	+disjointig_8	0	4252	4252	
[2026-02-20 16:48:43] DEBUG: *	38	+disjointig_9	0	30904	30904	
[2026-02-20 16:48:43] DEBUG: Total edges: 40
[2026-02-20 16:48:43] INFO: Parsing reads
[2026-02-20 16:48:43] DEBUG: Building positional index
[2026-02-20 16:48:43] DEBUG: Total sequence: 2152002 bp
[2026-02-20 16:48:43] DEBUG: Building positional index
[2026-02-20 16:48:43] DEBUG: Total sequence: 331436 bp
[2026-02-20 16:48:43] INFO: Aligning reads to the graph
[2026-02-20 16:48:43] DEBUG: Mean k-mer frequency: 1.02923
[2026-02-20 16:48:43] DEBUG: Repetitive k-mer frequency: 102
[2026-02-20 16:48:43] DEBUG: Filtered 0 repetitive k-mers (0)
[2026-02-20 16:48:43] DEBUG: Sorting k-mer index
[2026-02-20 16:48:43] DEBUG: Selected k-mers: 58393
[2026-02-20 16:48:43] DEBUG: K-mer index size: 60101
[2026-02-20 16:48:43] DEBUG: Mean k-mer frequency: 1.02925
[2026-02-20 16:48:43] DEBUG: Minimizer rate: 5.51465
[2026-02-20 16:48:43] DEBUG: Total reads : 513
[2026-02-20 16:48:43] DEBUG: Read with aligned parts : 128
[2026-02-20 16:48:43] DEBUG: Aligned in one piece : 128
[2026-02-20 16:48:43] INFO: Aligned read sequence: 628355 / 1936563 (0.324469)
[2026-02-20 16:48:43] INFO: Median overlap divergence: 0.00290793
[2026-02-20 16:48:43] DEBUG: Sequence divergence distribution: 

    |*                   |                                                                               
    |*                   |                                                                               
    |*                   |                                                                               
    |*                   |                                                                               
    |*                   |                                                                               
    |*                   |                                                                               
    |*                   |                                                                               
    |*                   |                                                                               
    |*                   |                                                                               
    |*                   |                                                                               
    |*                   |                                                                               
    |*                   |                                                                               
    |*                   |                                                                               
    |*                   |                                                                               
    |**                  |                                                                               
    |**                  |                                                                               
    |**                  |                                                                               
    |***                 |                                                                               
    |***                 |                                                                               
    |*******             |                                                                               
    ----------------------------------------------------------------------------------------------------
    0%        5%        10%       15%       20%       25%       30%       35%       40%       45%       

    Q25 = 0.0014, Q50 = 0.0029, Q75 = 0.007

[2026-02-20 16:48:43] INFO: Mean edge coverage: 1
[2026-02-20 16:48:43] DEBUG: 1	len:3146	cov:2	mult:2
[2026-02-20 16:48:43] DEBUG: -1	len:3146	cov:2	mult:2
[2026-02-20 16:48:43] DEBUG: 4	len:2486	cov:2	mult:2
[2026-02-20 16:48:43] DEBUG: -4	len:2486	cov:2	mult:2
[2026-02-20 16:48:43] DEBUG: 5	len:9105	cov:2	mult:2
[2026-02-20 16:48:43] DEBUG: -5	len:9105	cov:2	mult:2
[2026-02-20 16:48:43] DEBUG: 6	len:5245	cov:2	mult:2
[2026-02-20 16:48:43] DEBUG: -6	len:5245	cov:2	mult:2
[2026-02-20 16:48:43] DEBUG: 7	len:22210	cov:1	mult:1
[2026-02-20 16:48:43] DEBUG: -7	len:22210	cov:1	mult:1
[2026-02-20 16:48:43] DEBUG: 8	len:26383	cov:1	mult:1
[2026-02-20 16:48:43] DEBUG: -8	len:26383	cov:1	mult:1
[2026-02-20 16:48:43] DEBUG: 9	len:4315	cov:2	mult:2
[2026-02-20 16:48:43] DEBUG: -9	len:4315	cov:2	mult:2
[2026-02-20 16:48:43] DEBUG: 10	len:20888	cov:1	mult:1
[2026-02-20 16:48:43] DEBUG: -10	len:20888	cov:1	mult:1
[2026-02-20 16:48:43] DEBUG: 13	len:2592	cov:2	mult:2
[2026-02-20 16:48:43] DEBUG: -13	len:2592	cov:2	mult:2
[2026-02-20 16:48:43] DEBUG: 14	len:10485	cov:3	mult:3
[2026-02-20 16:48:43] DEBUG: -14	len:10485	cov:3	mult:3
[2026-02-20 16:48:43] DEBUG: 15	len:7880	cov:2	mult:2
[2026-02-20 16:48:43] DEBUG: -15	len:7880	cov:2	mult:2
[2026-02-20 16:48:43] DEBUG: 16	len:20878	cov:1	mult:1
[2026-02-20 16:48:43] DEBUG: -16	len:20878	cov:1	mult:1
[2026-02-20 16:48:43] DEBUG: 17	len:6208	cov:2	mult:2
[2026-02-20 16:48:43] DEBUG: -17	len:6208	cov:2	mult:2
[2026-02-20 16:48:43] DEBUG: 18	len:12876	cov:1	mult:1
[2026-02-20 16:48:43] DEBUG: -18	len:12876	cov:1	mult:1
[2026-02-20 16:48:43] DEBUG: 19	len:9522	cov:2	mult:2
[2026-02-20 16:48:43] DEBUG: -19	len:9522	cov:2	mult:2
[2026-02-20 16:48:43] DEBUG: 20	len:2845	cov:2	mult:2
[2026-02-20 16:48:43] DEBUG: -20	len:2845	cov:2	mult:2
[2026-02-20 16:48:43] DEBUG: 21	len:2618	cov:1	mult:1
[2026-02-20 16:48:43] DEBUG: -21	len:2618	cov:1	mult:1
[2026-02-20 16:48:43] DEBUG: 22	len:6687	cov:1	mult:1
[2026-02-20 16:48:43] DEBUG: -22	len:6687	cov:1	mult:1
[2026-02-20 16:48:43] DEBUG: 23	len:2291	cov:2	mult:2
[2026-02-20 16:48:43] DEBUG: -23	len:2291	cov:2	mult:2
[2026-02-20 16:48:43] DEBUG: 24	len:5713	cov:2	mult:2
[2026-02-20 16:48:43] DEBUG: -24	len:5713	cov:2	mult:2
[2026-02-20 16:48:43] DEBUG: 25	len:2859	cov:2	mult:2
[2026-02-20 16:48:43] DEBUG: -25	len:2859	cov:2	mult:2
[2026-02-20 16:48:43] DEBUG: 26	len:9641	cov:1	mult:1
[2026-02-20 16:48:43] DEBUG: -26	len:9641	cov:1	mult:1
[2026-02-20 16:48:43] DEBUG: 27	len:12994	cov:2	mult:2
[2026-02-20 16:48:43] DEBUG: -27	len:12994	cov:2	mult:2
[2026-02-20 16:48:43] DEBUG: 28	len:7043	cov:1	mult:1
[2026-02-20 16:48:43] DEBUG: -28	len:7043	cov:1	mult:1
[2026-02-20 16:48:43] DEBUG: 29	len:7487	cov:1	mult:1
[2026-02-20 16:48:43] DEBUG: -29	len:7487	cov:1	mult:1
[2026-02-20 16:48:43] DEBUG: 30	len:6795	cov:1	mult:1
[2026-02-20 16:48:43] DEBUG: -30	len:6795	cov:1	mult:1
[2026-02-20 16:48:43] DEBUG: 31	len:2867	cov:1	mult:1
[2026-02-20 16:48:43] DEBUG: -31	len:2867	cov:1	mult:1
[2026-02-20 16:48:43] DEBUG: 32	len:5284	cov:2	mult:2
[2026-02-20 16:48:43] DEBUG: -32	len:5284	cov:2	mult:2
[2026-02-20 16:48:43] DEBUG: 33	len:2920	cov:2	mult:2
[2026-02-20 16:48:43] DEBUG: -33	len:2920	cov:2	mult:2
[2026-02-20 16:48:43] DEBUG: 34	len:5631	cov:1	mult:1
[2026-02-20 16:48:43] DEBUG: -34	len:5631	cov:1	mult:1
[2026-02-20 16:48:43] DEBUG: 35	len:14331	cov:2	mult:2
[2026-02-20 16:48:43] DEBUG: -35	len:14331	cov:2	mult:2
[2026-02-20 16:48:43] DEBUG: 36	len:7131	cov:2	mult:2
[2026-02-20 16:48:43] DEBUG: -36	len:7131	cov:2	mult:2
[2026-02-20 16:48:43] DEBUG: 37	len:4252	cov:2	mult:2
[2026-02-20 16:48:43] DEBUG: -37	len:4252	cov:2	mult:2
[2026-02-20 16:48:43] DEBUG: 38	len:30904	cov:1	mult:1
[2026-02-20 16:48:43] DEBUG: -38	len:30904	cov:1	mult:1
[2026-02-20 16:48:43] DEBUG: 39	len:8772	cov:3	mult:3
[2026-02-20 16:48:43] DEBUG: -39	len:8772	cov:3	mult:3
[2026-02-20 16:48:43] DEBUG: 40	len:18152	cov:4	mult:4
[2026-02-20 16:48:43] DEBUG: -40	len:18152	cov:4	mult:4
[2026-02-20 16:48:43] DEBUG: Unique coverage threshold 1
[2026-02-20 16:48:43] INFO: Simplifying the graph
[2026-02-20 16:48:43] DEBUG: Read coverage cutoff: 3
[2026-02-20 16:48:43] DEBUG: [SIMPL] Removed 33 paths with low coverage
[2026-02-20 16:48:43] DEBUG: [SIMPL] Masked 0 heterozygous loops
[2026-02-20 16:48:43] DEBUG: [SIMPL] Masked 0 simple bubbles
[2026-02-20 16:48:43] DEBUG: [SIMPL] Masked 0 roundabouts
[2026-02-20 16:48:43] DEBUG: [SIMPL] Masked 0 superbubbles
[2026-02-20 16:48:43] DEBUG: Finding repeats
[2026-02-20 16:48:43] DEBUG: Read coverage cutoff: 3
[2026-02-20 16:48:43] DEBUG: Repeat detection iteration 1
[2026-02-20 16:48:43] DEBUG: Repeat detection iteration 2
[2026-02-20 16:48:43] DEBUG: Writing Dot
[2026-02-20 16:48:43] DEBUG: Writing FASTA
[2026-02-20 16:48:43] DEBUG: Writing Gfa
[2026-02-20 16:48:43] DEBUG: [SIMPL] Resolved 0 simple repeats
[2026-02-20 16:48:43] DEBUG: [SIMPL] == Iteration 1 ==
[2026-02-20 16:48:43] DEBUG: Splitting nodes
[2026-02-20 16:48:43] DEBUG: [SIMPL] Split 0 nodes
[2026-02-20 16:48:43] DEBUG: [SIMPL] Disconnected 0 minor paths
[2026-02-20 16:48:43] DEBUG: [SIMPL] Clipped 0 short and 0 long tips
[2026-02-20 16:48:43] DEBUG: [SIMPL] Masked 0 heterozygous loops
[2026-02-20 16:48:43] DEBUG: [SIMPL] Masked 0 simple bubbles
[2026-02-20 16:48:43] DEBUG: [SIMPL] Masked 0 roundabouts
[2026-02-20 16:48:43] DEBUG: [SIMPL] Masked 0 superbubbles
[2026-02-20 16:48:43] DEBUG: Finding repeats
[2026-02-20 16:48:43] DEBUG: Read coverage cutoff: 3
[2026-02-20 16:48:43] DEBUG: Repeat detection iteration 1
[2026-02-20 16:48:43] DEBUG: Repeat detection iteration 2
[2026-02-20 16:48:43] DEBUG: Total unique edges: 3
[2026-02-20 16:48:43] DEBUG: [SIMPL] Resolved repeats: 0
[2026-02-20 16:48:43] DEBUG: RR links: 0
[2026-02-20 16:48:43] DEBUG: Unresolved: 0
[2026-02-20 16:48:43] DEBUG: Removed 0 simple and 0 double chimeric junctions
[2026-02-20 16:48:43] DEBUG: [SIMPL] Simplified 0 forks
[2026-02-20 16:48:43] DEBUG: [SIMPL] Collapsed 0 haplotypes
[2026-02-20 16:48:43] DEBUG: [SIMPL] Resolved 0 simple repeats
[2026-02-20 16:48:43] DEBUG: Read coverage cutoff: 3
[2026-02-20 16:48:43] DEBUG: [SIMPL] Removed 0 paths with low coverage
[2026-02-20 16:48:43] DEBUG: Finding repeats
[2026-02-20 16:48:43] DEBUG: Read coverage cutoff: 3
[2026-02-20 16:48:43] DEBUG: Repeat detection iteration 1
[2026-02-20 16:48:43] DEBUG: Repeat detection iteration 2
[2026-02-20 16:48:43] DEBUG: Writing Dot
[2026-02-20 16:48:43] DEBUG: Writing FASTA
[2026-02-20 16:48:43] DEBUG: Peak RAM usage: 0 Gb
-----------End assembly log------------
[2026-02-20 16:48:43] root: INFO: >>>STAGE: contigger
[2026-02-20 16:48:43] root: INFO: Generating contigs
[2026-02-20 16:48:43] root: DEBUG: -----Begin contigger analyser log------
[2026-02-20 16:48:43] root: DEBUG: Running: flye-modules contigger --graph-edges /scratch/ky/characterization/results/barcode19/assembly/20-repeat/repeat_graph_edges.fasta --reads /scratch/ky/characterization/FASTQ/SQK-RBK114-96_barcode19.fastq --out-dir /scratch/ky/characterization/results/barcode19/assembly/30-contigger --config /data/softs/Miniforge3-25.11.0-0/envs/flye-2.9.6/lib/python3.12/site-packages/flye/config/bin_cfg/asm_nano_hq.cfg --repeat-graph /scratch/ky/characterization/results/barcode19/assembly/20-repeat/repeat_graph_dump --graph-aln /scratch/ky/characterization/results/barcode19/assembly/20-repeat/read_alignment_dump --log /scratch/ky/characterization/results/barcode19/assembly/flye.log --threads 16 --min-ovlp 1000
[2026-02-20 16:48:43] DEBUG: Build date: May  4 2025 23:18:25
[2026-02-20 16:48:43] DEBUG: Total RAM: 251 Gb
[2026-02-20 16:48:43] DEBUG: Available RAM: 247 Gb
[2026-02-20 16:48:43] DEBUG: Total CPUs: 32
[2026-02-20 16:48:43] DEBUG: Loading /data/softs/Miniforge3-25.11.0-0/envs/flye-2.9.6/lib/python3.12/site-packages/flye/config/bin_cfg/asm_nano_hq.cfg
[2026-02-20 16:48:43] DEBUG: Loading /data/softs/Miniforge3-25.11.0-0/envs/flye-2.9.6/lib/python3.12/site-packages/flye/config/bin_cfg/asm_defaults.cfg
[2026-02-20 16:48:43] DEBUG: 	big_genome_threshold=29000000
[2026-02-20 16:48:43] DEBUG: 	meta_read_filter_kmer_freq=100
[2026-02-20 16:48:43] DEBUG: 	chain_large_gap_penalty=2
[2026-02-20 16:48:43] DEBUG: 	chain_small_gap_penalty=0.5
[2026-02-20 16:48:43] DEBUG: 	chain_gap_jump_threshold=100
[2026-02-20 16:48:43] DEBUG: 	max_jump_gap=500
[2026-02-20 16:48:43] DEBUG: 	max_coverage_drop_rate=5
[2026-02-20 16:48:43] DEBUG: 	max_extensions_drop_rate=5
[2026-02-20 16:48:43] DEBUG: 	chimera_window=100
[2026-02-20 16:48:43] DEBUG: 	chimera_overhang=1000
[2026-02-20 16:48:43] DEBUG: 	min_reads_in_disjointig=4
[2026-02-20 16:48:43] DEBUG: 	max_inner_reads=10
[2026-02-20 16:48:43] DEBUG: 	max_inner_fraction=0.25
[2026-02-20 16:48:43] DEBUG: 	aggressive_dup_filter=1
[2026-02-20 16:48:43] DEBUG: 	max_separation=500
[2026-02-20 16:48:43] DEBUG: 	unique_edge_length=50000
[2026-02-20 16:48:43] DEBUG: 	min_repeat_res_support=0.51
[2026-02-20 16:48:43] DEBUG: 	out_paths_ratio=5
[2026-02-20 16:48:43] DEBUG: 	graph_cov_drop_rate=5
[2026-02-20 16:48:43] DEBUG: 	coverage_estimate_window=100
[2026-02-20 16:48:43] DEBUG: 	max_bubble_length=50000
[2026-02-20 16:48:43] DEBUG: 	loop_coverage_rate=1.5
[2026-02-20 16:48:43] DEBUG: 	repeat_edge_cov_mult=1.75
[2026-02-20 16:48:43] DEBUG: 	weak_detach_rate=5
[2026-02-20 16:48:43] DEBUG: 	tip_coverage_rate=2
[2026-02-20 16:48:43] DEBUG: 	tip_length_rate=2
[2026-02-20 16:48:43] DEBUG: 	output_gfa_before_rr=1
[2026-02-20 16:48:43] DEBUG: 	remove_alt_edges=0
[2026-02-20 16:48:43] DEBUG: 	low_cutoff_warning=0
[2026-02-20 16:48:43] DEBUG: 	kmer_size=17
[2026-02-20 16:48:43] DEBUG: 	use_minimizers=1
[2026-02-20 16:48:43] DEBUG: 	minimizer_window=10
[2026-02-20 16:48:43] DEBUG: 	reads_base_alignment=1
[2026-02-20 16:48:43] DEBUG: 	meta_read_top_kmer_rate=0.75
[2026-02-20 16:48:43] DEBUG: 	maximum_jump=1500
[2026-02-20 16:48:43] DEBUG: 	maximum_overhang=1500
[2026-02-20 16:48:43] DEBUG: 	repeat_kmer_rate=100
[2026-02-20 16:48:43] DEBUG: 	assemble_ovlp_divergence=0.03
[2026-02-20 16:48:43] DEBUG: 	assemble_divergence_relative=1
[2026-02-20 16:48:43] DEBUG: 	repeat_graph_ovlp_divergence=0.03
[2026-02-20 16:48:43] DEBUG: 	read_align_ovlp_divergence=0.10
[2026-02-20 16:48:43] DEBUG: 	hpc_scoring_on=1
[2026-02-20 16:48:43] DEBUG: 	add_unassembled_reads=0
[2026-02-20 16:48:43] DEBUG: 	extend_contigs_with_repeats=0
[2026-02-20 16:48:43] DEBUG: 	min_read_cov_cutoff=3
[2026-02-20 16:48:43] DEBUG: 	short_tip_length=20000
[2026-02-20 16:48:43] DEBUG: 	long_tip_length=100000
[2026-02-20 16:48:43] DEBUG: Running with k-mer size: 17
[2026-02-20 16:48:43] DEBUG: Selected minimum overlap 1000
[2026-02-20 16:48:43] INFO: Reading sequences
[2026-02-20 16:48:43] DEBUG: Building positional index
[2026-02-20 16:48:43] DEBUG: Total sequence: 2152002 bp
[2026-02-20 16:48:43] DEBUG: Flipped 0
[2026-02-20 16:48:43] DEBUG: UPath 1: 14
[2026-02-20 16:48:43] DEBUG: UPath 2: 39
[2026-02-20 16:48:43] DEBUG: UPath 3: 40
[2026-02-20 16:48:43] DEBUG: Final graph contains 3 egdes
[2026-02-20 16:48:43] DEBUG: Extending contigs into repeats
[2026-02-20 16:48:43] DEBUG: Covered 0 repetitive contigs
[2026-02-20 16:48:43] INFO: Generated 3 contigs
[2026-02-20 16:48:43] DEBUG: Writing FASTA
[2026-02-20 16:48:43] DEBUG: Generating scaffold connections
[2026-02-20 16:48:43] INFO: Added 0 scaffold connections
[2026-02-20 16:48:43] DEBUG: Writing Dot
[2026-02-20 16:48:43] DEBUG: Writing FASTA
[2026-02-20 16:48:43] DEBUG: Writing Gfa
[2026-02-20 16:48:43] DEBUG: Peak RAM usage: 0 Gb
-----------End assembly log------------
[2026-02-20 16:48:43] root: INFO: >>>STAGE: polishing
[2026-02-20 16:48:43] root: INFO: Polishing genome (1/1)
[2026-02-20 16:48:43] root: INFO: Running minimap2
[2026-02-20 16:48:43] root: INFO: Separating alignment into bubbles
[2026-02-20 16:48:43] root: DEBUG: Generated 2096 bubbles
[2026-02-20 16:48:43] root: DEBUG: Split 6 long bubbles
[2026-02-20 16:48:43] root: DEBUG: Skipped 7 empty bubbles
[2026-02-20 16:48:43] root: DEBUG: Skipped 0 bubbles with long branches
[2026-02-20 16:48:43] root: INFO: Alignment error rate: 0.006317
[2026-02-20 16:48:43] root: INFO: Correcting bubbles
[2026-02-20 16:48:43] root: DEBUG: Mean contig coverage: 3, selected threshold: 3
[2026-02-20 16:48:43] root: DEBUG: Filtered 0 contigs of total length 0
[2026-02-20 16:48:43] root: DEBUG: Generating polished GFA
[2026-02-20 16:48:43] root: DEBUG: 1 sequences remained unpolished
[2026-02-20 16:48:43] root: INFO: >>>STAGE: finalize
[2026-02-20 16:48:43] root: DEBUG: ---Output dir contents:----
[2026-02-20 16:48:43] root: DEBUG: assembly/
[2026-02-20 16:48:43] root: DEBUG:     47.0 K      flye.log
[2026-02-20 16:48:43] root: DEBUG:     92.0 B      params.json
[2026-02-20 16:48:43] root: DEBUG:     583.0 B     assembly_graph.gv
[2026-02-20 16:48:43] root: DEBUG:     36.0 K      assembly_graph.gfa
[2026-02-20 16:48:43] root: DEBUG:     33.0 K      assembly.fasta
[2026-02-20 16:48:43] root: DEBUG:     00-assembly/
[2026-02-20 16:48:43] root: DEBUG:         346.0 K     draft_assembly.fasta
[2026-02-20 16:48:43] root: DEBUG:         1.0 K       draft_assembly.fasta.fai
[2026-02-20 16:48:43] root: DEBUG:     10-consensus/
[2026-02-20 16:48:43] root: DEBUG:         964.0 B     minimap.stderr
[2026-02-20 16:48:43] root: DEBUG:         517.0 B     minimap.bam.csi
[2026-02-20 16:48:43] root: DEBUG:         347.0 K     consensus.fasta
[2026-02-20 16:48:43] root: DEBUG:     20-repeat/
[2026-02-20 16:48:43] root: DEBUG:         589.0 B     graph_before_rr.gv
[2026-02-20 16:48:43] root: DEBUG:         37.0 K      graph_before_rr.fasta
[2026-02-20 16:48:43] root: DEBUG:         36.0 K      graph_before_rr.gfa
[2026-02-20 16:48:43] root: DEBUG:         589.0 B     graph_after_rr.gv
[2026-02-20 16:48:43] root: DEBUG:         557.0 B     repeat_graph_dump
[2026-02-20 16:48:43] root: DEBUG:         34.0 K      read_alignment_dump
[2026-02-20 16:48:43] root: DEBUG:         328.0 K     repeat_graph_edges.fasta
[2026-02-20 16:48:43] root: DEBUG:     30-contigger/
[2026-02-20 16:48:43] root: DEBUG:         37.0 K      contigs.fasta
[2026-02-20 16:48:43] root: DEBUG:         172.0 B     contigs_stats.txt
[2026-02-20 16:48:43] root: DEBUG:         0.0 B       scaffolds_links.txt
[2026-02-20 16:48:43] root: DEBUG:         583.0 B     graph_final.gv
[2026-02-20 16:48:43] root: DEBUG:         37.0 K      graph_final.fasta
[2026-02-20 16:48:43] root: DEBUG:         36.0 K      graph_final.gfa
[2026-02-20 16:48:43] root: DEBUG:         77.0 B      contigs.fasta.fai
[2026-02-20 16:48:43] root: DEBUG:     40-polishing/
[2026-02-20 16:48:43] root: DEBUG:         919.0 B     minimap.stderr
[2026-02-20 16:48:43] root: DEBUG:         126.0 B     minimap_1.bam.csi
[2026-02-20 16:48:43] root: DEBUG:         76.0 B      contigs_stats.txt
[2026-02-20 16:48:43] root: DEBUG:         9.0 K       base_coverage.bed.gz
[2026-02-20 16:48:43] root: DEBUG:         33.0 K      filtered_contigs.fasta
[2026-02-20 16:48:43] root: DEBUG:         76.0 B      filtered_stats.txt
[2026-02-20 16:48:43] root: DEBUG:         77.0 B      filtered_contigs.fasta.fai
[2026-02-20 16:48:43] root: DEBUG:         117.0 B     edges_aln.bam.csi
[2026-02-20 16:48:43] root: DEBUG:         36.0 K      polished_edges.gfa
[2026-02-20 16:48:43] root: DEBUG: --------------------------
[2026-02-20 16:48:43] root: INFO: Assembly statistics:

	Total length:	34093
	Fragments:	3
	Fragments N50:	10493
	Largest frg:	14827
	Scaffolds:	0
	Mean coverage:	3

[2026-02-20 16:48:43] root: INFO: Final assembly: /scratch/ky/characterization/results/barcode19/assembly/assembly.fasta
