[2026-02-20 16:51:04] root: INFO: Starting Flye 2.9.6-b1802
[2026-02-20 16:51:04] root: DEBUG: Cmd: /data/softs/Miniforge3-25.11.0-0/envs/flye-2.9.6/bin/flye --meta --nano-hq /scratch/ky/characterization/FASTQ/SQK-RBK114-96_barcode21.fastq -o /scratch/ky/characterization/results/barcode21/assembly/ -t 16
[2026-02-20 16:51:04] root: DEBUG: Python version: 3.12.12 | packaged by conda-forge | (main, Jan 26 2026, 23:51:32) [GCC 14.3.0]
[2026-02-20 16:51:04] root: INFO: >>>STAGE: configure
[2026-02-20 16:51:04] root: INFO: Configuring run
[2026-02-20 16:51:05] root: INFO: Total read length: 372028993
[2026-02-20 16:51:05] root: INFO: Reads N50/N90: 9274 / 1806
[2026-02-20 16:51:05] root: INFO: Minimum overlap set to 2000
[2026-02-20 16:51:05] root: INFO: >>>STAGE: assembly
[2026-02-20 16:51:05] root: INFO: Assembling disjointigs
[2026-02-20 16:51:05] root: DEBUG: -----Begin assembly log------
[2026-02-20 16:51:05] root: DEBUG: Running: flye-modules assemble --reads /scratch/ky/characterization/FASTQ/SQK-RBK114-96_barcode21.fastq --out-asm /scratch/ky/characterization/results/barcode21/assembly/00-assembly/draft_assembly.fasta --config /data/softs/Miniforge3-25.11.0-0/envs/flye-2.9.6/lib/python3.12/site-packages/flye/config/bin_cfg/asm_nano_hq.cfg --log /scratch/ky/characterization/results/barcode21/assembly/flye.log --threads 16 --meta --min-ovlp 2000
[2026-02-20 16:51:05] DEBUG: Build date: May  4 2025 23:17:52
[2026-02-20 16:51:05] DEBUG: Total RAM: 251 Gb
[2026-02-20 16:51:05] DEBUG: Available RAM: 246 Gb
[2026-02-20 16:51:05] DEBUG: Total CPUs: 32
[2026-02-20 16:51:05] DEBUG: Loading /data/softs/Miniforge3-25.11.0-0/envs/flye-2.9.6/lib/python3.12/site-packages/flye/config/bin_cfg/asm_nano_hq.cfg
[2026-02-20 16:51:05] DEBUG: Loading /data/softs/Miniforge3-25.11.0-0/envs/flye-2.9.6/lib/python3.12/site-packages/flye/config/bin_cfg/asm_defaults.cfg
[2026-02-20 16:51:05] DEBUG: 	big_genome_threshold=29000000
[2026-02-20 16:51:05] DEBUG: 	meta_read_filter_kmer_freq=100
[2026-02-20 16:51:05] DEBUG: 	chain_large_gap_penalty=2
[2026-02-20 16:51:05] DEBUG: 	chain_small_gap_penalty=0.5
[2026-02-20 16:51:05] DEBUG: 	chain_gap_jump_threshold=100
[2026-02-20 16:51:05] DEBUG: 	max_jump_gap=500
[2026-02-20 16:51:05] DEBUG: 	max_coverage_drop_rate=5
[2026-02-20 16:51:05] DEBUG: 	max_extensions_drop_rate=5
[2026-02-20 16:51:05] DEBUG: 	chimera_window=100
[2026-02-20 16:51:05] DEBUG: 	chimera_overhang=1000
[2026-02-20 16:51:05] DEBUG: 	min_reads_in_disjointig=4
[2026-02-20 16:51:05] DEBUG: 	max_inner_reads=10
[2026-02-20 16:51:05] DEBUG: 	max_inner_fraction=0.25
[2026-02-20 16:51:05] DEBUG: 	aggressive_dup_filter=1
[2026-02-20 16:51:05] DEBUG: 	max_separation=500
[2026-02-20 16:51:05] DEBUG: 	unique_edge_length=50000
[2026-02-20 16:51:05] DEBUG: 	min_repeat_res_support=0.51
[2026-02-20 16:51:05] DEBUG: 	out_paths_ratio=5
[2026-02-20 16:51:05] DEBUG: 	graph_cov_drop_rate=5
[2026-02-20 16:51:05] DEBUG: 	coverage_estimate_window=100
[2026-02-20 16:51:05] DEBUG: 	max_bubble_length=50000
[2026-02-20 16:51:05] DEBUG: 	loop_coverage_rate=1.5
[2026-02-20 16:51:05] DEBUG: 	repeat_edge_cov_mult=1.75
[2026-02-20 16:51:05] DEBUG: 	weak_detach_rate=5
[2026-02-20 16:51:05] DEBUG: 	tip_coverage_rate=2
[2026-02-20 16:51:05] DEBUG: 	tip_length_rate=2
[2026-02-20 16:51:05] DEBUG: 	output_gfa_before_rr=1
[2026-02-20 16:51:05] DEBUG: 	remove_alt_edges=0
[2026-02-20 16:51:05] DEBUG: 	low_cutoff_warning=0
[2026-02-20 16:51:05] DEBUG: 	kmer_size=17
[2026-02-20 16:51:05] DEBUG: 	use_minimizers=1
[2026-02-20 16:51:05] DEBUG: 	minimizer_window=10
[2026-02-20 16:51:05] DEBUG: 	reads_base_alignment=1
[2026-02-20 16:51:05] DEBUG: 	meta_read_top_kmer_rate=0.75
[2026-02-20 16:51:05] DEBUG: 	maximum_jump=1500
[2026-02-20 16:51:05] DEBUG: 	maximum_overhang=1500
[2026-02-20 16:51:05] DEBUG: 	repeat_kmer_rate=100
[2026-02-20 16:51:05] DEBUG: 	assemble_ovlp_divergence=0.03
[2026-02-20 16:51:05] DEBUG: 	assemble_divergence_relative=1
[2026-02-20 16:51:05] DEBUG: 	repeat_graph_ovlp_divergence=0.03
[2026-02-20 16:51:05] DEBUG: 	read_align_ovlp_divergence=0.10
[2026-02-20 16:51:05] DEBUG: 	hpc_scoring_on=1
[2026-02-20 16:51:05] DEBUG: 	add_unassembled_reads=0
[2026-02-20 16:51:05] DEBUG: 	extend_contigs_with_repeats=0
[2026-02-20 16:51:05] DEBUG: 	min_read_cov_cutoff=3
[2026-02-20 16:51:05] DEBUG: 	short_tip_length=20000
[2026-02-20 16:51:05] DEBUG: 	long_tip_length=100000
[2026-02-20 16:51:05] DEBUG: Running with k-mer size: 17
[2026-02-20 16:51:05] DEBUG: Running with minimum overlap 2000
[2026-02-20 16:51:05] DEBUG: Metagenome mode: Y
[2026-02-20 16:51:05] DEBUG: Short mode: N
[2026-02-20 16:51:05] INFO: Reading sequences
[2026-02-20 16:51:06] DEBUG: Building positional index
[2026-02-20 16:51:06] DEBUG: Total sequence: 321381850 bp
[2026-02-20 16:51:06] INFO: Building minimizer index
[2026-02-20 16:51:06] INFO: Pre-calculating index storage
[2026-02-20 16:51:08] DEBUG: Mean k-mer frequency: 15.0313
[2026-02-20 16:51:08] DEBUG: Repetitive k-mer frequency: 1503
[2026-02-20 16:51:08] DEBUG: Filtered 87495 repetitive k-mers (0.00150101)
[2026-02-20 16:51:08] INFO: Filling index
[2026-02-20 16:51:10] DEBUG: Sorting k-mer index
[2026-02-20 16:51:10] DEBUG: Selected k-mers: 3877961
[2026-02-20 16:51:10] DEBUG: K-mer index size: 58203320
[2026-02-20 16:51:10] DEBUG: Mean k-mer frequency: 15.0087
[2026-02-20 16:51:10] DEBUG: Minimizer rate: 5.52171
[2026-02-20 16:51:10] DEBUG: Peak RAM usage: 0 Gb
[2026-02-20 16:51:10] DEBUG: Estimating k-mer identity bias
[2026-02-20 16:51:13] DEBUG: Initial divergence estimate : 0.00692663
[2026-02-20 16:51:13] DEBUG: Relative threshold: Y
[2026-02-20 16:51:13] DEBUG: Max divergence threshold set to 0.0369266
[2026-02-20 16:51:13] INFO: Extending reads
[2026-02-20 16:51:13] DEBUG: Estimating overlap coverage
[2026-02-20 16:51:47] INFO: Overlap-based coverage: 57
[2026-02-20 16:51:47] INFO: Median overlap divergence: 0.00729167
[2026-02-20 16:51:47] DEBUG: Sequence divergence distribution: 

    |*      |                                                                                            
    |**     |                                                                                            
    |**     |                                                                                            
    |**     |                                                                                            
    |**     |                                                                                            
    |**     |                                                                                            
    |**     |                                                                                            
    |**     |                                                                                            
    |**     |                                                                                            
    |**     |                                                                                            
    |**     |                                                                                            
    |***    |                                                                                            
    |***    |                                                                                            
    |***    |                                                                                            
    |***    |                                                                                            
    |****   |                                                                                            
    |****   |                                                                                            
    |****** |                                                                                            
    |*******|                                                                                            
    |*************************      **     *                                                             
    ----------------------------------------------------------------------------------------------------
    0%        5%        10%       15%       20%       25%       30%       35%       40%       45%       

    Q25 = 0.0044, Q50 = 0.0073, Q75 = 0.015

[2026-02-20 16:52:01] DEBUG: Assembled disjointig 1
	With 676 reads
	Start read: +f38d9aff-c816-4f78-bfe9-4626c4f92615
	At position: 671
	leftTip: 0 rightTip: 0
	Suspicious: 0
	Short ext: 0
	Mean extensions: 39
	Avg overlap len: 22465
	Min overlap len: 2429
	Inner reads: 0
	Length: 5139684
[2026-02-20 16:52:01] DEBUG: Inner: 75898 covered: 76394 total: 80582
[2026-02-20 16:52:01] DEBUG: Discarded disjointig with 315 reads and 313 inner overlaps
[2026-02-20 16:52:01] DEBUG: Discarded disjointig with 117 reads and 115 inner overlaps
[2026-02-20 16:52:01] DEBUG: Discarded disjointig with 566 reads and 564 inner overlaps
[2026-02-20 16:52:01] DEBUG: Discarded disjointig with 410 reads and 408 inner overlaps
[2026-02-20 16:52:01] DEBUG: Discarded disjointig with 196 reads and 194 inner overlaps
[2026-02-20 16:52:01] DEBUG: Discarded disjointig with 474 reads and 472 inner overlaps
[2026-02-20 16:52:01] DEBUG: Discarded disjointig with 331 reads and 329 inner overlaps
[2026-02-20 16:52:01] DEBUG: Discarded disjointig with 319 reads and 317 inner overlaps
[2026-02-20 16:52:01] DEBUG: Discarded disjointig with 118 reads and 116 inner overlaps
[2026-02-20 16:52:01] DEBUG: Discarded disjointig with 216 reads and 214 inner overlaps
[2026-02-20 16:52:01] DEBUG: Discarded disjointig with 422 reads and 420 inner overlaps
[2026-02-20 16:52:01] DEBUG: Discarded disjointig with 298 reads and 296 inner overlaps
[2026-02-20 16:52:01] DEBUG: Discarded disjointig with 344 reads and 342 inner overlaps
[2026-02-20 16:52:01] DEBUG: Discarded disjointig with 242 reads and 240 inner overlaps
[2026-02-20 16:52:01] DEBUG: Assembled disjointig 2
	With 9 reads
	Start read: +9fca5d5c-9c95-4902-bea3-261f10ea2a92
	At position: 7
	leftTip: 0 rightTip: 0
	Suspicious: 1
	Short ext: 0
	Mean extensions: 24
	Avg overlap len: 9951
	Min overlap len: 6263
	Inner reads: 0
	Length: 65064
[2026-02-20 16:52:01] DEBUG: Inner: 76326 covered: 76894 total: 80582
[2026-02-20 16:52:02] DEBUG: Discarded disjointig with 9 reads and 7 inner overlaps
[2026-02-20 16:52:02] DEBUG: Discarded disjointig with 152 reads and 150 inner overlaps
[2026-02-20 16:52:02] DEBUG: Discarded disjointig with 5 reads and 3 inner overlaps
[2026-02-20 16:52:02] DEBUG: Discarded disjointig with 5 reads and 3 inner overlaps
[2026-02-20 16:52:02] DEBUG: Discarded disjointig with 6 reads and 4 inner overlaps
[2026-02-20 16:52:02] DEBUG: Assembled disjointig 3
	With 20 reads
	Start read: +0eb4ade0-6449-4620-9822-44ac72a087db
	At position: 16
	leftTip: 0 rightTip: 0
	Suspicious: 1
	Short ext: 1
	Mean extensions: 26
	Avg overlap len: 17009
	Min overlap len: 1773
	Inner reads: 0
	Length: 186704
[2026-02-20 16:52:02] DEBUG: Inner: 77470 covered: 78056 total: 80582
[2026-02-20 16:52:02] DEBUG: Discarded disjointig with 8 reads and 6 inner overlaps
[2026-02-20 16:52:02] DEBUG: Discarded disjointig with 18 reads and 16 inner overlaps
[2026-02-20 16:52:02] DEBUG: Discarded disjointig with 15 reads and 13 inner overlaps
[2026-02-20 16:52:02] DEBUG: Discarded disjointig with 18 reads and 16 inner overlaps
[2026-02-20 16:52:02] DEBUG: Discarded disjointig with 14 reads and 12 inner overlaps
[2026-02-20 16:52:02] DEBUG: Discarded disjointig with 8 reads and 6 inner overlaps
[2026-02-20 16:52:02] DEBUG: Discarded disjointig with 15 reads and 13 inner overlaps
[2026-02-20 16:52:02] DEBUG: Discarded disjointig with 7 reads and 5 inner overlaps
[2026-02-20 16:52:02] DEBUG: Discarded disjointig with 17 reads and 15 inner overlaps
[2026-02-20 16:52:02] DEBUG: Discarded disjointig with 11 reads and 9 inner overlaps
[2026-02-20 16:52:02] DEBUG: Discarded disjointig with 7 reads and 5 inner overlaps
[2026-02-20 16:52:02] DEBUG: Discarded disjointig with 19 reads and 17 inner overlaps
[2026-02-20 16:52:02] DEBUG: Discarded disjointig with 9 reads and 6 inner overlaps
[2026-02-20 16:52:02] DEBUG: Assembled disjointig 4
	With 2 reads
	Start read: +7f24f507-94ab-4124-a42b-47f6a12fb2c7
	At position: 2
	leftTip: 0 rightTip: 1
	Suspicious: 0
	Short ext: 0
	Mean extensions: 3
	Avg overlap len: 3624
	Min overlap len: 3624
	Inner reads: 0
	Length: 7274
[2026-02-20 16:52:02] DEBUG: Inner: 77602 covered: 78220 total: 80582
[2026-02-20 16:52:02] DEBUG: Assembled disjointig 5
	With 2 reads
	Start read: +6b3c10fc-6130-4298-b791-f5ec44a05d66
	At position: 1
	leftTip: 1 rightTip: 0
	Suspicious: 0
	Short ext: 0
	Mean extensions: 6
	Avg overlap len: 3620
	Min overlap len: 3620
	Inner reads: 0
	Length: 5326
[2026-02-20 16:52:02] DEBUG: Inner: 77602 covered: 78242 total: 80582
[2026-02-20 16:52:02] DEBUG: Discarded disjointig with 21 reads and 19 inner overlaps
[2026-02-20 16:52:15] DEBUG: Assembled disjointig 6
	With 1 reads
	Start read: +7ff041d8-ab74-4dd4-ab77-6d78b9dcd21e
	At position: 1
	leftTip: 1 rightTip: 1
	Suspicious: 0
	Short ext: 0
	Mean extensions: 1
	Avg overlap len: 0
	Min overlap len: 0
	Inner reads: 0
	Length: 3080
[2026-02-20 16:52:15] DEBUG: Inner: 77604 covered: 80066 total: 80582
[2026-02-20 16:52:32] INFO: Assembled 6 disjointigs
[2026-02-20 16:52:32] INFO: Generating sequence
[2026-02-20 16:52:32] DEBUG: Building positional index
[2026-02-20 16:52:32] DEBUG: Total sequence: 5403514 bp
[2026-02-20 16:52:32] DEBUG: Mean k-mer frequency: 1.05098
[2026-02-20 16:52:32] DEBUG: Repetitive k-mer frequency: 105
[2026-02-20 16:52:32] DEBUG: Filtered 175 repetitive k-mers (0.000178227)
[2026-02-20 16:52:32] DEBUG: Sorting k-mer index
[2026-02-20 16:52:32] DEBUG: Selected k-mers: 934261
[2026-02-20 16:52:32] DEBUG: K-mer index size: 981721
[2026-02-20 16:52:32] DEBUG: Mean k-mer frequency: 1.0508
[2026-02-20 16:52:32] DEBUG: Minimizer rate: 5.50412
[2026-02-20 16:52:32] INFO: Filtering contained disjointigs
[2026-02-20 16:52:36] DEBUG: Computing transitive closure for overlaps
[2026-02-20 16:52:36] DEBUG: Found 30 overlaps
[2026-02-20 16:52:36] DEBUG: Left 24 overlaps after filtering
[2026-02-20 16:52:36] INFO: Contained seqs: 1
[2026-02-20 16:52:36] DEBUG: Writing FASTA
[2026-02-20 16:52:36] DEBUG: Peak RAM usage: 1 Gb
-----------End assembly log------------
[2026-02-20 16:52:36] root: DEBUG: Disjointigs length: 5399886, N50: 5139682
[2026-02-20 16:52:36] root: INFO: >>>STAGE: consensus
[2026-02-20 16:52:36] root: INFO: Running Minimap2
[2026-02-20 16:52:50] root: INFO: Computing consensus
[2026-02-20 16:53:18] root: INFO: Alignment error rate: 0.012517
[2026-02-20 16:53:18] root: INFO: >>>STAGE: repeat
[2026-02-20 16:53:18] root: INFO: Building and resolving repeat graph
[2026-02-20 16:53:18] root: DEBUG: -----Begin repeat analyser log------
[2026-02-20 16:53:18] root: DEBUG: Running: flye-modules repeat --disjointigs /scratch/ky/characterization/results/barcode21/assembly/10-consensus/consensus.fasta --reads /scratch/ky/characterization/FASTQ/SQK-RBK114-96_barcode21.fastq --out-dir /scratch/ky/characterization/results/barcode21/assembly/20-repeat --config /data/softs/Miniforge3-25.11.0-0/envs/flye-2.9.6/lib/python3.12/site-packages/flye/config/bin_cfg/asm_nano_hq.cfg --log /scratch/ky/characterization/results/barcode21/assembly/flye.log --threads 16 --meta --min-ovlp 2000
[2026-02-20 16:53:18] DEBUG: Build date: May  4 2025 23:18:08
[2026-02-20 16:53:18] DEBUG: Total RAM: 251 Gb
[2026-02-20 16:53:18] DEBUG: Available RAM: 247 Gb
[2026-02-20 16:53:18] DEBUG: Total CPUs: 32
[2026-02-20 16:53:18] DEBUG: Loading /data/softs/Miniforge3-25.11.0-0/envs/flye-2.9.6/lib/python3.12/site-packages/flye/config/bin_cfg/asm_nano_hq.cfg
[2026-02-20 16:53:18] DEBUG: Loading /data/softs/Miniforge3-25.11.0-0/envs/flye-2.9.6/lib/python3.12/site-packages/flye/config/bin_cfg/asm_defaults.cfg
[2026-02-20 16:53:18] DEBUG: 	big_genome_threshold=29000000
[2026-02-20 16:53:18] DEBUG: 	meta_read_filter_kmer_freq=100
[2026-02-20 16:53:18] DEBUG: 	chain_large_gap_penalty=2
[2026-02-20 16:53:18] DEBUG: 	chain_small_gap_penalty=0.5
[2026-02-20 16:53:18] DEBUG: 	chain_gap_jump_threshold=100
[2026-02-20 16:53:18] DEBUG: 	max_jump_gap=500
[2026-02-20 16:53:18] DEBUG: 	max_coverage_drop_rate=5
[2026-02-20 16:53:18] DEBUG: 	max_extensions_drop_rate=5
[2026-02-20 16:53:18] DEBUG: 	chimera_window=100
[2026-02-20 16:53:18] DEBUG: 	chimera_overhang=1000
[2026-02-20 16:53:18] DEBUG: 	min_reads_in_disjointig=4
[2026-02-20 16:53:18] DEBUG: 	max_inner_reads=10
[2026-02-20 16:53:18] DEBUG: 	max_inner_fraction=0.25
[2026-02-20 16:53:18] DEBUG: 	aggressive_dup_filter=1
[2026-02-20 16:53:18] DEBUG: 	max_separation=500
[2026-02-20 16:53:18] DEBUG: 	unique_edge_length=50000
[2026-02-20 16:53:18] DEBUG: 	min_repeat_res_support=0.51
[2026-02-20 16:53:18] DEBUG: 	out_paths_ratio=5
[2026-02-20 16:53:18] DEBUG: 	graph_cov_drop_rate=5
[2026-02-20 16:53:18] DEBUG: 	coverage_estimate_window=100
[2026-02-20 16:53:18] DEBUG: 	max_bubble_length=50000
[2026-02-20 16:53:18] DEBUG: 	loop_coverage_rate=1.5
[2026-02-20 16:53:18] DEBUG: 	repeat_edge_cov_mult=1.75
[2026-02-20 16:53:18] DEBUG: 	weak_detach_rate=5
[2026-02-20 16:53:18] DEBUG: 	tip_coverage_rate=2
[2026-02-20 16:53:18] DEBUG: 	tip_length_rate=2
[2026-02-20 16:53:18] DEBUG: 	output_gfa_before_rr=1
[2026-02-20 16:53:18] DEBUG: 	remove_alt_edges=0
[2026-02-20 16:53:18] DEBUG: 	low_cutoff_warning=0
[2026-02-20 16:53:18] DEBUG: 	kmer_size=17
[2026-02-20 16:53:18] DEBUG: 	use_minimizers=1
[2026-02-20 16:53:18] DEBUG: 	minimizer_window=10
[2026-02-20 16:53:18] DEBUG: 	reads_base_alignment=1
[2026-02-20 16:53:18] DEBUG: 	meta_read_top_kmer_rate=0.75
[2026-02-20 16:53:18] DEBUG: 	maximum_jump=1500
[2026-02-20 16:53:18] DEBUG: 	maximum_overhang=1500
[2026-02-20 16:53:18] DEBUG: 	repeat_kmer_rate=100
[2026-02-20 16:53:18] DEBUG: 	assemble_ovlp_divergence=0.03
[2026-02-20 16:53:18] DEBUG: 	assemble_divergence_relative=1
[2026-02-20 16:53:18] DEBUG: 	repeat_graph_ovlp_divergence=0.03
[2026-02-20 16:53:18] DEBUG: 	read_align_ovlp_divergence=0.10
[2026-02-20 16:53:18] DEBUG: 	hpc_scoring_on=1
[2026-02-20 16:53:18] DEBUG: 	add_unassembled_reads=0
[2026-02-20 16:53:18] DEBUG: 	extend_contigs_with_repeats=0
[2026-02-20 16:53:18] DEBUG: 	min_read_cov_cutoff=3
[2026-02-20 16:53:18] DEBUG: 	short_tip_length=20000
[2026-02-20 16:53:18] DEBUG: 	long_tip_length=100000
[2026-02-20 16:53:18] DEBUG: Running with k-mer size: 17
[2026-02-20 16:53:18] DEBUG: Selected minimum overlap 2000
[2026-02-20 16:53:18] DEBUG: Metagenome mode: Y
[2026-02-20 16:53:18] INFO: Parsing disjointigs
[2026-02-20 16:53:18] DEBUG: Building positional index
[2026-02-20 16:53:18] DEBUG: Total sequence: 5402659 bp
[2026-02-20 16:53:18] INFO: Building repeat graph
[2026-02-20 16:53:19] DEBUG: Mean k-mer frequency: 1.05271
[2026-02-20 16:53:19] DEBUG: Repetitive k-mer frequency: 105
[2026-02-20 16:53:19] DEBUG: Filtered 142 repetitive k-mers (0.000144602)
[2026-02-20 16:53:19] DEBUG: Sorting k-mer index
[2026-02-20 16:53:19] DEBUG: Selected k-mers: 932832
[2026-02-20 16:53:19] DEBUG: K-mer index size: 981865
[2026-02-20 16:53:19] DEBUG: Mean k-mer frequency: 1.05256
[2026-02-20 16:53:19] DEBUG: Minimizer rate: 5.50245
[2026-02-20 16:53:20] DEBUG: Computing transitive closure for overlaps
[2026-02-20 16:53:20] DEBUG: Found 616 overlaps
[2026-02-20 16:53:20] DEBUG: Left 248 overlaps after filtering
[2026-02-20 16:53:20] INFO: Median overlap divergence: 0.0279756
[2026-02-20 16:53:20] DEBUG: Sequence divergence distribution: 

    |*     |                                                                                             
    |*     |                                                                                             
    |*     |                                                                                             
    |*     |                                                                                             
    |*     |                                                                                             
    |*     |                                                                                             
    |*     |                                                                                             
    |*     |                                                                                             
    |*     |                                                                                             
    |*     |                                                                                             
    |*     |                                                                                             
    |*     |                                                                                             
    |*     |                                                                                             
    |*     |                                                                                             
    |*     |                                                                                             
    |*     |                                                                                             
    |*     |                      *           *                                                          
    |*    *|               * *   **      *    *                                                          
    |***  **             * * *   **      *    *        ** *         *     *                              
    |***  **             * * *   **      *    *        ** *         *     *                              
    ----------------------------------------------------------------------------------------------------
    0%        5%        10%       15%       20%       25%       30%       35%       40%       45%       

    Q25 = 0.0011, Q50 = 0.028, Q75 = 0.15

[2026-02-20 16:53:20] DEBUG: Computing gluepoints
[2026-02-20 16:53:20] DEBUG: Added 0 gluepoint projections
[2026-02-20 16:53:20] DEBUG: Created 138 gluepoints
[2026-02-20 16:53:20] DEBUG: Artificial loops removed: 0 left, 0 right, 0 both
[2026-02-20 16:53:20] DEBUG: Initializing edges
[2026-02-20 16:53:20] DEBUG: Edges length checksum: 7971283451
[2026-02-20 16:53:20] DEBUG: Filtered 0 singleton segments
[2026-02-20 16:53:20] DEBUG: Removed 0 simple and 0 double chimeric junctions
[2026-02-20 16:53:20] DEBUG: Collapsed 5 edges
[2026-02-20 16:53:20] DEBUG:  	2	+disjointig_1	31083	33608	2525	
[2026-02-20 16:53:20] DEBUG: *	9	+disjointig_1	33608	157809	124201	
[2026-02-20 16:53:20] DEBUG:  	15	+disjointig_1	157809	160388	2579	
[2026-02-20 16:53:20] DEBUG: *	-5	+disjointig_1	160388	921467	761079	
[2026-02-20 16:53:20] DEBUG:  	2	+disjointig_1	921467	923993	2526	
[2026-02-20 16:53:20] DEBUG: *	10	+disjointig_1	923993	948710	24717	
[2026-02-20 16:53:20] DEBUG:  	15	+disjointig_1	948710	951287	2577	
[2026-02-20 16:53:20] DEBUG: *	18	+disjointig_1	951287	1574374	623087	
[2026-02-20 16:53:20] DEBUG:  	35	+disjointig_1	1574374	1579717	5343	
[2026-02-20 16:53:20] DEBUG: *	25	+disjointig_1	1579717	1770387	190670	
[2026-02-20 16:53:20] DEBUG:  	26	+disjointig_1	1770387	1772522	2135	
[2026-02-20 16:53:20] DEBUG: *	-27	+disjointig_1	1772522	1776409	3887	
[2026-02-20 16:53:20] DEBUG:  	26	+disjointig_1	1776409	1778545	2136	
[2026-02-20 16:53:20] DEBUG: *	-17	+disjointig_1	1778545	1788676	10131	
[2026-02-20 16:53:20] DEBUG:  	15	+disjointig_1	1788676	1791255	2579	
[2026-02-20 16:53:20] DEBUG: *	-12	+disjointig_1	1791255	2015499	224244	
[2026-02-20 16:53:20] DEBUG:  	-2	+disjointig_1	2015499	2018024	2525	
[2026-02-20 16:53:20] DEBUG: *	6	+disjointig_1	2018024	2395736	377712	
[2026-02-20 16:53:20] DEBUG:  	35	+disjointig_1	2395736	2400988	5252	
[2026-02-20 16:53:20] DEBUG: *	24	+disjointig_1	2400988	2914860	513872	
[2026-02-20 16:53:20] DEBUG:  	-35	+disjointig_1	2914860	2920195	5335	
[2026-02-20 16:53:20] DEBUG: *	20	+disjointig_1	2920195	3029357	109162	
[2026-02-20 16:53:20] DEBUG:  	-35	+disjointig_1	3029357	3034690	5333	
[2026-02-20 16:53:20] DEBUG: *	21	+disjointig_1	3034690	3160477	125787	
[2026-02-20 16:53:20] DEBUG:  	-35	+disjointig_1	3160477	3165728	5251	
[2026-02-20 16:53:20] DEBUG: *	22	+disjointig_1	3165728	3200576	34848	
[2026-02-20 16:53:20] DEBUG:  	-35	+disjointig_1	3200576	3205905	5329	
[2026-02-20 16:53:20] DEBUG: *	-13	+disjointig_1	3205905	3433246	227341	
[2026-02-20 16:53:20] DEBUG:  	-2	+disjointig_1	3433246	3435771	2525	
[2026-02-20 16:53:20] DEBUG: *	3	+disjointig_1	3435771	3486948	51177	
[2026-02-20 16:53:20] DEBUG:  	15	+disjointig_1	3486948	3489517	2569	
[2026-02-20 16:53:20] DEBUG: *	-11	+disjointig_1	3489517	3646250	156733	
[2026-02-20 16:53:20] DEBUG:  	-2	+disjointig_1	3646250	3648775	2525	
[2026-02-20 16:53:20] DEBUG: *	4	+disjointig_1	3648775	3687732	38957	
[2026-02-20 16:53:20] DEBUG:  	-15	+disjointig_1	3687732	3690301	2569	
[2026-02-20 16:53:20] DEBUG: *	16	+disjointig_1	3690301	4069429	379128	
[2026-02-20 16:53:20] DEBUG:  	-35	+disjointig_1	4069429	4074673	5244	
[2026-02-20 16:53:20] DEBUG: *	33	+disjointig_1	4074673	5140095	1065422	
[2026-02-20 16:53:20] DEBUG:  	2	+disjointig_1	5140095	5142342	2247	
[2026-02-20 16:53:20] DEBUG:  	36	+disjointig_2	16937	65130	48193	
[2026-02-20 16:53:20] DEBUG:  	2	+disjointig_3	25600	28125	2525	
[2026-02-20 16:53:20] DEBUG: *	-34	+disjointig_3	28125	161337	133212	
[2026-02-20 16:53:20] DEBUG:  	2	+disjointig_3	161337	163862	2525	
[2026-02-20 16:53:20] DEBUG:  	31	+disjointig_5	0	5330	5330	
[2026-02-20 16:53:20] DEBUG: *	32	+disjointig_6	0	2976	2976	
[2026-02-20 16:53:20] DEBUG: Total edges: 36
[2026-02-20 16:53:20] INFO: Parsing reads
[2026-02-20 16:53:21] DEBUG: Building positional index
[2026-02-20 16:53:21] DEBUG: Total sequence: 372028993 bp
[2026-02-20 16:53:21] DEBUG: Building positional index
[2026-02-20 16:53:21] DEBUG: Total sequence: 5306020 bp
[2026-02-20 16:53:21] INFO: Aligning reads to the graph
[2026-02-20 16:53:21] DEBUG: Mean k-mer frequency: 1.03408
[2026-02-20 16:53:21] DEBUG: Repetitive k-mer frequency: 103
[2026-02-20 16:53:21] DEBUG: Filtered 142 repetitive k-mers (0.000147254)
[2026-02-20 16:53:21] DEBUG: Sorting k-mer index
[2026-02-20 16:53:21] DEBUG: Selected k-mers: 932537
[2026-02-20 16:53:21] DEBUG: K-mer index size: 964180
[2026-02-20 16:53:21] DEBUG: Mean k-mer frequency: 1.03393
[2026-02-20 16:53:21] DEBUG: Minimizer rate: 5.50314
[2026-02-20 16:53:32] DEBUG: Total reads : 40291
[2026-02-20 16:53:32] DEBUG: Read with aligned parts : 39854
[2026-02-20 16:53:32] DEBUG: Aligned in one piece : 39695
[2026-02-20 16:53:32] INFO: Aligned read sequence: 317381425 / 321381850 (0.987552)
[2026-02-20 16:53:32] INFO: Median overlap divergence: 0.00291014
[2026-02-20 16:53:32] DEBUG: Sequence divergence distribution: 

    |*                   |                                                                               
    |*                   |                                                                               
    |*                   |                                                                               
    |*                   |                                                                               
    |*                   |                                                                               
    |*                   |                                                                               
    |*                   |                                                                               
    |*                   |                                                                               
    |*                   |                                                                               
    |*                   |                                                                               
    |*                   |                                                                               
    |*                   |                                                                               
    |*                   |                                                                               
    |*                   |                                                                               
    |*                   |                                                                               
    |**                  |                                                                               
    |**                  |                                                                               
    |**                  |                                                                               
    |***                 |                                                                               
    |************************************* * * ***       * * ***   * **      ******      *               
    ----------------------------------------------------------------------------------------------------
    0%        5%        10%       15%       20%       25%       30%       35%       40%       45%       

    Q25 = 0.0015, Q50 = 0.0029, Q75 = 0.006

[2026-02-20 16:53:32] INFO: Mean edge coverage: 60
[2026-02-20 16:53:32] DEBUG: 2	len:2490	cov:367	mult:6.11667
[2026-02-20 16:53:32] DEBUG: -2	len:2490	cov:367	mult:6.11667
[2026-02-20 16:53:32] DEBUG: 3	len:51177	cov:70	mult:1.16667
[2026-02-20 16:53:32] DEBUG: -3	len:51177	cov:70	mult:1.16667
[2026-02-20 16:53:32] DEBUG: 4	len:38957	cov:63	mult:1.05
[2026-02-20 16:53:32] DEBUG: -4	len:38957	cov:63	mult:1.05
[2026-02-20 16:53:32] DEBUG: 5	len:761079	cov:57	mult:0.95
[2026-02-20 16:53:32] DEBUG: -5	len:761079	cov:57	mult:0.95
[2026-02-20 16:53:32] DEBUG: 6	len:377712	cov:64	mult:1.06667
[2026-02-20 16:53:32] DEBUG: -6	len:377712	cov:64	mult:1.06667
[2026-02-20 16:53:32] DEBUG: 9	len:124201	cov:55	mult:0.916667
[2026-02-20 16:53:32] DEBUG: -9	len:124201	cov:55	mult:0.916667
[2026-02-20 16:53:32] DEBUG: 10	len:24717	cov:61	mult:1.01667
[2026-02-20 16:53:32] DEBUG: -10	len:24717	cov:61	mult:1.01667
[2026-02-20 16:53:32] DEBUG: 11	len:156733	cov:71	mult:1.18333
[2026-02-20 16:53:32] DEBUG: -11	len:156733	cov:71	mult:1.18333
[2026-02-20 16:53:32] DEBUG: 12	len:224244	cov:59	mult:0.983333
[2026-02-20 16:53:32] DEBUG: -12	len:224244	cov:59	mult:0.983333
[2026-02-20 16:53:32] DEBUG: 13	len:227341	cov:63	mult:1.05
[2026-02-20 16:53:32] DEBUG: -13	len:227341	cov:63	mult:1.05
[2026-02-20 16:53:32] DEBUG: 15	len:2574	cov:311	mult:5.18333
[2026-02-20 16:53:32] DEBUG: -15	len:2574	cov:311	mult:5.18333
[2026-02-20 16:53:32] DEBUG: 16	len:379128	cov:59	mult:0.983333
[2026-02-20 16:53:32] DEBUG: -16	len:379128	cov:59	mult:0.983333
[2026-02-20 16:53:32] DEBUG: 17	len:10131	cov:51	mult:0.85
[2026-02-20 16:53:32] DEBUG: -17	len:10131	cov:51	mult:0.85
[2026-02-20 16:53:32] DEBUG: 18	len:623087	cov:58	mult:0.966667
[2026-02-20 16:53:32] DEBUG: -18	len:623087	cov:58	mult:0.966667
[2026-02-20 16:53:32] DEBUG: 20	len:109162	cov:71	mult:1.18333
[2026-02-20 16:53:32] DEBUG: -20	len:109162	cov:71	mult:1.18333
[2026-02-20 16:53:32] DEBUG: 21	len:125787	cov:58	mult:0.966667
[2026-02-20 16:53:32] DEBUG: -21	len:125787	cov:58	mult:0.966667
[2026-02-20 16:53:32] DEBUG: 22	len:34848	cov:62	mult:1.03333
[2026-02-20 16:53:32] DEBUG: -22	len:34848	cov:62	mult:1.03333
[2026-02-20 16:53:32] DEBUG: 24	len:513872	cov:70	mult:1.16667
[2026-02-20 16:53:32] DEBUG: -24	len:513872	cov:70	mult:1.16667
[2026-02-20 16:53:32] DEBUG: 25	len:190670	cov:56	mult:0.933333
[2026-02-20 16:53:32] DEBUG: -25	len:190670	cov:56	mult:0.933333
[2026-02-20 16:53:32] DEBUG: 26	len:2135	cov:116	mult:1.93333
[2026-02-20 16:53:32] DEBUG: -26	len:2135	cov:116	mult:1.93333
[2026-02-20 16:53:32] DEBUG: 27	len:3887	cov:47	mult:0.783333
[2026-02-20 16:53:32] DEBUG: -27	len:3887	cov:47	mult:0.783333
[2026-02-20 16:53:32] DEBUG: 31	len:1776	cov:79	mult:1.31667
[2026-02-20 16:53:32] DEBUG: -31	len:1776	cov:79	mult:1.31667
[2026-02-20 16:53:32] DEBUG: 32	len:2976	cov:2	mult:0.0333333
[2026-02-20 16:53:32] DEBUG: -32	len:2976	cov:2	mult:0.0333333
[2026-02-20 16:53:32] DEBUG: 33	len:1065422	cov:56	mult:0.933333
[2026-02-20 16:53:32] DEBUG: -33	len:1065422	cov:56	mult:0.933333
[2026-02-20 16:53:32] DEBUG: 34	len:133212	cov:37	mult:0.616667
[2026-02-20 16:53:32] DEBUG: -34	len:133212	cov:37	mult:0.616667
[2026-02-20 16:53:32] DEBUG: 35	len:5298	cov:423	mult:7.05
[2026-02-20 16:53:32] DEBUG: -35	len:5298	cov:423	mult:7.05
[2026-02-20 16:53:32] DEBUG: 36	len:24096	cov:63	mult:1.05
[2026-02-20 16:53:32] DEBUG: -36	len:24096	cov:63	mult:1.05
[2026-02-20 16:53:32] DEBUG: Unique coverage threshold 112
[2026-02-20 16:53:32] INFO: Simplifying the graph
[2026-02-20 16:53:32] DEBUG: Read coverage cutoff: 3
[2026-02-20 16:53:32] DEBUG: [SIMPL] Removed 1 paths with low coverage
[2026-02-20 16:53:32] DEBUG: [SIMPL] Masked 0 heterozygous loops
[2026-02-20 16:53:32] DEBUG: [SIMPL] Masked 0 simple bubbles
[2026-02-20 16:53:32] DEBUG: [SIMPL] Masked 0 roundabouts
[2026-02-20 16:53:32] DEBUG: [SIMPL] Masked 0 superbubbles
[2026-02-20 16:53:32] DEBUG: Finding repeats
[2026-02-20 16:53:32] DEBUG: Read coverage cutoff: 3
[2026-02-20 16:53:32] DEBUG: Tandem: 26
[2026-02-20 16:53:32] DEBUG: Short-loop: 31
[2026-02-20 16:53:32] DEBUG: Repeat detection iteration 1
[2026-02-20 16:53:32] DEBUG: Starting 2 aln:430
[2026-02-20 16:53:32] DEBUG: 	      12	num:53	flank:14584	span:10
[2026-02-20 16:53:32] DEBUG: 	      10	num:56	flank:9675	span:11
[2026-02-20 16:53:32] DEBUG: 	      -34	num:35	flank:8965	span:16
[2026-02-20 16:53:32] DEBUG: 	      13	num:63	flank:10165	span:11
[2026-02-20 16:53:32] DEBUG: 	      11	num:78	flank:14748	span:11
[2026-02-20 16:53:32] DEBUG: 	      9	num:44	flank:19071	span:11
[2026-02-20 16:53:32] DEBUG: Starting -2 aln:430
[2026-02-20 16:53:32] DEBUG: 	      6	num:60	flank:12064	span:0
[2026-02-20 16:53:32] DEBUG: 	      4	num:77	flank:14602	span:0
[2026-02-20 16:53:32] DEBUG: 	      3	num:64	flank:12615	span:0
[2026-02-20 16:53:32] DEBUG: 	      -33	num:36	flank:16549	span:9
[2026-02-20 16:53:32] DEBUG: 	      5	num:47	flank:10915	span:1
[2026-02-20 16:53:32] DEBUG: 	      34	num:35	flank:9966	span:0
[2026-02-20 16:53:32] DEBUG: Mult: 2	2490	367	 (1,1)
[2026-02-20 16:53:32] DEBUG: Starting 15 aln:380
[2026-02-20 16:53:32] DEBUG: 	      -5	num:68	flank:13802	span:13
[2026-02-20 16:53:32] DEBUG: 	      -11	num:48	flank:12811	span:13
[2026-02-20 16:53:32] DEBUG: 	      -12	num:46	flank:15455	span:23
[2026-02-20 16:53:32] DEBUG: 	      18	num:69	flank:15228	span:11
[2026-02-20 16:53:32] DEBUG: 	      -4	num:44	flank:7990	span:10
[2026-02-20 16:53:32] DEBUG: Starting -15 aln:380
[2026-02-20 16:53:32] DEBUG: 	      -10	num:71	flank:13595	span:11
[2026-02-20 16:53:32] DEBUG: 	      16	num:47	flank:6233	span:0
[2026-02-20 16:53:32] DEBUG: 	      -9	num:65	flank:15841	span:6
[2026-02-20 16:53:32] DEBUG: 	      17	num:49	flank:12984	span:1
[2026-02-20 16:53:32] DEBUG: 	      -3	num:60	flank:12542	span:11
[2026-02-20 16:53:32] DEBUG: Mult: 15	2574	311	 (1,1)
[2026-02-20 16:53:32] DEBUG: Starting 35 aln:590
[2026-02-20 16:53:32] DEBUG: 	      -22	num:45	flank:16935	span:10
[2026-02-20 16:53:32] DEBUG: 	      24	num:60	flank:14081	span:-19
[2026-02-20 16:53:32] DEBUG: 	      -21	num:59	flank:23451	span:10
[2026-02-20 16:53:32] DEBUG: 	      25	num:48	flank:14948	span:4
[2026-02-20 16:53:32] DEBUG: 	      -20	num:53	flank:14872	span:19
[2026-02-20 16:53:32] DEBUG: 	      -24	num:64	flank:14697	span:20
[2026-02-20 16:53:32] DEBUG: 	      -16	num:58	flank:13914	span:15
[2026-02-20 16:53:32] DEBUG: Starting -35 aln:590
[2026-02-20 16:53:32] DEBUG: 	      -13	num:38	flank:13031	span:16
[2026-02-20 16:53:32] DEBUG: 	      33	num:50	flank:11299	span:1
[2026-02-20 16:53:32] DEBUG: 	      22	num:64	flank:18214	span:1
[2026-02-20 16:53:32] DEBUG: 	      -18	num:46	flank:13002	span:8
[2026-02-20 16:53:32] DEBUG: 	      20	num:51	flank:18730	span:1
[2026-02-20 16:53:32] DEBUG: 	      -6	num:51	flank:11573	span:2
[2026-02-20 16:53:32] DEBUG: 	      21	num:56	flank:20213	span:1
[2026-02-20 16:53:32] DEBUG: Mult: 35	5298	423	 (1,1)
[2026-02-20 16:53:32] DEBUG: Repeat detection iteration 2
[2026-02-20 16:53:32] DEBUG: Writing Dot
[2026-02-20 16:53:32] DEBUG: Writing FASTA
[2026-02-20 16:53:32] DEBUG: Writing Gfa
[2026-02-20 16:53:32] DEBUG: 	Connection -16	-4	25
[2026-02-20 16:53:32] DEBUG: 	Connection 9	-5	48
[2026-02-20 16:53:32] DEBUG: 	Connection 10	18	45
[2026-02-20 16:53:32] DEBUG: 	Connection 3	-11	36
[2026-02-20 16:53:32] DEBUG: 	Connection -17	-12	33
[2026-02-20 16:53:32] DEBUG: 	Connection 25	-27	36
[2026-02-20 16:53:32] DEBUG: 	Connection -27	-17	32
[2026-02-20 16:53:32] DEBUG: [SIMPL] Resolved 7 simple repeats
[2026-02-20 16:53:32] DEBUG: [SIMPL] == Iteration 1 ==
[2026-02-20 16:53:32] DEBUG: Splitting nodes
[2026-02-20 16:53:32] DEBUG: [SIMPL] Split 0 nodes
[2026-02-20 16:53:32] DEBUG: [SIMPL] Disconnected 0 minor paths
[2026-02-20 16:53:32] DEBUG: [SIMPL] Clipped 0 short and 0 long tips
[2026-02-20 16:53:32] DEBUG: [SIMPL] Masked 0 heterozygous loops
[2026-02-20 16:53:32] DEBUG: [SIMPL] Masked 0 simple bubbles
[2026-02-20 16:53:32] DEBUG: [SIMPL] Masked 0 roundabouts
[2026-02-20 16:53:32] DEBUG: [SIMPL] Masked 0 superbubbles
[2026-02-20 16:53:32] DEBUG: Finding repeats
[2026-02-20 16:53:32] DEBUG: Read coverage cutoff: 3
[2026-02-20 16:53:32] DEBUG: Short-loop: 31
[2026-02-20 16:53:32] DEBUG: Repeat detection iteration 1
[2026-02-20 16:53:32] DEBUG: Starting 2 aln:430
[2026-02-20 16:53:32] DEBUG: 	      12	num:53	flank:14584	span:10
[2026-02-20 16:53:32] DEBUG: 	      10	num:56	flank:9675	span:11
[2026-02-20 16:53:32] DEBUG: 	      -34	num:35	flank:8965	span:16
[2026-02-20 16:53:32] DEBUG: 	      13	num:63	flank:10165	span:11
[2026-02-20 16:53:32] DEBUG: 	      11	num:78	flank:14748	span:11
[2026-02-20 16:53:32] DEBUG: 	      9	num:44	flank:19071	span:11
[2026-02-20 16:53:32] DEBUG: Starting -2 aln:430
[2026-02-20 16:53:32] DEBUG: 	      6	num:60	flank:12064	span:0
[2026-02-20 16:53:32] DEBUG: 	      4	num:77	flank:14602	span:0
[2026-02-20 16:53:32] DEBUG: 	      3	num:64	flank:12615	span:0
[2026-02-20 16:53:32] DEBUG: 	      -33	num:36	flank:16549	span:9
[2026-02-20 16:53:32] DEBUG: 	      5	num:47	flank:10915	span:1
[2026-02-20 16:53:32] DEBUG: 	      34	num:35	flank:9966	span:0
[2026-02-20 16:53:32] DEBUG: Mult: 2	2490	367	 (1,1)
[2026-02-20 16:53:32] DEBUG: Starting 35 aln:590
[2026-02-20 16:53:32] DEBUG: 	      -22	num:45	flank:16935	span:10
[2026-02-20 16:53:32] DEBUG: 	      24	num:60	flank:14081	span:-19
[2026-02-20 16:53:32] DEBUG: 	      -21	num:59	flank:23451	span:10
[2026-02-20 16:53:32] DEBUG: 	      25	num:48	flank:14948	span:4
[2026-02-20 16:53:32] DEBUG: 	      -20	num:53	flank:14872	span:19
[2026-02-20 16:53:32] DEBUG: 	      -24	num:64	flank:14697	span:20
[2026-02-20 16:53:32] DEBUG: 	      -16	num:58	flank:13914	span:15
[2026-02-20 16:53:32] DEBUG: Starting -35 aln:590
[2026-02-20 16:53:32] DEBUG: 	      -13	num:38	flank:13031	span:16
[2026-02-20 16:53:32] DEBUG: 	      33	num:50	flank:11299	span:1
[2026-02-20 16:53:32] DEBUG: 	      22	num:64	flank:18214	span:1
[2026-02-20 16:53:32] DEBUG: 	      -18	num:46	flank:13002	span:8
[2026-02-20 16:53:32] DEBUG: 	      20	num:51	flank:18730	span:1
[2026-02-20 16:53:32] DEBUG: 	      -6	num:51	flank:11573	span:2
[2026-02-20 16:53:32] DEBUG: 	      21	num:56	flank:20213	span:1
[2026-02-20 16:53:32] DEBUG: Mult: 35	5298	423	 (1,1)
[2026-02-20 16:53:32] DEBUG: Repeat detection iteration 2
[2026-02-20 16:53:32] DEBUG: Total unique edges: 30
[2026-02-20 16:53:32] DEBUG: 	Connection 13	-22	12	1
[2026-02-20 16:53:32] DEBUG: 	Connection 6	24	25	1
[2026-02-20 16:53:32] DEBUG: 	Connection -22	-21	26	1
[2026-02-20 16:53:32] DEBUG: 	Connection -12	6	39	1
[2026-02-20 16:53:32] DEBUG: 	Connection -10	5	32	1
[2026-02-20 16:53:32] DEBUG: 	Connection -9	-33	28	1
[2026-02-20 16:53:32] DEBUG: 	Connection -25	-18	17	1
[2026-02-20 16:53:32] DEBUG: 	Connection 20	21	26	1
[2026-02-20 16:53:32] DEBUG: 	Connection -3	13	43	1
[2026-02-20 16:53:32] DEBUG: 	Connection -33	-16	21	1
[2026-02-20 16:53:32] DEBUG: 	Connection -20	-24	25	1
[2026-02-20 16:53:32] DEBUG: 	Connection -4	11	53	1
[2026-02-20 16:53:32] DEBUG: [SIMPL] Resolved repeats: 12
[2026-02-20 16:53:32] DEBUG: RR links: 694
[2026-02-20 16:53:32] DEBUG: Unresolved: 0
[2026-02-20 16:53:32] DEBUG: Removed 0 simple and 0 double chimeric junctions
[2026-02-20 16:53:32] DEBUG: [SIMPL] == Iteration 2 ==
[2026-02-20 16:53:32] DEBUG: Splitting nodes
[2026-02-20 16:53:32] DEBUG: [SIMPL] Split 0 nodes
[2026-02-20 16:53:32] DEBUG: [SIMPL] Disconnected 0 minor paths
[2026-02-20 16:53:32] DEBUG: [SIMPL] Clipped 0 short and 0 long tips
[2026-02-20 16:53:32] DEBUG: [SIMPL] Masked 0 heterozygous loops
[2026-02-20 16:53:32] DEBUG: [SIMPL] Masked 0 simple bubbles
[2026-02-20 16:53:32] DEBUG: [SIMPL] Masked 0 roundabouts
[2026-02-20 16:53:32] DEBUG: [SIMPL] Masked 0 superbubbles
[2026-02-20 16:53:32] DEBUG: Finding repeats
[2026-02-20 16:53:32] DEBUG: Read coverage cutoff: 3
[2026-02-20 16:53:32] DEBUG: Short-loop: 31
[2026-02-20 16:53:32] DEBUG: Repeat detection iteration 1
[2026-02-20 16:53:32] DEBUG: Repeat detection iteration 2
[2026-02-20 16:53:32] DEBUG: Total unique edges: 41
[2026-02-20 16:53:32] DEBUG: [SIMPL] Resolved repeats: 0
[2026-02-20 16:53:32] DEBUG: RR links: 0
[2026-02-20 16:53:32] DEBUG: Unresolved: 0
[2026-02-20 16:53:32] DEBUG: Removed 0 simple and 0 double chimeric junctions
[2026-02-20 16:53:32] DEBUG: [SIMPL] Simplified 0 forks
[2026-02-20 16:53:32] DEBUG: [SIMPL] Collapsed 0 haplotypes
[2026-02-20 16:53:32] DEBUG: [SIMPL] Resolved 0 simple repeats
[2026-02-20 16:53:32] DEBUG: Read coverage cutoff: 3
[2026-02-20 16:53:32] DEBUG: [SIMPL] Removed 0 paths with low coverage
[2026-02-20 16:53:32] DEBUG: Finding repeats
[2026-02-20 16:53:32] DEBUG: Read coverage cutoff: 3
[2026-02-20 16:53:32] DEBUG: Short-loop: 31
[2026-02-20 16:53:32] DEBUG: Repeat detection iteration 1
[2026-02-20 16:53:32] DEBUG: Repeat detection iteration 2
[2026-02-20 16:53:32] DEBUG: Writing Dot
[2026-02-20 16:53:32] DEBUG: Writing FASTA
[2026-02-20 16:53:32] DEBUG: Peak RAM usage: 0 Gb
-----------End assembly log------------
[2026-02-20 16:53:32] root: INFO: >>>STAGE: contigger
[2026-02-20 16:53:32] root: INFO: Generating contigs
[2026-02-20 16:53:32] root: DEBUG: -----Begin contigger analyser log------
[2026-02-20 16:53:32] root: DEBUG: Running: flye-modules contigger --graph-edges /scratch/ky/characterization/results/barcode21/assembly/20-repeat/repeat_graph_edges.fasta --reads /scratch/ky/characterization/FASTQ/SQK-RBK114-96_barcode21.fastq --out-dir /scratch/ky/characterization/results/barcode21/assembly/30-contigger --config /data/softs/Miniforge3-25.11.0-0/envs/flye-2.9.6/lib/python3.12/site-packages/flye/config/bin_cfg/asm_nano_hq.cfg --repeat-graph /scratch/ky/characterization/results/barcode21/assembly/20-repeat/repeat_graph_dump --graph-aln /scratch/ky/characterization/results/barcode21/assembly/20-repeat/read_alignment_dump --log /scratch/ky/characterization/results/barcode21/assembly/flye.log --threads 16 --min-ovlp 2000
[2026-02-20 16:53:32] DEBUG: Build date: May  4 2025 23:18:25
[2026-02-20 16:53:32] DEBUG: Total RAM: 251 Gb
[2026-02-20 16:53:32] DEBUG: Available RAM: 247 Gb
[2026-02-20 16:53:32] DEBUG: Total CPUs: 32
[2026-02-20 16:53:32] DEBUG: Loading /data/softs/Miniforge3-25.11.0-0/envs/flye-2.9.6/lib/python3.12/site-packages/flye/config/bin_cfg/asm_nano_hq.cfg
[2026-02-20 16:53:32] DEBUG: Loading /data/softs/Miniforge3-25.11.0-0/envs/flye-2.9.6/lib/python3.12/site-packages/flye/config/bin_cfg/asm_defaults.cfg
[2026-02-20 16:53:32] DEBUG: 	big_genome_threshold=29000000
[2026-02-20 16:53:32] DEBUG: 	meta_read_filter_kmer_freq=100
[2026-02-20 16:53:32] DEBUG: 	chain_large_gap_penalty=2
[2026-02-20 16:53:32] DEBUG: 	chain_small_gap_penalty=0.5
[2026-02-20 16:53:32] DEBUG: 	chain_gap_jump_threshold=100
[2026-02-20 16:53:32] DEBUG: 	max_jump_gap=500
[2026-02-20 16:53:32] DEBUG: 	max_coverage_drop_rate=5
[2026-02-20 16:53:32] DEBUG: 	max_extensions_drop_rate=5
[2026-02-20 16:53:32] DEBUG: 	chimera_window=100
[2026-02-20 16:53:32] DEBUG: 	chimera_overhang=1000
[2026-02-20 16:53:32] DEBUG: 	min_reads_in_disjointig=4
[2026-02-20 16:53:32] DEBUG: 	max_inner_reads=10
[2026-02-20 16:53:32] DEBUG: 	max_inner_fraction=0.25
[2026-02-20 16:53:32] DEBUG: 	aggressive_dup_filter=1
[2026-02-20 16:53:32] DEBUG: 	max_separation=500
[2026-02-20 16:53:32] DEBUG: 	unique_edge_length=50000
[2026-02-20 16:53:32] DEBUG: 	min_repeat_res_support=0.51
[2026-02-20 16:53:32] DEBUG: 	out_paths_ratio=5
[2026-02-20 16:53:32] DEBUG: 	graph_cov_drop_rate=5
[2026-02-20 16:53:32] DEBUG: 	coverage_estimate_window=100
[2026-02-20 16:53:32] DEBUG: 	max_bubble_length=50000
[2026-02-20 16:53:32] DEBUG: 	loop_coverage_rate=1.5
[2026-02-20 16:53:32] DEBUG: 	repeat_edge_cov_mult=1.75
[2026-02-20 16:53:32] DEBUG: 	weak_detach_rate=5
[2026-02-20 16:53:32] DEBUG: 	tip_coverage_rate=2
[2026-02-20 16:53:32] DEBUG: 	tip_length_rate=2
[2026-02-20 16:53:32] DEBUG: 	output_gfa_before_rr=1
[2026-02-20 16:53:32] DEBUG: 	remove_alt_edges=0
[2026-02-20 16:53:32] DEBUG: 	low_cutoff_warning=0
[2026-02-20 16:53:32] DEBUG: 	kmer_size=17
[2026-02-20 16:53:32] DEBUG: 	use_minimizers=1
[2026-02-20 16:53:32] DEBUG: 	minimizer_window=10
[2026-02-20 16:53:32] DEBUG: 	reads_base_alignment=1
[2026-02-20 16:53:32] DEBUG: 	meta_read_top_kmer_rate=0.75
[2026-02-20 16:53:32] DEBUG: 	maximum_jump=1500
[2026-02-20 16:53:32] DEBUG: 	maximum_overhang=1500
[2026-02-20 16:53:32] DEBUG: 	repeat_kmer_rate=100
[2026-02-20 16:53:32] DEBUG: 	assemble_ovlp_divergence=0.03
[2026-02-20 16:53:32] DEBUG: 	assemble_divergence_relative=1
[2026-02-20 16:53:32] DEBUG: 	repeat_graph_ovlp_divergence=0.03
[2026-02-20 16:53:32] DEBUG: 	read_align_ovlp_divergence=0.10
[2026-02-20 16:53:32] DEBUG: 	hpc_scoring_on=1
[2026-02-20 16:53:32] DEBUG: 	add_unassembled_reads=0
[2026-02-20 16:53:32] DEBUG: 	extend_contigs_with_repeats=0
[2026-02-20 16:53:32] DEBUG: 	min_read_cov_cutoff=3
[2026-02-20 16:53:32] DEBUG: 	short_tip_length=20000
[2026-02-20 16:53:32] DEBUG: 	long_tip_length=100000
[2026-02-20 16:53:32] DEBUG: Running with k-mer size: 17
[2026-02-20 16:53:32] DEBUG: Selected minimum overlap 2000
[2026-02-20 16:53:32] INFO: Reading sequences
[2026-02-20 16:53:33] DEBUG: Building positional index
[2026-02-20 16:53:33] DEBUG: Total sequence: 372028993 bp
[2026-02-20 16:53:33] DEBUG: Flipped 0
[2026-02-20 16:53:33] DEBUG: UPath 1: -34 -> 2
[2026-02-20 16:53:33] DEBUG: UPath 2: 40 -> -11 -> -55 -> 4 -> -37 -> 16 -> -53 -> 33 -> 49 -> 9 -> 38 -> -5 -> 48 -> 10 -> 39 -> 18 -> 50 -> 25 -> 42 -> -27 -> 43 -> -17 -> 41 -> -12 -> -47 -> 6 -> 45 -> 24 -> 54 -> 20 -> -51 -> 21 -> -46 -> 22 -> -44 -> -13 -> -52 -> 3
[2026-02-20 16:53:33] DEBUG: UPath 3: 31
[2026-02-20 16:53:33] DEBUG: UPath 4: 36
[2026-02-20 16:53:33] DEBUG: Final graph contains 4 egdes
[2026-02-20 16:53:33] DEBUG: Extending contigs into repeats
[2026-02-20 16:53:33] DEBUG: Covered 0 repetitive contigs
[2026-02-20 16:53:33] INFO: Generated 4 contigs
[2026-02-20 16:53:33] DEBUG: Writing FASTA
[2026-02-20 16:53:33] DEBUG: Generating scaffold connections
[2026-02-20 16:53:33] INFO: Added 0 scaffold connections
[2026-02-20 16:53:33] DEBUG: Writing Dot
[2026-02-20 16:53:33] DEBUG: Writing FASTA
[2026-02-20 16:53:33] DEBUG: Writing Gfa
[2026-02-20 16:53:33] DEBUG: Peak RAM usage: 0 Gb
-----------End assembly log------------
[2026-02-20 16:53:33] root: INFO: >>>STAGE: polishing
[2026-02-20 16:53:33] root: INFO: Polishing genome (1/1)
[2026-02-20 16:53:33] root: INFO: Running minimap2
[2026-02-20 16:53:46] root: INFO: Separating alignment into bubbles
[2026-02-20 16:54:26] root: DEBUG: Generated 367066 bubbles
[2026-02-20 16:54:26] root: DEBUG: Split 0 long bubbles
[2026-02-20 16:54:26] root: DEBUG: Skipped 0 empty bubbles
[2026-02-20 16:54:26] root: DEBUG: Skipped 0 bubbles with long branches
[2026-02-20 16:54:26] root: INFO: Alignment error rate: 0.007663
[2026-02-20 16:54:26] root: INFO: Correcting bubbles
[2026-02-20 16:54:41] root: DEBUG: Mean contig coverage: 71, selected threshold: 3
[2026-02-20 16:54:41] root: DEBUG: Filtered 0 contigs of total length 0
[2026-02-20 16:54:41] root: DEBUG: Generating polished GFA
[2026-02-20 16:54:44] root: DEBUG: 0 sequences remained unpolished
[2026-02-20 16:54:44] root: INFO: >>>STAGE: finalize
[2026-02-20 16:54:44] root: DEBUG: ---Output dir contents:----
[2026-02-20 16:54:44] root: DEBUG: assembly/
[2026-02-20 16:54:44] root: DEBUG:     47.0 K      flye.log
[2026-02-20 16:54:44] root: DEBUG:     92.0 B      params.json
[2026-02-20 16:54:44] root: DEBUG:     564.0 B     assembly_graph.gv
[2026-02-20 16:54:44] root: DEBUG:     5.0 M       assembly_graph.gfa
[2026-02-20 16:54:44] root: DEBUG:     5.0 M       assembly.fasta
[2026-02-20 16:54:44] root: DEBUG:     00-assembly/
[2026-02-20 16:54:44] root: DEBUG:         5.0 M       draft_assembly.fasta
[2026-02-20 16:54:44] root: DEBUG:         161.0 B     draft_assembly.fasta.fai
[2026-02-20 16:54:44] root: DEBUG:     10-consensus/
[2026-02-20 16:54:44] root: DEBUG:         970.0 B     minimap.stderr
[2026-02-20 16:54:44] root: DEBUG:         70.0 K      minimap.bam.csi
[2026-02-20 16:54:44] root: DEBUG:         5.0 M       consensus.fasta
[2026-02-20 16:54:44] root: DEBUG:     20-repeat/
[2026-02-20 16:54:44] root: DEBUG:         3.0 K       graph_before_rr.gv
[2026-02-20 16:54:44] root: DEBUG:         5.0 M       graph_before_rr.fasta
[2026-02-20 16:54:44] root: DEBUG:         4.0 M       graph_before_rr.gfa
[2026-02-20 16:54:44] root: DEBUG:         5.0 K       graph_after_rr.gv
[2026-02-20 16:54:44] root: DEBUG:         10.0 K      repeat_graph_dump
[2026-02-20 16:54:44] root: DEBUG:         11.0 M      read_alignment_dump
[2026-02-20 16:54:44] root: DEBUG:         5.0 M       repeat_graph_edges.fasta
[2026-02-20 16:54:44] root: DEBUG:     30-contigger/
[2026-02-20 16:54:44] root: DEBUG:         5.0 M       contigs.fasta
[2026-02-20 16:54:44] root: DEBUG:         211.0 B     contigs_stats.txt
[2026-02-20 16:54:44] root: DEBUG:         0.0 B       scaffolds_links.txt
[2026-02-20 16:54:44] root: DEBUG:         564.0 B     graph_final.gv
[2026-02-20 16:54:44] root: DEBUG:         5.0 M       graph_final.fasta
[2026-02-20 16:54:44] root: DEBUG:         5.0 M       graph_final.gfa
[2026-02-20 16:54:44] root: DEBUG:         112.0 B     contigs.fasta.fai
[2026-02-20 16:54:44] root: DEBUG:     40-polishing/
[2026-02-20 16:54:44] root: DEBUG:         923.0 B     minimap.stderr
[2026-02-20 16:54:44] root: DEBUG:         69.0 K      minimap_1.bam.csi
[2026-02-20 16:54:44] root: DEBUG:         103.0 B     contigs_stats.txt
[2026-02-20 16:54:44] root: DEBUG:         1.0 M       base_coverage.bed.gz
[2026-02-20 16:54:44] root: DEBUG:         5.0 M       filtered_contigs.fasta
[2026-02-20 16:54:44] root: DEBUG:         103.0 B     filtered_stats.txt
[2026-02-20 16:54:44] root: DEBUG:         112.0 B     filtered_contigs.fasta.fai
[2026-02-20 16:54:44] root: DEBUG:         146.0 B     edges_aln.bam.csi
[2026-02-20 16:54:44] root: DEBUG:         5.0 M       polished_edges.gfa
[2026-02-20 16:54:44] root: DEBUG: --------------------------
[2026-02-20 16:54:44] root: INFO: Assembly statistics:

	Total length:	5270926
	Fragments:	4
	Fragments N50:	5109268
	Largest frg:	5109268
	Scaffolds:	0
	Mean coverage:	71

[2026-02-20 16:54:44] root: INFO: Final assembly: /scratch/ky/characterization/results/barcode21/assembly/assembly.fasta
