[2026-02-20 16:57:26] root: INFO: Starting Flye 2.9.6-b1802
[2026-02-20 16:57:26] root: DEBUG: Cmd: /data/softs/Miniforge3-25.11.0-0/envs/flye-2.9.6/bin/flye --meta --nano-hq /scratch/ky/characterization/FASTQ/SQK-RBK114-96_barcode23.fastq -o /scratch/ky/characterization/results/barcode23/assembly/ -t 16
[2026-02-20 16:57:26] root: DEBUG: Python version: 3.12.12 | packaged by conda-forge | (main, Jan 26 2026, 23:51:32) [GCC 14.3.0]
[2026-02-20 16:57:26] root: INFO: >>>STAGE: configure
[2026-02-20 16:57:26] root: INFO: Configuring run
[2026-02-20 16:57:28] root: INFO: Total read length: 511156551
[2026-02-20 16:57:28] root: INFO: Reads N50/N90: 11333 / 2948
[2026-02-20 16:57:28] root: INFO: Minimum overlap set to 3000
[2026-02-20 16:57:28] root: INFO: >>>STAGE: assembly
[2026-02-20 16:57:28] root: INFO: Assembling disjointigs
[2026-02-20 16:57:28] root: DEBUG: -----Begin assembly log------
[2026-02-20 16:57:28] root: DEBUG: Running: flye-modules assemble --reads /scratch/ky/characterization/FASTQ/SQK-RBK114-96_barcode23.fastq --out-asm /scratch/ky/characterization/results/barcode23/assembly/00-assembly/draft_assembly.fasta --config /data/softs/Miniforge3-25.11.0-0/envs/flye-2.9.6/lib/python3.12/site-packages/flye/config/bin_cfg/asm_nano_hq.cfg --log /scratch/ky/characterization/results/barcode23/assembly/flye.log --threads 16 --meta --min-ovlp 3000
[2026-02-20 16:57:28] DEBUG: Build date: May  4 2025 23:17:52
[2026-02-20 16:57:28] DEBUG: Total RAM: 251 Gb
[2026-02-20 16:57:28] DEBUG: Available RAM: 246 Gb
[2026-02-20 16:57:28] DEBUG: Total CPUs: 32
[2026-02-20 16:57:28] DEBUG: Loading /data/softs/Miniforge3-25.11.0-0/envs/flye-2.9.6/lib/python3.12/site-packages/flye/config/bin_cfg/asm_nano_hq.cfg
[2026-02-20 16:57:28] DEBUG: Loading /data/softs/Miniforge3-25.11.0-0/envs/flye-2.9.6/lib/python3.12/site-packages/flye/config/bin_cfg/asm_defaults.cfg
[2026-02-20 16:57:28] DEBUG: 	big_genome_threshold=29000000
[2026-02-20 16:57:28] DEBUG: 	meta_read_filter_kmer_freq=100
[2026-02-20 16:57:28] DEBUG: 	chain_large_gap_penalty=2
[2026-02-20 16:57:28] DEBUG: 	chain_small_gap_penalty=0.5
[2026-02-20 16:57:28] DEBUG: 	chain_gap_jump_threshold=100
[2026-02-20 16:57:28] DEBUG: 	max_jump_gap=500
[2026-02-20 16:57:28] DEBUG: 	max_coverage_drop_rate=5
[2026-02-20 16:57:28] DEBUG: 	max_extensions_drop_rate=5
[2026-02-20 16:57:28] DEBUG: 	chimera_window=100
[2026-02-20 16:57:28] DEBUG: 	chimera_overhang=1000
[2026-02-20 16:57:28] DEBUG: 	min_reads_in_disjointig=4
[2026-02-20 16:57:28] DEBUG: 	max_inner_reads=10
[2026-02-20 16:57:28] DEBUG: 	max_inner_fraction=0.25
[2026-02-20 16:57:28] DEBUG: 	aggressive_dup_filter=1
[2026-02-20 16:57:28] DEBUG: 	max_separation=500
[2026-02-20 16:57:28] DEBUG: 	unique_edge_length=50000
[2026-02-20 16:57:28] DEBUG: 	min_repeat_res_support=0.51
[2026-02-20 16:57:28] DEBUG: 	out_paths_ratio=5
[2026-02-20 16:57:28] DEBUG: 	graph_cov_drop_rate=5
[2026-02-20 16:57:28] DEBUG: 	coverage_estimate_window=100
[2026-02-20 16:57:28] DEBUG: 	max_bubble_length=50000
[2026-02-20 16:57:28] DEBUG: 	loop_coverage_rate=1.5
[2026-02-20 16:57:28] DEBUG: 	repeat_edge_cov_mult=1.75
[2026-02-20 16:57:28] DEBUG: 	weak_detach_rate=5
[2026-02-20 16:57:28] DEBUG: 	tip_coverage_rate=2
[2026-02-20 16:57:28] DEBUG: 	tip_length_rate=2
[2026-02-20 16:57:28] DEBUG: 	output_gfa_before_rr=1
[2026-02-20 16:57:28] DEBUG: 	remove_alt_edges=0
[2026-02-20 16:57:28] DEBUG: 	low_cutoff_warning=0
[2026-02-20 16:57:28] DEBUG: 	kmer_size=17
[2026-02-20 16:57:28] DEBUG: 	use_minimizers=1
[2026-02-20 16:57:28] DEBUG: 	minimizer_window=10
[2026-02-20 16:57:28] DEBUG: 	reads_base_alignment=1
[2026-02-20 16:57:28] DEBUG: 	meta_read_top_kmer_rate=0.75
[2026-02-20 16:57:28] DEBUG: 	maximum_jump=1500
[2026-02-20 16:57:28] DEBUG: 	maximum_overhang=1500
[2026-02-20 16:57:28] DEBUG: 	repeat_kmer_rate=100
[2026-02-20 16:57:28] DEBUG: 	assemble_ovlp_divergence=0.03
[2026-02-20 16:57:28] DEBUG: 	assemble_divergence_relative=1
[2026-02-20 16:57:28] DEBUG: 	repeat_graph_ovlp_divergence=0.03
[2026-02-20 16:57:28] DEBUG: 	read_align_ovlp_divergence=0.10
[2026-02-20 16:57:28] DEBUG: 	hpc_scoring_on=1
[2026-02-20 16:57:28] DEBUG: 	add_unassembled_reads=0
[2026-02-20 16:57:28] DEBUG: 	extend_contigs_with_repeats=0
[2026-02-20 16:57:28] DEBUG: 	min_read_cov_cutoff=3
[2026-02-20 16:57:28] DEBUG: 	short_tip_length=20000
[2026-02-20 16:57:28] DEBUG: 	long_tip_length=100000
[2026-02-20 16:57:28] DEBUG: Running with k-mer size: 17
[2026-02-20 16:57:28] DEBUG: Running with minimum overlap 3000
[2026-02-20 16:57:28] DEBUG: Metagenome mode: Y
[2026-02-20 16:57:28] DEBUG: Short mode: N
[2026-02-20 16:57:28] INFO: Reading sequences
[2026-02-20 16:57:29] DEBUG: Building positional index
[2026-02-20 16:57:29] DEBUG: Total sequence: 458787348 bp
[2026-02-20 16:57:29] INFO: Building minimizer index
[2026-02-20 16:57:29] INFO: Pre-calculating index storage
[2026-02-20 16:57:32] DEBUG: Mean k-mer frequency: 17.7445
[2026-02-20 16:57:32] DEBUG: Repetitive k-mer frequency: 1774
[2026-02-20 16:57:32] DEBUG: Filtered 464099 repetitive k-mers (0.00557879)
[2026-02-20 16:57:32] INFO: Filling index
[2026-02-20 16:57:34] DEBUG: Sorting k-mer index
[2026-02-20 16:57:35] DEBUG: Selected k-mers: 4688080
[2026-02-20 16:57:35] DEBUG: K-mer index size: 82725861
[2026-02-20 16:57:35] DEBUG: Mean k-mer frequency: 17.646
[2026-02-20 16:57:35] DEBUG: Minimizer rate: 5.54588
[2026-02-20 16:57:35] DEBUG: Peak RAM usage: 0 Gb
[2026-02-20 16:57:35] DEBUG: Estimating k-mer identity bias
[2026-02-20 16:57:39] DEBUG: Initial divergence estimate : 0.00650759
[2026-02-20 16:57:39] DEBUG: Relative threshold: Y
[2026-02-20 16:57:39] DEBUG: Max divergence threshold set to 0.0365076
[2026-02-20 16:57:39] INFO: Extending reads
[2026-02-20 16:57:39] DEBUG: Estimating overlap coverage
[2026-02-20 16:58:43] INFO: Overlap-based coverage: 87
[2026-02-20 16:58:43] INFO: Median overlap divergence: 0.00650888
[2026-02-20 16:58:43] DEBUG: Sequence divergence distribution: 

    |*      |                                                                                            
    |**     |                                                                                            
    |**     |                                                                                            
    |**     |                                                                                            
    |**     |                                                                                            
    |**     |                                                                                            
    |**     |                                                                                            
    |**     |                                                                                            
    |**     |                                                                                            
    |**     |                                                                                            
    |**     |                                                                                            
    |**     |                                                                                            
    |***    |                                                                                            
    |***    |                                                                                            
    |***    |                                                                                            
    |****   |                                                                                            
    |****   |                                                                                            
    |****   |                                                                                            
    |*****  |                                                                                            
    |*************** ****** ****  *                    *                   *                             
    ----------------------------------------------------------------------------------------------------
    0%        5%        10%       15%       20%       25%       30%       35%       40%       45%       

    Q25 = 0.0041, Q50 = 0.0065, Q75 = 0.012

[2026-02-20 16:59:11] DEBUG: Assembled disjointig 1
	With 674 reads
	Start read: +74751713-bf68-4535-84ab-6a1a2fe416c4
	At position: 669
	leftTip: 0 rightTip: 0
	Suspicious: 1
	Short ext: 1
	Mean extensions: 63
	Avg overlap len: 27905
	Min overlap len: 2557
	Inner reads: 0
	Length: 4928815
[2026-02-20 16:59:11] DEBUG: Inner: 89052 covered: 89320 total: 93408
[2026-02-20 16:59:11] DEBUG: Discarded disjointig with 392 reads and 390 inner overlaps
[2026-02-20 16:59:11] DEBUG: Discarded disjointig with 299 reads and 297 inner overlaps
[2026-02-20 16:59:11] DEBUG: Discarded disjointig with 504 reads and 502 inner overlaps
[2026-02-20 16:59:11] DEBUG: Discarded disjointig with 492 reads and 490 inner overlaps
[2026-02-20 16:59:11] DEBUG: Discarded disjointig with 286 reads and 284 inner overlaps
[2026-02-20 16:59:12] DEBUG: Discarded disjointig with 671 reads and 669 inner overlaps
[2026-02-20 16:59:12] DEBUG: Discarded disjointig with 670 reads and 668 inner overlaps
[2026-02-20 16:59:12] DEBUG: Discarded disjointig with 669 reads and 667 inner overlaps
[2026-02-20 16:59:12] DEBUG: Discarded disjointig with 141 reads and 139 inner overlaps
[2026-02-20 16:59:12] DEBUG: Discarded disjointig with 673 reads and 671 inner overlaps
[2026-02-20 16:59:12] DEBUG: Discarded disjointig with 151 reads and 149 inner overlaps
[2026-02-20 16:59:12] DEBUG: Discarded disjointig with 651 reads and 649 inner overlaps
[2026-02-20 16:59:12] DEBUG: Discarded disjointig with 222 reads and 220 inner overlaps
[2026-02-20 16:59:12] DEBUG: Discarded disjointig with 668 reads and 666 inner overlaps
[2026-02-20 16:59:12] DEBUG: Discarded disjointig with 673 reads and 671 inner overlaps
[2026-02-20 16:59:13] DEBUG: Assembled disjointig 2
	With 25 reads
	Start read: +c79fbef9-9c23-4074-914c-003a0caef245
	At position: 18
	leftTip: 1 rightTip: 0
	Suspicious: 0
	Short ext: 0
	Mean extensions: 41
	Avg overlap len: 26109
	Min overlap len: 15614
	Inner reads: 0
	Length: 170902
[2026-02-20 16:59:13] DEBUG: Inner: 90450 covered: 90764 total: 93408
[2026-02-20 16:59:13] DEBUG: Discarded disjointig with 21 reads and 19 inner overlaps
[2026-02-20 16:59:13] DEBUG: Discarded disjointig with 22 reads and 20 inner overlaps
[2026-02-20 16:59:13] DEBUG: Discarded disjointig with 24 reads and 22 inner overlaps
[2026-02-20 16:59:13] DEBUG: Discarded disjointig with 20 reads and 18 inner overlaps
[2026-02-20 16:59:13] DEBUG: Discarded disjointig with 21 reads and 19 inner overlaps
[2026-02-20 16:59:13] DEBUG: Discarded disjointig with 17 reads and 15 inner overlaps
[2026-02-20 16:59:13] DEBUG: Discarded disjointig with 23 reads and 21 inner overlaps
[2026-02-20 16:59:13] DEBUG: Discarded disjointig with 22 reads and 20 inner overlaps
[2026-02-20 16:59:13] DEBUG: Discarded disjointig with 24 reads and 22 inner overlaps
[2026-02-20 16:59:13] DEBUG: Discarded disjointig with 25 reads and 23 inner overlaps
[2026-02-20 16:59:13] DEBUG: Discarded disjointig with 20 reads and 18 inner overlaps
[2026-02-20 16:59:13] DEBUG: Discarded disjointig with 23 reads and 21 inner overlaps
[2026-02-20 16:59:13] DEBUG: Discarded disjointig with 22 reads and 20 inner overlaps
[2026-02-20 16:59:13] DEBUG: Discarded disjointig with 21 reads and 19 inner overlaps
[2026-02-20 16:59:13] DEBUG: Discarded disjointig with 24 reads and 22 inner overlaps
[2026-02-20 16:59:34] INFO: Assembled 2 disjointigs
[2026-02-20 16:59:34] INFO: Generating sequence
[2026-02-20 16:59:34] DEBUG: Building positional index
[2026-02-20 16:59:34] DEBUG: Total sequence: 5099785 bp
[2026-02-20 16:59:34] DEBUG: Mean k-mer frequency: 1.05077
[2026-02-20 16:59:34] DEBUG: Repetitive k-mer frequency: 105
[2026-02-20 16:59:34] DEBUG: Filtered 0 repetitive k-mers (0)
[2026-02-20 16:59:35] DEBUG: Sorting k-mer index
[2026-02-20 16:59:35] DEBUG: Selected k-mers: 881733
[2026-02-20 16:59:35] DEBUG: K-mer index size: 926503
[2026-02-20 16:59:35] DEBUG: Mean k-mer frequency: 1.05078
[2026-02-20 16:59:35] DEBUG: Minimizer rate: 5.50434
[2026-02-20 16:59:35] INFO: Filtering contained disjointigs
[2026-02-20 16:59:36] DEBUG: Computing transitive closure for overlaps
[2026-02-20 16:59:36] DEBUG: Found 8 overlaps
[2026-02-20 16:59:36] DEBUG: Left 8 overlaps after filtering
[2026-02-20 16:59:36] INFO: Contained seqs: 0
[2026-02-20 16:59:36] DEBUG: Writing FASTA
[2026-02-20 16:59:36] DEBUG: Peak RAM usage: 1 Gb
-----------End assembly log------------
[2026-02-20 16:59:36] root: DEBUG: Disjointigs length: 5099785, N50: 4928837
[2026-02-20 16:59:36] root: INFO: >>>STAGE: consensus
[2026-02-20 16:59:36] root: INFO: Running Minimap2
[2026-02-20 16:59:53] root: INFO: Computing consensus
[2026-02-20 17:01:05] root: INFO: Alignment error rate: 0.011761
[2026-02-20 17:01:05] root: INFO: >>>STAGE: repeat
[2026-02-20 17:01:05] root: INFO: Building and resolving repeat graph
[2026-02-20 17:01:05] root: DEBUG: -----Begin repeat analyser log------
[2026-02-20 17:01:05] root: DEBUG: Running: flye-modules repeat --disjointigs /scratch/ky/characterization/results/barcode23/assembly/10-consensus/consensus.fasta --reads /scratch/ky/characterization/FASTQ/SQK-RBK114-96_barcode23.fastq --out-dir /scratch/ky/characterization/results/barcode23/assembly/20-repeat --config /data/softs/Miniforge3-25.11.0-0/envs/flye-2.9.6/lib/python3.12/site-packages/flye/config/bin_cfg/asm_nano_hq.cfg --log /scratch/ky/characterization/results/barcode23/assembly/flye.log --threads 16 --meta --min-ovlp 3000
[2026-02-20 17:01:05] DEBUG: Build date: May  4 2025 23:18:08
[2026-02-20 17:01:05] DEBUG: Total RAM: 251 Gb
[2026-02-20 17:01:05] DEBUG: Available RAM: 247 Gb
[2026-02-20 17:01:05] DEBUG: Total CPUs: 32
[2026-02-20 17:01:05] DEBUG: Loading /data/softs/Miniforge3-25.11.0-0/envs/flye-2.9.6/lib/python3.12/site-packages/flye/config/bin_cfg/asm_nano_hq.cfg
[2026-02-20 17:01:05] DEBUG: Loading /data/softs/Miniforge3-25.11.0-0/envs/flye-2.9.6/lib/python3.12/site-packages/flye/config/bin_cfg/asm_defaults.cfg
[2026-02-20 17:01:05] DEBUG: 	big_genome_threshold=29000000
[2026-02-20 17:01:05] DEBUG: 	meta_read_filter_kmer_freq=100
[2026-02-20 17:01:05] DEBUG: 	chain_large_gap_penalty=2
[2026-02-20 17:01:05] DEBUG: 	chain_small_gap_penalty=0.5
[2026-02-20 17:01:05] DEBUG: 	chain_gap_jump_threshold=100
[2026-02-20 17:01:05] DEBUG: 	max_jump_gap=500
[2026-02-20 17:01:05] DEBUG: 	max_coverage_drop_rate=5
[2026-02-20 17:01:05] DEBUG: 	max_extensions_drop_rate=5
[2026-02-20 17:01:05] DEBUG: 	chimera_window=100
[2026-02-20 17:01:05] DEBUG: 	chimera_overhang=1000
[2026-02-20 17:01:05] DEBUG: 	min_reads_in_disjointig=4
[2026-02-20 17:01:05] DEBUG: 	max_inner_reads=10
[2026-02-20 17:01:05] DEBUG: 	max_inner_fraction=0.25
[2026-02-20 17:01:05] DEBUG: 	aggressive_dup_filter=1
[2026-02-20 17:01:05] DEBUG: 	max_separation=500
[2026-02-20 17:01:05] DEBUG: 	unique_edge_length=50000
[2026-02-20 17:01:05] DEBUG: 	min_repeat_res_support=0.51
[2026-02-20 17:01:05] DEBUG: 	out_paths_ratio=5
[2026-02-20 17:01:05] DEBUG: 	graph_cov_drop_rate=5
[2026-02-20 17:01:05] DEBUG: 	coverage_estimate_window=100
[2026-02-20 17:01:05] DEBUG: 	max_bubble_length=50000
[2026-02-20 17:01:05] DEBUG: 	loop_coverage_rate=1.5
[2026-02-20 17:01:05] DEBUG: 	repeat_edge_cov_mult=1.75
[2026-02-20 17:01:05] DEBUG: 	weak_detach_rate=5
[2026-02-20 17:01:05] DEBUG: 	tip_coverage_rate=2
[2026-02-20 17:01:05] DEBUG: 	tip_length_rate=2
[2026-02-20 17:01:05] DEBUG: 	output_gfa_before_rr=1
[2026-02-20 17:01:05] DEBUG: 	remove_alt_edges=0
[2026-02-20 17:01:05] DEBUG: 	low_cutoff_warning=0
[2026-02-20 17:01:05] DEBUG: 	kmer_size=17
[2026-02-20 17:01:05] DEBUG: 	use_minimizers=1
[2026-02-20 17:01:05] DEBUG: 	minimizer_window=10
[2026-02-20 17:01:05] DEBUG: 	reads_base_alignment=1
[2026-02-20 17:01:05] DEBUG: 	meta_read_top_kmer_rate=0.75
[2026-02-20 17:01:05] DEBUG: 	maximum_jump=1500
[2026-02-20 17:01:05] DEBUG: 	maximum_overhang=1500
[2026-02-20 17:01:05] DEBUG: 	repeat_kmer_rate=100
[2026-02-20 17:01:05] DEBUG: 	assemble_ovlp_divergence=0.03
[2026-02-20 17:01:05] DEBUG: 	assemble_divergence_relative=1
[2026-02-20 17:01:05] DEBUG: 	repeat_graph_ovlp_divergence=0.03
[2026-02-20 17:01:05] DEBUG: 	read_align_ovlp_divergence=0.10
[2026-02-20 17:01:05] DEBUG: 	hpc_scoring_on=1
[2026-02-20 17:01:05] DEBUG: 	add_unassembled_reads=0
[2026-02-20 17:01:05] DEBUG: 	extend_contigs_with_repeats=0
[2026-02-20 17:01:05] DEBUG: 	min_read_cov_cutoff=3
[2026-02-20 17:01:05] DEBUG: 	short_tip_length=20000
[2026-02-20 17:01:05] DEBUG: 	long_tip_length=100000
[2026-02-20 17:01:05] DEBUG: Running with k-mer size: 17
[2026-02-20 17:01:05] DEBUG: Selected minimum overlap 3000
[2026-02-20 17:01:05] DEBUG: Metagenome mode: Y
[2026-02-20 17:01:05] INFO: Parsing disjointigs
[2026-02-20 17:01:05] DEBUG: Building positional index
[2026-02-20 17:01:05] DEBUG: Total sequence: 5101995 bp
[2026-02-20 17:01:05] INFO: Building repeat graph
[2026-02-20 17:01:05] DEBUG: Mean k-mer frequency: 1.05352
[2026-02-20 17:01:05] DEBUG: Repetitive k-mer frequency: 105
[2026-02-20 17:01:05] DEBUG: Filtered 0 repetitive k-mers (0)
[2026-02-20 17:01:06] DEBUG: Sorting k-mer index
[2026-02-20 17:01:06] DEBUG: Selected k-mers: 879940
[2026-02-20 17:01:06] DEBUG: K-mer index size: 927033
[2026-02-20 17:01:06] DEBUG: Mean k-mer frequency: 1.05352
[2026-02-20 17:01:06] DEBUG: Minimizer rate: 5.50357
[2026-02-20 17:01:07] DEBUG: Computing transitive closure for overlaps
[2026-02-20 17:01:07] DEBUG: Found 252 overlaps
[2026-02-20 17:01:07] DEBUG: Left 112 overlaps after filtering
[2026-02-20 17:01:07] INFO: Median overlap divergence: 0.0259773
[2026-02-20 17:01:07] DEBUG: Sequence divergence distribution: 

    |*    *|                                                                                             
    |*    *|                                                                                             
    |*    *|                                                                                             
    |*    *|                                                                                             
    |*    *|                                                                                             
    |*   **|                                                                                             
    |*   **|                                                                                             
    |*   **|                                                                                             
    |*   **|                                                                                             
    |*   **|                                                                                             
    |* * **| *              *               *            *                                               
    |* * **| *              *               *            *                                               
    |* * **| *              *               *            *                                               
    |* * **| *              *               *            *                                               
    |* * **| *              *               *            *                                               
    |*** **| *              *               *        * * *                                               
    |*** **| *              *               *        * * *                                               
    |*** **| *              *               *        * * *                                               
    |*** **| *              *               *        * * *                                               
    |*** **| *              *               *        * * *                                               
    ----------------------------------------------------------------------------------------------------
    0%        5%        10%       15%       20%       25%       30%       35%       40%       45%       

    Q25 = 0.013, Q50 = 0.026, Q75 = 0.2

[2026-02-20 17:01:07] DEBUG: Computing gluepoints
[2026-02-20 17:01:07] DEBUG: Added 0 gluepoint projections
[2026-02-20 17:01:07] DEBUG: Created 86 gluepoints
[2026-02-20 17:01:07] DEBUG: Artificial loops removed: 0 left, 0 right, 0 both
[2026-02-20 17:01:07] DEBUG: Initializing edges
[2026-02-20 17:01:07] DEBUG: Edges length checksum: 6307358485
[2026-02-20 17:01:07] DEBUG: Filtered 0 singleton segments
[2026-02-20 17:01:07] DEBUG: Removed 0 simple and 0 double chimeric junctions
[2026-02-20 17:01:07] DEBUG: Collapsed 3 edges
[2026-02-20 17:01:07] DEBUG: *	25	+disjointig_1	57788	80520	22732	
[2026-02-20 17:01:07] DEBUG:  	26	+disjointig_1	80520	85831	5311	
[2026-02-20 17:01:07] DEBUG: *	-8	+disjointig_1	85831	122008	36177	
[2026-02-20 17:01:07] DEBUG:  	26	+disjointig_1	122008	127235	5227	
[2026-02-20 17:01:07] DEBUG: *	-7	+disjointig_1	127235	835174	707939	
[2026-02-20 17:01:07] DEBUG:  	26	+disjointig_1	835174	840422	5248	
[2026-02-20 17:01:07] DEBUG: *	12	+disjointig_1	840422	1025924	185502	
[2026-02-20 17:01:07] DEBUG:  	14	+disjointig_1	1025924	1029994	4070	
[2026-02-20 17:01:07] DEBUG: *	16	+disjointig_1	1029994	1276352	246358	
[2026-02-20 17:01:07] DEBUG:  	17	+disjointig_1	1276352	1280036	3684	
[2026-02-20 17:01:07] DEBUG: *	19	+disjointig_1	1280036	1480325	200289	
[2026-02-20 17:01:07] DEBUG:  	20	+disjointig_1	1480325	1484010	3685	
[2026-02-20 17:01:07] DEBUG: *	-18	+disjointig_1	1484010	2258751	774741	
[2026-02-20 17:01:07] DEBUG:  	17	+disjointig_1	2258751	2262435	3684	
[2026-02-20 17:01:07] DEBUG: *	-15	+disjointig_1	2262435	2861596	599161	
[2026-02-20 17:01:07] DEBUG:  	14	+disjointig_1	2861596	2865667	4071	
[2026-02-20 17:01:07] DEBUG: *	-13	+disjointig_1	2865667	3506035	640368	
[2026-02-20 17:01:07] DEBUG:  	-26	+disjointig_1	3506035	3511452	5417	
[2026-02-20 17:01:07] DEBUG: *	5	+disjointig_1	3511452	4207482	696030	
[2026-02-20 17:01:07] DEBUG:  	-26	+disjointig_1	4207482	4212719	5237	
[2026-02-20 17:01:07] DEBUG: *	9	+disjointig_1	4212719	4403543	190824	
[2026-02-20 17:01:07] DEBUG:  	20	+disjointig_1	4403543	4407205	3662	
[2026-02-20 17:01:07] DEBUG: *	-21	+disjointig_1	4407205	4545625	138420	
[2026-02-20 17:01:07] DEBUG:  	20	+disjointig_1	4545625	4549332	3707	
[2026-02-20 17:01:07] DEBUG: *	-10	+disjointig_1	4549332	4729174	179842	
[2026-02-20 17:01:07] DEBUG:  	26	+disjointig_1	4729174	4734517	5343	
[2026-02-20 17:01:07] DEBUG: *	-6	+disjointig_1	4734517	4822804	88287	
[2026-02-20 17:01:07] DEBUG:  	26	+disjointig_1	4822804	4828239	5435	
[2026-02-20 17:01:07] DEBUG: *	24	+disjointig_1	4828239	4930979	102740	
[2026-02-20 17:01:07] DEBUG: *	27	+disjointig_2	35688	171010	135322	
[2026-02-20 17:01:07] DEBUG: Total edges: 27
[2026-02-20 17:01:07] INFO: Parsing reads
[2026-02-20 17:01:08] DEBUG: Building positional index
[2026-02-20 17:01:08] DEBUG: Total sequence: 511156551 bp
[2026-02-20 17:01:08] DEBUG: Building positional index
[2026-02-20 17:01:08] DEBUG: Total sequence: 5008513 bp
[2026-02-20 17:01:08] INFO: Aligning reads to the graph
[2026-02-20 17:01:08] DEBUG: Mean k-mer frequency: 1.0345
[2026-02-20 17:01:08] DEBUG: Repetitive k-mer frequency: 103
[2026-02-20 17:01:08] DEBUG: Filtered 0 repetitive k-mers (0)
[2026-02-20 17:01:08] DEBUG: Sorting k-mer index
[2026-02-20 17:01:08] DEBUG: Selected k-mers: 879581
[2026-02-20 17:01:08] DEBUG: K-mer index size: 909929
[2026-02-20 17:01:08] DEBUG: Mean k-mer frequency: 1.0345
[2026-02-20 17:01:08] DEBUG: Minimizer rate: 5.50429
[2026-02-20 17:01:22] DEBUG: Total reads : 46704
[2026-02-20 17:01:22] DEBUG: Read with aligned parts : 46265
[2026-02-20 17:01:22] DEBUG: Aligned in one piece : 46133
[2026-02-20 17:01:22] INFO: Aligned read sequence: 453833808 / 458787348 (0.989203)
[2026-02-20 17:01:22] INFO: Median overlap divergence: 0.00283128
[2026-02-20 17:01:22] DEBUG: Sequence divergence distribution: 

    |*                   |                                                                               
    |*                   |                                                                               
    |*                   |                                                                               
    |*                   |                                                                               
    |*                   |                                                                               
    |*                   |                                                                               
    |*                   |                                                                               
    |*                   |                                                                               
    |*                   |                                                                               
    |*                   |                                                                               
    |*                   |                                                                               
    |*                   |                                                                               
    |*                   |                                                                               
    |*                   |                                                                               
    |*                   |                                                                               
    |**                  |                                                                               
    |**                  |                                                                               
    |**                  |                                                                               
    |***                 |                                                                               
    |****************************** *   * **         *    *   *                                          
    ----------------------------------------------------------------------------------------------------
    0%        5%        10%       15%       20%       25%       30%       35%       40%       45%       

    Q25 = 0.0016, Q50 = 0.0028, Q75 = 0.0055

[2026-02-20 17:01:22] INFO: Mean edge coverage: 90
[2026-02-20 17:01:22] DEBUG: 5	len:696030	cov:98	mult:1.08889
[2026-02-20 17:01:22] DEBUG: -5	len:696030	cov:98	mult:1.08889
[2026-02-20 17:01:22] DEBUG: 6	len:88287	cov:101	mult:1.12222
[2026-02-20 17:01:22] DEBUG: -6	len:88287	cov:101	mult:1.12222
[2026-02-20 17:01:22] DEBUG: 7	len:707939	cov:101	mult:1.12222
[2026-02-20 17:01:22] DEBUG: -7	len:707939	cov:101	mult:1.12222
[2026-02-20 17:01:22] DEBUG: 8	len:36177	cov:85	mult:0.944444
[2026-02-20 17:01:22] DEBUG: -8	len:36177	cov:85	mult:0.944444
[2026-02-20 17:01:22] DEBUG: 9	len:190824	cov:101	mult:1.12222
[2026-02-20 17:01:22] DEBUG: -9	len:190824	cov:101	mult:1.12222
[2026-02-20 17:01:22] DEBUG: 10	len:179842	cov:111	mult:1.23333
[2026-02-20 17:01:22] DEBUG: -10	len:179842	cov:111	mult:1.23333
[2026-02-20 17:01:22] DEBUG: 12	len:185502	cov:99	mult:1.1
[2026-02-20 17:01:22] DEBUG: -12	len:185502	cov:99	mult:1.1
[2026-02-20 17:01:22] DEBUG: 13	len:640368	cov:82	mult:0.911111
[2026-02-20 17:01:22] DEBUG: -13	len:640368	cov:82	mult:0.911111
[2026-02-20 17:01:22] DEBUG: 14	len:4070	cov:182	mult:2.02222
[2026-02-20 17:01:22] DEBUG: -14	len:4070	cov:182	mult:2.02222
[2026-02-20 17:01:22] DEBUG: 15	len:599161	cov:75	mult:0.833333
[2026-02-20 17:01:22] DEBUG: -15	len:599161	cov:75	mult:0.833333
[2026-02-20 17:01:22] DEBUG: 16	len:246358	cov:86	mult:0.955556
[2026-02-20 17:01:22] DEBUG: -16	len:246358	cov:86	mult:0.955556
[2026-02-20 17:01:22] DEBUG: 17	len:3684	cov:143	mult:1.58889
[2026-02-20 17:01:22] DEBUG: -17	len:3684	cov:143	mult:1.58889
[2026-02-20 17:01:22] DEBUG: 18	len:774741	cov:77	mult:0.855556
[2026-02-20 17:01:22] DEBUG: -18	len:774741	cov:77	mult:0.855556
[2026-02-20 17:01:22] DEBUG: 19	len:200289	cov:87	mult:0.966667
[2026-02-20 17:01:22] DEBUG: -19	len:200289	cov:87	mult:0.966667
[2026-02-20 17:01:22] DEBUG: 20	len:3684	cov:298	mult:3.31111
[2026-02-20 17:01:22] DEBUG: -20	len:3684	cov:298	mult:3.31111
[2026-02-20 17:01:22] DEBUG: 21	len:138420	cov:117	mult:1.3
[2026-02-20 17:01:22] DEBUG: -21	len:138420	cov:117	mult:1.3
[2026-02-20 17:01:22] DEBUG: 24	len:102740	cov:108	mult:1.2
[2026-02-20 17:01:22] DEBUG: -24	len:102740	cov:108	mult:1.2
[2026-02-20 17:01:22] DEBUG: 25	len:22732	cov:94	mult:1.04444
[2026-02-20 17:01:22] DEBUG: -25	len:22732	cov:94	mult:1.04444
[2026-02-20 17:01:22] DEBUG: 26	len:5316	cov:635	mult:7.05556
[2026-02-20 17:01:22] DEBUG: -26	len:5316	cov:635	mult:7.05556
[2026-02-20 17:01:22] DEBUG: 27	len:135322	cov:52	mult:0.577778
[2026-02-20 17:01:22] DEBUG: -27	len:135322	cov:52	mult:0.577778
[2026-02-20 17:01:22] DEBUG: Unique coverage threshold 176
[2026-02-20 17:01:22] INFO: Simplifying the graph
[2026-02-20 17:01:22] DEBUG: Read coverage cutoff: 3
[2026-02-20 17:01:22] DEBUG: [SIMPL] Removed 0 paths with low coverage
[2026-02-20 17:01:22] DEBUG: [SIMPL] Masked 0 heterozygous loops
[2026-02-20 17:01:22] DEBUG: [SIMPL] Masked 0 simple bubbles
[2026-02-20 17:01:22] DEBUG: [SIMPL] Masked 0 roundabouts
[2026-02-20 17:01:22] DEBUG: [SIMPL] Masked 0 superbubbles
[2026-02-20 17:01:22] DEBUG: Finding repeats
[2026-02-20 17:01:22] DEBUG: Read coverage cutoff: 3
[2026-02-20 17:01:22] DEBUG: Repeat detection iteration 1
[2026-02-20 17:01:22] DEBUG: Starting 20 aln:363
[2026-02-20 17:01:22] DEBUG: 	      -10	num:94	flank:14604	span:17
[2026-02-20 17:01:22] DEBUG: 	      -18	num:71	flank:18890	span:14
[2026-02-20 17:01:22] DEBUG: 	      -21	num:109	flank:13616	span:10
[2026-02-20 17:01:22] DEBUG: Starting -20 aln:363
[2026-02-20 17:01:22] DEBUG: 	      -19	num:72	flank:16253	span:14
[2026-02-20 17:01:22] DEBUG: 	      21	num:85	flank:16294	span:5
[2026-02-20 17:01:22] DEBUG: 	      -9	num:97	flank:15745	span:-8
[2026-02-20 17:01:22] DEBUG: Mult: 20	3684	298	 (1,1)
[2026-02-20 17:01:22] DEBUG: Starting 17 aln:182
[2026-02-20 17:01:22] DEBUG: 	      19	num:69	flank:21045	span:6
[2026-02-20 17:01:22] DEBUG: 	      -15	num:68	flank:11430	span:18
[2026-02-20 17:01:22] DEBUG: Starting -17 aln:182
[2026-02-20 17:01:22] DEBUG: 	      18	num:73	flank:14350	span:1
[2026-02-20 17:01:22] DEBUG: 	      -16	num:59	flank:18087	span:9
[2026-02-20 17:01:22] DEBUG: Mult: 17	3684	143	 (1,1)
[2026-02-20 17:01:22] DEBUG: Starting 14 aln:232
[2026-02-20 17:01:22] DEBUG: 	      -13	num:73	flank:12641	span:22
[2026-02-20 17:01:22] DEBUG: 	      16	num:98	flank:15543	span:8
[2026-02-20 17:01:22] DEBUG: Starting -14 aln:232
[2026-02-20 17:01:22] DEBUG: 	      15	num:63	flank:12848	span:1
[2026-02-20 17:01:22] DEBUG: 	      -12	num:95	flank:14645	span:15
[2026-02-20 17:01:22] DEBUG: Mult: 14	4070	182	 (1,1)
[2026-02-20 17:01:22] DEBUG: Starting 26 aln:881
[2026-02-20 17:01:22] DEBUG: 	      -5	num:80	flank:19761	span:11
[2026-02-20 17:01:22] DEBUG: 	      13	num:60	flank:12098	span:7
[2026-02-20 17:01:22] DEBUG: 	      -8	num:84	flank:11978	span:17
[2026-02-20 17:01:22] DEBUG: 	      12	num:77	flank:15999	span:7
[2026-02-20 17:01:22] DEBUG: 	      24	num:92	flank:20815	span:10
[2026-02-20 17:01:22] DEBUG: 	      -7	num:97	flank:15703	span:14
[2026-02-20 17:01:22] DEBUG: 	      -6	num:87	flank:13460	span:15
[2026-02-20 17:01:22] DEBUG: Starting -26 aln:881
[2026-02-20 17:01:22] DEBUG: 	      7	num:71	flank:13042	span:1
[2026-02-20 17:01:22] DEBUG: 	      8	num:80	flank:15372	span:1
[2026-02-20 17:01:22] DEBUG: 	      6	num:89	flank:23810	span:5
[2026-02-20 17:01:22] DEBUG: 	      10	num:99	flank:14589	span:5
[2026-02-20 17:01:22] DEBUG: 	      9	num:77	flank:14532	span:1
[2026-02-20 17:01:22] DEBUG: 	      5	num:57	flank:12222	span:5
[2026-02-20 17:01:22] DEBUG: 	      -25	num:101	flank:15749	span:11
[2026-02-20 17:01:22] DEBUG: Mult: 26	5316	635	 (1,1)
[2026-02-20 17:01:22] DEBUG: Repeat detection iteration 2
[2026-02-20 17:01:22] DEBUG: Writing Dot
[2026-02-20 17:01:22] DEBUG: Writing FASTA
[2026-02-20 17:01:22] DEBUG: Writing Gfa
[2026-02-20 17:01:22] DEBUG: 	Connection 12	16	56
[2026-02-20 17:01:22] DEBUG: 	Connection -15	-13	41
[2026-02-20 17:01:22] DEBUG: 	Connection 16	19	38
[2026-02-20 17:01:22] DEBUG: 	Connection -18	-15	49
[2026-02-20 17:01:22] DEBUG: 	Connection 9	-21	69
[2026-02-20 17:01:22] DEBUG: 	Connection 19	-18	44
[2026-02-20 17:01:22] DEBUG: 	Connection -21	-10	52
[2026-02-20 17:01:22] DEBUG: [SIMPL] Resolved 7 simple repeats
[2026-02-20 17:01:22] DEBUG: [SIMPL] == Iteration 1 ==
[2026-02-20 17:01:22] DEBUG: Splitting nodes
[2026-02-20 17:01:22] DEBUG: [SIMPL] Split 0 nodes
[2026-02-20 17:01:22] DEBUG: [SIMPL] Disconnected 0 minor paths
[2026-02-20 17:01:22] DEBUG: [SIMPL] Clipped 0 short and 0 long tips
[2026-02-20 17:01:22] DEBUG: [SIMPL] Masked 0 heterozygous loops
[2026-02-20 17:01:22] DEBUG: [SIMPL] Masked 0 simple bubbles
[2026-02-20 17:01:22] DEBUG: [SIMPL] Masked 0 roundabouts
[2026-02-20 17:01:22] DEBUG: [SIMPL] Masked 0 superbubbles
[2026-02-20 17:01:22] DEBUG: Finding repeats
[2026-02-20 17:01:22] DEBUG: Read coverage cutoff: 3
[2026-02-20 17:01:22] DEBUG: Repeat detection iteration 1
[2026-02-20 17:01:22] DEBUG: Starting 26 aln:881
[2026-02-20 17:01:22] DEBUG: 	      -5	num:80	flank:19761	span:11
[2026-02-20 17:01:22] DEBUG: 	      13	num:60	flank:12098	span:7
[2026-02-20 17:01:22] DEBUG: 	      -8	num:84	flank:11978	span:17
[2026-02-20 17:01:22] DEBUG: 	      12	num:77	flank:15999	span:7
[2026-02-20 17:01:22] DEBUG: 	      24	num:92	flank:20815	span:10
[2026-02-20 17:01:22] DEBUG: 	      -7	num:97	flank:15703	span:14
[2026-02-20 17:01:22] DEBUG: 	      -6	num:87	flank:13460	span:15
[2026-02-20 17:01:22] DEBUG: Starting -26 aln:881
[2026-02-20 17:01:22] DEBUG: 	      7	num:71	flank:13042	span:1
[2026-02-20 17:01:22] DEBUG: 	      8	num:80	flank:15372	span:1
[2026-02-20 17:01:22] DEBUG: 	      6	num:89	flank:23810	span:5
[2026-02-20 17:01:22] DEBUG: 	      10	num:99	flank:14589	span:5
[2026-02-20 17:01:22] DEBUG: 	      9	num:77	flank:14532	span:1
[2026-02-20 17:01:22] DEBUG: 	      5	num:57	flank:12222	span:5
[2026-02-20 17:01:22] DEBUG: 	      -25	num:101	flank:15749	span:11
[2026-02-20 17:01:22] DEBUG: Mult: 26	5316	635	 (1,1)
[2026-02-20 17:01:22] DEBUG: Repeat detection iteration 2
[2026-02-20 17:01:22] DEBUG: Total unique edges: 26
[2026-02-20 17:01:22] DEBUG: 	Connection -5	13	21	1
[2026-02-20 17:01:22] DEBUG: 	Connection 25	-8	45	1
[2026-02-20 17:01:22] DEBUG: 	Connection -10	-6	44	1
[2026-02-20 17:01:22] DEBUG: 	Connection -6	24	45	1
[2026-02-20 17:01:22] DEBUG: 	Connection 5	9	36	1
[2026-02-20 17:01:22] DEBUG: 	Connection 7	8	44	1
[2026-02-20 17:01:22] DEBUG: 	Connection -12	7	35	1
[2026-02-20 17:01:22] DEBUG: [SIMPL] Resolved repeats: 7
[2026-02-20 17:01:22] DEBUG: RR links: 540
[2026-02-20 17:01:22] DEBUG: Unresolved: 0
[2026-02-20 17:01:22] DEBUG: Removed 0 simple and 0 double chimeric junctions
[2026-02-20 17:01:22] DEBUG: [SIMPL] == Iteration 2 ==
[2026-02-20 17:01:22] DEBUG: Splitting nodes
[2026-02-20 17:01:22] DEBUG: [SIMPL] Split 0 nodes
[2026-02-20 17:01:22] DEBUG: [SIMPL] Disconnected 0 minor paths
[2026-02-20 17:01:22] DEBUG: [SIMPL] Clipped 0 short and 0 long tips
[2026-02-20 17:01:22] DEBUG: [SIMPL] Masked 0 heterozygous loops
[2026-02-20 17:01:22] DEBUG: [SIMPL] Masked 0 simple bubbles
[2026-02-20 17:01:22] DEBUG: [SIMPL] Masked 0 roundabouts
[2026-02-20 17:01:22] DEBUG: [SIMPL] Masked 0 superbubbles
[2026-02-20 17:01:22] DEBUG: Finding repeats
[2026-02-20 17:01:22] DEBUG: Read coverage cutoff: 3
[2026-02-20 17:01:22] DEBUG: Repeat detection iteration 1
[2026-02-20 17:01:22] DEBUG: Repeat detection iteration 2
[2026-02-20 17:01:22] DEBUG: Total unique edges: 30
[2026-02-20 17:01:22] DEBUG: [SIMPL] Resolved repeats: 0
[2026-02-20 17:01:22] DEBUG: RR links: 0
[2026-02-20 17:01:22] DEBUG: Unresolved: 0
[2026-02-20 17:01:22] DEBUG: Removed 0 simple and 0 double chimeric junctions
[2026-02-20 17:01:22] DEBUG: [SIMPL] Simplified 0 forks
[2026-02-20 17:01:22] DEBUG: [SIMPL] Collapsed 0 haplotypes
[2026-02-20 17:01:22] DEBUG: [SIMPL] Resolved 0 simple repeats
[2026-02-20 17:01:22] DEBUG: Read coverage cutoff: 3
[2026-02-20 17:01:22] DEBUG: [SIMPL] Removed 0 paths with low coverage
[2026-02-20 17:01:22] DEBUG: Finding repeats
[2026-02-20 17:01:22] DEBUG: Read coverage cutoff: 3
[2026-02-20 17:01:22] DEBUG: Repeat detection iteration 1
[2026-02-20 17:01:22] DEBUG: Repeat detection iteration 2
[2026-02-20 17:01:22] DEBUG: Writing Dot
[2026-02-20 17:01:22] DEBUG: Writing FASTA
[2026-02-20 17:01:22] DEBUG: Peak RAM usage: 0 Gb
-----------End assembly log------------
[2026-02-20 17:01:22] root: INFO: >>>STAGE: contigger
[2026-02-20 17:01:22] root: INFO: Generating contigs
[2026-02-20 17:01:22] root: DEBUG: -----Begin contigger analyser log------
[2026-02-20 17:01:22] root: DEBUG: Running: flye-modules contigger --graph-edges /scratch/ky/characterization/results/barcode23/assembly/20-repeat/repeat_graph_edges.fasta --reads /scratch/ky/characterization/FASTQ/SQK-RBK114-96_barcode23.fastq --out-dir /scratch/ky/characterization/results/barcode23/assembly/30-contigger --config /data/softs/Miniforge3-25.11.0-0/envs/flye-2.9.6/lib/python3.12/site-packages/flye/config/bin_cfg/asm_nano_hq.cfg --repeat-graph /scratch/ky/characterization/results/barcode23/assembly/20-repeat/repeat_graph_dump --graph-aln /scratch/ky/characterization/results/barcode23/assembly/20-repeat/read_alignment_dump --log /scratch/ky/characterization/results/barcode23/assembly/flye.log --threads 16 --min-ovlp 3000
[2026-02-20 17:01:22] DEBUG: Build date: May  4 2025 23:18:25
[2026-02-20 17:01:22] DEBUG: Total RAM: 251 Gb
[2026-02-20 17:01:22] DEBUG: Available RAM: 247 Gb
[2026-02-20 17:01:22] DEBUG: Total CPUs: 32
[2026-02-20 17:01:22] DEBUG: Loading /data/softs/Miniforge3-25.11.0-0/envs/flye-2.9.6/lib/python3.12/site-packages/flye/config/bin_cfg/asm_nano_hq.cfg
[2026-02-20 17:01:22] DEBUG: Loading /data/softs/Miniforge3-25.11.0-0/envs/flye-2.9.6/lib/python3.12/site-packages/flye/config/bin_cfg/asm_defaults.cfg
[2026-02-20 17:01:22] DEBUG: 	big_genome_threshold=29000000
[2026-02-20 17:01:22] DEBUG: 	meta_read_filter_kmer_freq=100
[2026-02-20 17:01:22] DEBUG: 	chain_large_gap_penalty=2
[2026-02-20 17:01:22] DEBUG: 	chain_small_gap_penalty=0.5
[2026-02-20 17:01:22] DEBUG: 	chain_gap_jump_threshold=100
[2026-02-20 17:01:22] DEBUG: 	max_jump_gap=500
[2026-02-20 17:01:22] DEBUG: 	max_coverage_drop_rate=5
[2026-02-20 17:01:22] DEBUG: 	max_extensions_drop_rate=5
[2026-02-20 17:01:22] DEBUG: 	chimera_window=100
[2026-02-20 17:01:22] DEBUG: 	chimera_overhang=1000
[2026-02-20 17:01:22] DEBUG: 	min_reads_in_disjointig=4
[2026-02-20 17:01:22] DEBUG: 	max_inner_reads=10
[2026-02-20 17:01:22] DEBUG: 	max_inner_fraction=0.25
[2026-02-20 17:01:22] DEBUG: 	aggressive_dup_filter=1
[2026-02-20 17:01:22] DEBUG: 	max_separation=500
[2026-02-20 17:01:22] DEBUG: 	unique_edge_length=50000
[2026-02-20 17:01:22] DEBUG: 	min_repeat_res_support=0.51
[2026-02-20 17:01:22] DEBUG: 	out_paths_ratio=5
[2026-02-20 17:01:22] DEBUG: 	graph_cov_drop_rate=5
[2026-02-20 17:01:22] DEBUG: 	coverage_estimate_window=100
[2026-02-20 17:01:22] DEBUG: 	max_bubble_length=50000
[2026-02-20 17:01:22] DEBUG: 	loop_coverage_rate=1.5
[2026-02-20 17:01:22] DEBUG: 	repeat_edge_cov_mult=1.75
[2026-02-20 17:01:22] DEBUG: 	weak_detach_rate=5
[2026-02-20 17:01:22] DEBUG: 	tip_coverage_rate=2
[2026-02-20 17:01:22] DEBUG: 	tip_length_rate=2
[2026-02-20 17:01:22] DEBUG: 	output_gfa_before_rr=1
[2026-02-20 17:01:22] DEBUG: 	remove_alt_edges=0
[2026-02-20 17:01:22] DEBUG: 	low_cutoff_warning=0
[2026-02-20 17:01:22] DEBUG: 	kmer_size=17
[2026-02-20 17:01:22] DEBUG: 	use_minimizers=1
[2026-02-20 17:01:22] DEBUG: 	minimizer_window=10
[2026-02-20 17:01:22] DEBUG: 	reads_base_alignment=1
[2026-02-20 17:01:22] DEBUG: 	meta_read_top_kmer_rate=0.75
[2026-02-20 17:01:22] DEBUG: 	maximum_jump=1500
[2026-02-20 17:01:22] DEBUG: 	maximum_overhang=1500
[2026-02-20 17:01:22] DEBUG: 	repeat_kmer_rate=100
[2026-02-20 17:01:22] DEBUG: 	assemble_ovlp_divergence=0.03
[2026-02-20 17:01:22] DEBUG: 	assemble_divergence_relative=1
[2026-02-20 17:01:22] DEBUG: 	repeat_graph_ovlp_divergence=0.03
[2026-02-20 17:01:22] DEBUG: 	read_align_ovlp_divergence=0.10
[2026-02-20 17:01:22] DEBUG: 	hpc_scoring_on=1
[2026-02-20 17:01:22] DEBUG: 	add_unassembled_reads=0
[2026-02-20 17:01:22] DEBUG: 	extend_contigs_with_repeats=0
[2026-02-20 17:01:22] DEBUG: 	min_read_cov_cutoff=3
[2026-02-20 17:01:22] DEBUG: 	short_tip_length=20000
[2026-02-20 17:01:22] DEBUG: 	long_tip_length=100000
[2026-02-20 17:01:22] DEBUG: Running with k-mer size: 17
[2026-02-20 17:01:22] DEBUG: Selected minimum overlap 3000
[2026-02-20 17:01:22] INFO: Reading sequences
[2026-02-20 17:01:24] DEBUG: Building positional index
[2026-02-20 17:01:24] DEBUG: Total sequence: 511156551 bp
[2026-02-20 17:01:24] DEBUG: Flipped 0
[2026-02-20 17:01:24] DEBUG: UPath 1: 39 -> 9 -> 32 -> -21 -> 34 -> -10 -> -37 -> -6 -> -38 -> 24 -> 25 -> -36 -> -8 -> 40 -> -7 -> -41 -> 12 -> 28 -> 16 -> 30 -> 19 -> 33 -> -18 -> 31 -> -15 -> 29 -> -13 -> -35 -> 5
[2026-02-20 17:01:24] DEBUG: UPath 2: 27
[2026-02-20 17:01:24] DEBUG: Final graph contains 2 egdes
[2026-02-20 17:01:24] DEBUG: Extending contigs into repeats
[2026-02-20 17:01:24] DEBUG: Covered 0 repetitive contigs
[2026-02-20 17:01:24] INFO: Generated 2 contigs
[2026-02-20 17:01:24] DEBUG: Writing FASTA
[2026-02-20 17:01:24] DEBUG: Generating scaffold connections
[2026-02-20 17:01:24] INFO: Added 0 scaffold connections
[2026-02-20 17:01:24] DEBUG: Writing Dot
[2026-02-20 17:01:24] DEBUG: Writing FASTA
[2026-02-20 17:01:24] DEBUG: Writing Gfa
[2026-02-20 17:01:24] DEBUG: Peak RAM usage: 0 Gb
-----------End assembly log------------
[2026-02-20 17:01:24] root: INFO: >>>STAGE: polishing
[2026-02-20 17:01:24] root: INFO: Polishing genome (1/1)
[2026-02-20 17:01:24] root: INFO: Running minimap2
[2026-02-20 17:01:41] root: INFO: Separating alignment into bubbles
[2026-02-20 17:03:07] root: DEBUG: Generated 349011 bubbles
[2026-02-20 17:03:07] root: DEBUG: Split 0 long bubbles
[2026-02-20 17:03:07] root: DEBUG: Skipped 0 empty bubbles
[2026-02-20 17:03:07] root: DEBUG: Skipped 0 bubbles with long branches
[2026-02-20 17:03:07] root: INFO: Alignment error rate: 0.007304
[2026-02-20 17:03:07] root: INFO: Correcting bubbles
[2026-02-20 17:03:20] root: DEBUG: Mean contig coverage: 102, selected threshold: 3
[2026-02-20 17:03:20] root: DEBUG: Filtered 0 contigs of total length 0
[2026-02-20 17:03:20] root: DEBUG: Generating polished GFA
[2026-02-20 17:03:23] root: DEBUG: 0 sequences remained unpolished
[2026-02-20 17:03:23] root: INFO: >>>STAGE: finalize
[2026-02-20 17:03:23] root: DEBUG: ---Output dir contents:----
[2026-02-20 17:03:23] root: DEBUG: assembly/
[2026-02-20 17:03:23] root: DEBUG:     42.0 K      flye.log
[2026-02-20 17:03:23] root: DEBUG:     92.0 B      params.json
[2026-02-20 17:03:23] root: DEBUG:     308.0 B     assembly_graph.gv
[2026-02-20 17:03:23] root: DEBUG:     4.0 M       assembly_graph.gfa
[2026-02-20 17:03:23] root: DEBUG:     4.0 M       assembly.fasta
[2026-02-20 17:03:23] root: DEBUG:     00-assembly/
[2026-02-20 17:03:23] root: DEBUG:         4.0 M       draft_assembly.fasta
[2026-02-20 17:03:23] root: DEBUG:         64.0 B      draft_assembly.fasta.fai
[2026-02-20 17:03:23] root: DEBUG:     10-consensus/
[2026-02-20 17:03:23] root: DEBUG:         970.0 B     minimap.stderr
[2026-02-20 17:03:23] root: DEBUG:         102.0 K     minimap.bam.csi
[2026-02-20 17:03:23] root: DEBUG:         4.0 M       consensus.fasta
[2026-02-20 17:03:23] root: DEBUG:     20-repeat/
[2026-02-20 17:03:23] root: DEBUG:         2.0 K       graph_before_rr.gv
[2026-02-20 17:03:23] root: DEBUG:         4.0 M       graph_before_rr.fasta
[2026-02-20 17:03:23] root: DEBUG:         4.0 M       graph_before_rr.gfa
[2026-02-20 17:03:23] root: DEBUG:         3.0 K       graph_after_rr.gv
[2026-02-20 17:03:23] root: DEBUG:         6.0 K       repeat_graph_dump
[2026-02-20 17:03:23] root: DEBUG:         13.0 M      read_alignment_dump
[2026-02-20 17:03:23] root: DEBUG:         4.0 M       repeat_graph_edges.fasta
[2026-02-20 17:03:23] root: DEBUG:     30-contigger/
[2026-02-20 17:03:23] root: DEBUG:         4.0 M       contigs.fasta
[2026-02-20 17:03:23] root: DEBUG:         146.0 B     contigs_stats.txt
[2026-02-20 17:03:23] root: DEBUG:         0.0 B       scaffolds_links.txt
[2026-02-20 17:03:23] root: DEBUG:         308.0 B     graph_final.gv
[2026-02-20 17:03:23] root: DEBUG:         4.0 M       graph_final.fasta
[2026-02-20 17:03:23] root: DEBUG:         4.0 M       graph_final.gfa
[2026-02-20 17:03:23] root: DEBUG:         56.0 B      contigs.fasta.fai
[2026-02-20 17:03:23] root: DEBUG:     40-polishing/
[2026-02-20 17:03:23] root: DEBUG:         923.0 B     minimap.stderr
[2026-02-20 17:03:23] root: DEBUG:         101.0 K     minimap_1.bam.csi
[2026-02-20 17:03:23] root: DEBUG:         66.0 B      contigs_stats.txt
[2026-02-20 17:03:23] root: DEBUG:         1.0 M       base_coverage.bed.gz
[2026-02-20 17:03:23] root: DEBUG:         4.0 M       filtered_contigs.fasta
[2026-02-20 17:03:23] root: DEBUG:         66.0 B      filtered_stats.txt
[2026-02-20 17:03:23] root: DEBUG:         56.0 B      filtered_contigs.fasta.fai
[2026-02-20 17:03:23] root: DEBUG:         115.0 B     edges_aln.bam.csi
[2026-02-20 17:03:23] root: DEBUG:         4.0 M       polished_edges.gfa
[2026-02-20 17:03:23] root: DEBUG: --------------------------
[2026-02-20 17:03:23] root: INFO: Assembly statistics:

	Total length:	5008521
	Fragments:	2
	Fragments N50:	4873199
	Largest frg:	4873199
	Scaffolds:	0
	Mean coverage:	102

[2026-02-20 17:03:23] root: INFO: Final assembly: /scratch/ky/characterization/results/barcode23/assembly/assembly.fasta
