[2026-02-20 16:41:29] root: INFO: Starting Flye 2.9.6-b1802
[2026-02-20 16:41:29] root: DEBUG: Cmd: /data/softs/Miniforge3-25.11.0-0/envs/flye-2.9.6/bin/flye --meta --nano-hq /scratch/ky/characterization/FASTQ/SQK-RBK114-96_barcode10.fastq -o /scratch/ky/characterization/results/barcode10/assembly/ -t 16
[2026-02-20 16:41:29] root: DEBUG: Python version: 3.12.12 | packaged by conda-forge | (main, Jan 26 2026, 23:51:32) [GCC 14.3.0]
[2026-02-20 16:41:29] root: INFO: >>>STAGE: configure
[2026-02-20 16:41:29] root: INFO: Configuring run
[2026-02-20 16:41:29] root: INFO: Total read length: 352414
[2026-02-20 16:41:29] root: INFO: Reads N50/N90: 20021 / 125
[2026-02-20 16:41:29] root: INFO: Minimum overlap set to 1000
[2026-02-20 16:41:29] root: INFO: >>>STAGE: assembly
[2026-02-20 16:41:29] root: INFO: Assembling disjointigs
[2026-02-20 16:41:29] root: DEBUG: -----Begin assembly log------
[2026-02-20 16:41:29] root: DEBUG: Running: flye-modules assemble --reads /scratch/ky/characterization/FASTQ/SQK-RBK114-96_barcode10.fastq --out-asm /scratch/ky/characterization/results/barcode10/assembly/00-assembly/draft_assembly.fasta --config /data/softs/Miniforge3-25.11.0-0/envs/flye-2.9.6/lib/python3.12/site-packages/flye/config/bin_cfg/asm_nano_hq.cfg --log /scratch/ky/characterization/results/barcode10/assembly/flye.log --threads 16 --meta --min-ovlp 1000
[2026-02-20 16:41:29] DEBUG: Build date: May  4 2025 23:17:52
[2026-02-20 16:41:29] DEBUG: Total RAM: 251 Gb
[2026-02-20 16:41:29] DEBUG: Available RAM: 247 Gb
[2026-02-20 16:41:29] DEBUG: Total CPUs: 32
[2026-02-20 16:41:29] DEBUG: Loading /data/softs/Miniforge3-25.11.0-0/envs/flye-2.9.6/lib/python3.12/site-packages/flye/config/bin_cfg/asm_nano_hq.cfg
[2026-02-20 16:41:29] DEBUG: Loading /data/softs/Miniforge3-25.11.0-0/envs/flye-2.9.6/lib/python3.12/site-packages/flye/config/bin_cfg/asm_defaults.cfg
[2026-02-20 16:41:29] DEBUG: 	big_genome_threshold=29000000
[2026-02-20 16:41:29] DEBUG: 	meta_read_filter_kmer_freq=100
[2026-02-20 16:41:29] DEBUG: 	chain_large_gap_penalty=2
[2026-02-20 16:41:29] DEBUG: 	chain_small_gap_penalty=0.5
[2026-02-20 16:41:29] DEBUG: 	chain_gap_jump_threshold=100
[2026-02-20 16:41:29] DEBUG: 	max_jump_gap=500
[2026-02-20 16:41:29] DEBUG: 	max_coverage_drop_rate=5
[2026-02-20 16:41:29] DEBUG: 	max_extensions_drop_rate=5
[2026-02-20 16:41:29] DEBUG: 	chimera_window=100
[2026-02-20 16:41:29] DEBUG: 	chimera_overhang=1000
[2026-02-20 16:41:29] DEBUG: 	min_reads_in_disjointig=4
[2026-02-20 16:41:29] DEBUG: 	max_inner_reads=10
[2026-02-20 16:41:29] DEBUG: 	max_inner_fraction=0.25
[2026-02-20 16:41:29] DEBUG: 	aggressive_dup_filter=1
[2026-02-20 16:41:29] DEBUG: 	max_separation=500
[2026-02-20 16:41:29] DEBUG: 	unique_edge_length=50000
[2026-02-20 16:41:29] DEBUG: 	min_repeat_res_support=0.51
[2026-02-20 16:41:29] DEBUG: 	out_paths_ratio=5
[2026-02-20 16:41:29] DEBUG: 	graph_cov_drop_rate=5
[2026-02-20 16:41:29] DEBUG: 	coverage_estimate_window=100
[2026-02-20 16:41:29] DEBUG: 	max_bubble_length=50000
[2026-02-20 16:41:29] DEBUG: 	loop_coverage_rate=1.5
[2026-02-20 16:41:29] DEBUG: 	repeat_edge_cov_mult=1.75
[2026-02-20 16:41:29] DEBUG: 	weak_detach_rate=5
[2026-02-20 16:41:29] DEBUG: 	tip_coverage_rate=2
[2026-02-20 16:41:29] DEBUG: 	tip_length_rate=2
[2026-02-20 16:41:29] DEBUG: 	output_gfa_before_rr=1
[2026-02-20 16:41:29] DEBUG: 	remove_alt_edges=0
[2026-02-20 16:41:29] DEBUG: 	low_cutoff_warning=0
[2026-02-20 16:41:29] DEBUG: 	kmer_size=17
[2026-02-20 16:41:29] DEBUG: 	use_minimizers=1
[2026-02-20 16:41:29] DEBUG: 	minimizer_window=10
[2026-02-20 16:41:29] DEBUG: 	reads_base_alignment=1
[2026-02-20 16:41:29] DEBUG: 	meta_read_top_kmer_rate=0.75
[2026-02-20 16:41:29] DEBUG: 	maximum_jump=1500
[2026-02-20 16:41:29] DEBUG: 	maximum_overhang=1500
[2026-02-20 16:41:29] DEBUG: 	repeat_kmer_rate=100
[2026-02-20 16:41:29] DEBUG: 	assemble_ovlp_divergence=0.03
[2026-02-20 16:41:29] DEBUG: 	assemble_divergence_relative=1
[2026-02-20 16:41:29] DEBUG: 	repeat_graph_ovlp_divergence=0.03
[2026-02-20 16:41:29] DEBUG: 	read_align_ovlp_divergence=0.10
[2026-02-20 16:41:29] DEBUG: 	hpc_scoring_on=1
[2026-02-20 16:41:29] DEBUG: 	add_unassembled_reads=0
[2026-02-20 16:41:29] DEBUG: 	extend_contigs_with_repeats=0
[2026-02-20 16:41:29] DEBUG: 	min_read_cov_cutoff=3
[2026-02-20 16:41:29] DEBUG: 	short_tip_length=20000
[2026-02-20 16:41:29] DEBUG: 	long_tip_length=100000
[2026-02-20 16:41:29] DEBUG: Running with k-mer size: 17
[2026-02-20 16:41:29] DEBUG: Running with minimum overlap 1000
[2026-02-20 16:41:29] DEBUG: Metagenome mode: Y
[2026-02-20 16:41:29] DEBUG: Short mode: N
[2026-02-20 16:41:29] INFO: Reading sequences
[2026-02-20 16:41:29] DEBUG: Building positional index
[2026-02-20 16:41:29] DEBUG: Total sequence: 262723 bp
[2026-02-20 16:41:29] INFO: Building minimizer index
[2026-02-20 16:41:29] INFO: Pre-calculating index storage
[2026-02-20 16:41:29] DEBUG: Mean k-mer frequency: 2.24293
[2026-02-20 16:41:29] DEBUG: Repetitive k-mer frequency: 224
[2026-02-20 16:41:29] DEBUG: Filtered 18015 repetitive k-mers (0.54702)
[2026-02-20 16:41:29] INFO: Filling index
[2026-02-20 16:41:29] DEBUG: Sorting k-mer index
[2026-02-20 16:41:29] DEBUG: Selected k-mers: 14680
[2026-02-20 16:41:29] DEBUG: K-mer index size: 14918
[2026-02-20 16:41:29] DEBUG: Mean k-mer frequency: 1.01621
[2026-02-20 16:41:29] DEBUG: Minimizer rate: 17.6111
[2026-02-20 16:41:29] DEBUG: Peak RAM usage: 0 Gb
[2026-02-20 16:41:29] DEBUG: Estimating k-mer identity bias
[2026-02-20 16:41:38] WARNING: No overlaps found - unable to estimate parameters
[2026-02-20 16:41:38] DEBUG: Initial divergence estimate : 0.5
[2026-02-20 16:41:38] DEBUG: Relative threshold: Y
[2026-02-20 16:41:38] DEBUG: Max divergence threshold set to 0.53
[2026-02-20 16:41:38] INFO: Extending reads
[2026-02-20 16:41:38] DEBUG: Estimating overlap coverage
[2026-02-20 16:41:38] WARNING: No overlaps found!
[2026-02-20 16:41:38] INFO: Overlap-based coverage: 0
[2026-02-20 16:41:38] INFO: Median overlap divergence: 0
[2026-02-20 16:41:38] DEBUG: Sequence divergence distribution: 

    |                                                                                                    
    |                                                                                                    
    |                                                                                                    
    |                                                                                                    
    |                                                                                                    
    |                                                                                                    
    |                                                                                                    
    |                                                                                                    
    |                                                                                                    
    |                                                                                                    
    |                                                                                                    
    |                                                                                                    
    |                                                                                                    
    |                                                                                                    
    |                                                                                                    
    |                                                                                                    
    |                                                                                                    
    |                                                                                                    
    |                                                                                                    
    |                                                                                                    
    ----------------------------------------------------------------------------------------------------
    0%        5%        10%       15%       20%       25%       30%       35%       40%       45%       

    Q25 = 0, Q50 = 0, Q75 = 0

[2026-02-20 16:41:38] INFO: Assembled 0 disjointigs
[2026-02-20 16:41:38] INFO: Generating sequence
[2026-02-20 16:41:38] DEBUG: Building positional index
[2026-02-20 16:41:38] DEBUG: Mean k-mer frequency: 0
[2026-02-20 16:41:38] DEBUG: Repetitive k-mer frequency: 0
[2026-02-20 16:41:38] DEBUG: Filtered 0 repetitive k-mers (-nan)
[2026-02-20 16:41:38] DEBUG: Sorting k-mer index
[2026-02-20 16:41:38] DEBUG: Selected k-mers: 0
[2026-02-20 16:41:38] DEBUG: K-mer index size: 0
[2026-02-20 16:41:38] DEBUG: Mean k-mer frequency: -nan
[2026-02-20 16:41:38] DEBUG: Minimizer rate: -nan
[2026-02-20 16:41:38] INFO: Filtering contained disjointigs
[2026-02-20 16:41:38] DEBUG: Computing transitive closure for overlaps
[2026-02-20 16:41:38] DEBUG: Found 0 overlaps
[2026-02-20 16:41:38] DEBUG: Left 0 overlaps after filtering
[2026-02-20 16:41:38] INFO: Contained seqs: 0
[2026-02-20 16:41:38] DEBUG: Writing FASTA
[2026-02-20 16:41:38] DEBUG: Peak RAM usage: 0 Gb
-----------End assembly log------------
[2026-02-20 16:41:38] root: ERROR: No disjointigs were assembled - please check if the read type and genome size parameters are correct
[2026-02-20 16:41:38] root: ERROR: Pipeline aborted
