##gff-version  3
# Sequence Data: seqnum=1;seqlen=1640;seqhdr="contig_7"
# Model Data: version=Prodigal.v2.6.3;run_type=Single;model="Ab initio";gc_cont=36.93;transl_table=11;uses_sd=1
contig_7	Prodigal_v2.6.3	CDS	171	1640	216.5	+	0	ID=1_1;partial=00;start_type=ATG;rbs_motif=AGxAGG/AGGxGG;rbs_spacer=5-10bp;gc_cont=0.368;conf=99.99;score=216.52;cscore=199.43;sscore=17.09;rscore=10.01;uscore=4.49;tscore=2.58;
# Sequence Data: seqnum=2;seqlen=2460;seqhdr="contig_22"
# Model Data: version=Prodigal.v2.6.3;run_type=Single;model="Ab initio";gc_cont=36.93;transl_table=11;uses_sd=1
contig_22	Prodigal_v2.6.3	CDS	156	611	66.3	+	0	ID=2_1;partial=00;start_type=ATG;rbs_motif=AGGAG;rbs_spacer=5-10bp;gc_cont=0.390;conf=100.00;score=66.33;cscore=49.32;sscore=17.01;rscore=11.85;uscore=2.59;tscore=2.58;
contig_22	Prodigal_v2.6.3	CDS	613	909	7.1	+	0	ID=2_2;partial=00;start_type=GTG;rbs_motif=None;rbs_spacer=None;gc_cont=0.380;conf=83.59;score=7.08;cscore=16.54;sscore=-9.45;rscore=-7.91;uscore=0.88;tscore=-3.69;
contig_22	Prodigal_v2.6.3	CDS	941	2362	212.5	-	0	ID=2_3;partial=00;start_type=ATG;rbs_motif=AGGAG;rbs_spacer=5-10bp;gc_cont=0.394;conf=99.99;score=212.51;cscore=196.62;sscore=15.89;rscore=11.85;uscore=1.46;tscore=2.58;
# Sequence Data: seqnum=3;seqlen=9361;seqhdr="contig_8"
# Model Data: version=Prodigal.v2.6.3;run_type=Single;model="Ab initio";gc_cont=36.93;transl_table=11;uses_sd=1
contig_8	Prodigal_v2.6.3	CDS	123	365	43.3	+	0	ID=3_1;partial=00;start_type=GTG;rbs_motif=AGGAGG;rbs_spacer=5-10bp;gc_cont=0.292;conf=100.00;score=43.28;cscore=32.52;sscore=10.76;rscore=12.49;uscore=2.11;tscore=-3.84;
contig_8	Prodigal_v2.6.3	CDS	377	655	22.0	+	0	ID=3_2;partial=00;start_type=ATG;rbs_motif=None;rbs_spacer=None;gc_cont=0.348;conf=99.36;score=21.96;cscore=25.40;sscore=-3.44;rscore=-7.91;uscore=0.73;tscore=2.58;
contig_8	Prodigal_v2.6.3	CDS	811	1668	111.5	+	0	ID=3_3;partial=00;start_type=ATG;rbs_motif=GGA/GAG/AGG;rbs_spacer=5-10bp;gc_cont=0.315;conf=100.00;score=111.48;cscore=106.99;sscore=4.49;rscore=-0.45;uscore=2.36;tscore=2.58;
contig_8	Prodigal_v2.6.3	CDS	1686	2723	174.2	+	0	ID=3_4;partial=00;start_type=ATG;rbs_motif=GGAGG;rbs_spacer=5-10bp;gc_cont=0.329;conf=100.00;score=174.18;cscore=152.52;sscore=21.66;rscore=12.29;uscore=5.70;tscore=2.58;
contig_8	Prodigal_v2.6.3	CDS	2922	4184	236.4	+	0	ID=3_5;partial=00;start_type=ATG;rbs_motif=GGAG/GAGG;rbs_spacer=5-10bp;gc_cont=0.345;conf=99.99;score=236.45;cscore=221.08;sscore=15.36;rscore=7.82;uscore=5.61;tscore=2.58;
contig_8	Prodigal_v2.6.3	CDS	4534	5967	293.3	+	0	ID=3_6;partial=00;start_type=GTG;rbs_motif=GGAGG;rbs_spacer=5-10bp;gc_cont=0.344;conf=99.99;score=293.26;cscore=282.67;sscore=10.59;rscore=12.29;uscore=2.64;tscore=-3.69;
contig_8	Prodigal_v2.6.3	CDS	5933	6238	52.9	+	0	ID=3_7;partial=00;start_type=ATG;rbs_motif=GGAG/GAGG;rbs_spacer=5-10bp;gc_cont=0.337;conf=100.00;score=52.90;cscore=41.15;sscore=11.75;rscore=7.82;uscore=1.35;tscore=2.58;
contig_8	Prodigal_v2.6.3	CDS	6546	8252	368.5	+	0	ID=3_8;partial=00;start_type=ATG;rbs_motif=GGAGG;rbs_spacer=5-10bp;gc_cont=0.354;conf=99.99;score=368.50;cscore=353.48;sscore=15.02;rscore=12.29;uscore=0.15;tscore=2.58;
contig_8	Prodigal_v2.6.3	CDS	8538	9359	165.1	+	0	ID=3_9;partial=01;start_type=ATG;rbs_motif=GGAGG;rbs_spacer=5-10bp;gc_cont=0.363;conf=100.00;score=165.09;cscore=151.57;sscore=13.52;rscore=12.29;uscore=-0.69;tscore=2.58;
# Sequence Data: seqnum=4;seqlen=5639;seqhdr="contig_16"
# Model Data: version=Prodigal.v2.6.3;run_type=Single;model="Ab initio";gc_cont=36.93;transl_table=11;uses_sd=1
contig_16	Prodigal_v2.6.3	CDS	3	2300	436.6	-	0	ID=4_1;partial=10;start_type=TTG;rbs_motif=GGAGG;rbs_spacer=5-10bp;gc_cont=0.404;conf=99.99;score=436.64;cscore=428.05;sscore=8.59;rscore=12.29;uscore=2.29;tscore=-6.85;
contig_16	Prodigal_v2.6.3	CDS	2338	4464	451.8	-	0	ID=4_2;partial=00;start_type=ATG;rbs_motif=None;rbs_spacer=None;gc_cont=0.430;conf=99.99;score=451.78;cscore=460.51;sscore=-8.73;rscore=-7.91;uscore=-3.40;tscore=2.58;
contig_16	Prodigal_v2.6.3	CDS	4525	5637	200.4	-	0	ID=4_3;partial=01;start_type=Edge;rbs_motif=None;rbs_spacer=None;gc_cont=0.406;conf=99.99;score=200.37;cscore=197.15;sscore=3.22;rscore=0.00;uscore=0.00;tscore=3.22;
# Sequence Data: seqnum=5;seqlen=2464;seqhdr="contig_9"
# Model Data: version=Prodigal.v2.6.3;run_type=Single;model="Ab initio";gc_cont=36.93;transl_table=11;uses_sd=1
contig_9	Prodigal_v2.6.3	CDS	2	1354	242.4	-	0	ID=5_1;partial=10;start_type=ATG;rbs_motif=AGxAGG/AGGxGG;rbs_spacer=11-12bp;gc_cont=0.390;conf=99.99;score=242.37;cscore=226.02;sscore=16.35;rscore=9.97;uscore=4.45;tscore=2.58;
contig_9	Prodigal_v2.6.3	CDS	1669	2463	154.1	-	0	ID=5_2;partial=01;start_type=Edge;rbs_motif=None;rbs_spacer=None;gc_cont=0.385;conf=100.00;score=154.07;cscore=150.86;sscore=3.22;rscore=0.00;uscore=0.00;tscore=3.22;
# Sequence Data: seqnum=6;seqlen=2725;seqhdr="contig_10"
# Model Data: version=Prodigal.v2.6.3;run_type=Single;model="Ab initio";gc_cont=36.93;transl_table=11;uses_sd=1
contig_10	Prodigal_v2.6.3	CDS	3	788	127.0	+	0	ID=6_1;partial=10;start_type=Edge;rbs_motif=None;rbs_spacer=None;gc_cont=0.383;conf=100.00;score=127.05;cscore=123.83;sscore=3.22;rscore=0.00;uscore=0.00;tscore=3.22;
contig_10	Prodigal_v2.6.3	CDS	975	1526	27.5	+	0	ID=6_2;partial=00;start_type=GTG;rbs_motif=GGA/GAG/AGG;rbs_spacer=5-10bp;gc_cont=0.344;conf=99.82;score=27.46;cscore=28.89;sscore=-1.43;rscore=-0.45;uscore=2.71;tscore=-3.69;
contig_10	Prodigal_v2.6.3	CDS	1585	1782	26.5	+	0	ID=6_3;partial=00;start_type=ATG;rbs_motif=AGGAGG;rbs_spacer=5-10bp;gc_cont=0.323;conf=99.77;score=26.47;cscore=12.58;sscore=13.89;rscore=10.15;uscore=1.73;tscore=2.01;
contig_10	Prodigal_v2.6.3	CDS	1807	2253	41.1	-	0	ID=6_4;partial=00;start_type=ATG;rbs_motif=AGxAGG/AGGxGG;rbs_spacer=5-10bp;gc_cont=0.367;conf=99.99;score=41.14;cscore=27.80;sscore=13.34;rscore=10.01;uscore=0.75;tscore=2.58;
contig_10	Prodigal_v2.6.3	CDS	2326	2724	46.3	-	0	ID=6_5;partial=01;start_type=Edge;rbs_motif=None;rbs_spacer=None;gc_cont=0.338;conf=100.00;score=46.26;cscore=43.04;sscore=3.22;rscore=0.00;uscore=0.00;tscore=3.22;
# Sequence Data: seqnum=7;seqlen=3000;seqhdr="contig_30"
# Model Data: version=Prodigal.v2.6.3;run_type=Single;model="Ab initio";gc_cont=36.93;transl_table=11;uses_sd=1
contig_30	Prodigal_v2.6.3	CDS	2	388	65.4	+	0	ID=7_1;partial=10;start_type=Edge;rbs_motif=None;rbs_spacer=None;gc_cont=0.377;conf=100.00;score=65.39;cscore=62.17;sscore=3.22;rscore=0.00;uscore=0.00;tscore=3.22;
contig_30	Prodigal_v2.6.3	CDS	394	1557	197.3	+	0	ID=7_2;partial=00;start_type=ATG;rbs_motif=AGGAG;rbs_spacer=5-10bp;gc_cont=0.381;conf=99.99;score=197.30;cscore=177.48;sscore=19.82;rscore=11.85;uscore=4.18;tscore=2.58;
contig_30	Prodigal_v2.6.3	CDS	1722	2549	161.9	+	0	ID=7_3;partial=00;start_type=ATG;rbs_motif=GGA/GAG/AGG;rbs_spacer=11-12bp;gc_cont=0.382;conf=100.00;score=161.92;cscore=159.25;sscore=2.67;rscore=-0.72;uscore=0.81;tscore=2.58;
contig_30	Prodigal_v2.6.3	CDS	2767	3000	58.0	+	0	ID=7_4;partial=01;start_type=ATG;rbs_motif=AGGAGG;rbs_spacer=5-10bp;gc_cont=0.389;conf=100.00;score=58.03;cscore=45.33;sscore=12.70;rscore=13.01;uscore=-2.24;tscore=2.58;
# Sequence Data: seqnum=8;seqlen=7426;seqhdr="contig_24"
# Model Data: version=Prodigal.v2.6.3;run_type=Single;model="Ab initio";gc_cont=36.93;transl_table=11;uses_sd=1
contig_24	Prodigal_v2.6.3	CDS	538	1620	112.0	-	0	ID=8_1;partial=00;start_type=ATG;rbs_motif=None;rbs_spacer=None;gc_cont=0.388;conf=100.00;score=111.99;cscore=118.46;sscore=-6.47;rscore=-7.91;uscore=-0.49;tscore=2.58;
contig_24	Prodigal_v2.6.3	CDS	1897	2127	6.5	-	0	ID=8_2;partial=00;start_type=ATG;rbs_motif=GGA/GAG/AGG;rbs_spacer=11-12bp;gc_cont=0.355;conf=81.53;score=6.46;cscore=10.83;sscore=-4.37;rscore=-0.79;uscore=-5.27;tscore=2.35;
contig_24	Prodigal_v2.6.3	CDS	2793	3332	73.1	-	0	ID=8_3;partial=00;start_type=ATG;rbs_motif=AGxAGG/AGGxGG;rbs_spacer=5-10bp;gc_cont=0.328;conf=100.00;score=73.09;cscore=54.12;sscore=18.97;rscore=10.01;uscore=5.26;tscore=2.58;
contig_24	Prodigal_v2.6.3	CDS	3348	4457	114.2	-	0	ID=8_4;partial=00;start_type=ATG;rbs_motif=GGAG/GAGG;rbs_spacer=5-10bp;gc_cont=0.340;conf=100.00;score=114.16;cscore=102.46;sscore=11.70;rscore=7.82;uscore=-1.02;tscore=2.58;
contig_24	Prodigal_v2.6.3	CDS	4454	5386	157.8	-	0	ID=8_5;partial=00;start_type=ATG;rbs_motif=AGxAGG/AGGxGG;rbs_spacer=11-12bp;gc_cont=0.370;conf=100.00;score=157.85;cscore=141.68;sscore=16.17;rscore=9.97;uscore=4.27;tscore=2.58;
contig_24	Prodigal_v2.6.3	CDS	5600	6064	54.5	-	0	ID=8_6;partial=00;start_type=ATG;rbs_motif=GGA/GAG/AGG;rbs_spacer=5-10bp;gc_cont=0.299;conf=100.00;score=54.48;cscore=51.92;sscore=2.55;rscore=-0.45;uscore=1.07;tscore=2.58;
contig_24	Prodigal_v2.6.3	CDS	6524	6742	11.2	-	0	ID=8_7;partial=00;start_type=ATG;rbs_motif=None;rbs_spacer=None;gc_cont=0.324;conf=92.90;score=11.18;cscore=15.53;sscore=-4.35;rscore=-9.15;uscore=2.58;tscore=2.23;
contig_24	Prodigal_v2.6.3	CDS	6711	7013	36.2	-	0	ID=8_8;partial=00;start_type=ATG;rbs_motif=GGAGG;rbs_spacer=5-10bp;gc_cont=0.264;conf=99.98;score=36.21;cscore=16.89;sscore=19.33;rscore=12.29;uscore=3.55;tscore=2.58;
contig_24	Prodigal_v2.6.3	CDS	7047	7424	52.2	-	0	ID=8_9;partial=01;start_type=Edge;rbs_motif=None;rbs_spacer=None;gc_cont=0.320;conf=100.00;score=52.22;cscore=49.00;sscore=3.22;rscore=0.00;uscore=0.00;tscore=3.22;
# Sequence Data: seqnum=9;seqlen=10484;seqhdr="contig_34"
# Model Data: version=Prodigal.v2.6.3;run_type=Single;model="Ab initio";gc_cont=36.93;transl_table=11;uses_sd=1
contig_34	Prodigal_v2.6.3	CDS	79	894	117.9	+	0	ID=9_1;partial=00;start_type=ATG;rbs_motif=AGxAGG/AGGxGG;rbs_spacer=5-10bp;gc_cont=0.338;conf=100.00;score=117.87;cscore=101.67;sscore=16.20;rscore=10.01;uscore=3.61;tscore=2.58;
contig_34	Prodigal_v2.6.3	CDS	1059	1460	63.5	+	0	ID=9_2;partial=00;start_type=ATG;rbs_motif=AGGAGG;rbs_spacer=5-10bp;gc_cont=0.303;conf=100.00;score=63.55;cscore=43.64;sscore=19.91;rscore=13.01;uscore=4.32;tscore=2.58;
contig_34	Prodigal_v2.6.3	CDS	1477	1671	42.6	+	0	ID=9_3;partial=00;start_type=ATG;rbs_motif=AGGAG;rbs_spacer=5-10bp;gc_cont=0.421;conf=99.99;score=42.55;cscore=26.82;sscore=15.73;rscore=9.10;uscore=3.56;tscore=1.98;
contig_34	Prodigal_v2.6.3	CDS	1652	3232	241.5	+	0	ID=9_4;partial=00;start_type=ATG;rbs_motif=None;rbs_spacer=None;gc_cont=0.378;conf=99.99;score=241.53;cscore=247.55;sscore=-6.02;rscore=-7.91;uscore=-0.69;tscore=2.58;
contig_34	Prodigal_v2.6.3	CDS	3222	4466	176.1	+	0	ID=9_5;partial=00;start_type=ATG;rbs_motif=GGA/GAG/AGG;rbs_spacer=5-10bp;gc_cont=0.353;conf=100.00;score=176.13;cscore=169.74;sscore=6.39;rscore=-0.45;uscore=3.04;tscore=2.58;
contig_34	Prodigal_v2.6.3	CDS	4463	5428	174.0	+	0	ID=9_6;partial=00;start_type=ATG;rbs_motif=AGxAGG/AGGxGG;rbs_spacer=5-10bp;gc_cont=0.353;conf=100.00;score=174.00;cscore=157.40;sscore=16.61;rscore=10.01;uscore=2.72;tscore=2.58;
contig_34	Prodigal_v2.6.3	CDS	5421	6965	238.6	+	0	ID=9_7;partial=00;start_type=ATG;rbs_motif=None;rbs_spacer=None;gc_cont=0.371;conf=99.99;score=238.55;cscore=240.49;sscore=-1.94;rscore=-7.91;uscore=2.14;tscore=2.58;
contig_34	Prodigal_v2.6.3	CDS	7305	8558	268.2	+	0	ID=9_8;partial=00;start_type=ATG;rbs_motif=GGAGG;rbs_spacer=5-10bp;gc_cont=0.372;conf=99.99;score=268.22;cscore=252.60;sscore=15.62;rscore=12.29;uscore=1.41;tscore=2.58;
contig_34	Prodigal_v2.6.3	CDS	8555	9553	215.3	+	0	ID=9_9;partial=00;start_type=ATG;rbs_motif=None;rbs_spacer=None;gc_cont=0.354;conf=99.99;score=215.26;cscore=211.38;sscore=3.87;rscore=-7.91;uscore=-4.18;tscore=2.58;
contig_34	Prodigal_v2.6.3	CDS	9623	10354	126.1	+	0	ID=9_10;partial=00;start_type=ATG;rbs_motif=AGGAGG;rbs_spacer=5-10bp;gc_cont=0.346;conf=100.00;score=126.09;cscore=108.40;sscore=17.69;rscore=13.01;uscore=2.10;tscore=2.58;
# Sequence Data: seqnum=10;seqlen=7179;seqhdr="contig_26"
# Model Data: version=Prodigal.v2.6.3;run_type=Single;model="Ab initio";gc_cont=36.93;transl_table=11;uses_sd=1
contig_26	Prodigal_v2.6.3	CDS	1	435	62.0	+	0	ID=10_1;partial=10;start_type=Edge;rbs_motif=None;rbs_spacer=None;gc_cont=0.395;conf=100.00;score=62.00;cscore=58.78;sscore=3.22;rscore=0.00;uscore=0.00;tscore=3.22;
contig_26	Prodigal_v2.6.3	CDS	439	1839	223.8	+	0	ID=10_2;partial=00;start_type=ATG;rbs_motif=GGAG/GAGG;rbs_spacer=5-10bp;gc_cont=0.348;conf=99.99;score=223.76;cscore=210.96;sscore=12.79;rscore=7.82;uscore=1.15;tscore=2.58;
contig_26	Prodigal_v2.6.3	CDS	2096	2752	100.7	+	0	ID=10_3;partial=00;start_type=ATG;rbs_motif=None;rbs_spacer=None;gc_cont=0.365;conf=100.00;score=100.69;cscore=105.93;sscore=-5.24;rscore=-7.91;uscore=0.74;tscore=2.58;
contig_26	Prodigal_v2.6.3	CDS	2919	3638	141.0	+	0	ID=10_4;partial=00;start_type=ATG;rbs_motif=AGxAGG/AGGxGG;rbs_spacer=5-10bp;gc_cont=0.378;conf=100.00;score=140.98;cscore=125.43;sscore=15.55;rscore=10.01;uscore=2.95;tscore=2.58;
contig_26	Prodigal_v2.6.3	CDS	3655	5076	283.9	+	0	ID=10_5;partial=00;start_type=ATG;rbs_motif=AGxAGG/AGGxGG;rbs_spacer=5-10bp;gc_cont=0.387;conf=99.99;score=283.86;cscore=269.82;sscore=14.04;rscore=10.01;uscore=0.35;tscore=2.58;
contig_26	Prodigal_v2.6.3	CDS	5076	5786	142.3	+	0	ID=10_6;partial=00;start_type=ATG;rbs_motif=AGxAGG/AGGxGG;rbs_spacer=5-10bp;gc_cont=0.366;conf=100.00;score=142.32;cscore=124.78;sscore=17.54;rscore=10.01;uscore=3.66;tscore=2.58;
contig_26	Prodigal_v2.6.3	CDS	5899	6576	37.4	+	0	ID=10_7;partial=00;start_type=ATG;rbs_motif=AGGAG;rbs_spacer=5-10bp;gc_cont=0.342;conf=99.98;score=37.45;cscore=26.05;sscore=11.40;rscore=11.85;uscore=-3.02;tscore=2.58;
contig_26	Prodigal_v2.6.3	CDS	6625	6936	29.7	+	0	ID=10_8;partial=00;start_type=ATG;rbs_motif=GGA/GAG/AGG;rbs_spacer=5-10bp;gc_cont=0.359;conf=99.89;score=29.72;cscore=28.10;sscore=1.62;rscore=-0.45;uscore=-1.26;tscore=2.58;
contig_26	Prodigal_v2.6.3	CDS	6964	7179	37.4	-	0	ID=10_9;partial=01;start_type=Edge;rbs_motif=None;rbs_spacer=None;gc_cont=0.370;conf=99.98;score=37.42;cscore=34.20;sscore=3.22;rscore=0.00;uscore=0.00;tscore=3.22;
# Sequence Data: seqnum=11;seqlen=3364;seqhdr="contig_20"
# Model Data: version=Prodigal.v2.6.3;run_type=Single;model="Ab initio";gc_cont=36.93;transl_table=11;uses_sd=1
contig_20	Prodigal_v2.6.3	CDS	121	969	150.7	-	0	ID=11_1;partial=00;start_type=ATG;rbs_motif=GGAG/GAGG;rbs_spacer=5-10bp;gc_cont=0.376;conf=100.00;score=150.74;cscore=137.14;sscore=13.59;rscore=7.82;uscore=2.50;tscore=2.58;
contig_20	Prodigal_v2.6.3	CDS	1024	1902	142.8	-	0	ID=11_2;partial=00;start_type=GTG;rbs_motif=GGA/GAG/AGG;rbs_spacer=11-12bp;gc_cont=0.392;conf=100.00;score=142.79;cscore=144.80;sscore=-2.01;rscore=-0.72;uscore=3.06;tscore=-3.69;
contig_20	Prodigal_v2.6.3	CDS	2090	2248	25.0	-	0	ID=11_3;partial=00;start_type=ATG;rbs_motif=GGA/GAG/AGG;rbs_spacer=5-10bp;gc_cont=0.390;conf=99.68;score=24.99;cscore=23.85;sscore=1.14;rscore=-0.72;uscore=0.90;tscore=1.61;
contig_20	Prodigal_v2.6.3	CDS	2773	3363	59.0	-	0	ID=11_4;partial=01;start_type=Edge;rbs_motif=None;rbs_spacer=None;gc_cont=0.362;conf=100.00;score=58.97;cscore=55.75;sscore=3.22;rscore=0.00;uscore=0.00;tscore=3.22;
# Sequence Data: seqnum=12;seqlen=4910;seqhdr="contig_1"
# Model Data: version=Prodigal.v2.6.3;run_type=Single;model="Ab initio";gc_cont=36.93;transl_table=11;uses_sd=1
contig_1	Prodigal_v2.6.3	CDS	3	770	85.0	-	0	ID=12_1;partial=10;start_type=ATG;rbs_motif=AGxAGG/AGGxGG;rbs_spacer=5-10bp;gc_cont=0.406;conf=100.00;score=84.97;cscore=72.01;sscore=12.96;rscore=10.01;uscore=0.36;tscore=2.58;
contig_1	Prodigal_v2.6.3	CDS	858	2213	160.2	-	0	ID=12_2;partial=00;start_type=ATG;rbs_motif=AGGAG;rbs_spacer=5-10bp;gc_cont=0.423;conf=100.00;score=160.24;cscore=140.22;sscore=20.02;rscore=11.85;uscore=6.25;tscore=2.58;
contig_1	Prodigal_v2.6.3	CDS	2457	2606	13.0	+	0	ID=12_3;partial=00;start_type=ATG;rbs_motif=GGAG/GAGG;rbs_spacer=5-10bp;gc_cont=0.347;conf=95.23;score=13.03;cscore=5.68;sscore=7.35;rscore=4.60;uscore=1.23;tscore=1.52;
contig_1	Prodigal_v2.6.3	CDS	2698	3783	154.9	+	0	ID=12_4;partial=00;start_type=TTG;rbs_motif=GGAGG;rbs_spacer=5-10bp;gc_cont=0.356;conf=100.00;score=154.92;cscore=152.32;sscore=2.60;rscore=12.29;uscore=-2.83;tscore=-6.85;
contig_1	Prodigal_v2.6.3	CDS	3831	4715	111.7	-	0	ID=12_5;partial=00;start_type=ATG;rbs_motif=AGGAG;rbs_spacer=5-10bp;gc_cont=0.362;conf=100.00;score=111.73;cscore=97.76;sscore=13.96;rscore=11.85;uscore=0.19;tscore=2.58;
contig_1	Prodigal_v2.6.3	CDS	4851	4910	15.1	+	0	ID=12_6;partial=01;start_type=ATG;rbs_motif=AGGAG;rbs_spacer=5-10bp;gc_cont=0.350;conf=96.95;score=15.05;cscore=0.76;sscore=14.30;rscore=11.85;uscore=-0.13;tscore=2.58;
# Sequence Data: seqnum=13;seqlen=8556;seqhdr="contig_3"
# Model Data: version=Prodigal.v2.6.3;run_type=Single;model="Ab initio";gc_cont=36.93;transl_table=11;uses_sd=1
contig_3	Prodigal_v2.6.3	CDS	18	1700	359.2	+	0	ID=13_1;partial=00;start_type=ATG;rbs_motif=GGAGG;rbs_spacer=5-10bp;gc_cont=0.406;conf=99.99;score=359.16;cscore=349.40;sscore=9.76;rscore=12.29;uscore=-5.10;tscore=2.58;
contig_3	Prodigal_v2.6.3	CDS	1900	2064	9.3	-	0	ID=13_2;partial=00;start_type=ATG;rbs_motif=GGAGG;rbs_spacer=5-10bp;gc_cont=0.455;conf=89.41;score=9.28;cscore=-0.57;sscore=9.85;rscore=7.96;uscore=1.37;tscore=1.67;
contig_3	Prodigal_v2.6.3	CDS	2303	2470	4.5	+	0	ID=13_3;partial=00;start_type=ATG;rbs_motif=None;rbs_spacer=None;gc_cont=0.327;conf=73.57;score=4.45;cscore=12.90;sscore=-8.44;rscore=-11.98;uscore=1.83;tscore=1.70;
contig_3	Prodigal_v2.6.3	CDS	2735	3268	71.4	+	0	ID=13_4;partial=00;start_type=GTG;rbs_motif=AGGAGG;rbs_spacer=5-10bp;gc_cont=0.333;conf=100.00;score=71.40;cscore=64.25;sscore=7.16;rscore=13.01;uscore=-1.51;tscore=-3.69;
contig_3	Prodigal_v2.6.3	CDS	3273	3449	16.0	+	0	ID=13_5;partial=00;start_type=ATG;rbs_motif=GGAGG;rbs_spacer=5-10bp;gc_cont=0.367;conf=97.55;score=16.03;cscore=2.64;sscore=13.39;rscore=8.55;uscore=1.81;tscore=1.80;
contig_3	Prodigal_v2.6.3	CDS	3433	3678	12.9	+	0	ID=13_6;partial=00;start_type=ATG;rbs_motif=None;rbs_spacer=None;gc_cont=0.390;conf=95.07;score=12.87;cscore=15.65;sscore=-2.77;rscore=-8.14;uscore=1.70;tscore=2.51;
contig_3	Prodigal_v2.6.3	CDS	3685	4944	133.0	+	0	ID=13_7;partial=00;start_type=TTG;rbs_motif=AGGAG;rbs_spacer=5-10bp;gc_cont=0.360;conf=100.00;score=132.95;cscore=124.72;sscore=8.23;rscore=11.85;uscore=2.03;tscore=-6.85;
contig_3	Prodigal_v2.6.3	CDS	5002	5487	61.3	-	0	ID=13_8;partial=00;start_type=ATG;rbs_motif=AGGAGG;rbs_spacer=11-12bp;gc_cont=0.395;conf=100.00;score=61.32;cscore=44.72;sscore=16.60;rscore=10.92;uscore=3.75;tscore=2.58;
contig_3	Prodigal_v2.6.3	CDS	5769	6134	68.6	+	0	ID=13_9;partial=00;start_type=ATG;rbs_motif=GGAGG;rbs_spacer=5-10bp;gc_cont=0.372;conf=100.00;score=68.61;cscore=51.25;sscore=17.36;rscore=12.29;uscore=2.50;tscore=2.58;
contig_3	Prodigal_v2.6.3	CDS	6288	6665	50.9	+	0	ID=13_10;partial=00;start_type=ATG;rbs_motif=AGxAGG/AGGxGG;rbs_spacer=5-10bp;gc_cont=0.392;conf=100.00;score=50.85;cscore=33.25;sscore=17.60;rscore=10.01;uscore=5.01;tscore=2.58;
contig_3	Prodigal_v2.6.3	CDS	6649	7680	83.4	+	0	ID=13_11;partial=00;start_type=ATG;rbs_motif=None;rbs_spacer=None;gc_cont=0.395;conf=100.00;score=83.44;cscore=93.07;sscore=-9.63;rscore=-7.91;uscore=-5.46;tscore=2.58;
contig_3	Prodigal_v2.6.3	CDS	7706	8083	43.9	+	0	ID=13_12;partial=00;start_type=ATG;rbs_motif=AGGAGG;rbs_spacer=5-10bp;gc_cont=0.386;conf=100.00;score=43.90;cscore=24.34;sscore=19.56;rscore=13.01;uscore=2.96;tscore=2.58;
contig_3	Prodigal_v2.6.3	CDS	8146	8553	34.7	+	0	ID=13_13;partial=00;start_type=ATG;rbs_motif=AGGAG;rbs_spacer=5-10bp;gc_cont=0.373;conf=99.97;score=34.67;cscore=23.81;sscore=10.86;rscore=11.85;uscore=-3.57;tscore=2.58;
# Sequence Data: seqnum=14;seqlen=11279;seqhdr="contig_11"
# Model Data: version=Prodigal.v2.6.3;run_type=Single;model="Ab initio";gc_cont=36.93;transl_table=11;uses_sd=1
contig_11	Prodigal_v2.6.3	CDS	4	1005	79.3	-	0	ID=14_1;partial=00;start_type=ATG;rbs_motif=AGGAG;rbs_spacer=5-10bp;gc_cont=0.329;conf=100.00;score=79.32;cscore=60.74;sscore=18.58;rscore=11.85;uscore=4.81;tscore=2.58;
contig_11	Prodigal_v2.6.3	CDS	1121	2584	333.0	+	0	ID=14_2;partial=00;start_type=ATG;rbs_motif=GGxGG;rbs_spacer=5-10bp;gc_cont=0.383;conf=99.99;score=332.95;cscore=323.48;sscore=9.47;rscore=7.63;uscore=-0.74;tscore=2.58;
contig_11	Prodigal_v2.6.3	CDS	2689	4005	254.6	+	0	ID=14_3;partial=00;start_type=GTG;rbs_motif=GGxGG;rbs_spacer=5-10bp;gc_cont=0.356;conf=99.99;score=254.60;cscore=248.70;sscore=5.90;rscore=7.63;uscore=1.97;tscore=-3.69;
contig_11	Prodigal_v2.6.3	CDS	4167	5054	229.5	+	0	ID=14_4;partial=00;start_type=ATG;rbs_motif=AGxAGG/AGGxGG;rbs_spacer=11-12bp;gc_cont=0.432;conf=99.99;score=229.47;cscore=216.90;sscore=12.57;rscore=9.97;uscore=0.02;tscore=2.58;
contig_11	Prodigal_v2.6.3	CDS	5073	5663	142.4	+	0	ID=14_5;partial=00;start_type=ATG;rbs_motif=AGGAG;rbs_spacer=5-10bp;gc_cont=0.404;conf=100.00;score=142.36;cscore=124.12;sscore=18.24;rscore=11.85;uscore=2.74;tscore=2.58;
contig_11	Prodigal_v2.6.3	CDS	5991	6338	66.3	+	0	ID=14_6;partial=00;start_type=ATG;rbs_motif=AGGAGG;rbs_spacer=5-10bp;gc_cont=0.342;conf=100.00;score=66.32;cscore=47.06;sscore=19.26;rscore=13.01;uscore=4.32;tscore=2.58;
contig_11	Prodigal_v2.6.3	CDS	6379	6729	37.2	+	0	ID=14_7;partial=00;start_type=GTG;rbs_motif=None;rbs_spacer=None;gc_cont=0.407;conf=99.98;score=37.18;cscore=47.25;sscore=-10.07;rscore=-7.91;uscore=0.69;tscore=-3.69;
contig_11	Prodigal_v2.6.3	CDS	6708	7139	36.7	+	0	ID=14_8;partial=00;start_type=ATG;rbs_motif=None;rbs_spacer=None;gc_cont=0.405;conf=99.98;score=36.70;cscore=40.98;sscore=-4.28;rscore=-7.91;uscore=1.04;tscore=2.58;
contig_11	Prodigal_v2.6.3	CDS	7958	8071	11.7	+	0	ID=14_9;partial=00;start_type=ATG;rbs_motif=GGA/GAG/AGG;rbs_spacer=5-10bp;gc_cont=0.377;conf=93.60;score=11.67;cscore=10.35;sscore=1.32;rscore=-1.01;uscore=1.83;tscore=1.15;
contig_11	Prodigal_v2.6.3	CDS	8127	8768	92.6	-	0	ID=14_10;partial=00;start_type=ATG;rbs_motif=AGGAG/GGAGG;rbs_spacer=11-12bp;gc_cont=0.358;conf=100.00;score=92.59;cscore=83.71;sscore=8.88;rscore=8.42;uscore=-2.12;tscore=2.58;
contig_11	Prodigal_v2.6.3	CDS	8919	9404	54.6	-	0	ID=14_11;partial=00;start_type=GTG;rbs_motif=AGGAGG;rbs_spacer=5-10bp;gc_cont=0.350;conf=100.00;score=54.62;cscore=46.68;sscore=7.94;rscore=13.01;uscore=-1.38;tscore=-3.69;
contig_11	Prodigal_v2.6.3	CDS	9530	10069	35.9	-	0	ID=14_12;partial=00;start_type=ATG;rbs_motif=GGAG/GAGG;rbs_spacer=5-10bp;gc_cont=0.311;conf=99.97;score=35.94;cscore=23.86;sscore=12.08;rscore=7.82;uscore=2.33;tscore=2.58;
contig_11	Prodigal_v2.6.3	CDS	10177	10296	20.8	+	0	ID=14_13;partial=00;start_type=ATG;rbs_motif=AGGA;rbs_spacer=5-10bp;gc_cont=0.375;conf=99.17;score=20.79;cscore=16.53;sscore=4.27;rscore=1.54;uscore=1.52;tscore=1.21;
contig_11	Prodigal_v2.6.3	CDS	10348	10677	29.4	+	0	ID=14_14;partial=00;start_type=TTG;rbs_motif=None;rbs_spacer=None;gc_cont=0.397;conf=99.88;score=29.43;cscore=41.42;sscore=-11.99;rscore=-7.91;uscore=2.05;tscore=-6.85;
contig_11	Prodigal_v2.6.3	CDS	11153	11278	14.1	+	0	ID=14_15;partial=01;start_type=GTG;rbs_motif=GGAGG;rbs_spacer=5-10bp;gc_cont=0.405;conf=96.25;score=14.12;cscore=4.70;sscore=9.42;rscore=12.29;uscore=1.47;tscore=-3.69;
# Sequence Data: seqnum=15;seqlen=4736;seqhdr="contig_13"
# Model Data: version=Prodigal.v2.6.3;run_type=Single;model="Ab initio";gc_cont=36.93;transl_table=11;uses_sd=1
contig_13	Prodigal_v2.6.3	CDS	3	839	126.0	-	0	ID=15_1;partial=10;start_type=ATG;rbs_motif=AGGA;rbs_spacer=5-10bp;gc_cont=0.376;conf=100.00;score=125.99;cscore=116.29;sscore=9.70;rscore=3.29;uscore=3.83;tscore=2.58;
contig_13	Prodigal_v2.6.3	CDS	966	1427	67.0	-	0	ID=15_2;partial=00;start_type=TTG;rbs_motif=AGGAG;rbs_spacer=5-10bp;gc_cont=0.361;conf=100.00;score=66.99;cscore=58.33;sscore=8.66;rscore=11.85;uscore=4.33;tscore=-6.85;
contig_13	Prodigal_v2.6.3	CDS	1829	2101	43.5	-	0	ID=15_3;partial=00;start_type=ATG;rbs_motif=AGxAGG/AGGxGG;rbs_spacer=5-10bp;gc_cont=0.421;conf=100.00;score=43.51;cscore=31.12;sscore=12.39;rscore=10.01;uscore=0.45;tscore=2.58;
contig_13	Prodigal_v2.6.3	CDS	2481	3509	222.8	-	0	ID=15_4;partial=00;start_type=ATG;rbs_motif=AGxAGG/AGGxGG;rbs_spacer=5-10bp;gc_cont=0.375;conf=99.99;score=222.81;cscore=208.53;sscore=14.28;rscore=10.01;uscore=1.69;tscore=2.58;
contig_13	Prodigal_v2.6.3	CDS	3619	4224	126.1	-	0	ID=15_5;partial=00;start_type=ATG;rbs_motif=AGGAGG;rbs_spacer=5-10bp;gc_cont=0.356;conf=100.00;score=126.14;cscore=111.24;sscore=14.90;rscore=13.01;uscore=-1.42;tscore=2.58;
contig_13	Prodigal_v2.6.3	CDS	4275	4736	58.3	-	0	ID=15_6;partial=01;start_type=Edge;rbs_motif=None;rbs_spacer=None;gc_cont=0.377;conf=100.00;score=58.34;cscore=55.12;sscore=3.22;rscore=0.00;uscore=0.00;tscore=3.22;
# Sequence Data: seqnum=16;seqlen=4603;seqhdr="contig_15"
# Model Data: version=Prodigal.v2.6.3;run_type=Single;model="Ab initio";gc_cont=36.93;transl_table=11;uses_sd=1
contig_15	Prodigal_v2.6.3	CDS	2	280	24.8	+	0	ID=16_1;partial=10;start_type=Edge;rbs_motif=None;rbs_spacer=None;gc_cont=0.416;conf=99.67;score=24.78;cscore=21.56;sscore=3.22;rscore=0.00;uscore=0.00;tscore=3.22;
contig_15	Prodigal_v2.6.3	CDS	500	1255	91.5	+	0	ID=16_2;partial=00;start_type=ATG;rbs_motif=GGA/GAG/AGG;rbs_spacer=5-10bp;gc_cont=0.386;conf=100.00;score=91.53;cscore=86.19;sscore=5.34;rscore=-0.45;uscore=1.46;tscore=2.58;
contig_15	Prodigal_v2.6.3	CDS	1252	2253	203.5	+	0	ID=16_3;partial=00;start_type=ATG;rbs_motif=GGAGG;rbs_spacer=5-10bp;gc_cont=0.353;conf=99.99;score=203.46;cscore=186.55;sscore=16.91;rscore=12.29;uscore=0.75;tscore=2.58;
contig_15	Prodigal_v2.6.3	CDS	2264	2884	95.0	+	0	ID=16_4;partial=00;start_type=ATG;rbs_motif=AGxAGG/AGGxGG;rbs_spacer=5-10bp;gc_cont=0.383;conf=100.00;score=95.01;cscore=78.07;sscore=16.94;rscore=10.01;uscore=3.18;tscore=2.58;
contig_15	Prodigal_v2.6.3	CDS	2877	3986	189.0	+	0	ID=16_5;partial=00;start_type=ATG;rbs_motif=GGxGG;rbs_spacer=5-10bp;gc_cont=0.414;conf=99.99;score=189.05;cscore=172.83;sscore=16.21;rscore=7.63;uscore=4.75;tscore=2.58;
contig_15	Prodigal_v2.6.3	CDS	4002	4205	31.9	+	0	ID=16_6;partial=00;start_type=TTG;rbs_motif=GGA/GAG/AGG;rbs_spacer=5-10bp;gc_cont=0.324;conf=99.94;score=31.93;cscore=38.56;sscore=-6.63;rscore=-0.56;uscore=1.34;tscore=-8.53;
contig_15	Prodigal_v2.6.3	CDS	4208	4603	97.0	+	0	ID=16_7;partial=01;start_type=ATG;rbs_motif=AGGAGG;rbs_spacer=5-10bp;gc_cont=0.361;conf=100.00;score=96.99;cscore=81.68;sscore=15.32;rscore=13.01;uscore=-1.52;tscore=2.58;
# Sequence Data: seqnum=17;seqlen=3570;seqhdr="contig_5"
# Model Data: version=Prodigal.v2.6.3;run_type=Single;model="Ab initio";gc_cont=36.93;transl_table=11;uses_sd=1
contig_5	Prodigal_v2.6.3	CDS	3	638	103.2	-	0	ID=17_1;partial=10;start_type=TTG;rbs_motif=GGA/GAG/AGG;rbs_spacer=11-12bp;gc_cont=0.365;conf=100.00;score=103.23;cscore=107.92;sscore=-4.69;rscore=-0.72;uscore=2.89;tscore=-6.85;
contig_5	Prodigal_v2.6.3	CDS	704	1285	105.0	-	0	ID=17_2;partial=00;start_type=ATG;rbs_motif=GGAG/GAGG;rbs_spacer=5-10bp;gc_cont=0.369;conf=100.00;score=105.02;cscore=91.04;sscore=13.99;rscore=7.82;uscore=2.48;tscore=2.58;
contig_5	Prodigal_v2.6.3	CDS	1302	3395	436.0	-	0	ID=17_3;partial=00;start_type=ATG;rbs_motif=GGAGG;rbs_spacer=3-4bp;gc_cont=0.382;conf=99.99;score=435.96;cscore=416.73;sscore=19.23;rscore=12.69;uscore=2.80;tscore=2.58;
contig_5	Prodigal_v2.6.3	CDS	3406	3570	18.2	-	0	ID=17_4;partial=01;start_type=Edge;rbs_motif=None;rbs_spacer=None;gc_cont=0.394;conf=98.48;score=18.15;cscore=14.93;sscore=3.22;rscore=0.00;uscore=0.00;tscore=3.22;
# Sequence Data: seqnum=18;seqlen=4724;seqhdr="contig_21"
# Model Data: version=Prodigal.v2.6.3;run_type=Single;model="Ab initio";gc_cont=36.93;transl_table=11;uses_sd=1
contig_21	Prodigal_v2.6.3	CDS	1	2769	597.9	+	0	ID=18_1;partial=10;start_type=Edge;rbs_motif=None;rbs_spacer=None;gc_cont=0.385;conf=99.99;score=597.94;cscore=594.72;sscore=3.22;rscore=0.00;uscore=0.00;tscore=3.22;
contig_21	Prodigal_v2.6.3	CDS	2766	3545	144.7	+	0	ID=18_2;partial=00;start_type=ATG;rbs_motif=AGxAGG/AGGxGG;rbs_spacer=5-10bp;gc_cont=0.408;conf=100.00;score=144.71;cscore=130.68;sscore=14.03;rscore=10.01;uscore=0.14;tscore=2.58;
contig_21	Prodigal_v2.6.3	CDS	3542	4471	199.0	+	0	ID=18_3;partial=00;start_type=ATG;rbs_motif=GGAGG;rbs_spacer=5-10bp;gc_cont=0.402;conf=99.99;score=198.97;cscore=182.81;sscore=16.16;rscore=12.29;uscore=-3.03;tscore=2.58;
contig_21	Prodigal_v2.6.3	CDS	4456	4722	53.3	+	0	ID=18_4;partial=01;start_type=ATG;rbs_motif=AGGAG/GGAGG;rbs_spacer=11-12bp;gc_cont=0.375;conf=100.00;score=53.31;cscore=41.29;sscore=12.02;rscore=8.42;uscore=-0.15;tscore=2.58;
# Sequence Data: seqnum=19;seqlen=29137;seqhdr="contig_12"
# Model Data: version=Prodigal.v2.6.3;run_type=Single;model="Ab initio";gc_cont=36.93;transl_table=11;uses_sd=1
contig_12	Prodigal_v2.6.3	CDS	2609	3040	4.0	+	0	ID=19_1;partial=00;start_type=TTG;rbs_motif=GGAG/GAGG;rbs_spacer=5-10bp;gc_cont=0.493;conf=71.67;score=4.04;cscore=6.78;sscore=-2.74;rscore=7.82;uscore=-3.71;tscore=-6.85;
contig_12	Prodigal_v2.6.3	CDS	4978	5214	20.8	-	0	ID=19_2;partial=00;start_type=TTG;rbs_motif=GGAG/GAGG;rbs_spacer=5-10bp;gc_cont=0.287;conf=99.17;score=20.83;cscore=20.14;sscore=0.69;rscore=7.32;uscore=1.34;tscore=-7.32;
contig_12	Prodigal_v2.6.3	CDS	5385	6149	57.8	+	0	ID=19_3;partial=00;start_type=ATG;rbs_motif=GGA/GAG/AGG;rbs_spacer=11-12bp;gc_cont=0.359;conf=100.00;score=57.84;cscore=55.92;sscore=1.92;rscore=-0.72;uscore=0.07;tscore=2.58;
contig_12	Prodigal_v2.6.3	CDS	6254	6769	28.6	-	0	ID=19_4;partial=00;start_type=ATG;rbs_motif=GGA/GAG/AGG;rbs_spacer=5-10bp;gc_cont=0.341;conf=99.86;score=28.55;cscore=28.91;sscore=-0.36;rscore=-0.45;uscore=-1.84;tscore=2.58;
contig_12	Prodigal_v2.6.3	CDS	7006	7518	92.5	+	0	ID=19_5;partial=00;start_type=ATG;rbs_motif=AGGAG;rbs_spacer=5-10bp;gc_cont=0.351;conf=100.00;score=92.51;cscore=76.97;sscore=15.54;rscore=11.85;uscore=1.12;tscore=2.58;
contig_12	Prodigal_v2.6.3	CDS	7798	8751	205.2	-	0	ID=19_6;partial=00;start_type=ATG;rbs_motif=AGxAGG/AGGxGG;rbs_spacer=11-12bp;gc_cont=0.399;conf=99.99;score=205.18;cscore=191.70;sscore=13.48;rscore=9.97;uscore=0.93;tscore=2.58;
contig_12	Prodigal_v2.6.3	CDS	8896	9609	127.9	-	0	ID=19_7;partial=00;start_type=ATG;rbs_motif=AGGAGG;rbs_spacer=5-10bp;gc_cont=0.356;conf=100.00;score=127.90;cscore=113.80;sscore=14.10;rscore=13.01;uscore=-1.49;tscore=2.58;
contig_12	Prodigal_v2.6.3	CDS	9676	10104	49.9	-	0	ID=19_8;partial=00;start_type=ATG;rbs_motif=AGGAG/GGAGG;rbs_spacer=11-12bp;gc_cont=0.352;conf=100.00;score=49.88;cscore=35.72;sscore=14.17;rscore=8.42;uscore=3.17;tscore=2.58;
contig_12	Prodigal_v2.6.3	CDS	10266	10658	80.7	-	0	ID=19_9;partial=00;start_type=TTG;rbs_motif=AGGAGG;rbs_spacer=5-10bp;gc_cont=0.440;conf=100.00;score=80.69;cscore=74.94;sscore=5.76;rscore=13.01;uscore=-1.44;tscore=-6.85;
contig_12	Prodigal_v2.6.3	CDS	10680	11117	89.7	-	0	ID=19_10;partial=00;start_type=ATG;rbs_motif=AGGAGG;rbs_spacer=5-10bp;gc_cont=0.397;conf=100.00;score=89.66;cscore=72.13;sscore=17.54;rscore=13.01;uscore=1.95;tscore=2.58;
contig_12	Prodigal_v2.6.3	CDS	11270	12013	88.2	-	0	ID=19_11;partial=00;start_type=ATG;rbs_motif=GGAG/GAGG;rbs_spacer=5-10bp;gc_cont=0.370;conf=100.00;score=88.23;cscore=79.10;sscore=9.13;rscore=7.82;uscore=-1.28;tscore=2.58;
contig_12	Prodigal_v2.6.3	CDS	12028	12822	98.0	-	0	ID=19_12;partial=00;start_type=ATG;rbs_motif=AGxAGG/AGGxGG;rbs_spacer=5-10bp;gc_cont=0.351;conf=100.00;score=98.01;cscore=82.57;sscore=15.44;rscore=10.01;uscore=1.65;tscore=2.58;
contig_12	Prodigal_v2.6.3	CDS	12810	13691	130.7	-	0	ID=19_13;partial=00;start_type=TTG;rbs_motif=None;rbs_spacer=None;gc_cont=0.400;conf=100.00;score=130.66;cscore=145.89;sscore=-15.23;rscore=-7.91;uscore=-0.47;tscore=-6.85;
contig_12	Prodigal_v2.6.3	CDS	13667	14509	120.4	-	0	ID=19_14;partial=00;start_type=TTG;rbs_motif=GGA/GAG/AGG;rbs_spacer=5-10bp;gc_cont=0.375;conf=100.00;score=120.36;cscore=125.80;sscore=-5.44;rscore=-0.45;uscore=1.86;tscore=-6.85;
contig_12	Prodigal_v2.6.3	CDS	14613	14975	91.2	-	0	ID=19_15;partial=00;start_type=ATG;rbs_motif=AGGAGG;rbs_spacer=5-10bp;gc_cont=0.446;conf=100.00;score=91.20;cscore=73.97;sscore=17.23;rscore=13.01;uscore=0.75;tscore=2.58;
contig_12	Prodigal_v2.6.3	CDS	15011	15955	190.1	-	0	ID=19_16;partial=00;start_type=ATG;rbs_motif=AGGAGG;rbs_spacer=5-10bp;gc_cont=0.388;conf=99.99;score=190.11;cscore=176.85;sscore=13.27;rscore=13.01;uscore=-1.67;tscore=2.58;
contig_12	Prodigal_v2.6.3	CDS	16136	16525	91.8	-	0	ID=19_17;partial=00;start_type=ATG;rbs_motif=AGGAGG;rbs_spacer=11-12bp;gc_cont=0.438;conf=100.00;score=91.76;cscore=71.24;sscore=20.52;rscore=10.92;uscore=6.00;tscore=2.58;
contig_12	Prodigal_v2.6.3	CDS	16550	16915	99.3	-	0	ID=19_18;partial=00;start_type=ATG;rbs_motif=AGGAGG;rbs_spacer=5-10bp;gc_cont=0.423;conf=100.00;score=99.28;cscore=77.38;sscore=21.90;rscore=13.01;uscore=5.27;tscore=2.58;
contig_12	Prodigal_v2.6.3	CDS	16937	17050	12.7	-	0	ID=19_19;partial=00;start_type=ATG;rbs_motif=AGGAGG;rbs_spacer=5-10bp;gc_cont=0.316;conf=94.90;score=12.72;cscore=4.85;sscore=7.87;rscore=5.78;uscore=0.05;tscore=1.15;
contig_12	Prodigal_v2.6.3	CDS	17086	17304	46.8	-	0	ID=19_20;partial=00;start_type=ATG;rbs_motif=AGxAGG/AGGxGG;rbs_spacer=11-12bp;gc_cont=0.379;conf=100.00;score=46.76;cscore=31.44;sscore=15.33;rscore=8.62;uscore=4.48;tscore=2.23;
contig_12	Prodigal_v2.6.3	CDS	17373	18119	100.0	-	0	ID=19_21;partial=00;start_type=ATG;rbs_motif=GGAGG;rbs_spacer=5-10bp;gc_cont=0.432;conf=100.00;score=99.98;cscore=83.83;sscore=16.15;rscore=12.29;uscore=-2.41;tscore=2.58;
contig_12	Prodigal_v2.6.3	CDS	18119	18769	110.0	-	0	ID=19_22;partial=00;start_type=ATG;rbs_motif=AGxAGG/AGGxGG;rbs_spacer=5-10bp;gc_cont=0.399;conf=100.00;score=110.03;cscore=106.47;sscore=3.56;rscore=10.01;uscore=-9.70;tscore=2.58;
contig_12	Prodigal_v2.6.3	CDS	18826	20127	177.2	-	0	ID=19_23;partial=00;start_type=ATG;rbs_motif=GGAG/GAGG;rbs_spacer=5-10bp;gc_cont=0.393;conf=100.00;score=177.20;cscore=165.51;sscore=11.69;rscore=7.82;uscore=-1.18;tscore=2.58;
contig_12	Prodigal_v2.6.3	CDS	20127	20567	103.0	-	0	ID=19_24;partial=00;start_type=ATG;rbs_motif=AGGAGG;rbs_spacer=5-10bp;gc_cont=0.422;conf=100.00;score=103.00;cscore=82.56;sscore=20.44;rscore=13.01;uscore=3.93;tscore=2.58;
contig_12	Prodigal_v2.6.3	CDS	20601	20783	36.5	-	0	ID=19_25;partial=00;start_type=ATG;rbs_motif=AGGAGG;rbs_spacer=5-10bp;gc_cont=0.372;conf=99.98;score=36.50;cscore=22.00;sscore=14.50;rscore=9.37;uscore=2.15;tscore=1.86;
contig_12	Prodigal_v2.6.3	CDS	20797	21297	117.3	-	0	ID=19_26;partial=00;start_type=ATG;rbs_motif=AGGAGG;rbs_spacer=5-10bp;gc_cont=0.435;conf=100.00;score=117.28;cscore=101.60;sscore=15.68;rscore=13.01;uscore=-0.96;tscore=2.58;
contig_12	Prodigal_v2.6.3	CDS	21319	21681	88.7	-	0	ID=19_27;partial=00;start_type=ATG;rbs_motif=AGGAG;rbs_spacer=5-10bp;gc_cont=0.410;conf=100.00;score=88.72;cscore=70.72;sscore=18.00;rscore=11.85;uscore=2.64;tscore=2.58;
contig_12	Prodigal_v2.6.3	CDS	21713	22252	136.3	-	0	ID=19_28;partial=00;start_type=ATG;rbs_motif=GGAGG;rbs_spacer=5-10bp;gc_cont=0.417;conf=100.00;score=136.35;cscore=117.88;sscore=18.47;rscore=12.29;uscore=2.68;tscore=2.58;
contig_12	Prodigal_v2.6.3	CDS	22285	22683	88.8	-	0	ID=19_29;partial=00;start_type=ATG;rbs_motif=AGGAGG;rbs_spacer=5-10bp;gc_cont=0.398;conf=100.00;score=88.77;cscore=68.70;sscore=20.07;rscore=13.01;uscore=3.53;tscore=2.58;
contig_12	Prodigal_v2.6.3	CDS	22713	22898	19.9	-	0	ID=19_30;partial=00;start_type=GTG;rbs_motif=AGGAGG;rbs_spacer=5-10bp;gc_cont=0.382;conf=98.98;score=19.89;cscore=13.81;sscore=6.08;rscore=9.52;uscore=0.68;tscore=-5.04;
contig_12	Prodigal_v2.6.3	CDS	22932	23471	110.2	-	0	ID=19_31;partial=00;start_type=TTG;rbs_motif=AGGAGG;rbs_spacer=5-10bp;gc_cont=0.389;conf=100.00;score=110.16;cscore=98.36;sscore=11.80;rscore=13.01;uscore=4.65;tscore=-6.85;
contig_12	Prodigal_v2.6.3	CDS	23498	23809	71.0	-	0	ID=19_32;partial=00;start_type=ATG;rbs_motif=AGGAGG;rbs_spacer=11-12bp;gc_cont=0.369;conf=100.00;score=71.04;cscore=54.84;sscore=16.20;rscore=10.92;uscore=1.84;tscore=2.58;
contig_12	Prodigal_v2.6.3	CDS	23848	24216	88.6	-	0	ID=19_33;partial=00;start_type=ATG;rbs_motif=GGAGG;rbs_spacer=5-10bp;gc_cont=0.423;conf=100.00;score=88.60;cscore=70.77;sscore=17.82;rscore=12.29;uscore=2.15;tscore=2.58;
contig_12	Prodigal_v2.6.3	CDS	24260	24523	42.2	-	0	ID=19_34;partial=00;start_type=GTG;rbs_motif=GGAGG;rbs_spacer=5-10bp;gc_cont=0.386;conf=99.99;score=42.19;cscore=28.19;sscore=14.00;rscore=12.29;uscore=4.35;tscore=-3.69;
contig_12	Prodigal_v2.6.3	CDS	24544	24744	37.9	-	0	ID=19_35;partial=00;start_type=ATG;rbs_motif=GGxGG;rbs_spacer=5-10bp;gc_cont=0.363;conf=99.98;score=37.87;cscore=26.21;sscore=11.67;rscore=6.04;uscore=2.36;tscore=2.04;
contig_12	Prodigal_v2.6.3	CDS	24734	25168	108.1	-	0	ID=19_36;partial=00;start_type=ATG;rbs_motif=AGGAGG;rbs_spacer=5-10bp;gc_cont=0.425;conf=100.00;score=108.14;cscore=90.58;sscore=17.56;rscore=13.01;uscore=0.71;tscore=2.58;
contig_12	Prodigal_v2.6.3	CDS	25170	25829	153.6	-	0	ID=19_37;partial=00;start_type=ATG;rbs_motif=AGGAGG;rbs_spacer=5-10bp;gc_cont=0.415;conf=100.00;score=153.61;cscore=136.82;sscore=16.79;rscore=13.01;uscore=-0.04;tscore=2.58;
contig_12	Prodigal_v2.6.3	CDS	25833	26174	71.0	-	0	ID=19_38;partial=00;start_type=ATG;rbs_motif=AGGAGG;rbs_spacer=5-10bp;gc_cont=0.415;conf=100.00;score=70.97;cscore=51.35;sscore=19.62;rscore=13.01;uscore=2.95;tscore=2.58;
contig_12	Prodigal_v2.6.3	CDS	26192	26470	49.5	-	0	ID=19_39;partial=00;start_type=ATG;rbs_motif=GGAGG;rbs_spacer=5-10bp;gc_cont=0.391;conf=100.00;score=49.48;cscore=36.32;sscore=13.16;rscore=12.29;uscore=-1.70;tscore=2.58;
contig_12	Prodigal_v2.6.3	CDS	26531	27361	170.4	-	0	ID=19_40;partial=00;start_type=ATG;rbs_motif=AGGAGG;rbs_spacer=5-10bp;gc_cont=0.428;conf=100.00;score=170.43;cscore=152.54;sscore=17.89;rscore=13.01;uscore=1.34;tscore=2.58;
contig_12	Prodigal_v2.6.3	CDS	27390	27680	65.2	-	0	ID=19_41;partial=00;start_type=ATG;rbs_motif=AGGAGG;rbs_spacer=5-10bp;gc_cont=0.399;conf=100.00;score=65.18;cscore=45.61;sscore=19.57;rscore=13.01;uscore=2.70;tscore=2.58;
contig_12	Prodigal_v2.6.3	CDS	27680	28303	136.5	-	0	ID=19_42;partial=00;start_type=ATG;rbs_motif=AGGAGG;rbs_spacer=5-10bp;gc_cont=0.418;conf=100.00;score=136.54;cscore=118.80;sscore=17.74;rscore=13.01;uscore=1.15;tscore=2.58;
contig_12	Prodigal_v2.6.3	CDS	28329	28961	139.6	-	0	ID=19_43;partial=00;start_type=ATG;rbs_motif=AGGAGG;rbs_spacer=5-10bp;gc_cont=0.431;conf=100.00;score=139.61;cscore=119.59;sscore=20.02;rscore=13.01;uscore=3.52;tscore=2.58;
contig_12	Prodigal_v2.6.3	CDS	28996	29136	19.2	-	0	ID=19_44;partial=01;start_type=Edge;rbs_motif=None;rbs_spacer=None;gc_cont=0.390;conf=98.81;score=19.21;cscore=15.99;sscore=3.22;rscore=0.00;uscore=0.00;tscore=3.22;
# Sequence Data: seqnum=20;seqlen=8698;seqhdr="contig_35"
# Model Data: version=Prodigal.v2.6.3;run_type=Single;model="Ab initio";gc_cont=36.93;transl_table=11;uses_sd=1
contig_35	Prodigal_v2.6.3	CDS	3	419	49.2	-	0	ID=20_1;partial=10;start_type=ATG;rbs_motif=GGA/GAG/AGG;rbs_spacer=5-10bp;gc_cont=0.369;conf=100.00;score=49.20;cscore=47.25;sscore=1.95;rscore=-0.45;uscore=0.47;tscore=2.58;
contig_35	Prodigal_v2.6.3	CDS	551	769	10.6	+	0	ID=20_2;partial=00;start_type=TTG;rbs_motif=GGA/GAG/AGG;rbs_spacer=5-10bp;gc_cont=0.370;conf=91.99;score=10.62;cscore=16.56;sscore=-5.94;rscore=-0.52;uscore=2.51;tscore=-7.93;
contig_35	Prodigal_v2.6.3	CDS	762	2162	226.2	+	0	ID=20_3;partial=00;start_type=ATG;rbs_motif=GGAG/GAGG;rbs_spacer=5-10bp;gc_cont=0.394;conf=99.99;score=226.23;cscore=212.97;sscore=13.26;rscore=7.82;uscore=1.61;tscore=2.58;
contig_35	Prodigal_v2.6.3	CDS	2209	2388	36.6	+	0	ID=20_4;partial=00;start_type=ATG;rbs_motif=GGAG/GAGG;rbs_spacer=5-10bp;gc_cont=0.289;conf=99.98;score=36.56;cscore=25.54;sscore=11.03;rscore=5.54;uscore=2.89;tscore=1.83;
contig_35	Prodigal_v2.6.3	CDS	2936	4402	232.9	+	0	ID=20_5;partial=00;start_type=ATG;rbs_motif=GGxGG;rbs_spacer=5-10bp;gc_cont=0.343;conf=99.99;score=232.85;cscore=218.85;sscore=14.00;rscore=7.63;uscore=4.45;tscore=2.58;
contig_35	Prodigal_v2.6.3	CDS	4623	5279	99.8	+	0	ID=20_6;partial=00;start_type=ATG;rbs_motif=AGGA/GGAG/GAGG;rbs_spacer=11-12bp;gc_cont=0.288;conf=100.00;score=99.83;cscore=94.53;sscore=5.30;rscore=0.63;uscore=2.74;tscore=2.58;
contig_35	Prodigal_v2.6.3	CDS	6143	6376	12.5	-	0	ID=20_7;partial=00;start_type=ATG;rbs_motif=AGxAG;rbs_spacer=3-4bp;gc_cont=0.338;conf=94.68;score=12.53;cscore=10.76;sscore=1.77;rscore=3.04;uscore=-3.66;tscore=2.38;
contig_35	Prodigal_v2.6.3	CDS	6346	6516	20.7	-	0	ID=20_8;partial=00;start_type=ATG;rbs_motif=AGxAGG/AGGxGG;rbs_spacer=5-10bp;gc_cont=0.333;conf=99.14;score=20.67;cscore=10.94;sscore=9.73;rscore=6.73;uscore=1.92;tscore=1.73;
contig_35	Prodigal_v2.6.3	CDS	6945	7547	60.4	+	0	ID=20_9;partial=00;start_type=TTG;rbs_motif=GGAG/GAGG;rbs_spacer=5-10bp;gc_cont=0.333;conf=100.00;score=60.39;cscore=57.26;sscore=3.14;rscore=7.82;uscore=2.17;tscore=-6.85;
contig_35	Prodigal_v2.6.3	CDS	7707	8303	54.6	-	0	ID=20_10;partial=00;start_type=ATG;rbs_motif=None;rbs_spacer=None;gc_cont=0.343;conf=100.00;score=54.60;cscore=56.78;sscore=-2.19;rscore=-7.91;uscore=3.14;tscore=2.58;
# Sequence Data: seqnum=21;seqlen=5258;seqhdr="contig_31"
# Model Data: version=Prodigal.v2.6.3;run_type=Single;model="Ab initio";gc_cont=36.93;transl_table=11;uses_sd=1
contig_31	Prodigal_v2.6.3	CDS	2	784	142.8	-	0	ID=21_1;partial=10;start_type=GTG;rbs_motif=AGxAGG/AGGxGG;rbs_spacer=5-10bp;gc_cont=0.370;conf=100.00;score=142.83;cscore=134.38;sscore=8.45;rscore=10.01;uscore=2.78;tscore=-3.69;
contig_31	Prodigal_v2.6.3	CDS	1201	1653	84.3	+	0	ID=21_2;partial=00;start_type=ATG;rbs_motif=AGGAG;rbs_spacer=5-10bp;gc_cont=0.329;conf=100.00;score=84.26;cscore=67.67;sscore=16.59;rscore=11.85;uscore=2.16;tscore=2.58;
contig_31	Prodigal_v2.6.3	CDS	1656	2072	95.6	+	0	ID=21_3;partial=00;start_type=ATG;rbs_motif=GGAG/GAGG;rbs_spacer=5-10bp;gc_cont=0.415;conf=100.00;score=95.62;cscore=78.92;sscore=16.70;rscore=7.82;uscore=5.04;tscore=2.58;
contig_31	Prodigal_v2.6.3	CDS	2105	2701	126.7	-	0	ID=21_4;partial=00;start_type=ATG;rbs_motif=AGGAG;rbs_spacer=5-10bp;gc_cont=0.348;conf=100.00;score=126.71;cscore=110.99;sscore=15.72;rscore=11.85;uscore=-1.27;tscore=2.58;
contig_31	Prodigal_v2.6.3	CDS	2698	5028	506.1	-	0	ID=21_5;partial=00;start_type=ATG;rbs_motif=GGAGG;rbs_spacer=3-4bp;gc_cont=0.392;conf=99.99;score=506.08;cscore=489.49;sscore=16.59;rscore=12.69;uscore=1.32;tscore=2.58;
# Sequence Data: seqnum=22;seqlen=2502;seqhdr="contig_19"
# Model Data: version=Prodigal.v2.6.3;run_type=Single;model="Ab initio";gc_cont=36.93;transl_table=11;uses_sd=1
contig_19	Prodigal_v2.6.3	CDS	3	521	2.6	-	0	ID=22_1;partial=10;start_type=ATG;rbs_motif=None;rbs_spacer=None;gc_cont=0.272;conf=64.67;score=2.63;cscore=9.84;sscore=-7.21;rscore=-7.91;uscore=-1.23;tscore=2.58;
contig_19	Prodigal_v2.6.3	CDS	1633	1896	9.2	-	0	ID=22_2;partial=00;start_type=TTG;rbs_motif=None;rbs_spacer=None;gc_cont=0.356;conf=89.33;score=9.24;cscore=24.03;sscore=-14.79;rscore=-7.91;uscore=-0.03;tscore=-6.85;
contig_19	Prodigal_v2.6.3	CDS	1993	2187	7.6	-	0	ID=22_3;partial=00;start_type=ATG;rbs_motif=GGAGG;rbs_spacer=5-10bp;gc_cont=0.369;conf=85.20;score=7.61;cscore=-0.29;sscore=7.90;rscore=9.44;uscore=-3.01;tscore=1.98;
# Sequence Data: seqnum=23;seqlen=51732;seqhdr="contig_36"
# Model Data: version=Prodigal.v2.6.3;run_type=Single;model="Ab initio";gc_cont=36.93;transl_table=11;uses_sd=1
contig_36	Prodigal_v2.6.3	CDS	891	1226	65.1	-	0	ID=23_1;partial=00;start_type=ATG;rbs_motif=AGGAG;rbs_spacer=5-10bp;gc_cont=0.321;conf=100.00;score=65.14;cscore=47.96;sscore=17.18;rscore=11.85;uscore=1.65;tscore=2.58;
contig_36	Prodigal_v2.6.3	CDS	1242	1628	50.3	-	0	ID=23_2;partial=00;start_type=ATG;rbs_motif=AGxAGG/AGGxGG;rbs_spacer=5-10bp;gc_cont=0.354;conf=100.00;score=50.32;cscore=34.37;sscore=15.95;rscore=10.01;uscore=3.35;tscore=2.58;
contig_36	Prodigal_v2.6.3	CDS	1768	1959	23.0	-	0	ID=23_3;partial=00;start_type=ATG;rbs_motif=GGAG/GAGG;rbs_spacer=5-10bp;gc_cont=0.375;conf=99.50;score=23.00;cscore=11.35;sscore=11.65;rscore=5.92;uscore=2.66;tscore=1.95;
contig_36	Prodigal_v2.6.3	CDS	1974	2360	48.7	-	0	ID=23_4;partial=00;start_type=TTG;rbs_motif=GGAG/GAGG;rbs_spacer=5-10bp;gc_cont=0.372;conf=100.00;score=48.72;cscore=41.96;sscore=6.76;rscore=7.82;uscore=4.82;tscore=-6.85;
contig_36	Prodigal_v2.6.3	CDS	2389	2655	34.1	-	0	ID=23_5;partial=00;start_type=GTG;rbs_motif=GGAG/GAGG;rbs_spacer=5-10bp;gc_cont=0.348;conf=99.96;score=34.10;cscore=26.78;sscore=7.31;rscore=7.82;uscore=1.88;tscore=-3.69;
contig_36	Prodigal_v2.6.3	CDS	2652	3005	67.8	-	0	ID=23_6;partial=00;start_type=ATG;rbs_motif=GGAG/GAGG;rbs_spacer=5-10bp;gc_cont=0.376;conf=100.00;score=67.83;cscore=54.51;sscore=13.32;rscore=7.82;uscore=1.66;tscore=2.58;
contig_36	Prodigal_v2.6.3	CDS	2998	3231	36.4	-	0	ID=23_7;partial=00;start_type=ATG;rbs_motif=GGAGG;rbs_spacer=5-10bp;gc_cont=0.372;conf=99.98;score=36.41;cscore=22.25;sscore=14.15;rscore=11.35;uscore=1.07;tscore=2.38;
contig_36	Prodigal_v2.6.3	CDS	3461	3838	59.3	-	0	ID=23_8;partial=00;start_type=ATG;rbs_motif=AGGA;rbs_spacer=5-10bp;gc_cont=0.310;conf=100.00;score=59.30;cscore=48.01;sscore=11.29;rscore=3.29;uscore=4.49;tscore=2.58;
contig_36	Prodigal_v2.6.3	CDS	3871	4995	124.6	-	0	ID=23_9;partial=00;start_type=ATG;rbs_motif=GGAG/GAGG;rbs_spacer=5-10bp;gc_cont=0.398;conf=100.00;score=124.55;cscore=108.29;sscore=16.26;rscore=7.82;uscore=4.98;tscore=2.58;
contig_36	Prodigal_v2.6.3	CDS	5032	5250	25.1	-	0	ID=23_10;partial=00;start_type=ATG;rbs_motif=GGAG/GAGG;rbs_spacer=5-10bp;gc_cont=0.342;conf=99.69;score=25.06;cscore=11.37;sscore=13.69;rscore=6.76;uscore=3.82;tscore=2.23;
contig_36	Prodigal_v2.6.3	CDS	5287	5508	19.9	-	0	ID=23_11;partial=00;start_type=ATG;rbs_motif=AGGAG/GGAGG;rbs_spacer=11-12bp;gc_cont=0.302;conf=98.98;score=19.90;cscore=9.48;sscore=10.42;rscore=7.38;uscore=1.43;tscore=2.26;
contig_36	Prodigal_v2.6.3	CDS	5826	6194	51.1	-	0	ID=23_12;partial=00;start_type=ATG;rbs_motif=AGGAG;rbs_spacer=5-10bp;gc_cont=0.306;conf=100.00;score=51.09;cscore=31.36;sscore=19.73;rscore=11.85;uscore=4.33;tscore=2.58;
contig_36	Prodigal_v2.6.3	CDS	6222	6935	110.6	-	0	ID=23_13;partial=00;start_type=ATG;rbs_motif=GGA/GAG/AGG;rbs_spacer=5-10bp;gc_cont=0.336;conf=100.00;score=110.55;cscore=106.89;sscore=3.66;rscore=-0.45;uscore=2.18;tscore=2.58;
contig_36	Prodigal_v2.6.3	CDS	7217	7492	27.4	-	0	ID=23_14;partial=00;start_type=ATG;rbs_motif=AGGAGG;rbs_spacer=5-10bp;gc_cont=0.370;conf=99.82;score=27.44;cscore=6.15;sscore=21.29;rscore=13.01;uscore=4.84;tscore=2.58;
contig_36	Prodigal_v2.6.3	CDS	7531	8028	69.4	-	0	ID=23_15;partial=00;start_type=ATG;rbs_motif=AGGAG;rbs_spacer=5-10bp;gc_cont=0.412;conf=100.00;score=69.44;cscore=51.58;sscore=17.86;rscore=11.85;uscore=2.30;tscore=2.58;
contig_36	Prodigal_v2.6.3	CDS	8042	8209	5.1	-	0	ID=23_16;partial=00;start_type=ATG;rbs_motif=AGGAGG;rbs_spacer=5-10bp;gc_cont=0.387;conf=76.47;score=5.13;cscore=-6.99;sscore=12.12;rscore=8.59;uscore=1.17;tscore=1.70;
contig_36	Prodigal_v2.6.3	CDS	8220	8456	40.8	-	0	ID=23_17;partial=00;start_type=ATG;rbs_motif=AGGAG;rbs_spacer=5-10bp;gc_cont=0.388;conf=99.99;score=40.83;cscore=25.16;sscore=15.68;rscore=11.09;uscore=2.17;tscore=2.41;
contig_36	Prodigal_v2.6.3	CDS	8523	8717	35.1	-	0	ID=23_18;partial=00;start_type=ATG;rbs_motif=GGAG/GAGG;rbs_spacer=5-10bp;gc_cont=0.400;conf=99.97;score=35.06;cscore=24.40;sscore=10.66;rscore=6.01;uscore=1.38;tscore=1.98;
contig_36	Prodigal_v2.6.3	CDS	8714	9208	69.6	-	0	ID=23_19;partial=00;start_type=ATG;rbs_motif=GGA/GAG/AGG;rbs_spacer=5-10bp;gc_cont=0.370;conf=100.00;score=69.61;cscore=68.33;sscore=1.29;rscore=-0.45;uscore=-0.85;tscore=2.58;
contig_36	Prodigal_v2.6.3	CDS	9189	9323	8.0	-	0	ID=23_20;partial=00;start_type=ATG;rbs_motif=GGAGG;rbs_spacer=3-4bp;gc_cont=0.444;conf=86.35;score=8.02;cscore=-1.72;sscore=9.74;rscore=6.70;uscore=1.00;tscore=1.36;
contig_36	Prodigal_v2.6.3	CDS	9332	10045	75.2	-	0	ID=23_21;partial=00;start_type=ATG;rbs_motif=AGGAGG;rbs_spacer=5-10bp;gc_cont=0.395;conf=100.00;score=75.18;cscore=56.34;sscore=18.84;rscore=13.01;uscore=2.10;tscore=2.58;
contig_36	Prodigal_v2.6.3	CDS	10057	10329	24.6	-	0	ID=23_22;partial=00;start_type=ATG;rbs_motif=None;rbs_spacer=None;gc_cont=0.443;conf=99.65;score=24.61;cscore=20.74;sscore=3.87;rscore=-7.91;uscore=-2.49;tscore=2.58;
contig_36	Prodigal_v2.6.3	CDS	10326	10613	53.9	-	0	ID=23_23;partial=00;start_type=ATG;rbs_motif=GGAGG;rbs_spacer=5-10bp;gc_cont=0.378;conf=100.00;score=53.92;cscore=36.76;sscore=17.16;rscore=12.29;uscore=1.17;tscore=2.58;
contig_36	Prodigal_v2.6.3	CDS	10628	11959	194.7	-	0	ID=23_24;partial=00;start_type=GTG;rbs_motif=GGAGG;rbs_spacer=5-10bp;gc_cont=0.415;conf=99.99;score=194.69;cscore=179.83;sscore=14.86;rscore=12.29;uscore=4.97;tscore=-3.69;
contig_36	Prodigal_v2.6.3	CDS	11956	12312	48.2	-	0	ID=23_25;partial=00;start_type=TTG;rbs_motif=AGGAGG;rbs_spacer=5-10bp;gc_cont=0.364;conf=100.00;score=48.17;cscore=37.36;sscore=10.81;rscore=13.01;uscore=3.40;tscore=-6.85;
contig_36	Prodigal_v2.6.3	CDS	12305	13132	106.5	-	0	ID=23_26;partial=00;start_type=ATG;rbs_motif=AGxAGG/AGGxGG;rbs_spacer=5-10bp;gc_cont=0.351;conf=100.00;score=106.51;cscore=89.50;sscore=17.01;rscore=10.01;uscore=3.14;tscore=2.58;
contig_36	Prodigal_v2.6.3	CDS	13133	13414	26.9	-	0	ID=23_27;partial=00;start_type=ATG;rbs_motif=GGA/GAG/AGG;rbs_spacer=11-12bp;gc_cont=0.348;conf=99.80;score=26.94;cscore=24.02;sscore=2.93;rscore=-0.72;uscore=1.07;tscore=2.58;
contig_36	Prodigal_v2.6.3	CDS	13393	13572	15.3	-	0	ID=23_28;partial=00;start_type=ATG;rbs_motif=AGGAGG;rbs_spacer=5-10bp;gc_cont=0.450;conf=97.11;score=15.28;cscore=4.69;sscore=10.59;rscore=9.21;uscore=-1.57;tscore=1.83;
contig_36	Prodigal_v2.6.3	CDS	13587	14261	87.4	-	0	ID=23_29;partial=00;start_type=ATG;rbs_motif=GGA/GAG/AGG;rbs_spacer=5-10bp;gc_cont=0.381;conf=100.00;score=87.42;cscore=81.65;sscore=5.78;rscore=-0.45;uscore=1.90;tscore=2.58;
contig_36	Prodigal_v2.6.3	CDS	14258	14740	97.2	-	0	ID=23_30;partial=00;start_type=ATG;rbs_motif=AGGAGG;rbs_spacer=5-10bp;gc_cont=0.373;conf=100.00;score=97.21;cscore=83.29;sscore=13.92;rscore=13.01;uscore=-2.82;tscore=2.58;
contig_36	Prodigal_v2.6.3	CDS	14753	14902	26.7	-	0	ID=23_31;partial=00;start_type=ATG;rbs_motif=AGGAGG;rbs_spacer=5-10bp;gc_cont=0.333;conf=99.79;score=26.71;cscore=18.60;sscore=8.12;rscore=7.65;uscore=-1.05;tscore=1.52;
contig_36	Prodigal_v2.6.3	CDS	15008	15727	84.5	-	0	ID=23_32;partial=00;start_type=ATG;rbs_motif=GGA/GAG/AGG;rbs_spacer=5-10bp;gc_cont=0.329;conf=100.00;score=84.55;cscore=87.25;sscore=-2.70;rscore=-0.45;uscore=-4.83;tscore=2.58;
contig_36	Prodigal_v2.6.3	CDS	15815	16009	40.3	-	0	ID=23_33;partial=00;start_type=ATG;rbs_motif=GGAG/GAGG;rbs_spacer=5-10bp;gc_cont=0.338;conf=99.99;score=40.28;cscore=29.51;sscore=10.76;rscore=6.01;uscore=1.66;tscore=1.98;
contig_36	Prodigal_v2.6.3	CDS	16025	16165	14.2	-	0	ID=23_34;partial=00;start_type=ATG;rbs_motif=AGxAGG/AGGxGG;rbs_spacer=11-12bp;gc_cont=0.369;conf=96.30;score=14.18;cscore=5.87;sscore=8.31;rscore=5.51;uscore=0.16;tscore=1.42;
contig_36	Prodigal_v2.6.3	CDS	16155	16277	13.1	-	0	ID=23_35;partial=00;start_type=ATG;rbs_motif=AGGAG;rbs_spacer=5-10bp;gc_cont=0.398;conf=95.34;score=13.13;cscore=6.90;sscore=6.23;rscore=5.69;uscore=-1.97;tscore=1.24;
contig_36	Prodigal_v2.6.3	CDS	16278	17000	114.5	-	0	ID=23_36;partial=00;start_type=ATG;rbs_motif=GGAGG;rbs_spacer=5-10bp;gc_cont=0.357;conf=100.00;score=114.52;cscore=97.84;sscore=16.68;rscore=12.29;uscore=1.81;tscore=2.58;
contig_36	Prodigal_v2.6.3	CDS	17066	17263	19.8	-	0	ID=23_37;partial=00;start_type=ATG;rbs_motif=GGA/GAG/AGG;rbs_spacer=5-10bp;gc_cont=0.348;conf=98.95;score=19.77;cscore=19.45;sscore=0.31;rscore=-0.57;uscore=-0.47;tscore=2.01;
contig_36	Prodigal_v2.6.3	CDS	17478	17828	52.7	+	0	ID=23_38;partial=00;start_type=ATG;rbs_motif=GGA/GAG/AGG;rbs_spacer=5-10bp;gc_cont=0.345;conf=100.00;score=52.75;cscore=45.75;sscore=7.00;rscore=-0.45;uscore=4.87;tscore=2.58;
contig_36	Prodigal_v2.6.3	CDS	17834	17971	16.7	-	0	ID=23_39;partial=00;start_type=ATG;rbs_motif=GGAGG;rbs_spacer=5-10bp;gc_cont=0.326;conf=97.89;score=16.68;cscore=10.91;sscore=5.77;rscore=6.63;uscore=-2.26;tscore=1.39;
contig_36	Prodigal_v2.6.3	CDS	18140	18298	26.8	-	0	ID=23_40;partial=00;start_type=ATG;rbs_motif=None;rbs_spacer=None;gc_cont=0.377;conf=99.79;score=26.76;cscore=21.00;sscore=5.76;rscore=-12.67;uscore=2.85;tscore=1.61;
contig_36	Prodigal_v2.6.3	CDS	18295	19518	135.4	-	0	ID=23_41;partial=00;start_type=ATG;rbs_motif=AGGAG;rbs_spacer=5-10bp;gc_cont=0.324;conf=100.00;score=135.36;cscore=122.71;sscore=12.65;rscore=11.85;uscore=-1.12;tscore=2.58;
contig_36	Prodigal_v2.6.3	CDS	20061	20405	14.7	+	0	ID=23_42;partial=00;start_type=ATG;rbs_motif=None;rbs_spacer=None;gc_cont=0.368;conf=96.70;score=14.70;cscore=18.11;sscore=-3.42;rscore=-7.91;uscore=1.91;tscore=2.58;
contig_36	Prodigal_v2.6.3	CDS	20603	20953	58.6	+	0	ID=23_43;partial=00;start_type=ATG;rbs_motif=GGAG/GAGG;rbs_spacer=5-10bp;gc_cont=0.339;conf=100.00;score=58.62;cscore=47.13;sscore=11.49;rscore=7.82;uscore=1.74;tscore=2.58;
contig_36	Prodigal_v2.6.3	CDS	22998	23819	132.6	+	0	ID=23_44;partial=00;start_type=ATG;rbs_motif=GGAG/GAGG;rbs_spacer=5-10bp;gc_cont=0.321;conf=100.00;score=132.57;cscore=116.98;sscore=15.59;rscore=7.82;uscore=5.84;tscore=2.58;
contig_36	Prodigal_v2.6.3	CDS	23821	24201	54.3	+	0	ID=23_45;partial=00;start_type=ATG;rbs_motif=GGA/GAG/AGG;rbs_spacer=11-12bp;gc_cont=0.370;conf=100.00;score=54.32;cscore=46.74;sscore=7.58;rscore=-0.72;uscore=4.46;tscore=2.58;
contig_36	Prodigal_v2.6.3	CDS	24301	24666	51.9	+	0	ID=23_46;partial=00;start_type=TTG;rbs_motif=AGGAG;rbs_spacer=5-10bp;gc_cont=0.347;conf=100.00;score=51.86;cscore=43.22;sscore=8.63;rscore=11.85;uscore=3.64;tscore=-6.85;
contig_36	Prodigal_v2.6.3	CDS	24747	25337	78.6	-	0	ID=23_47;partial=00;start_type=ATG;rbs_motif=AGGAGG;rbs_spacer=11-12bp;gc_cont=0.437;conf=100.00;score=78.62;cscore=66.74;sscore=11.88;rscore=10.92;uscore=-0.97;tscore=2.58;
contig_36	Prodigal_v2.6.3	CDS	25800	26288	56.9	-	0	ID=23_48;partial=00;start_type=ATG;rbs_motif=GGAG/GAGG;rbs_spacer=5-10bp;gc_cont=0.380;conf=100.00;score=56.91;cscore=44.24;sscore=12.67;rscore=7.82;uscore=1.20;tscore=2.58;
contig_36	Prodigal_v2.6.3	CDS	26308	26883	11.2	-	0	ID=23_49;partial=00;start_type=ATG;rbs_motif=None;rbs_spacer=None;gc_cont=0.420;conf=92.85;score=11.15;cscore=15.32;sscore=-4.17;rscore=-7.91;uscore=1.16;tscore=2.58;
contig_36	Prodigal_v2.6.3	CDS	26825	28120	112.4	-	0	ID=23_50;partial=00;start_type=TTG;rbs_motif=GGxGG;rbs_spacer=5-10bp;gc_cont=0.400;conf=100.00;score=112.42;cscore=110.10;sscore=2.31;rscore=7.63;uscore=2.19;tscore=-6.85;
contig_36	Prodigal_v2.6.3	CDS	28421	28642	15.5	+	0	ID=23_51;partial=00;start_type=GTG;rbs_motif=AGxAGG/AGGxGG;rbs_spacer=5-10bp;gc_cont=0.356;conf=97.21;score=15.45;cscore=11.89;sscore=3.56;rscore=8.77;uscore=-1.00;tscore=-4.21;
contig_36	Prodigal_v2.6.3	CDS	28767	29141	52.7	+	0	ID=23_52;partial=00;start_type=ATG;rbs_motif=AGGAG;rbs_spacer=5-10bp;gc_cont=0.352;conf=100.00;score=52.72;cscore=34.76;sscore=17.96;rscore=11.85;uscore=3.53;tscore=2.58;
contig_36	Prodigal_v2.6.3	CDS	29175	29993	122.8	-	0	ID=23_53;partial=00;start_type=ATG;rbs_motif=AGGAG;rbs_spacer=5-10bp;gc_cont=0.403;conf=100.00;score=122.77;cscore=104.49;sscore=18.28;rscore=11.85;uscore=2.57;tscore=2.58;
contig_36	Prodigal_v2.6.3	CDS	29993	30220	45.9	-	0	ID=23_54;partial=00;start_type=ATG;rbs_motif=AGGAG;rbs_spacer=5-10bp;gc_cont=0.373;conf=100.00;score=45.87;cscore=30.39;sscore=15.48;rscore=10.66;uscore=2.50;tscore=2.32;
contig_36	Prodigal_v2.6.3	CDS	30315	30419	2.6	-	0	ID=23_55;partial=00;start_type=ATG;rbs_motif=AGGAGG;rbs_spacer=5-10bp;gc_cont=0.295;conf=64.73;score=2.64;cscore=-4.20;sscore=6.84;rscore=5.31;uscore=0.98;tscore=1.05;
contig_36	Prodigal_v2.6.3	CDS	30517	31251	69.8	-	0	ID=23_56;partial=00;start_type=ATG;rbs_motif=GGxGG;rbs_spacer=5-10bp;gc_cont=0.363;conf=100.00;score=69.84;cscore=58.34;sscore=11.50;rscore=7.63;uscore=-2.87;tscore=2.58;
contig_36	Prodigal_v2.6.3	CDS	31248	32321	135.2	-	0	ID=23_57;partial=00;start_type=ATG;rbs_motif=AGGA;rbs_spacer=5-10bp;gc_cont=0.371;conf=100.00;score=135.21;cscore=129.09;sscore=6.11;rscore=3.29;uscore=0.24;tscore=2.58;
contig_36	Prodigal_v2.6.3	CDS	32389	32709	53.1	-	0	ID=23_58;partial=00;start_type=ATG;rbs_motif=AGGAGG;rbs_spacer=5-10bp;gc_cont=0.330;conf=100.00;score=53.14;cscore=33.07;sscore=20.07;rscore=13.01;uscore=3.73;tscore=2.58;
contig_36	Prodigal_v2.6.3	CDS	32758	34380	180.8	-	0	ID=23_59;partial=00;start_type=ATG;rbs_motif=GGA/GAG/AGG;rbs_spacer=5-10bp;gc_cont=0.366;conf=99.99;score=180.83;cscore=178.61;sscore=2.22;rscore=-0.45;uscore=-1.10;tscore=2.58;
contig_36	Prodigal_v2.6.3	CDS	34389	35228	103.2	-	0	ID=23_60;partial=00;start_type=ATG;rbs_motif=AGGAG/GGAGG;rbs_spacer=11-12bp;gc_cont=0.335;conf=100.00;score=103.24;cscore=85.87;sscore=17.36;rscore=8.42;uscore=5.13;tscore=2.58;
contig_36	Prodigal_v2.6.3	CDS	35233	39087	552.2	-	0	ID=23_61;partial=00;start_type=TTG;rbs_motif=GGA/GAG/AGG;rbs_spacer=5-10bp;gc_cont=0.377;conf=99.99;score=552.22;cscore=558.96;sscore=-6.74;rscore=-0.45;uscore=-0.51;tscore=-6.85;
contig_36	Prodigal_v2.6.3	CDS	39107	39385	14.9	-	0	ID=23_62;partial=00;start_type=TTG;rbs_motif=GGA/GAG/AGG;rbs_spacer=5-10bp;gc_cont=0.351;conf=96.87;score=14.93;cscore=18.95;sscore=-4.03;rscore=-0.45;uscore=2.38;tscore=-6.85;
contig_36	Prodigal_v2.6.3	CDS	39421	39843	83.4	-	0	ID=23_63;partial=00;start_type=ATG;rbs_motif=AGGAG;rbs_spacer=5-10bp;gc_cont=0.364;conf=100.00;score=83.39;cscore=65.77;sscore=17.62;rscore=11.85;uscore=3.20;tscore=2.58;
contig_36	Prodigal_v2.6.3	CDS	39910	40398	89.9	-	0	ID=23_64;partial=00;start_type=ATG;rbs_motif=AGGAG/GGAGG;rbs_spacer=11-12bp;gc_cont=0.403;conf=100.00;score=89.93;cscore=73.36;sscore=16.57;rscore=8.42;uscore=4.46;tscore=2.58;
contig_36	Prodigal_v2.6.3	CDS	40414	40815	43.9	-	0	ID=23_65;partial=00;start_type=ATG;rbs_motif=GGAGG;rbs_spacer=5-10bp;gc_cont=0.393;conf=100.00;score=43.95;cscore=28.72;sscore=15.23;rscore=12.29;uscore=-0.88;tscore=2.58;
contig_36	Prodigal_v2.6.3	CDS	40819	41304	53.1	-	0	ID=23_66;partial=00;start_type=ATG;rbs_motif=AGGA;rbs_spacer=5-10bp;gc_cont=0.416;conf=100.00;score=53.13;cscore=47.52;sscore=5.61;rscore=3.29;uscore=-1.43;tscore=2.58;
contig_36	Prodigal_v2.6.3	CDS	41289	41681	36.9	-	0	ID=23_67;partial=00;start_type=ATG;rbs_motif=GGAG/GAGG;rbs_spacer=5-10bp;gc_cont=0.420;conf=99.98;score=36.86;cscore=23.04;sscore=13.82;rscore=7.82;uscore=2.13;tscore=2.58;
contig_36	Prodigal_v2.6.3	CDS	41681	42073	54.4	-	0	ID=23_68;partial=00;start_type=ATG;rbs_motif=GGAG/GAGG;rbs_spacer=5-10bp;gc_cont=0.356;conf=100.00;score=54.40;cscore=39.63;sscore=14.77;rscore=7.82;uscore=3.15;tscore=2.58;
contig_36	Prodigal_v2.6.3	CDS	42079	42261	33.6	-	0	ID=23_69;partial=00;start_type=ATG;rbs_motif=AGGAG;rbs_spacer=5-10bp;gc_cont=0.388;conf=99.96;score=33.61;cscore=20.48;sscore=13.13;rscore=8.53;uscore=1.64;tscore=1.86;
contig_36	Prodigal_v2.6.3	CDS	42278	43195	190.5	-	0	ID=23_70;partial=00;start_type=ATG;rbs_motif=AGGAGG;rbs_spacer=5-10bp;gc_cont=0.381;conf=99.99;score=190.48;cscore=175.43;sscore=15.04;rscore=13.01;uscore=-1.79;tscore=2.58;
contig_36	Prodigal_v2.6.3	CDS	43199	44416	247.3	-	0	ID=23_71;partial=00;start_type=ATG;rbs_motif=AGGAGG;rbs_spacer=5-10bp;gc_cont=0.396;conf=99.99;score=247.34;cscore=227.93;sscore=19.41;rscore=13.01;uscore=3.05;tscore=2.58;
contig_36	Prodigal_v2.6.3	CDS	44463	45389	112.5	-	0	ID=23_72;partial=00;start_type=ATG;rbs_motif=GGAG/GAGG;rbs_spacer=5-10bp;gc_cont=0.397;conf=100.00;score=112.55;cscore=102.39;sscore=10.15;rscore=7.82;uscore=-1.44;tscore=2.58;
contig_36	Prodigal_v2.6.3	CDS	45376	46914	249.0	-	0	ID=23_73;partial=00;start_type=ATG;rbs_motif=AGGA/GGAG/GAGG;rbs_spacer=11-12bp;gc_cont=0.391;conf=99.99;score=249.05;cscore=239.59;sscore=9.46;rscore=0.63;uscore=4.97;tscore=2.58;
contig_36	Prodigal_v2.6.3	CDS	46914	48233	148.6	-	0	ID=23_74;partial=00;start_type=ATG;rbs_motif=GGAG/GAGG;rbs_spacer=5-10bp;gc_cont=0.392;conf=100.00;score=148.60;cscore=137.61;sscore=10.99;rscore=7.82;uscore=0.58;tscore=2.58;
contig_36	Prodigal_v2.6.3	CDS	48205	49134	151.9	-	0	ID=23_75;partial=00;start_type=ATG;rbs_motif=AGxAGG/AGGxGG;rbs_spacer=5-10bp;gc_cont=0.403;conf=100.00;score=151.92;cscore=136.28;sscore=15.64;rscore=10.01;uscore=2.23;tscore=2.58;
contig_36	Prodigal_v2.6.3	CDS	50175	50372	24.0	-	0	ID=23_76;partial=00;start_type=ATG;rbs_motif=AGGAGG;rbs_spacer=5-10bp;gc_cont=0.338;conf=99.60;score=24.03;cscore=10.57;sscore=13.45;rscore=10.15;uscore=-1.31;tscore=2.01;
contig_36	Prodigal_v2.6.3	CDS	50369	50824	76.2	-	0	ID=23_77;partial=00;start_type=ATG;rbs_motif=GGA/GAG/AGG;rbs_spacer=5-10bp;gc_cont=0.353;conf=100.00;score=76.23;cscore=69.21;sscore=7.02;rscore=-0.45;uscore=3.63;tscore=2.58;
contig_36	Prodigal_v2.6.3	CDS	50826	51101	42.4	-	0	ID=23_78;partial=00;start_type=ATG;rbs_motif=GGxGG;rbs_spacer=5-10bp;gc_cont=0.279;conf=99.99;score=42.36;cscore=30.87;sscore=11.49;rscore=7.63;uscore=-1.03;tscore=2.58;
contig_36	Prodigal_v2.6.3	CDS	51101	51355	51.5	-	0	ID=23_79;partial=00;start_type=GTG;rbs_motif=AGGAGG;rbs_spacer=5-10bp;gc_cont=0.388;conf=100.00;score=51.53;cscore=39.75;sscore=11.79;rscore=13.01;uscore=1.67;tscore=-3.69;
contig_36	Prodigal_v2.6.3	CDS	51400	51597	22.3	-	0	ID=23_80;partial=00;start_type=ATG;rbs_motif=GGA/GAG/AGG;rbs_spacer=5-10bp;gc_cont=0.333;conf=99.41;score=22.31;cscore=20.74;sscore=1.57;rscore=-0.57;uscore=-1.10;tscore=2.01;
contig_36	Prodigal_v2.6.3	CDS	51602	51730	17.2	-	0	ID=23_81;partial=01;start_type=Edge;rbs_motif=None;rbs_spacer=None;gc_cont=0.411;conf=98.10;score=17.16;cscore=13.94;sscore=3.22;rscore=0.00;uscore=0.00;tscore=3.22;
# Sequence Data: seqnum=24;seqlen=1725;seqhdr="contig_2"
# Model Data: version=Prodigal.v2.6.3;run_type=Single;model="Ab initio";gc_cont=36.93;transl_table=11;uses_sd=1
contig_2	Prodigal_v2.6.3	CDS	350	1579	111.5	+	0	ID=24_1;partial=00;start_type=GTG;rbs_motif=AGGAGG;rbs_spacer=5-10bp;gc_cont=0.396;conf=100.00;score=111.47;cscore=101.50;sscore=9.97;rscore=13.01;uscore=0.65;tscore=-3.69;
# Sequence Data: seqnum=25;seqlen=8531;seqhdr="contig_17"
# Model Data: version=Prodigal.v2.6.3;run_type=Single;model="Ab initio";gc_cont=36.93;transl_table=11;uses_sd=1
contig_17	Prodigal_v2.6.3	CDS	3	557	104.7	+	0	ID=25_1;partial=10;start_type=Edge;rbs_motif=None;rbs_spacer=None;gc_cont=0.461;conf=100.00;score=104.68;cscore=101.46;sscore=3.22;rscore=0.00;uscore=0.00;tscore=3.22;
contig_17	Prodigal_v2.6.3	CDS	622	1251	91.7	+	0	ID=25_2;partial=00;start_type=ATG;rbs_motif=GGAG/GAGG;rbs_spacer=5-10bp;gc_cont=0.344;conf=100.00;score=91.75;cscore=83.92;sscore=7.83;rscore=7.82;uscore=-2.57;tscore=2.58;
contig_17	Prodigal_v2.6.3	CDS	1333	1938	98.6	+	0	ID=25_3;partial=00;start_type=ATG;rbs_motif=None;rbs_spacer=None;gc_cont=0.376;conf=100.00;score=98.56;cscore=105.90;sscore=-7.34;rscore=-7.91;uscore=-2.01;tscore=2.58;
contig_17	Prodigal_v2.6.3	CDS	2196	3803	334.6	+	0	ID=25_4;partial=00;start_type=ATG;rbs_motif=AGxAGG/AGGxGG;rbs_spacer=5-10bp;gc_cont=0.401;conf=99.99;score=334.60;cscore=319.90;sscore=14.69;rscore=10.01;uscore=2.75;tscore=2.58;
contig_17	Prodigal_v2.6.3	CDS	3834	4358	99.3	-	0	ID=25_5;partial=00;start_type=ATG;rbs_motif=GGAG/GAGG;rbs_spacer=5-10bp;gc_cont=0.358;conf=100.00;score=99.28;cscore=89.19;sscore=10.09;rscore=7.82;uscore=0.34;tscore=2.58;
contig_17	Prodigal_v2.6.3	CDS	4560	4928	84.5	+	0	ID=25_6;partial=00;start_type=ATG;rbs_motif=GGA/GAG/AGG;rbs_spacer=5-10bp;gc_cont=0.333;conf=100.00;score=84.48;cscore=82.26;sscore=2.22;rscore=-0.45;uscore=0.09;tscore=2.58;
contig_17	Prodigal_v2.6.3	CDS	5138	5995	185.7	+	0	ID=25_7;partial=00;start_type=ATG;rbs_motif=AGGAGG;rbs_spacer=5-10bp;gc_cont=0.417;conf=99.99;score=185.75;cscore=171.73;sscore=14.01;rscore=13.01;uscore=-0.93;tscore=2.58;
contig_17	Prodigal_v2.6.3	CDS	6328	6831	105.9	+	0	ID=25_8;partial=00;start_type=ATG;rbs_motif=AGxAGG/AGGxGG;rbs_spacer=5-10bp;gc_cont=0.413;conf=100.00;score=105.94;cscore=89.46;sscore=16.48;rscore=10.01;uscore=4.54;tscore=2.58;
contig_17	Prodigal_v2.6.3	CDS	6836	7030	17.1	+	0	ID=25_9;partial=00;start_type=ATG;rbs_motif=None;rbs_spacer=None;gc_cont=0.426;conf=98.09;score=17.14;cscore=22.44;sscore=-5.31;rscore=-10.30;uscore=1.78;tscore=1.98;
contig_17	Prodigal_v2.6.3	CDS	7217	7435	17.7	+	0	ID=25_10;partial=00;start_type=TTG;rbs_motif=None;rbs_spacer=None;gc_cont=0.384;conf=98.34;score=17.74;cscore=32.47;sscore=-14.73;rscore=-9.15;uscore=3.01;tscore=-7.93;
contig_17	Prodigal_v2.6.3	CDS	7437	7619	19.7	+	0	ID=25_11;partial=00;start_type=TTG;rbs_motif=GGA/GAG/AGG;rbs_spacer=5-10bp;gc_cont=0.415;conf=98.92;score=19.65;cscore=27.54;sscore=-7.89;rscore=-0.62;uscore=0.99;tscore=-9.52;
contig_17	Prodigal_v2.6.3	CDS	7801	7986	5.6	+	0	ID=25_12;partial=00;start_type=TTG;rbs_motif=None;rbs_spacer=None;gc_cont=0.430;conf=78.51;score=5.64;cscore=31.37;sscore=-25.74;rscore=-10.80;uscore=-4.92;tscore=-9.36;
contig_17	Prodigal_v2.6.3	CDS	7961	8530	128.1	+	0	ID=25_13;partial=01;start_type=ATG;rbs_motif=GGA/GAG/AGG;rbs_spacer=5-10bp;gc_cont=0.439;conf=100.00;score=128.13;cscore=125.21;sscore=2.92;rscore=-0.45;uscore=0.79;tscore=2.58;
# Sequence Data: seqnum=26;seqlen=6431;seqhdr="contig_25"
# Model Data: version=Prodigal.v2.6.3;run_type=Single;model="Ab initio";gc_cont=36.93;transl_table=11;uses_sd=1
contig_25	Prodigal_v2.6.3	CDS	1	231	57.6	-	0	ID=26_1;partial=10;start_type=ATG;rbs_motif=AGxAGG/AGGxGG;rbs_spacer=5-10bp;gc_cont=0.359;conf=100.00;score=57.61;cscore=42.93;sscore=14.68;rscore=10.01;uscore=2.74;tscore=2.58;
contig_25	Prodigal_v2.6.3	CDS	341	1633	194.7	+	0	ID=26_2;partial=00;start_type=ATG;rbs_motif=AGGAG;rbs_spacer=5-10bp;gc_cont=0.370;conf=99.99;score=194.70;cscore=178.23;sscore=16.47;rscore=11.85;uscore=2.04;tscore=2.58;
contig_25	Prodigal_v2.6.3	CDS	1662	1859	45.6	-	0	ID=26_3;partial=00;start_type=ATG;rbs_motif=AGGAGG;rbs_spacer=5-10bp;gc_cont=0.308;conf=100.00;score=45.60;cscore=31.60;sscore=14.00;rscore=10.15;uscore=1.84;tscore=2.01;
contig_25	Prodigal_v2.6.3	CDS	1960	2094	20.8	-	0	ID=26_4;partial=00;start_type=ATG;rbs_motif=AGGAGG;rbs_spacer=5-10bp;gc_cont=0.356;conf=99.18;score=20.84;cscore=13.84;sscore=7.00;rscore=6.87;uscore=-2.04;tscore=1.36;
contig_25	Prodigal_v2.6.3	CDS	2138	2281	22.1	-	0	ID=26_5;partial=00;start_type=ATG;rbs_motif=GGAG/GAGG;rbs_spacer=5-10bp;gc_cont=0.361;conf=99.39;score=22.14;cscore=14.40;sscore=7.74;rscore=4.41;uscore=1.88;tscore=1.46;
contig_25	Prodigal_v2.6.3	CDS	2425	3372	153.9	-	0	ID=26_6;partial=00;start_type=GTG;rbs_motif=AGGAG;rbs_spacer=5-10bp;gc_cont=0.340;conf=100.00;score=153.88;cscore=140.38;sscore=13.50;rscore=11.85;uscore=5.35;tscore=-3.69;
contig_25	Prodigal_v2.6.3	CDS	3490	4065	94.3	-	0	ID=26_7;partial=00;start_type=ATG;rbs_motif=GGA/GAG/AGG;rbs_spacer=5-10bp;gc_cont=0.358;conf=100.00;score=94.29;cscore=93.29;sscore=1.00;rscore=-0.45;uscore=-0.48;tscore=2.58;
contig_25	Prodigal_v2.6.3	CDS	4316	4573	19.8	+	0	ID=26_8;partial=00;start_type=ATG;rbs_motif=AGxAGG/AGGxGG;rbs_spacer=5-10bp;gc_cont=0.283;conf=98.95;score=19.78;cscore=9.94;sscore=9.85;rscore=10.01;uscore=-2.75;tscore=2.58;
contig_25	Prodigal_v2.6.3	CDS	4610	5056	53.9	-	0	ID=26_9;partial=00;start_type=GTG;rbs_motif=None;rbs_spacer=None;gc_cont=0.389;conf=100.00;score=53.91;cscore=65.03;sscore=-11.12;rscore=-7.91;uscore=0.48;tscore=-3.69;
contig_25	Prodigal_v2.6.3	CDS	5023	5886	95.5	-	0	ID=26_10;partial=00;start_type=TTG;rbs_motif=None;rbs_spacer=None;gc_cont=0.373;conf=100.00;score=95.49;cscore=107.01;sscore=-11.52;rscore=-7.91;uscore=2.48;tscore=-6.85;
contig_25	Prodigal_v2.6.3	CDS	5934	6245	18.1	-	0	ID=26_11;partial=00;start_type=ATG;rbs_motif=GGAGG;rbs_spacer=5-10bp;gc_cont=0.353;conf=98.48;score=18.15;cscore=4.41;sscore=13.73;rscore=12.29;uscore=-1.13;tscore=2.58;
# Sequence Data: seqnum=27;seqlen=5384;seqhdr="contig_4"
# Model Data: version=Prodigal.v2.6.3;run_type=Single;model="Ab initio";gc_cont=36.93;transl_table=11;uses_sd=1
contig_4	Prodigal_v2.6.3	CDS	3	218	4.8	+	0	ID=27_1;partial=10;start_type=Edge;rbs_motif=None;rbs_spacer=None;gc_cont=0.366;conf=75.00;score=4.78;cscore=1.56;sscore=3.22;rscore=0.00;uscore=0.00;tscore=3.22;
contig_4	Prodigal_v2.6.3	CDS	310	1626	202.1	+	0	ID=27_2;partial=00;start_type=ATG;rbs_motif=AGGAG;rbs_spacer=5-10bp;gc_cont=0.358;conf=99.99;score=202.09;cscore=186.07;sscore=16.02;rscore=11.85;uscore=1.59;tscore=2.58;
contig_4	Prodigal_v2.6.3	CDS	1686	2282	101.0	+	0	ID=27_3;partial=00;start_type=ATG;rbs_motif=None;rbs_spacer=None;gc_cont=0.384;conf=100.00;score=100.99;cscore=104.13;sscore=-3.14;rscore=-7.91;uscore=2.18;tscore=2.58;
contig_4	Prodigal_v2.6.3	CDS	2279	2725	105.8	+	0	ID=27_4;partial=00;start_type=ATG;rbs_motif=GGAGG;rbs_spacer=5-10bp;gc_cont=0.347;conf=100.00;score=105.76;cscore=89.34;sscore=16.42;rscore=12.29;uscore=0.26;tscore=2.58;
contig_4	Prodigal_v2.6.3	CDS	2753	4114	277.0	+	0	ID=27_5;partial=00;start_type=ATG;rbs_motif=AGGAGG;rbs_spacer=5-10bp;gc_cont=0.409;conf=99.99;score=276.95;cscore=257.91;sscore=19.05;rscore=13.01;uscore=2.48;tscore=2.58;
contig_4	Prodigal_v2.6.3	CDS	4330	5382	231.3	+	0	ID=27_6;partial=01;start_type=ATG;rbs_motif=GGAGG;rbs_spacer=5-10bp;gc_cont=0.395;conf=99.99;score=231.29;cscore=218.28;sscore=13.00;rscore=12.29;uscore=-1.21;tscore=2.58;
# Sequence Data: seqnum=28;seqlen=17892;seqhdr="contig_33"
# Model Data: version=Prodigal.v2.6.3;run_type=Single;model="Ab initio";gc_cont=36.93;transl_table=11;uses_sd=1
contig_33	Prodigal_v2.6.3	CDS	2	94	10.6	-	0	ID=28_1;partial=10;start_type=ATG;rbs_motif=AGGA/GGAG/GAGG;rbs_spacer=11-12bp;gc_cont=0.387;conf=91.98;score=10.61;cscore=4.54;sscore=6.08;rscore=0.63;uscore=3.52;tscore=2.58;
contig_33	Prodigal_v2.6.3	CDS	402	692	19.6	-	0	ID=28_2;partial=00;start_type=ATG;rbs_motif=GGA/GAG/AGG;rbs_spacer=5-10bp;gc_cont=0.361;conf=98.91;score=19.63;cscore=15.30;sscore=4.33;rscore=-0.45;uscore=1.18;tscore=2.58;
contig_33	Prodigal_v2.6.3	CDS	717	3602	584.9	-	0	ID=28_3;partial=00;start_type=GTG;rbs_motif=None;rbs_spacer=None;gc_cont=0.405;conf=99.99;score=584.92;cscore=584.27;sscore=0.65;rscore=-7.91;uscore=3.05;tscore=-3.69;
contig_33	Prodigal_v2.6.3	CDS	3599	5575	421.9	-	0	ID=28_4;partial=00;start_type=TTG;rbs_motif=AGGAGG;rbs_spacer=5-10bp;gc_cont=0.399;conf=99.99;score=421.88;cscore=411.24;sscore=10.64;rscore=13.01;uscore=5.13;tscore=-6.85;
contig_33	Prodigal_v2.6.3	CDS	5851	6471	84.6	-	0	ID=28_5;partial=00;start_type=ATG;rbs_motif=AGGAG;rbs_spacer=5-10bp;gc_cont=0.362;conf=100.00;score=84.55;cscore=66.20;sscore=18.35;rscore=11.85;uscore=2.63;tscore=2.58;
contig_33	Prodigal_v2.6.3	CDS	6468	7229	135.9	-	0	ID=28_6;partial=00;start_type=ATG;rbs_motif=AGGAG;rbs_spacer=5-10bp;gc_cont=0.343;conf=100.00;score=135.88;cscore=119.42;sscore=16.46;rscore=11.85;uscore=2.03;tscore=2.58;
contig_33	Prodigal_v2.6.3	CDS	7330	7557	25.6	-	0	ID=28_7;partial=00;start_type=ATG;rbs_motif=GGA/GAG/AGG;rbs_spacer=5-10bp;gc_cont=0.382;conf=99.72;score=25.58;cscore=19.44;sscore=6.14;rscore=-0.50;uscore=3.22;tscore=2.32;
contig_33	Prodigal_v2.6.3	CDS	7574	7966	43.2	-	0	ID=28_8;partial=00;start_type=ATG;rbs_motif=AGxAGG/AGGxGG;rbs_spacer=5-10bp;gc_cont=0.323;conf=100.00;score=43.24;cscore=25.32;sscore=17.92;rscore=10.01;uscore=4.03;tscore=2.58;
contig_33	Prodigal_v2.6.3	CDS	7963	8184	22.9	-	0	ID=28_9;partial=00;start_type=ATG;rbs_motif=GGAG/GAGG;rbs_spacer=5-10bp;gc_cont=0.369;conf=99.49;score=22.93;cscore=11.39;sscore=11.54;rscore=6.85;uscore=1.29;tscore=2.26;
contig_33	Prodigal_v2.6.3	CDS	8197	8394	17.2	-	0	ID=28_10;partial=00;start_type=ATG;rbs_motif=AGxAGG/AGGxGG;rbs_spacer=5-10bp;gc_cont=0.364;conf=98.14;score=17.25;cscore=10.67;sscore=6.58;rscore=7.81;uscore=-2.59;tscore=2.01;
contig_33	Prodigal_v2.6.3	CDS	8725	9747	166.6	-	0	ID=28_11;partial=00;start_type=GTG;rbs_motif=GGAG/GAGG;rbs_spacer=5-10bp;gc_cont=0.439;conf=100.00;score=166.65;cscore=162.76;sscore=3.88;rscore=7.82;uscore=0.40;tscore=-3.69;
contig_33	Prodigal_v2.6.3	CDS	9899	10792	111.8	+	0	ID=28_12;partial=00;start_type=ATG;rbs_motif=AGGAG;rbs_spacer=5-10bp;gc_cont=0.403;conf=100.00;score=111.77;cscore=91.29;sscore=20.48;rscore=11.85;uscore=6.05;tscore=2.58;
contig_33	Prodigal_v2.6.3	CDS	10844	11212	32.0	+	0	ID=28_13;partial=00;start_type=TTG;rbs_motif=AGGAG;rbs_spacer=5-10bp;gc_cont=0.396;conf=99.94;score=32.00;cscore=22.80;sscore=9.20;rscore=11.85;uscore=3.49;tscore=-6.85;
contig_33	Prodigal_v2.6.3	CDS	11217	11762	76.7	+	0	ID=28_14;partial=00;start_type=ATG;rbs_motif=AGGA;rbs_spacer=5-10bp;gc_cont=0.370;conf=100.00;score=76.70;cscore=69.07;sscore=7.63;rscore=3.29;uscore=0.53;tscore=2.58;
contig_33	Prodigal_v2.6.3	CDS	11765	12124	20.5	+	0	ID=28_15;partial=00;start_type=TTG;rbs_motif=None;rbs_spacer=None;gc_cont=0.372;conf=99.11;score=20.52;cscore=34.75;sscore=-14.22;rscore=-7.91;uscore=-0.71;tscore=-6.85;
contig_33	Prodigal_v2.6.3	CDS	12225	12536	61.2	-	0	ID=28_16;partial=00;start_type=ATG;rbs_motif=GGAGG;rbs_spacer=5-10bp;gc_cont=0.439;conf=100.00;score=61.20;cscore=43.76;sscore=17.44;rscore=12.29;uscore=2.57;tscore=2.58;
contig_33	Prodigal_v2.6.3	CDS	12602	14317	292.4	-	0	ID=28_17;partial=00;start_type=ATG;rbs_motif=GGAGG;rbs_spacer=5-10bp;gc_cont=0.374;conf=99.99;score=292.43;cscore=274.23;sscore=18.20;rscore=12.29;uscore=3.98;tscore=2.58;
contig_33	Prodigal_v2.6.3	CDS	14628	15830	159.0	-	0	ID=28_18;partial=00;start_type=ATG;rbs_motif=None;rbs_spacer=None;gc_cont=0.397;conf=100.00;score=158.97;cscore=161.71;sscore=-2.75;rscore=-7.91;uscore=2.58;tscore=2.58;
contig_33	Prodigal_v2.6.3	CDS	15922	16305	53.4	-	0	ID=28_19;partial=00;start_type=ATG;rbs_motif=None;rbs_spacer=None;gc_cont=0.370;conf=100.00;score=53.44;cscore=62.51;sscore=-9.07;rscore=-7.91;uscore=-3.09;tscore=2.58;
contig_33	Prodigal_v2.6.3	CDS	16488	17078	114.3	-	0	ID=28_20;partial=00;start_type=ATG;rbs_motif=None;rbs_spacer=None;gc_cont=0.364;conf=100.00;score=114.27;cscore=120.65;sscore=-6.38;rscore=-7.91;uscore=-1.05;tscore=2.58;
contig_33	Prodigal_v2.6.3	CDS	17027	17404	28.6	-	0	ID=28_21;partial=00;start_type=ATG;rbs_motif=None;rbs_spacer=None;gc_cont=0.421;conf=99.86;score=28.57;cscore=33.26;sscore=-4.69;rscore=-7.91;uscore=0.64;tscore=2.58;
contig_33	Prodigal_v2.6.3	CDS	17475	17891	67.9	-	0	ID=28_22;partial=01;start_type=Edge;rbs_motif=None;rbs_spacer=None;gc_cont=0.350;conf=100.00;score=67.87;cscore=64.65;sscore=3.22;rscore=0.00;uscore=0.00;tscore=3.22;
# Sequence Data: seqnum=29;seqlen=11907;seqhdr="contig_27"
# Model Data: version=Prodigal.v2.6.3;run_type=Single;model="Ab initio";gc_cont=36.93;transl_table=11;uses_sd=1
contig_27	Prodigal_v2.6.3	CDS	2	580	60.7	+	0	ID=29_1;partial=10;start_type=Edge;rbs_motif=None;rbs_spacer=None;gc_cont=0.440;conf=100.00;score=60.66;cscore=57.44;sscore=3.22;rscore=0.00;uscore=0.00;tscore=3.22;
contig_27	Prodigal_v2.6.3	CDS	765	1472	79.6	-	0	ID=29_2;partial=00;start_type=ATG;rbs_motif=GGA/GAG/AGG;rbs_spacer=5-10bp;gc_cont=0.371;conf=100.00;score=79.57;cscore=76.26;sscore=3.31;rscore=-0.45;uscore=1.18;tscore=2.58;
contig_27	Prodigal_v2.6.3	CDS	1568	2086	89.8	-	0	ID=29_3;partial=00;start_type=ATG;rbs_motif=AGGAGG;rbs_spacer=5-10bp;gc_cont=0.356;conf=100.00;score=89.82;cscore=72.58;sscore=17.24;rscore=13.01;uscore=1.65;tscore=2.58;
contig_27	Prodigal_v2.6.3	CDS	2164	4182	246.9	-	0	ID=29_4;partial=00;start_type=ATG;rbs_motif=GGAGG;rbs_spacer=5-10bp;gc_cont=0.355;conf=99.99;score=246.89;cscore=230.16;sscore=16.72;rscore=12.29;uscore=0.60;tscore=2.58;
contig_27	Prodigal_v2.6.3	CDS	4176	4373	2.6	-	0	ID=29_5;partial=00;start_type=TTG;rbs_motif=AGGAG/GGAGG;rbs_spacer=11-12bp;gc_cont=0.389;conf=64.75;score=2.64;cscore=0.83;sscore=1.81;rscore=6.57;uscore=4.03;tscore=-8.79;
contig_27	Prodigal_v2.6.3	CDS	4496	5485	161.2	-	0	ID=29_6;partial=00;start_type=ATG;rbs_motif=AGGA/GGAG/GAGG;rbs_spacer=11-12bp;gc_cont=0.405;conf=100.00;score=161.23;cscore=152.29;sscore=8.94;rscore=0.63;uscore=5.73;tscore=2.58;
contig_27	Prodigal_v2.6.3	CDS	5582	6958	270.9	-	0	ID=29_7;partial=00;start_type=ATG;rbs_motif=GGAG/GAGG;rbs_spacer=5-10bp;gc_cont=0.402;conf=99.99;score=270.90;cscore=256.58;sscore=14.32;rscore=7.82;uscore=4.56;tscore=2.58;
contig_27	Prodigal_v2.6.3	CDS	7381	8577	178.0	+	0	ID=29_8;partial=00;start_type=ATG;rbs_motif=GGA/GAG/AGG;rbs_spacer=5-10bp;gc_cont=0.359;conf=100.00;score=177.99;cscore=178.62;sscore=-0.63;rscore=-0.45;uscore=-2.77;tscore=2.58;
contig_27	Prodigal_v2.6.3	CDS	8630	9337	102.4	-	0	ID=29_9;partial=00;start_type=ATG;rbs_motif=GGAG/GAGG;rbs_spacer=5-10bp;gc_cont=0.314;conf=100.00;score=102.41;cscore=89.38;sscore=13.04;rscore=7.82;uscore=3.29;tscore=2.58;
contig_27	Prodigal_v2.6.3	CDS	9553	9726	15.7	+	0	ID=29_10;partial=00;start_type=ATG;rbs_motif=GGAGG;rbs_spacer=5-10bp;gc_cont=0.282;conf=97.34;score=15.66;cscore=4.70;sscore=10.96;rscore=8.40;uscore=0.79;tscore=1.76;
contig_27	Prodigal_v2.6.3	CDS	10002	10958	141.1	+	0	ID=29_11;partial=00;start_type=GTG;rbs_motif=None;rbs_spacer=None;gc_cont=0.346;conf=100.00;score=141.11;cscore=149.27;sscore=-8.17;rscore=-7.91;uscore=4.08;tscore=-3.69;
contig_27	Prodigal_v2.6.3	CDS	11075	11905	187.9	+	0	ID=29_12;partial=01;start_type=ATG;rbs_motif=AGGAG;rbs_spacer=5-10bp;gc_cont=0.394;conf=99.99;score=187.93;cscore=170.70;sscore=17.22;rscore=11.85;uscore=2.80;tscore=2.58;
# Sequence Data: seqnum=30;seqlen=4134;seqhdr="contig_6"
# Model Data: version=Prodigal.v2.6.3;run_type=Single;model="Ab initio";gc_cont=36.93;transl_table=11;uses_sd=1
contig_6	Prodigal_v2.6.3	CDS	1	324	49.2	+	0	ID=30_1;partial=10;start_type=Edge;rbs_motif=None;rbs_spacer=None;gc_cont=0.343;conf=100.00;score=49.23;cscore=46.02;sscore=3.22;rscore=0.00;uscore=0.00;tscore=3.22;
contig_6	Prodigal_v2.6.3	CDS	342	1178	144.2	+	0	ID=30_2;partial=00;start_type=ATG;rbs_motif=GGAG/GAGG;rbs_spacer=5-10bp;gc_cont=0.372;conf=100.00;score=144.24;cscore=133.71;sscore=10.53;rscore=7.82;uscore=-0.96;tscore=2.58;
contig_6	Prodigal_v2.6.3	CDS	1171	1896	122.8	+	0	ID=30_3;partial=00;start_type=ATG;rbs_motif=GGAGG;rbs_spacer=5-10bp;gc_cont=0.387;conf=100.00;score=122.83;cscore=104.57;sscore=18.26;rscore=12.29;uscore=2.14;tscore=2.58;
contig_6	Prodigal_v2.6.3	CDS	1893	2198	35.5	+	0	ID=30_4;partial=00;start_type=ATG;rbs_motif=None;rbs_spacer=None;gc_cont=0.350;conf=99.97;score=35.46;cscore=31.58;sscore=3.87;rscore=-7.91;uscore=-0.03;tscore=2.58;
contig_6	Prodigal_v2.6.3	CDS	2261	2431	6.5	+	0	ID=30_5;partial=00;start_type=ATG;rbs_motif=GGA/GAG/AGG;rbs_spacer=5-10bp;gc_cont=0.310;conf=81.76;score=6.53;cscore=3.57;sscore=2.96;rscore=-0.67;uscore=1.89;tscore=1.73;
contig_6	Prodigal_v2.6.3	CDS	2519	3103	89.3	+	0	ID=30_6;partial=00;start_type=ATG;rbs_motif=AGxAGG/AGGxGG;rbs_spacer=5-10bp;gc_cont=0.344;conf=100.00;score=89.31;cscore=73.98;sscore=15.32;rscore=10.01;uscore=2.73;tscore=2.58;
contig_6	Prodigal_v2.6.3	CDS	3096	3494	28.1	+	0	ID=30_7;partial=00;start_type=GTG;rbs_motif=GGAGG;rbs_spacer=5-10bp;gc_cont=0.303;conf=99.84;score=28.06;cscore=15.72;sscore=12.34;rscore=12.29;uscore=2.49;tscore=-3.69;
contig_6	Prodigal_v2.6.3	CDS	3522	3881	7.5	-	0	ID=30_8;partial=00;start_type=ATG;rbs_motif=AGGAG;rbs_spacer=5-10bp;gc_cont=0.311;conf=84.84;score=7.49;cscore=-6.62;sscore=14.11;rscore=11.85;uscore=-1.09;tscore=2.58;
contig_6	Prodigal_v2.6.3	CDS	3882	4133	13.6	-	0	ID=30_9;partial=01;start_type=Edge;rbs_motif=None;rbs_spacer=None;gc_cont=0.325;conf=95.81;score=13.62;cscore=10.40;sscore=3.22;rscore=0.00;uscore=0.00;tscore=3.22;
# Sequence Data: seqnum=31;seqlen=2252;seqhdr="contig_32"
# Model Data: version=Prodigal.v2.6.3;run_type=Single;model="Ab initio";gc_cont=36.93;transl_table=11;uses_sd=1
contig_32	Prodigal_v2.6.3	CDS	1	693	127.8	-	0	ID=31_1;partial=10;start_type=ATG;rbs_motif=GGAG/GAGG;rbs_spacer=5-10bp;gc_cont=0.384;conf=100.00;score=127.82;cscore=114.56;sscore=13.26;rscore=7.82;uscore=2.86;tscore=2.58;
contig_32	Prodigal_v2.6.3	CDS	803	1909	144.9	-	0	ID=31_2;partial=00;start_type=GTG;rbs_motif=None;rbs_spacer=None;gc_cont=0.393;conf=100.00;score=144.91;cscore=155.93;sscore=-11.03;rscore=-7.91;uscore=1.22;tscore=-3.69;
contig_32	Prodigal_v2.6.3	CDS	2133	2225	2.8	-	0	ID=31_3;partial=00;start_type=ATG;rbs_motif=AGGAGG;rbs_spacer=5-10bp;gc_cont=0.409;conf=65.68;score=2.82;cscore=-1.91;sscore=4.73;rscore=4.68;uscore=-0.38;tscore=0.93;
# Sequence Data: seqnum=32;seqlen=10786;seqhdr="contig_29"
# Model Data: version=Prodigal.v2.6.3;run_type=Single;model="Ab initio";gc_cont=36.93;transl_table=11;uses_sd=1
contig_29	Prodigal_v2.6.3	CDS	217	840	80.4	+	0	ID=32_1;partial=00;start_type=ATG;rbs_motif=None;rbs_spacer=None;gc_cont=0.372;conf=100.00;score=80.41;cscore=84.25;sscore=-3.84;rscore=-7.91;uscore=1.49;tscore=2.58;
contig_29	Prodigal_v2.6.3	CDS	1038	1487	64.1	+	0	ID=32_2;partial=00;start_type=TTG;rbs_motif=GGA/GAG/AGG;rbs_spacer=5-10bp;gc_cont=0.393;conf=100.00;score=64.14;cscore=72.29;sscore=-8.15;rscore=-0.45;uscore=-0.19;tscore=-6.85;
contig_29	Prodigal_v2.6.3	CDS	2383	2628	30.6	+	0	ID=32_3;partial=00;start_type=ATG;rbs_motif=AGGAG;rbs_spacer=5-10bp;gc_cont=0.407;conf=99.91;score=30.55;cscore=16.58;sscore=13.97;rscore=11.51;uscore=0.60;tscore=2.51;
contig_29	Prodigal_v2.6.3	CDS	2737	3324	106.1	+	0	ID=32_4;partial=00;start_type=ATG;rbs_motif=AGGAG;rbs_spacer=5-10bp;gc_cont=0.400;conf=100.00;score=106.12;cscore=91.95;sscore=14.18;rscore=11.85;uscore=-0.25;tscore=2.58;
contig_29	Prodigal_v2.6.3	CDS	3593	4660	242.2	+	0	ID=32_5;partial=00;start_type=GTG;rbs_motif=GGAG/GAGG;rbs_spacer=5-10bp;gc_cont=0.402;conf=99.99;score=242.17;cscore=236.66;sscore=5.51;rscore=7.82;uscore=2.03;tscore=-3.69;
contig_29	Prodigal_v2.6.3	CDS	4660	4884	20.9	+	0	ID=32_6;partial=00;start_type=ATG;rbs_motif=GGAGG;rbs_spacer=5-10bp;gc_cont=0.360;conf=99.19;score=20.89;cscore=4.93;sscore=15.96;rscore=10.91;uscore=1.47;tscore=2.29;
contig_29	Prodigal_v2.6.3	CDS	4871	5512	111.5	+	0	ID=32_7;partial=00;start_type=ATG;rbs_motif=None;rbs_spacer=None;gc_cont=0.403;conf=100.00;score=111.46;cscore=115.20;sscore=-3.74;rscore=-7.91;uscore=0.40;tscore=2.58;
contig_29	Prodigal_v2.6.3	CDS	5625	6491	177.2	+	0	ID=32_8;partial=00;start_type=ATG;rbs_motif=GGxGG;rbs_spacer=5-10bp;gc_cont=0.352;conf=100.00;score=177.19;cscore=164.68;sscore=12.51;rscore=7.63;uscore=2.30;tscore=2.58;
contig_29	Prodigal_v2.6.3	CDS	6541	6999	51.9	+	0	ID=32_9;partial=00;start_type=ATG;rbs_motif=AGGAGG;rbs_spacer=5-10bp;gc_cont=0.318;conf=100.00;score=51.94;cscore=35.87;sscore=16.07;rscore=13.01;uscore=-0.26;tscore=2.58;
contig_29	Prodigal_v2.6.3	CDS	7107	8147	204.1	+	0	ID=32_10;partial=00;start_type=ATG;rbs_motif=AGGA;rbs_spacer=5-10bp;gc_cont=0.402;conf=99.99;score=204.15;cscore=192.17;sscore=11.98;rscore=3.29;uscore=6.11;tscore=2.58;
contig_29	Prodigal_v2.6.3	CDS	8225	8773	83.2	+	0	ID=32_11;partial=00;start_type=ATG;rbs_motif=AGGAGG;rbs_spacer=5-10bp;gc_cont=0.357;conf=100.00;score=83.21;cscore=69.55;sscore=13.67;rscore=13.01;uscore=-1.92;tscore=2.58;
contig_29	Prodigal_v2.6.3	CDS	9004	9282	30.1	+	0	ID=32_12;partial=00;start_type=ATG;rbs_motif=AGGA;rbs_spacer=5-10bp;gc_cont=0.337;conf=99.90;score=30.06;cscore=22.69;sscore=7.37;rscore=3.29;uscore=2.15;tscore=2.58;
contig_29	Prodigal_v2.6.3	CDS	9597	10208	84.8	-	0	ID=32_13;partial=00;start_type=ATG;rbs_motif=GGA/GAG/AGG;rbs_spacer=5-10bp;gc_cont=0.407;conf=100.00;score=84.77;cscore=77.52;sscore=7.25;rscore=-0.45;uscore=5.12;tscore=2.58;
contig_29	Prodigal_v2.6.3	CDS	10368	10754	81.4	-	0	ID=32_14;partial=00;start_type=ATG;rbs_motif=AGGAGG;rbs_spacer=5-10bp;gc_cont=0.385;conf=100.00;score=81.38;cscore=68.98;sscore=12.39;rscore=13.01;uscore=-3.20;tscore=2.58;
# Sequence Data: seqnum=33;seqlen=4374;seqhdr="contig_37"
# Model Data: version=Prodigal.v2.6.3;run_type=Single;model="Ab initio";gc_cont=36.93;transl_table=11;uses_sd=1
contig_37	Prodigal_v2.6.3	CDS	1	1125	150.3	+	0	ID=33_1;partial=10;start_type=Edge;rbs_motif=None;rbs_spacer=None;gc_cont=0.375;conf=100.00;score=150.32;cscore=147.10;sscore=3.22;rscore=0.00;uscore=0.00;tscore=3.22;
contig_37	Prodigal_v2.6.3	CDS	1572	2540	104.3	+	0	ID=33_2;partial=00;start_type=TTG;rbs_motif=AGGAGG;rbs_spacer=5-10bp;gc_cont=0.372;conf=100.00;score=104.32;cscore=101.95;sscore=2.37;rscore=13.01;uscore=-3.13;tscore=-6.85;
contig_37	Prodigal_v2.6.3	CDS	2543	2776	35.0	+	0	ID=33_3;partial=00;start_type=ATG;rbs_motif=AGGAGG;rbs_spacer=5-10bp;gc_cont=0.333;conf=99.97;score=35.02;cscore=20.98;sscore=14.04;rscore=12.02;uscore=-1.61;tscore=2.38;
contig_37	Prodigal_v2.6.3	CDS	2769	3188	60.0	+	0	ID=33_4;partial=00;start_type=ATG;rbs_motif=GGAG/GAGG;rbs_spacer=5-10bp;gc_cont=0.362;conf=100.00;score=60.03;cscore=46.31;sscore=13.72;rscore=7.82;uscore=2.06;tscore=2.58;
contig_37	Prodigal_v2.6.3	CDS	3197	3505	40.9	+	0	ID=33_5;partial=00;start_type=ATG;rbs_motif=GGAG/GAGG;rbs_spacer=5-10bp;gc_cont=0.317;conf=99.99;score=40.94;cscore=28.85;sscore=12.09;rscore=7.82;uscore=0.50;tscore=2.58;
contig_37	Prodigal_v2.6.3	CDS	3509	3871	59.4	+	0	ID=33_6;partial=00;start_type=ATG;rbs_motif=AGGAG;rbs_spacer=5-10bp;gc_cont=0.394;conf=100.00;score=59.44;cscore=42.55;sscore=16.89;rscore=11.85;uscore=1.22;tscore=2.58;
contig_37	Prodigal_v2.6.3	CDS	4093	4374	33.3	+	0	ID=33_7;partial=01;start_type=TTG;rbs_motif=AGGAGG;rbs_spacer=5-10bp;gc_cont=0.340;conf=99.95;score=33.30;cscore=30.75;sscore=2.55;rscore=13.01;uscore=-2.95;tscore=-6.85;
# Sequence Data: seqnum=34;seqlen=8772;seqhdr="contig_23"
# Model Data: version=Prodigal.v2.6.3;run_type=Single;model="Ab initio";gc_cont=36.93;transl_table=11;uses_sd=1
contig_23	Prodigal_v2.6.3	CDS	3	506	70.7	-	0	ID=34_1;partial=10;start_type=ATG;rbs_motif=GGAGG;rbs_spacer=5-10bp;gc_cont=0.365;conf=100.00;score=70.70;cscore=57.03;sscore=13.67;rscore=12.29;uscore=-0.54;tscore=2.58;
contig_23	Prodigal_v2.6.3	CDS	911	1264	59.8	-	0	ID=34_2;partial=00;start_type=ATG;rbs_motif=GGAG/GAGG;rbs_spacer=5-10bp;gc_cont=0.350;conf=100.00;score=59.81;cscore=47.19;sscore=12.62;rscore=7.82;uscore=1.44;tscore=2.58;
contig_23	Prodigal_v2.6.3	CDS	1310	1519	25.9	-	0	ID=34_3;partial=00;start_type=ATG;rbs_motif=AGGAG;rbs_spacer=5-10bp;gc_cont=0.390;conf=99.74;score=25.87;cscore=13.95;sscore=11.92;rscore=9.81;uscore=0.63;tscore=2.14;
contig_23	Prodigal_v2.6.3	CDS	1926	2369	45.8	+	0	ID=34_4;partial=00;start_type=ATG;rbs_motif=GGA/GAG/AGG;rbs_spacer=11-12bp;gc_cont=0.275;conf=100.00;score=45.82;cscore=40.15;sscore=5.66;rscore=-0.72;uscore=3.81;tscore=2.58;
contig_23	Prodigal_v2.6.3	CDS	2400	2861	75.9	+	0	ID=34_5;partial=00;start_type=ATG;rbs_motif=AGGAG;rbs_spacer=5-10bp;gc_cont=0.361;conf=100.00;score=75.86;cscore=57.35;sscore=18.51;rscore=11.85;uscore=3.14;tscore=2.58;
contig_23	Prodigal_v2.6.3	CDS	3224	3889	102.2	+	0	ID=34_6;partial=00;start_type=ATG;rbs_motif=AGGAGG;rbs_spacer=5-10bp;gc_cont=0.333;conf=100.00;score=102.18;cscore=89.07;sscore=13.11;rscore=13.01;uscore=-1.83;tscore=2.58;
contig_23	Prodigal_v2.6.3	CDS	4166	5305	159.5	+	0	ID=34_7;partial=00;start_type=TTG;rbs_motif=None;rbs_spacer=None;gc_cont=0.324;conf=100.00;score=159.52;cscore=173.94;sscore=-14.42;rscore=-7.91;uscore=0.99;tscore=-6.85;
contig_23	Prodigal_v2.6.3	CDS	5445	6347	104.5	+	0	ID=34_8;partial=00;start_type=ATG;rbs_motif=AGGAGG;rbs_spacer=5-10bp;gc_cont=0.405;conf=100.00;score=104.49;cscore=88.96;sscore=15.53;rscore=13.01;uscore=-0.06;tscore=2.58;
contig_23	Prodigal_v2.6.3	CDS	6420	6674	12.0	+	0	ID=34_9;partial=00;start_type=ATG;rbs_motif=GGAGG;rbs_spacer=5-10bp;gc_cont=0.325;conf=94.08;score=12.03;cscore=-2.64;sscore=14.67;rscore=12.29;uscore=0.30;tscore=2.58;
contig_23	Prodigal_v2.6.3	CDS	6716	8350	244.8	-	0	ID=34_10;partial=00;start_type=ATG;rbs_motif=AGGAGG;rbs_spacer=5-10bp;gc_cont=0.383;conf=99.99;score=244.81;cscore=226.91;sscore=17.90;rscore=13.01;uscore=2.31;tscore=2.58;
# Sequence Data: seqnum=35;seqlen=8320;seqhdr="contig_18"
# Model Data: version=Prodigal.v2.6.3;run_type=Single;model="Ab initio";gc_cont=36.93;transl_table=11;uses_sd=1
contig_18	Prodigal_v2.6.3	CDS	212	2353	291.3	-	0	ID=35_1;partial=00;start_type=ATG;rbs_motif=None;rbs_spacer=None;gc_cont=0.372;conf=99.99;score=291.31;cscore=296.98;sscore=-5.67;rscore=-7.91;uscore=-0.35;tscore=2.58;
contig_18	Prodigal_v2.6.3	CDS	2492	3037	93.4	-	0	ID=35_2;partial=00;start_type=ATG;rbs_motif=AGGAG;rbs_spacer=5-10bp;gc_cont=0.344;conf=100.00;score=93.43;cscore=73.05;sscore=20.38;rscore=11.85;uscore=6.61;tscore=2.58;
contig_18	Prodigal_v2.6.3	CDS	3257	4438	260.2	-	0	ID=35_3;partial=00;start_type=ATG;rbs_motif=GGA/GAG/AGG;rbs_spacer=5-10bp;gc_cont=0.383;conf=99.99;score=260.22;cscore=258.53;sscore=1.69;rscore=-0.45;uscore=0.21;tscore=2.58;
contig_18	Prodigal_v2.6.3	CDS	5488	5691	10.7	-	0	ID=35_4;partial=00;start_type=TTG;rbs_motif=None;rbs_spacer=None;gc_cont=0.368;conf=92.13;score=10.70;cscore=26.52;sscore=-15.82;rscore=-9.84;uscore=1.59;tscore=-8.53;
contig_18	Prodigal_v2.6.3	CDS	5721	5864	17.0	-	0	ID=35_5;partial=00;start_type=ATG;rbs_motif=None;rbs_spacer=None;gc_cont=0.340;conf=98.04;score=17.03;cscore=13.53;sscore=3.50;rscore=-14.02;uscore=0.75;tscore=1.46;
contig_18	Prodigal_v2.6.3	CDS	5861	6055	34.2	-	0	ID=35_6;partial=00;start_type=ATG;rbs_motif=AGxAGG/AGGxGG;rbs_spacer=5-10bp;gc_cont=0.333;conf=99.96;score=34.23;cscore=24.18;sscore=10.05;rscore=7.69;uscore=0.38;tscore=1.98;
contig_18	Prodigal_v2.6.3	CDS	6185	6634	31.4	-	0	ID=35_7;partial=00;start_type=ATG;rbs_motif=AGxAGG/AGGxGG;rbs_spacer=11-12bp;gc_cont=0.404;conf=99.93;score=31.36;cscore=18.98;sscore=12.38;rscore=9.97;uscore=0.48;tscore=2.58;
contig_18	Prodigal_v2.6.3	CDS	6866	7312	33.6	-	0	ID=35_8;partial=00;start_type=GTG;rbs_motif=GGA/GAG/AGG;rbs_spacer=5-10bp;gc_cont=0.369;conf=99.96;score=33.55;cscore=41.75;sscore=-8.20;rscore=-0.45;uscore=-4.06;tscore=-3.69;
contig_18	Prodigal_v2.6.3	CDS	7257	7754	64.3	-	0	ID=35_9;partial=00;start_type=ATG;rbs_motif=AGGAGG;rbs_spacer=5-10bp;gc_cont=0.420;conf=100.00;score=64.31;cscore=47.48;sscore=16.83;rscore=13.01;uscore=1.89;tscore=2.58;
contig_18	Prodigal_v2.6.3	CDS	8208	8318	1.3	+	0	ID=35_10;partial=01;start_type=ATG;rbs_motif=None;rbs_spacer=None;gc_cont=0.378;conf=57.63;score=1.34;cscore=8.86;sscore=-7.53;rscore=-7.91;uscore=-2.20;tscore=2.58;
# Sequence Data: seqnum=36;seqlen=26424;seqhdr="contig_28"
# Model Data: version=Prodigal.v2.6.3;run_type=Single;model="Ab initio";gc_cont=36.93;transl_table=11;uses_sd=1
contig_28	Prodigal_v2.6.3	CDS	3	1040	179.2	+	0	ID=36_1;partial=10;start_type=Edge;rbs_motif=None;rbs_spacer=None;gc_cont=0.401;conf=99.99;score=179.24;cscore=176.02;sscore=3.22;rscore=0.00;uscore=0.00;tscore=3.22;
contig_28	Prodigal_v2.6.3	CDS	1018	2121	224.7	+	0	ID=36_2;partial=00;start_type=ATG;rbs_motif=GGA/GAG/AGG;rbs_spacer=11-12bp;gc_cont=0.389;conf=99.99;score=224.67;cscore=219.86;sscore=4.81;rscore=-0.72;uscore=2.96;tscore=2.58;
contig_28	Prodigal_v2.6.3	CDS	2123	2878	179.5	+	0	ID=36_3;partial=00;start_type=ATG;rbs_motif=AGxAGG/AGGxGG;rbs_spacer=5-10bp;gc_cont=0.393;conf=99.99;score=179.49;cscore=162.04;sscore=17.45;rscore=10.01;uscore=3.60;tscore=2.58;
contig_28	Prodigal_v2.6.3	CDS	2862	3887	147.6	+	0	ID=36_4;partial=00;start_type=TTG;rbs_motif=AGxAG;rbs_spacer=3-4bp;gc_cont=0.408;conf=100.00;score=147.57;cscore=150.64;sscore=-3.07;rscore=3.29;uscore=0.49;tscore=-6.85;
contig_28	Prodigal_v2.6.3	CDS	3887	4612	106.9	+	0	ID=36_5;partial=00;start_type=GTG;rbs_motif=None;rbs_spacer=None;gc_cont=0.361;conf=100.00;score=106.95;cscore=109.35;sscore=-2.41;rscore=-7.91;uscore=-0.56;tscore=-3.69;
contig_28	Prodigal_v2.6.3	CDS	4661	5986	215.0	+	0	ID=36_6;partial=00;start_type=ATG;rbs_motif=GGA/GAG/AGG;rbs_spacer=5-10bp;gc_cont=0.369;conf=99.99;score=215.05;cscore=212.84;sscore=2.20;rscore=-0.45;uscore=-0.68;tscore=2.58;
contig_28	Prodigal_v2.6.3	CDS	6156	6344	19.9	+	0	ID=36_7;partial=00;start_type=ATG;rbs_motif=AGGAGG;rbs_spacer=5-10bp;gc_cont=0.481;conf=98.98;score=19.91;cscore=6.68;sscore=13.24;rscore=9.68;uscore=1.64;tscore=1.92;
contig_28	Prodigal_v2.6.3	CDS	6395	8371	222.5	-	0	ID=36_8;partial=00;start_type=ATG;rbs_motif=AGGAGG;rbs_spacer=5-10bp;gc_cont=0.323;conf=99.99;score=222.53;cscore=204.21;sscore=18.33;rscore=13.01;uscore=1.44;tscore=2.58;
contig_28	Prodigal_v2.6.3	CDS	8368	9120	120.4	-	0	ID=36_9;partial=00;start_type=ATG;rbs_motif=GGA/GAG/AGG;rbs_spacer=5-10bp;gc_cont=0.363;conf=100.00;score=120.36;cscore=117.22;sscore=3.14;rscore=-0.45;uscore=1.01;tscore=2.58;
contig_28	Prodigal_v2.6.3	CDS	9141	11096	176.6	-	0	ID=36_10;partial=00;start_type=ATG;rbs_motif=AGGAGG;rbs_spacer=5-10bp;gc_cont=0.342;conf=100.00;score=176.62;cscore=165.66;sscore=10.95;rscore=13.01;uscore=-4.64;tscore=2.58;
contig_28	Prodigal_v2.6.3	CDS	11171	12337	129.7	-	0	ID=36_11;partial=00;start_type=ATG;rbs_motif=AGxAG;rbs_spacer=5-10bp;gc_cont=0.322;conf=100.00;score=129.70;cscore=129.84;sscore=-0.14;rscore=-7.04;uscore=4.33;tscore=2.58;
contig_28	Prodigal_v2.6.3	CDS	12465	13148	60.2	-	0	ID=36_12;partial=00;start_type=ATG;rbs_motif=GGAGG;rbs_spacer=5-10bp;gc_cont=0.339;conf=100.00;score=60.18;cscore=45.26;sscore=14.92;rscore=12.29;uscore=0.05;tscore=2.58;
contig_28	Prodigal_v2.6.3	CDS	13280	13789	78.3	-	0	ID=36_13;partial=00;start_type=ATG;rbs_motif=GGA/GAG/AGG;rbs_spacer=5-10bp;gc_cont=0.361;conf=100.00;score=78.29;cscore=73.03;sscore=5.26;rscore=-0.45;uscore=2.36;tscore=2.58;
contig_28	Prodigal_v2.6.3	CDS	13837	14265	47.0	-	0	ID=36_14;partial=00;start_type=ATG;rbs_motif=GGAG/GAGG;rbs_spacer=5-10bp;gc_cont=0.350;conf=100.00;score=46.98;cscore=37.50;sscore=9.48;rscore=7.82;uscore=-2.17;tscore=2.58;
contig_28	Prodigal_v2.6.3	CDS	14268	14636	59.6	-	0	ID=36_15;partial=00;start_type=ATG;rbs_motif=None;rbs_spacer=None;gc_cont=0.379;conf=100.00;score=59.60;cscore=64.81;sscore=-5.21;rscore=-7.91;uscore=-1.08;tscore=2.58;
contig_28	Prodigal_v2.6.3	CDS	14624	14959	60.4	-	0	ID=36_16;partial=00;start_type=ATG;rbs_motif=AGGAGG;rbs_spacer=5-10bp;gc_cont=0.351;conf=100.00;score=60.36;cscore=44.93;sscore=15.43;rscore=13.01;uscore=0.49;tscore=2.58;
contig_28	Prodigal_v2.6.3	CDS	15167	15439	31.2	+	0	ID=36_17;partial=00;start_type=TTG;rbs_motif=AGGA;rbs_spacer=5-10bp;gc_cont=0.355;conf=99.92;score=31.22;cscore=31.67;sscore=-0.45;rscore=3.29;uscore=3.11;tscore=-6.85;
contig_28	Prodigal_v2.6.3	CDS	15436	16071	93.1	+	0	ID=36_18;partial=00;start_type=ATG;rbs_motif=AGxAGG/AGGxGG;rbs_spacer=5-10bp;gc_cont=0.332;conf=100.00;score=93.09;cscore=75.16;sscore=17.93;rscore=10.01;uscore=4.05;tscore=2.58;
contig_28	Prodigal_v2.6.3	CDS	16114	16986	97.5	-	0	ID=36_19;partial=00;start_type=ATG;rbs_motif=AGGAGG;rbs_spacer=5-10bp;gc_cont=0.363;conf=100.00;score=97.54;cscore=83.47;sscore=14.07;rscore=13.01;uscore=-0.87;tscore=2.58;
contig_28	Prodigal_v2.6.3	CDS	17292	17693	91.5	+	0	ID=36_20;partial=00;start_type=ATG;rbs_motif=GGAG/GAGG;rbs_spacer=5-10bp;gc_cont=0.341;conf=100.00;score=91.52;cscore=74.77;sscore=16.75;rscore=7.82;uscore=6.35;tscore=2.58;
contig_28	Prodigal_v2.6.3	CDS	17887	18060	7.5	+	0	ID=36_21;partial=00;start_type=ATG;rbs_motif=None;rbs_spacer=None;gc_cont=0.414;conf=84.85;score=7.49;cscore=16.76;sscore=-9.26;rscore=-11.56;uscore=1.19;tscore=1.76;
contig_28	Prodigal_v2.6.3	CDS	18047	19996	326.2	+	0	ID=36_22;partial=00;start_type=ATG;rbs_motif=GGAGG;rbs_spacer=5-10bp;gc_cont=0.339;conf=99.99;score=326.17;cscore=313.71;sscore=12.46;rscore=12.29;uscore=-3.59;tscore=2.58;
contig_28	Prodigal_v2.6.3	CDS	20072	20371	30.6	-	0	ID=36_23;partial=00;start_type=ATG;rbs_motif=AGGAG;rbs_spacer=5-10bp;gc_cont=0.307;conf=99.91;score=30.55;cscore=16.89;sscore=13.66;rscore=11.85;uscore=-0.11;tscore=2.58;
contig_28	Prodigal_v2.6.3	CDS	20422	20538	2.7	+	0	ID=36_24;partial=00;start_type=ATG;rbs_motif=GGA/GAG/AGG;rbs_spacer=5-10bp;gc_cont=0.316;conf=65.02;score=2.70;cscore=2.35;sscore=0.35;rscore=-0.98;uscore=0.15;tscore=1.18;
contig_28	Prodigal_v2.6.3	CDS	20668	21897	109.3	-	0	ID=36_25;partial=00;start_type=ATG;rbs_motif=AGGAG;rbs_spacer=5-10bp;gc_cont=0.311;conf=100.00;score=109.34;cscore=95.54;sscore=13.80;rscore=11.85;uscore=0.03;tscore=2.58;
contig_28	Prodigal_v2.6.3	CDS	22270	22848	64.5	+	0	ID=36_26;partial=00;start_type=ATG;rbs_motif=AGGAG;rbs_spacer=5-10bp;gc_cont=0.333;conf=100.00;score=64.49;cscore=45.98;sscore=18.51;rscore=11.85;uscore=4.09;tscore=2.58;
contig_28	Prodigal_v2.6.3	CDS	22848	23342	60.2	+	0	ID=36_27;partial=00;start_type=ATG;rbs_motif=AGGAG/GGAGG;rbs_spacer=11-12bp;gc_cont=0.327;conf=100.00;score=60.19;cscore=46.68;sscore=13.51;rscore=8.42;uscore=1.22;tscore=2.58;
contig_28	Prodigal_v2.6.3	CDS	23734	24081	61.3	+	0	ID=36_28;partial=00;start_type=ATG;rbs_motif=AGxAGG/AGGxGG;rbs_spacer=5-10bp;gc_cont=0.359;conf=100.00;score=61.32;cscore=45.73;sscore=15.59;rscore=10.01;uscore=3.65;tscore=2.58;
contig_28	Prodigal_v2.6.3	CDS	24157	24336	9.3	+	0	ID=36_29;partial=00;start_type=ATG;rbs_motif=GGAGG;rbs_spacer=5-10bp;gc_cont=0.294;conf=89.38;score=9.27;cscore=-3.78;sscore=13.04;rscore=8.70;uscore=3.02;tscore=1.83;
contig_28	Prodigal_v2.6.3	CDS	24722	25345	137.8	+	0	ID=36_30;partial=00;start_type=ATG;rbs_motif=AGGAGG;rbs_spacer=5-10bp;gc_cont=0.377;conf=100.00;score=137.75;cscore=120.74;sscore=17.01;rscore=13.01;uscore=2.07;tscore=2.58;
contig_28	Prodigal_v2.6.3	CDS	25906	26100	18.6	+	0	ID=36_31;partial=00;start_type=ATG;rbs_motif=None;rbs_spacer=None;gc_cont=0.369;conf=98.64;score=18.62;cscore=27.71;sscore=-9.09;rscore=-10.30;uscore=-0.12;tscore=1.98;
contig_28	Prodigal_v2.6.3	CDS	26281	26424	23.5	+	0	ID=36_32;partial=01;start_type=TTG;rbs_motif=AGGAGG;rbs_spacer=11-12bp;gc_cont=0.403;conf=99.55;score=23.49;cscore=20.72;sscore=2.77;rscore=10.92;uscore=-0.65;tscore=-6.85;
# Sequence Data: seqnum=37;seqlen=5582;seqhdr="contig_14"
# Model Data: version=Prodigal.v2.6.3;run_type=Single;model="Ab initio";gc_cont=36.93;transl_table=11;uses_sd=1
contig_14	Prodigal_v2.6.3	CDS	3	200	25.3	-	0	ID=37_1;partial=10;start_type=TTG;rbs_motif=GGAG/GAGG;rbs_spacer=5-10bp;gc_cont=0.323;conf=99.70;score=25.26;cscore=25.20;sscore=0.06;rscore=7.82;uscore=-0.26;tscore=-6.85;
contig_14	Prodigal_v2.6.3	CDS	433	669	33.4	+	0	ID=37_2;partial=00;start_type=ATG;rbs_motif=AGxAGG/AGGxGG;rbs_spacer=5-10bp;gc_cont=0.321;conf=99.95;score=33.39;cscore=23.85;sscore=9.54;rscore=9.37;uscore=-2.25;tscore=2.41;
contig_14	Prodigal_v2.6.3	CDS	811	1101	65.8	+	0	ID=37_3;partial=00;start_type=GTG;rbs_motif=GGAGG;rbs_spacer=5-10bp;gc_cont=0.333;conf=100.00;score=65.80;cscore=55.99;sscore=9.81;rscore=12.29;uscore=1.21;tscore=-3.69;
contig_14	Prodigal_v2.6.3	CDS	1117	2574	318.8	+	0	ID=37_4;partial=00;start_type=ATG;rbs_motif=AGGAGG;rbs_spacer=5-10bp;gc_cont=0.394;conf=99.99;score=318.80;cscore=301.35;sscore=17.45;rscore=13.01;uscore=0.75;tscore=2.58;
contig_14	Prodigal_v2.6.3	CDS	2589	4016	332.3	+	0	ID=37_5;partial=00;start_type=ATG;rbs_motif=AGGAGG;rbs_spacer=5-10bp;gc_cont=0.373;conf=99.99;score=332.27;cscore=313.42;sscore=18.85;rscore=13.01;uscore=2.14;tscore=2.58;
contig_14	Prodigal_v2.6.3	CDS	4486	5391	169.5	+	0	ID=37_6;partial=00;start_type=ATG;rbs_motif=None;rbs_spacer=None;gc_cont=0.390;conf=100.00;score=169.45;cscore=174.55;sscore=-5.10;rscore=-7.91;uscore=0.88;tscore=2.58;
contig_14	Prodigal_v2.6.3	CDS	5403	5582	15.1	-	0	ID=37_7;partial=01;start_type=Edge;rbs_motif=None;rbs_spacer=None;gc_cont=0.311;conf=96.97;score=15.08;cscore=11.86;sscore=3.22;rscore=0.00;uscore=0.00;tscore=3.22;
